01-15 23:32:35.188  1875  1875 I SystemServer: PerformFstrimIfNeeded
01-15 23:32:35.189  1875  2067 I configuration_changed: 512
01-15 23:32:35.189  1875  1875 D SystemServerTiming: PerformFstrimIfNeeded took to complete: 1ms
01-15 23:32:35.189  1875  1875 I SystemServer: StartLockSettingsService
01-15 23:32:35.189  1875  1875 I SystemServiceManager: Starting com.android.server.locksettings.LockSettingsService$Lifecycle
01-15 23:32:35.191  1875  2067 I ActivityTaskManager: Config changes=200 {1.0 ?mcc?mnc [zh_CN] ldltr sw360dp w360dp h568dp 480dpi nrml port finger -keyb/v/h -nav/h
winConfig={ mBounds=Rect(0, 0 - 1080, 1920) mAppBounds=Rect(0, 0 - 1080, 1776) mWindowingMode=fullscreen mDisplayWindowingMode=fullscreen mActivityType=undefined mA
lwaysOnTop=undefined mRotation=ROTATION_0} s.4}
01-15 23:32:35.192  1875  2067 I ActivityTaskManager: Override config changes=200 {1.0 ?mcc?mnc [zh_CN] ldltr sw360dp w360dp h568dp 480dpi nrml port finger -keyb/v/
h -nav/h winConfig={ mBounds=Rect(0, 0 - 1080, 1920) mAppBounds=Rect(0, 0 - 1080, 1776) mWindowingMode=fullscreen mDisplayWindowingMode=fullscreen mActivityType=und
efined mAlwaysOnTop=undefined mRotation=ROTATION_0} s.4} for displayId=0
01-15 23:32:35.194  1875  2067 D SystemServerInitThreadPool: Finished executing UiModeManager.onStart
01-15 23:32:35.216  1875  1875 D SystemServerTiming: StartLockSettingsService took to complete: 26ms
01-15 23:32:35.216  1875  1875 I SystemServer: StartPersistentDataBlock
01-15 23:32:35.216  1875  1875 I SystemServiceManager: Starting com.android.server.PersistentDataBlockService
01-15 23:32:35.216  1875  1875 D SystemServerTiming: StartPersistentDataBlock took to complete: 0ms
01-15 23:32:35.217  1875  1875 I SystemServer: StartTestHarnessMode
01-15 23:32:35.217  1875  1875 I SystemServiceManager: Starting com.android.server.testharness.TestHarnessModeService
01-15 23:32:35.218  1875  2068 D SystemServerInitThreadPool: Started executing PersistentDataBlockService.onStart
01-15 23:32:35.218  1875  1875 D SystemServerTiming: StartTestHarnessMode took to complete: 1ms
01-15 23:32:35.218  1875  1875 I SystemServer: StartOemLockService
01-15 23:32:35.218  1875  1875 I SystemServiceManager: Starting com.android.server.oemlock.OemLockService
01-15 23:32:35.220  1875  2068 E PersistentDataBlockService: not able to find package com.google.android.gms
01-15 23:32:35.220  1875  2068 E PersistentDataBlockService: android.content.pm.PackageManager$NameNotFoundException: com.google.android.gms
01-15 23:32:35.220  1875  2068 E PersistentDataBlockService:    at android.app.ApplicationPackageManager.getPackageUidAsUser(ApplicationPackageManager.java:311)
01-15 23:32:35.220  1875  2068 E PersistentDataBlockService:    at com.android.server.PersistentDataBlockService.getAllowedUid(PersistentDataBlockService.java:153)
01-15 23:32:35.220  1875  2068 E PersistentDataBlockService:    at com.android.server.PersistentDataBlockService.lambda$onStart$0$PersistentDataBlockService(Persist
entDataBlockService.java:166)
01-15 23:32:35.220  1875  2068 E PersistentDataBlockService:    at com.android.server.-$$Lambda$PersistentDataBlockService$EZl9OYaT2eNL7kfSr2nKUBjxidk.run(Unknown S
ource:2)
01-15 23:32:35.220  1875  2068 E PersistentDataBlockService:    at com.android.server.SystemServerInitThreadPool.lambda$submit$0$SystemServerInitThreadPool(SystemSe
rverInitThreadPool.java:72)
01-15 23:32:35.220  1875  2068 E PersistentDataBlockService:    at com.android.server.-$$Lambda$SystemServerInitThreadPool$jLyL3DFmbjsFesU5SGktD3NoWSc.run(Unknown S
ource:6)
01-15 23:32:35.220  1875  2068 E PersistentDataBlockService:    at java.util.concurrent.Executors$RunnableAdapter.call(Executors.java:462)
01-15 23:32:35.220  1875  2068 E PersistentDataBlockService:    at java.util.concurrent.FutureTask.run(FutureTask.java:266)
01-15 23:32:35.220  1875  2068 E PersistentDataBlockService:    at java.util.concurrent.ThreadPoolExecutor.runWorker(ThreadPoolExecutor.java:1167)
01-15 23:32:35.220  1875  2068 E PersistentDataBlockService:    at java.util.concurrent.ThreadPoolExecutor$Worker.run(ThreadPoolExecutor.java:641)
01-15 23:32:35.220  1875  2068 E PersistentDataBlockService:    at com.android.internal.util.ConcurrentUtils$1$1.run(ConcurrentUtils.java:62)
01-15 23:32:35.220  1875  1875 I OemLock : OemLock HAL not present on device
01-15 23:32:35.220  1875  1875 I OemLock : Using persistent data block based lock
01-15 23:32:35.222  1875  1875 D SystemServerTiming: StartOemLockService took to complete: 4ms
01-15 23:32:35.222  1875  1875 I SystemServer: StartDeviceIdleController
01-15 23:32:35.222  1875  1875 I SystemServiceManager: Starting com.android.server.DeviceIdleController
01-15 23:32:35.227  1875  1875 D SystemServerTiming: StartDeviceIdleController took to complete: 5ms
01-15 23:32:35.227  1875  1875 I SystemServer: StartDevicePolicyManager
01-15 23:32:35.227  1875  1875 I SystemServiceManager: Starting com.android.server.devicepolicy.DevicePolicyManagerService$Lifecycle
01-15 23:32:35.231  1875  1875 D SystemServerTiming: StartDevicePolicyManager took to complete: 4ms
01-15 23:32:35.231  1875  1875 I SystemServer: StartStatusBarManagerService
01-15 23:32:35.234  1875  1875 D SystemServerTiming: StartStatusBarManagerService took to complete: 3ms
01-15 23:32:35.234  1875  1875 D SystemServer: ContentCaptureService disabled because resource is not overlaid
01-15 23:32:35.234  1875  1875 D SystemServer: AttentionService is not configured on this device
01-15 23:32:35.235  1875  1875 D SystemServer: SystemCaptionsManagerService disabled because resource is not overlaid
01-15 23:32:35.235  1875  1875 D SystemServer: AppPredictionService not defined by OEM
01-15 23:32:35.235  1875  1875 D SystemServer: ContentSuggestionsService not defined by OEM
01-15 23:32:35.235  1875  1875 I SystemServer: InitNetworkStackClient
01-15 23:32:35.235  1875  1875 D SystemServerTiming: InitNetworkStackClient took to complete: 0ms
01-15 23:32:35.235  1875  1875 I SystemServer: StartNetworkManagementService
01-15 23:32:35.241     0     0 E ipa-wan ipa_wwan_ioctl: 1582 dev(rmnet_data6) register to IPA
01-15 23:32:35.241  1875  1875 D SystemServerTiming: StartNetworkManagementService took to complete: 5ms
01-15 23:32:35.241  1875  1875 I SystemServer: StartIpSecService
01-15 23:32:35.243  1875  1875 D SystemServerTiming: StartIpSecService took to complete: 2ms
01-15 23:32:35.243  1875  1875 I SystemServer: StartTextServicesManager
01-15 23:32:35.243  1875  1875 I SystemServiceManager: Starting com.android.server.textservices.TextServicesManagerService$Lifecycle
01-15 23:32:35.244  1875  2068 D SystemServerInitThreadPool: Finished executing PersistentDataBlockService.onStart
01-15 23:32:35.245  1875  1875 D SystemServerTiming: StartTextServicesManager took to complete: 2ms
01-15 23:32:35.246  1875  1875 I SystemServer: StartTextClassificationManagerService
01-15 23:32:35.246  1875  1875 I SystemServiceManager: Starting com.android.server.textclassifier.TextClassificationManagerService$Lifecycle
01-15 23:32:35.248  1875  1875 D SystemServerTiming: StartTextClassificationManagerService took to complete: 3ms
01-15 23:32:35.248  1875  1875 I SystemServer: StartNetworkScoreService
01-15 23:32:35.248  1875  1875 I SystemServiceManager: Starting com.android.server.NetworkScoreService$Lifecycle
01-15 23:32:35.250  1875  1875 D SystemServerTiming: StartNetworkScoreService took to complete: 2ms
01-15 23:32:35.250  1875  1875 I SystemServer: StartNetworkStatsService
01-15 23:32:35.254  1875  1875 D SystemServerTiming: StartNetworkStatsService took to complete: 4ms
01-15 23:32:35.254  1875  1875 I SystemServer: StartNetworkPolicyManagerService
01-15 23:32:35.258  1875  1875 D SystemServerTiming: StartNetworkPolicyManagerService took to complete: 4ms
01-15 23:32:35.259  1875  1875 I SystemServer: StartWifi
01-15 23:32:35.283  1875  1875 I SystemServiceManager: Starting com.android.server.wifi.WifiService
01-15 23:32:35.409  1875  1875 I auditd  : type=1400 audit(0.0:78): avc: denied { read } for comm="system_server" name="u:object_r:vendor_default_prop:s0" dev="tmpf
s" ino=4756 scontext=u:r:system_server:s0 tcontext=u:object_r:vendor_default_prop:s0 tclass=file permissive=0
01-15 23:32:35.421  1875  1875 D SystemServerTiming: StartWifi took to complete: 162ms
01-15 23:32:35.421  1875  1875 I SystemServer: StartWifiScanning
01-15 23:32:35.422  1875  1875 I SystemServiceManager: Starting com.android.server.wifi.scanner.WifiScanningService
01-15 23:32:35.425  1875  1875 D SystemServerTiming: StartWifiScanning took to complete: 4ms
01-15 23:32:35.425  1875  1875 I SystemServer: StartWifiP2P
01-15 23:32:35.425  1875  1875 I SystemServiceManager: Starting com.android.server.wifi.p2p.WifiP2pService
01-15 23:32:35.434  1875  1875 D SystemServerTiming: StartWifiP2P took to complete: 9ms
01-15 23:32:35.434  1875  1875 I SystemServer: StartEthernet
01-15 23:32:35.435  1875  1875 I SystemServiceManager: Starting com.android.server.ethernet.EthernetService
01-15 23:32:35.436  1875  1875 D SystemServerTiming: StartEthernet took to complete: 2ms
01-15 23:32:35.436  1875  1875 I SystemServer: StartConnectivityService
01-15 23:32:35.440  1875  1875 D ConnectivityService: ConnectivityService starting up
01-15 23:32:35.445  1875  1875 D ConnectivityService: wifiOnly=false
01-15 23:32:35.445  1875  1875 E ConnectivityService: Ignoring protectedNetwork 14
01-15 23:32:35.461  1875  1875 D SystemServerTiming: StartConnectivityService took to complete: 25ms
01-15 23:32:35.461  1875  1875 I SystemServer: StartNsdService
01-15 23:32:35.462  1875  1875 D NsdService: Network service discovery is enabled
01-15 23:32:35.466  1875  1875 D SystemServerTiming: StartNsdService took to complete: 4ms
01-15 23:32:35.466  1875  1875 I SystemServer: StartSystemUpdateManagerService
01-15 23:32:35.466  1875  1875 I SystemUpdateManagerService: No existing info file /data/system/system-update-info.xml
01-15 23:32:35.468  1875  1875 D SystemServerTiming: StartSystemUpdateManagerService took to complete: 2ms
01-15 23:32:35.468  1875  1875 I SystemServer: StartUpdateLockService
01-15 23:32:35.469  1875  1875 D SystemServerTiming: StartUpdateLockService took to complete: 1ms
01-15 23:32:35.470  1875  1875 I SystemServer: StartNotificationManager
01-15 23:32:35.470  1875  1875 I SystemServiceManager: Starting com.android.server.notification.NotificationManagerService
01-15 23:32:35.477  1875  1875 D ConditionProviders.SCP: new ScheduleConditionProvider()
01-15 23:32:35.485  1875  1875 I NotificationListeners: Read notification listener permissions from xml
01-15 23:32:35.485  1875  1875 I NotificationAssistants: Read notification assistant permissions from xml
01-15 23:32:35.485  1875  1875 I ConditionProviders: Read condition provider permissions from xml
01-15 23:32:35.485  1875  1875 I ConditionProviders: Read condition provider permissions from xml
01-15 23:32:35.485  1875  1875 D NotificationAssistants: Approving default notification assistant for user 0
01-15 23:32:35.486  1875  1875 I ConditionProviders:  Allowing condition provider android.ext.services/android.ext.services.notification.Assistant
01-15 23:32:35.486  1875  1875 D NotificationService: Set default NAS to be android.ext.services/android.ext.services.notification.Assistant in 0
01-15 23:32:35.493  1875  1875 D SystemServerTiming: StartNotificationManager took to complete: 23ms
01-15 23:32:35.493  1875  1875 I SystemServer: StartDeviceMonitor
01-15 23:32:35.493  1875  1875 I SystemServiceManager: Starting com.android.server.storage.DeviceStorageMonitorService
01-15 23:32:35.496  1875  1875 D SystemServerTiming: StartDeviceMonitor took to complete: 3ms
01-15 23:32:35.496  1875  1875 I SystemServer: StartLocationManagerService
01-15 23:32:35.497  1875  1926 I commit_sys_config_file: [notification-policy,11]
01-15 23:32:35.498  1875  1875 D SystemServerTiming: StartLocationManagerService took to complete: 2ms
01-15 23:32:35.498  1875  1875 I SystemServer: StartCountryDetectorService
01-15 23:32:35.499  1875  2091 I storage_state: [41217664-9172-527a-b3d5-edabb50a7d69,0,0,20413493248,20726800384]
01-15 23:32:35.500  1875  1875 D SystemServerTiming: StartCountryDetectorService took to complete: 2ms
01-15 23:32:35.500  1875  1875 I SystemServer: StartTimeDetectorService
01-15 23:32:35.500  1875  1875 I SystemServiceManager: Starting com.android.server.timedetector.TimeDetectorService$Lifecycle
01-15 23:32:35.502  1875  1875 D SystemServerTiming: StartTimeDetectorService took to complete: 2ms
01-15 23:32:35.502  1875  1875 I SystemServer: StartSearchManagerService
01-15 23:32:35.503  1875  1875 I SystemServiceManager: Starting com.android.server.search.SearchManagerService$Lifecycle
01-15 23:32:35.505  1875  1875 D SystemServerTiming: StartSearchManagerService took to complete: 3ms
01-15 23:32:35.505  1875  1875 I SystemServer: StartWallpaperManagerService
01-15 23:32:35.505  1875  1875 I SystemServiceManager: Starting com.android.server.wallpaper.WallpaperManagerService$Lifecycle
01-15 23:32:35.507  1875  1875 D SystemServerTiming: StartWallpaperManagerService took to complete: 2ms
01-15 23:32:35.507  1875  1875 I SystemServer: StartAudioService
01-15 23:32:35.507  1875  1875 I SystemServiceManager: Starting com.android.server.audio.AudioService$Lifecycle
01-15 23:32:35.509  1875  1926 I commit_sys_config_file: [notification-policy,10]
01-15 23:32:35.512  1325  1325 D ZygoteInitTiming_lazy: PreloadClasses took to complete: 564ms
01-15 23:32:35.532  1325  1325 D ZygoteInitTiming_lazy: CacheNonBootClasspathClassLoaders took to complete: 20ms
01-15 23:32:35.627  1875  1875 I stream_devices_changed: [0,0,1]
01-15 23:32:35.627  1875  1875 I stream_devices_changed: [2,0,2]
01-15 23:32:35.628  1875  1875 I stream_devices_changed: [3,0,2]
01-15 23:32:35.628  1875  1875 I stream_devices_changed: [4,0,2]
01-15 23:32:35.629  1875  1875 I stream_devices_changed: [6,0,1]
01-15 23:32:35.654  1875  1875 D SystemServerTiming: StartAudioService took to complete: 147ms
01-15 23:32:35.654  1875  1875 I SystemServer: StartDockObserver
01-15 23:32:35.654  1875  1875 I SystemServiceManager: Starting com.android.server.DockObserver
01-15 23:32:35.655  1875  1875 W DockObserver: This kernel does not have dock station support
01-15 23:32:35.656  1875  1875 D SystemServerTiming: StartDockObserver took to complete: 2ms
01-15 23:32:35.656  1875  1875 I SystemServer: StartWiredAccessoryManager
01-15 23:32:35.658  1875  1875 W WiredAccessoryManager: This kernel does not have usb audio support
01-15 23:32:35.658  1875  1875 E WiredAccessoryManager: file /sys/devices/platform/soc/soc:qcom,msm-ext-disp/extcon/extcon0/name not found
01-15 23:32:35.659  1875  1875 W WiredAccessoryManager: Conn soc:qcom,msm-ext-disp/1/0 does not have DP audio support
01-15 23:32:35.659  1875  1875 E WiredAccessoryManager: file /sys/devices/platform/soc/soc:qcom,msm-ext-disp/extcon/extcon0/name not found
01-15 23:32:35.659  1875  1875 W WiredAccessoryManager: Conn soc:qcom,msm-ext-disp/0/0 does not have DP audio support
01-15 23:32:35.659  1875  1875 D SystemServerTiming: StartWiredAccessoryManager took to complete: 3ms
01-15 23:32:35.660  1875  1875 I SystemServer: StartMidiManager
01-15 23:32:35.660  1875  1875 I SystemServiceManager: Starting com.android.server.midi.MidiService$Lifecycle
01-15 23:32:35.661  1875  1875 D SystemServerTiming: StartMidiManager took to complete: 2ms
01-15 23:32:35.661  1875  1875 I SystemServer: StartAdbService
01-15 23:32:35.661  1875  1875 I SystemServiceManager: Starting com.android.server.adb.AdbService$Lifecycle
01-15 23:32:35.663  1875  1875 D SystemServerTiming: StartAdbService took to complete: 2ms
01-15 23:32:35.663  1875  1875 I SystemServer: StartUsbService
01-15 23:32:35.663  1875  1875 I SystemServiceManager: Starting com.android.server.usb.UsbService$Lifecycle
01-15 23:32:35.665  1875  1875 E UsbDeviceManager: failed to write to /sys/class/android_usb/android0/f_rndis/ethaddr
01-15 23:32:35.667  1875  1875 I UsbDeviceManager: USB GADGET HAL not present in the device
01-15 23:32:35.667  1875  1875 I UsbDeviceManager: java.util.NoSuchElementException
01-15 23:32:35.667  1875  1875 I UsbDeviceManager:      at android.os.HwBinder.getService(Native Method)
01-15 23:32:35.667  1875  1875 I UsbDeviceManager:      at android.hardware.usb.gadget.V1_0.IUsbGadget.getService(IUsbGadget.java:55)
01-15 23:32:35.667  1875  1875 I UsbDeviceManager:      at android.hardware.usb.gadget.V1_0.IUsbGadget.getService(IUsbGadget.java:62)
01-15 23:32:35.667  1875  1875 I UsbDeviceManager:      at com.android.server.usb.UsbDeviceManager.<init>(UsbDeviceManager.java:264)
01-15 23:32:35.667  1875  1875 I UsbDeviceManager:      at com.android.server.usb.UsbService.<init>(UsbService.java:150)
01-15 23:32:35.667  1875  1875 I UsbDeviceManager:      at com.android.server.usb.UsbService$Lifecycle.onStart(UsbService.java:84)
01-15 23:32:35.667  1875  1875 I UsbDeviceManager:      at com.android.server.SystemServiceManager.startService(SystemServiceManager.java:129)
01-15 23:32:35.667  1875  1875 I UsbDeviceManager:      at com.android.server.SystemServiceManager.startService(SystemServiceManager.java:116)
01-15 23:32:35.667  1875  1875 I UsbDeviceManager:      at com.android.server.SystemServiceManager.startService(SystemServiceManager.java:75)
01-15 23:32:35.667  1875  1875 I UsbDeviceManager:      at com.android.server.SystemServer.startOtherServices(SystemServer.java:1580)
01-15 23:32:35.667  1875  1875 I UsbDeviceManager:      at com.android.server.SystemServer.run(SystemServer.java:517)
01-15 23:32:35.667  1875  1875 I UsbDeviceManager:      at com.android.server.SystemServer.main(SystemServer.java:354)
01-15 23:32:35.667  1875  1875 I UsbDeviceManager:      at java.lang.reflect.Method.invoke(Native Method)
01-15 23:32:35.667  1875  1875 I UsbDeviceManager:      at com.android.internal.os.RuntimeInit$MethodAndArgsCaller.run(RuntimeInit.java:492)
01-15 23:32:35.667  1875  1875 I UsbDeviceManager:      at com.android.internal.os.ZygoteInit.main(ZygoteInit.java:913)
01-15 23:32:35.667  1875  1875 E UsbDeviceManager: Failed to open control for mtp
01-15 23:32:35.667  1875  1875 E UsbDeviceManager: Failed to open control for ptp
01-15 23:32:35.676  1875  1875 W StorageManagerService: No primary storage defined yet; hacking together a stub
01-15 23:32:35.683  1875  1932 I UsbPortManager: Usb hal service started android.hardware.usb@1.0::IUsb default
01-15 23:32:35.688  1875  1875 D SystemServerTiming: StartUsbService took to complete: 25ms
01-15 23:32:35.688  1875  1875 I SystemServer: StartSerialService
01-15 23:32:35.688     0     0 I         : acc_open
01-15 23:32:35.689     0     0 I         : acc_release
01-15 23:32:35.689  1875  1875 D SystemServerTiming: StartSerialService took to complete: 1ms
01-15 23:32:35.689  1875  1875 I SystemServer: StartHardwarePropertiesManagerService
01-15 23:32:35.694  1875  1875 D SystemServerTiming: StartHardwarePropertiesManagerService took to complete: 5ms
01-15 23:32:35.694  1875  1875 I SystemServer: StartTwilightService
01-15 23:32:35.694  1875  1875 I SystemServiceManager: Starting com.android.server.twilight.TwilightService
01-15 23:32:35.694  1875  1875 D SystemServerTiming: StartTwilightService took to complete: 0ms
01-15 23:32:35.694  1875  1875 I SystemServer: StartColorDisplay
01-15 23:32:35.694  1875  1875 I SystemServiceManager: Starting com.android.server.display.color.ColorDisplayService
01-15 23:32:35.695  1875  1875 D SystemServerTiming: StartColorDisplay took to complete: 1ms
01-15 23:32:35.696  1875  1875 I SystemServer: StartJobScheduler
01-15 23:32:35.696  1875  1875 I SystemServiceManager: Starting com.android.server.job.JobSchedulerService
01-15 23:32:35.700  1875  1875 D JobStore: Start tag: job-info
01-15 23:32:35.701  1875  1875 I JobStore: Read 4 jobs
01-15 23:32:35.708  1875  1875 D SystemServerTiming: StartJobScheduler took to complete: 13ms
01-15 23:32:35.708  1875  1875 I SystemServer: StartSoundTrigger
01-15 23:32:35.708  1875  1875 I SystemServiceManager: Starting com.android.server.soundtrigger.SoundTriggerService
01-15 23:32:35.710  1875  1875 D SystemServerTiming: StartSoundTrigger took to complete: 2ms
01-15 23:32:35.710  1875  1875 I SystemServer: StartTrustManager
01-15 23:32:35.710  1875  1875 I SystemServiceManager: Starting com.android.server.trust.TrustManagerService
01-15 23:32:35.713  1875  1875 D SystemServerTiming: StartTrustManager took to complete: 2ms
01-15 23:32:35.713  1875  1875 I SystemServer: StartBackupManager
01-15 23:32:35.713  1875  1875 I SystemServiceManager: Starting com.android.server.backup.BackupManagerService$Lifecycle
01-15 23:32:35.715  1875  1875 D SystemServerTiming: StartBackupManager took to complete: 2ms
01-15 23:32:35.715  1875  1875 I SystemServer: StartAppWidgetService
01-15 23:32:35.715  1875  1875 I SystemServiceManager: Starting com.android.server.appwidget.AppWidgetService
01-15 23:32:35.719  1875  1875 D SystemServerTiming: StartAppWidgetService took to complete: 4ms
01-15 23:32:35.719  1875  1875 I SystemServer: StartRoleManagerService
01-15 23:32:35.722  1875  1875 D SystemServerTiming: StartRoleManagerService took to complete: 3ms
01-15 23:32:35.722  1875  1875 I SystemServer: StartVoiceRecognitionManager
01-15 23:32:35.722  1875  1875 I SystemServiceManager: Starting com.android.server.voiceinteraction.VoiceInteractionManagerService
01-15 23:32:35.726  1875  1875 I RoleUserState: Read roles.xml successfully
01-15 23:32:35.728  1875  1875 D SystemServerTiming: StartVoiceRecognitionManager took to complete: 6ms
01-15 23:32:35.728  1875  1875 I SystemServer: StartGestureLauncher
01-15 23:32:35.729  1875  1875 I auditd  : type=1400 audit(0.0:79): avc: denied { read } for comm="system_server" name="u:object_r:vendor_default_prop:s0" dev="tmpf
s" ino=4756 scontext=u:r:system_server:s0 tcontext=u:object_r:vendor_default_prop:s0 tclass=file permissive=0
01-15 23:32:35.729  1875  1875 I SystemServiceManager: Starting com.android.server.GestureLauncherService
01-15 23:32:35.729  1875  1875 D SystemServerTiming: StartGestureLauncher took to complete: 1ms
01-15 23:32:35.729  1875  1875 I SystemServer: StartSensorNotification
01-15 23:32:35.729  1875  1875 I SystemServiceManager: Starting com.android.server.SensorNotificationService
01-15 23:32:35.729  1875  1875 D SystemServerTiming: StartSensorNotification took to complete: 0ms
01-15 23:32:35.729  1875  1875 I SystemServer: StartContextHubSystemService
01-15 23:32:35.729  1875  1875 I SystemServiceManager: Starting com.android.server.ContextHubSystemService
01-15 23:32:35.729  1875  1875 D SystemServerTiming: StartContextHubSystemService took to complete: 0ms
01-15 23:32:35.729  1875  1875 I SystemServer: StartDiskStatsService
01-15 23:32:35.729  1875  1931 D SystemServerInitThreadPool: Started executing Init ContextHubSystemService
01-15 23:32:35.731  1875  1931 D SystemServerInitThreadPool: Finished executing Init ContextHubSystemService
01-15 23:32:35.732  1875  1875 D SystemServerTiming: StartDiskStatsService took to complete: 3ms
01-15 23:32:35.732  1875  1875 I SystemServer: RuntimeService
01-15 23:32:35.733  1875  1875 D SystemServerTiming: RuntimeService took to complete: 1ms
01-15 23:32:35.733  1875  1875 I SystemServer: StartNetworkTimeUpdateService
01-15 23:32:35.734  1875  1875 D SystemServer: Using networkTimeUpdater class=class com.android.server.NewNetworkTimeUpdateService
01-15 23:32:35.736  1875  1875 D SystemServerTiming: StartNetworkTimeUpdateService took to complete: 2ms
01-15 23:32:35.736  1875  1875 I SystemServer: CertBlacklister
01-15 23:32:35.736  1875  1875 D SystemServerTiming: CertBlacklister took to complete: 0ms
01-15 23:32:35.736  1875  1875 I SystemServer: StartEmergencyAffordanceService
01-15 23:32:35.736  1875  1875 I SystemServiceManager: Starting com.android.server.emergency.EmergencyAffordanceService
01-15 23:32:35.736  1875  1875 D SystemServerTiming: StartEmergencyAffordanceService took to complete: 0ms
01-15 23:32:35.737  1875  1875 I SystemServer: StartDreamManager
01-15 23:32:35.737  1875  1875 I SystemServiceManager: Starting com.android.server.dreams.DreamManagerService
01-15 23:32:35.738  1875  1875 D SystemServerTiming: StartDreamManager took to complete: 2ms
01-15 23:32:35.738  1875  1875 I SystemServer: AddGraphicsStatsService
01-15 23:32:35.741  1875  1875 D SystemServerTiming: AddGraphicsStatsService took to complete: 3ms
01-15 23:32:35.742  1875  1875 I SystemServer: StartPrintManager
01-15 23:32:35.742  1875  1875 I SystemServiceManager: Starting com.android.server.print.PrintManagerService
01-15 23:32:35.744  1875  1875 D SystemServerTiming: StartPrintManager took to complete: 1ms
01-15 23:32:35.744  1875  1875 I SystemServer: StartCompanionDeviceManager
01-15 23:32:35.744  1875  1875 I SystemServiceManager: Starting com.android.server.companion.CompanionDeviceManagerService
01-15 23:32:35.745  1875  1875 I service_manager_stats: [100,73,60284]
01-15 23:32:35.746  1875  1875 D SystemServerTiming: StartCompanionDeviceManager took to complete: 2ms
01-15 23:32:35.746  1875  1875 I SystemServer: StartRestrictionManager
01-15 23:32:35.747  1875  1875 I SystemServiceManager: Starting com.android.server.restrictions.RestrictionsManagerService
01-15 23:32:35.749  1875  1875 D SystemServerTiming: StartRestrictionManager took to complete: 3ms
01-15 23:32:35.749  1875  1875 I SystemServer: StartMediaSessionService
01-15 23:32:35.749  1875  1875 I SystemServiceManager: Starting com.android.server.media.MediaSessionService
01-15 23:32:35.752  1325  1325 D ZygoteInitTiming_lazy: PreloadResources took to complete: 220ms
01-15 23:32:35.760  1875  1875 D SystemServerTiming: StartMediaSessionService took to complete: 10ms
01-15 23:32:35.760  1875  1875 I SystemServer: StartMediaResourceMonitor
01-15 23:32:35.760  1875  1875 I SystemServiceManager: Starting com.android.server.media.MediaResourceMonitorService
01-15 23:32:35.761  1875  1875 D SystemServerTiming: StartMediaResourceMonitor took to complete: 1ms
01-15 23:32:35.761  1875  1875 I SystemServer: StartMediaRouterService
01-15 23:32:35.767  1875  1875 D SystemServerTiming: StartMediaRouterService took to complete: 6ms
01-15 23:32:35.768  1875  1875 I SystemServer: StartBackgroundDexOptService
01-15 23:32:35.768     0     0 E ipa-wan ipa_wwan_ioctl: 1582 dev(rmnet_data7) register to IPA
01-15 23:32:35.769  1875  1875 D SystemServerTiming: StartBackgroundDexOptService took to complete: 1ms
01-15 23:32:35.769  1875  1875 I SystemServer: StartDynamicCodeLoggingService
01-15 23:32:35.769  1875  1875 D SystemServerTiming: StartDynamicCodeLoggingService took to complete: 0ms
01-15 23:32:35.769  1875  1875 I SystemServer: StartPruneInstantAppsJobService
01-15 23:32:35.770  1875  1875 D SystemServerTiming: StartPruneInstantAppsJobService took to complete: 1ms
01-15 23:32:35.770  1875  1875 I SystemServer: StartShortcutServiceLifecycle
01-15 23:32:35.770  1875  1875 I SystemServiceManager: Starting com.android.server.pm.ShortcutService$Lifecycle
01-15 23:32:35.772  1875  1875 D SystemServerTiming: StartShortcutServiceLifecycle took to complete: 2ms
01-15 23:32:35.773  1875  1875 I SystemServer: StartLauncherAppsService
01-15 23:32:35.773  1875  1875 I SystemServiceManager: Starting com.android.server.pm.LauncherAppsService
01-15 23:32:35.776  1875  1875 D SystemServerTiming: StartLauncherAppsService took to complete: 3ms
01-15 23:32:35.776  1875  1875 I SystemServer: StartCrossProfileAppsService
01-15 23:32:35.776  1875  1875 I SystemServiceManager: Starting com.android.server.pm.CrossProfileAppsService
01-15 23:32:35.779  1875  1875 D SystemServerTiming: StartCrossProfileAppsService took to complete: 3ms
01-15 23:32:35.779  1875  1875 I SystemServer: StartMediaProjectionManager
01-15 23:32:35.779  1875  1875 I SystemServiceManager: Starting com.android.server.media.projection.MediaProjectionManagerService
01-15 23:32:35.783  1875  1875 D SystemServerTiming: StartMediaProjectionManager took to complete: 4ms
01-15 23:32:35.783  1875  1875 I SystemServer: StartSliceManagerService
01-15 23:32:35.783  1875  1875 I SystemServiceManager: Starting com.android.server.slice.SliceManagerService$Lifecycle
01-15 23:32:35.787  1875  1875 D SystemServerTiming: StartSliceManagerService took to complete: 4ms
01-15 23:32:35.787  1875  1875 I SystemServer: StartCameraServiceProxy
01-15 23:32:35.787  1875  1875 I SystemServiceManager: Starting com.android.server.camera.CameraServiceProxy
01-15 23:32:35.790  1875  1875 D SystemServerTiming: StartCameraServiceProxy took to complete: 3ms
01-15 23:32:35.791  1875  1875 I SystemServer: StartStatsCompanionService
01-15 23:32:35.791  1875  1875 I SystemServiceManager: Starting com.android.server.stats.StatsCompanionService$Lifecycle
01-15 23:32:35.794  1875  1875 I StatsCompanionService: register thermal listener successfully
01-15 23:32:35.798  1875  1875 D SystemServerTiming: StartStatsCompanionService took to complete: 7ms
01-15 23:32:35.798  1875  1875 I SystemServer: StartIncidentCompanionService
01-15 23:32:35.798  1875  1875 I SystemServiceManager: Starting com.android.server.incident.IncidentCompanionService
01-15 23:32:35.800  1875  1875 D SystemServerTiming: StartIncidentCompanionService took to complete: 2ms
01-15 23:32:35.800  1875  1875 I SystemServer: StartMmsService
01-15 23:32:35.800  1875  1875 I SystemServiceManager: Starting com.android.server.MmsServiceBroker
01-15 23:32:35.802  1875  1875 D SystemServerTiming: StartMmsService took to complete: 2ms
01-15 23:32:35.802  1875  1875 I SystemServer: StartAutoFillService
01-15 23:32:35.802  1875  1875 I SystemServiceManager: Starting com.android.server.autofill.AutofillManagerService
01-15 23:32:35.804  1875  1875 D AutofillManagerService: setLogLevelFromSettings(): level=2, debug=true, verbose=false
01-15 23:32:35.804  1875  1875 D AutofillManagerService: setMaxPartitionsFromSettings(): 10
01-15 23:32:35.804  1875  1875 D AutofillManagerService: setMaxVisibleDatasetsFromSettings(): 0
01-15 23:32:35.805  1875  1875 D AutofillManagerServiceImpl: Reset component for user 0:
01-15 23:32:35.805  1875  1925 D AutofillUI: destroySaveUiUiThread(): already destroyed
01-15 23:32:35.807  1875  1875 D SystemServerTiming: StartAutoFillService took to complete: 4ms
01-15 23:32:35.807  1875  1875 I SystemServer: StartClipboardService
01-15 23:32:35.807  1875  1875 I SystemServiceManager: Starting com.android.server.clipboard.ClipboardService
01-15 23:32:35.809  1875  1875 D SystemServerTiming: StartClipboardService took to complete: 1ms
01-15 23:32:35.809  1875  1875 I SystemServer: AppServiceManager
01-15 23:32:35.809  1875  1875 I SystemServiceManager: Starting com.android.server.appbinding.AppBindingService$Lifecycle
01-15 23:32:35.810  1875  1875 D SystemServerTiming: AppServiceManager took to complete: 1ms
01-15 23:32:35.810  1875  1875 I SystemServer: MakeVibratorServiceReady
01-15 23:32:35.813  1875  1875 D SystemServerTiming: MakeVibratorServiceReady took to complete: 2ms
01-15 23:32:35.813  1875  1875 I SystemServer: MakeLockSettingsServiceReady
01-15 23:32:35.847  1875  1875 I SyntheticPasswordManager: Device does not support weaver
01-15 23:32:35.849  1875  1875 I LockSettingsService: Device doesn't implement AuthSecret HAL
01-15 23:32:35.851  1875  1875 E LockSettingsStorage: Cannot read file java.io.FileNotFoundException: /data/system/gatekeeper.password.key: open failed: ENOENT (No
such file or directory)
01-15 23:32:35.851  1875  1875 E LockSettingsStorage: Cannot read file java.io.FileNotFoundException: /data/system/password.key: open failed: ENOENT (No such file o
r directory)
01-15 23:32:35.852  1875  1875 E LockSettingsStorage: Cannot read file java.io.FileNotFoundException: /data/system/gatekeeper.pattern.key: open failed: ENOENT (No s
uch file or directory)
01-15 23:32:35.852  1875  1875 E LockSettingsStorage: Cannot read file java.io.FileNotFoundException: /data/system/gatekeeper.gesture.key: open failed: ENOENT (No s
uch file or directory)
01-15 23:32:35.852  1875  1875 E LockSettingsStorage: Cannot read file java.io.FileNotFoundException: /data/system/gesture.key: open failed: ENOENT (No such file or
 directory)
01-15 23:32:35.852  1875  1875 D SystemServerTiming: MakeLockSettingsServiceReady took to complete: 39ms
01-15 23:32:35.852  1875  1875 I SystemServer: StartBootPhaseLockSettingsReady
01-15 23:32:35.852  1875  1875 I SystemServiceManager: Starting phase 480
01-15 23:32:35.862  1875  1875 I DevicePolicyManager: Set ro.device_owner property to false
01-15 23:32:35.864  1875  2033 D SystemServerInitThreadPool: Started executing DevicePolicyManager
01-15 23:32:35.864  1875  2033 D SystemServerInitThreadPool: Finished executing DevicePolicyManager
01-15 23:32:35.867  1875  1875 D SystemServerTiming: StartBootPhaseLockSettingsReady took to complete: 15ms
01-15 23:32:35.867  1875  1875 I SystemServer: StartBootPhaseSystemServicesReady
01-15 23:32:35.867  1875  1875 I SystemServiceManager: Starting phase 500
01-15 23:32:35.869  1875  1875 D AppStandbyController: Setting app idle enabled state
01-15 23:32:35.880  1875  1875 D TestHarnessModeService: Setting up test harness mode
01-15 23:32:35.880  1875  1875 D TestHarnessModeService: Getting PersistentDataBlockManagerInternal from LocalServices
01-15 23:32:35.911  1875  1875 I WifiService: WifiService starting up with Wi-Fi disabled
01-15 23:32:35.935  1875  2081 D ConnectivityService: Got NetworkFactory Messenger for Ethernet
01-15 23:32:35.947  1875  1875 D SystemServerTiming: StartBootPhaseSystemServicesReady took to complete: 80ms
01-15 23:32:35.947  1875  1875 I SystemServer: MakeWindowManagerServiceReady
01-15 23:32:35.969  1875  1875 D SystemServerTiming: MakeWindowManagerServiceReady took to complete: 22ms
01-15 23:32:35.970  1875  1875 I SystemServer: MakePowerManagerServiceReady
01-15 23:32:35.979  1875  1875 E DisplayPowerController: failed to set up display white-balance: java.lang.IllegalStateException: cannot find sensor com.google.sens
or.color
01-15 23:32:35.979  1875  2050 I commit_sys_config_file: [settings-2-0,18]
01-15 23:32:35.988  1875  1875 D SystemServerTiming: MakePowerManagerServiceReady took to complete: 18ms
01-15 23:32:35.988  1875  1875 I SystemServer: StartPermissionPolicyService
01-15 23:32:35.989  1875  1875 I SystemServiceManager: Starting com.android.server.policy.PermissionPolicyService
01-15 23:32:35.990  1875  1875 D SystemServerTiming: StartPermissionPolicyService took to complete: 2ms
01-15 23:32:35.990  1875  1875 I SystemServer: MakePackageManagerServiceReady
01-15 23:32:35.997  1875  1875 I PackageManager: Un-granting permission android.permission.GLOBAL_SEARCH from package com.android.quicksearchbox (protectionLevel=18
 flags=0x3088be45)
01-15 23:32:36.000  1875  1875 I PackageManager: Un-granting permission android.permission.MANAGE_DOCUMENTS from package com.android.mms (protectionLevel=262146 fla
gs=0x28c9be65)
01-15 23:32:36.006  1875  1875 I PackageManager: Un-granting permission android.permission.INTERACT_ACROSS_USERS_FULL from package org.codeaurora.snapcam (protectio
nLevel=258 flags=0x20d8bc45)
01-15 23:32:36.007  1875  1875 I PackageManager: Un-granting permission android.permission.SET_ORIENTATION from package org.codeaurora.snapcam (protectionLevel=2 fl
ags=0x20d8bc45)
01-15 23:32:36.016     0     0 E FAKE_BATTERY: fake_batt_get_property: batt_mv=7608
01-15 23:32:36.018     0     0 W healthd : battery l=56 v=7 t=0.0 h=2 st=3 chg=
01-15 23:32:36.019  1875  1939 E KernelCpuSpeedReader: Failed to read cpu-freq: /sys/devices/system/cpu/cpu0/cpufreq/stats/time_in_state: open failed: ENOENT (No su
ch file or directory)
01-15 23:32:36.020  1875  1939 E KernelCpuSpeedReader: Failed to read cpu-freq: /sys/devices/system/cpu/cpu4/cpufreq/stats/time_in_state: open failed: ENOENT (No su
ch file or directory)
01-15 23:32:36.022  1875  1875 I commit_sys_config_file: [package-session,9]
01-15 23:32:36.026  1875  1875 V UserDataPreparer: Found /data/user_de/0 with serial number 0
01-15 23:32:36.027  1875  1875 V UserDataPreparer: Found /data/user/0 with serial number 0
01-15 23:32:36.027  1875  1875 V UserDataPreparer: Found /data/system_de/0 with serial number 0
01-15 23:32:36.028  1875  1875 V UserDataPreparer: Found /data/system_ce/0 with serial number 0
01-15 23:32:36.028  1875  1875 V UserDataPreparer: Found /data/misc_ce/0 with serial number 0
01-15 23:32:36.032  1875  1945 W KeyguardServiceDelegate: onScreenTurningOn(): no keyguard service!
01-15 23:32:36.033  1875  1945 V DisplayPowerController: Brightness [102] reason changing to: 'override', previous reason: '0'.
01-15 23:32:36.037  1875  1875 D SystemServerTiming: MakePackageManagerServiceReady took to complete: 47ms
01-15 23:32:36.037  1875  1875 I SystemServer: MakeDisplayManagerServiceReady
01-15 23:32:36.040  1875  1927 E DisplayModeDirector: Asked about unknown display, returning empty allowed set! (id=0)
01-15 23:32:36.042  1875  1875 D SystemServerTiming: MakeDisplayManagerServiceReady took to complete: 5ms
01-15 23:32:36.042  1875  1875 I SystemServer: StartDeviceSpecificServices
01-15 23:32:36.042  1875  1875 D SystemServerTiming: StartDeviceSpecificServices took to complete: 0ms
01-15 23:32:36.042  1875  1875 I SystemServer: StartBootPhaseDeviceSpecificServicesReady
01-15 23:32:36.042  1875  1875 I SystemServiceManager: Starting phase 520
01-15 23:32:36.043  1875  1875 D SystemServerTiming: StartBootPhaseDeviceSpecificServicesReady took to complete: 1ms
01-15 23:32:36.047  1875  1875 W UsageStatsService: Event reported without a package name, eventType:15
01-15 23:32:36.048  1875  1875 I AppOps  : Pruning old package system/com.android.server.appop.AppOpsService$UidState@450f20d: new uid=-1
01-15 23:32:36.049  1875  1875 I ActivityManager: System now ready
01-15 23:32:36.049  1875  1875 I boot_progress_ams_ready: 60588
01-15 23:32:36.055  1875  2044 D SystemServerTimingAsync: SecondaryZygotePreload took to complete: 1199ms
01-15 23:32:36.055  1875  2044 D SystemServerInitThreadPool: Finished executing SecondaryZygotePreload
01-15 23:32:36.112  1875  1875 I SystemServer: Making services ready
01-15 23:32:36.112  1875  1875 I SystemServer: StartActivityManagerReadyPhase
01-15 23:32:36.112  1875  1875 I SystemServiceManager: Starting phase 550
01-15 23:32:36.115  1875  1875 E ThermalHalWrapper: Thermal HAL 2.0 service not connected.
01-15 23:32:36.117  1875  1875 E ThermalHalWrapper: Thermal HAL 1.1 service not connected.
01-15 23:32:36.119  1875  1875 I ThermalHalWrapper: Thermal HAL 1.0 service connected, no thermal call back will be called due to legacy API.
01-15 23:32:36.208  1875  2050 I commit_sys_config_file: [settings-0-0,12]
01-15 23:32:36.549  1875  1875 W SystemServiceManager: Service com.android.server.power.ThermalManagerService took 436 ms in onBootPhase
01-15 23:32:36.550  1875  1875 E BatteryService: breath leds update!
01-15 23:32:36.553  1875  1875 W ActivityManager: Too early to start/bind service in system_server: Phase=550 ComponentInfo{com.android.server.telecom/com.android.s
erver.telecom.components.TelecomService}
01-15 23:32:36.555  1875  1875 W ActivityManager: Too early to start/bind service in system_server: Phase=550 ComponentInfo{com.android.server.telecom/com.android.s
erver.telecom.components.TelecomService}
01-15 23:32:36.561  1875  1875 I SyncManager: No initial accounts
01-15 23:32:36.562  1875  1875 I SyncManager: No initial status
01-15 23:32:36.562  1875  1875 I SyncManager: No initial statistics
01-15 23:32:36.565  1875  1875 D BluetoothManagerService: Bluetooth boot completed
01-15 23:32:36.566  1875  1875 D BluetoothManagerService: Auto-enabling Bluetooth.
01-15 23:32:36.568  1875  1926 D BluetoothManagerService: MESSAGE_ENABLE(0): mBluetooth = null
01-15 23:32:36.570  1875  1926 I am_uid_running: 1002
01-15 23:32:36.611  1875  1935 I am_proc_start: [0,2154,1002,com.android.bluetooth,service,{com.android.bluetooth/com.android.bluetooth.btservice.AdapterService}]
01-15 23:32:36.611  1875  1935 I ActivityManager: Start proc 2154:com.android.bluetooth/1002 for service {com.android.bluetooth/com.android.bluetooth.btservice.Adap
terService}
01-15 23:32:36.669  1875  2065 I am_proc_bound: [0,2154,com.android.bluetooth]
01-15 23:32:36.679  1875  2065 I am_uid_active: 1002
01-15 23:32:36.733  1875  1875 W SystemServiceManager: Service com.android.server.inputmethod.InputMethodManagerService$Lifecycle took 165 ms in onBootPhase
01-15 23:32:36.736  1875  2066 D StorageManagerService: Isolated storage local flag 0 and remote flag 0 resolved to true
01-15 23:32:36.738  1875  1875 I WallpaperManagerService: No static wallpaper imagery; defaults will be shown
01-15 23:32:36.738  1875  1875 V WallpaperManagerService: bindWallpaperComponentLocked: componentName=ComponentInfo{com.android.systemui/com.android.systemui.ImageW
allpaper}
01-15 23:32:36.740  1875  1875 I am_uid_running: 10090
01-15 23:32:36.745  1875  1875 W WallpaperManagerService: Invalid wallpaper data
01-15 23:32:36.745  1875  1875 E WallpaperManagerService: Unable to apply new wallpaper
01-15 23:32:36.747  1875  1875 I AppBindingService: Updating constants with: null
01-15 23:32:36.753  1875  2094 W BluetoothManagerService: bindBluetoothProfileService:Trying to bind to profile: 1, while Bluetooth is disabled
01-15 23:32:36.766     0     0 I msm-dwc3 c200000.hsusb: DWC3 exited from low power mode
01-15 23:32:36.767  1875  1875 I PackageManager: Un-granting permission android.permission.GLOBAL_SEARCH from package com.android.quicksearchbox (protectionLevel=18
 flags=0x3088be45)
01-15 23:32:36.769  1875  1875 I PackageManager: Un-granting permission android.permission.MANAGE_DOCUMENTS from package com.android.mms (protectionLevel=262146 fla
gs=0x28c9be65)
01-15 23:32:36.776  1875  1875 I PackageManager: Un-granting permission android.permission.INTERACT_ACROSS_USERS_FULL from package org.codeaurora.snapcam (protectio
nLevel=258 flags=0x20d8bc45)
01-15 23:32:36.776  1875  1875 I PackageManager: Un-granting permission android.permission.SET_ORIENTATION from package org.codeaurora.snapcam (protectionLevel=2 fl
ags=0x20d8bc45)
01-15 23:32:36.779  1875  1875 D SystemServerTiming: StartActivityManagerReadyPhase took to complete: 666ms
01-15 23:32:36.779  1875  1875 I SystemServer: StartObservingNativeCrashes
01-15 23:32:36.779  1875  1935 I am_proc_start: [0,2183,10090,com.android.systemui,service,{com.android.systemui/com.android.systemui.ImageWallpaper}]
01-15 23:32:36.779  1875  1935 I ActivityManager: Start proc 2183:com.android.systemui/u0a90 for service {com.android.systemui/com.android.systemui.ImageWallpaper}
01-15 23:32:36.779  1875  1875 D SystemServerTiming: StartObservingNativeCrashes took to complete: 0ms
01-15 23:32:36.779  1875  1875 I SystemServer: StartSystemUI
01-15 23:32:36.779  1875  2045 D SystemServerInitThreadPool: Started executing WebViewFactoryPreparation
01-15 23:32:36.779  1875  2045 I SystemServer: WebViewFactoryPreparation
01-15 23:32:36.781  1875  2045 I am_uid_running: 1037
01-15 23:32:36.784  1875  1875 D SystemServerTiming: StartSystemUI took to complete: 5ms
01-15 23:32:36.785  1875  1875 I SystemServer: MakeNetworkManagementServiceReady
01-15 23:32:36.786  1875  2045 D SystemServerTimingAsync: WebViewFactoryPreparation took to complete: 7ms
01-15 23:32:36.786  1875  2045 D SystemServerInitThreadPool: Finished executing WebViewFactoryPreparation
01-15 23:32:36.790  1875  1875 D SystemServerTiming: MakeNetworkManagementServiceReady took to complete: 5ms
01-15 23:32:36.790  1875  1875 I SystemServer: MakeIpSecServiceReady
01-15 23:32:36.792  1875  1875 D IpSecService: IpSecService is ready
01-15 23:32:36.792  1875  1875 D SystemServerTiming: MakeIpSecServiceReady took to complete: 2ms
01-15 23:32:36.792  1875  1875 I SystemServer: MakeNetworkStatsServiceReady
01-15 23:32:36.794  1875  1939 E BatteryExternalStatsWorker: no controller energy info supplied for telephony
01-15 23:32:36.808   607   607 I auditd  : avc:  denied  { find } for interface=vendor.qti.hardware.perf::IPerf sid=u:r:bluetooth:s0 pid=2154 scontext=u:r:bluetooth
:s0 tcontext=u:object_r:hal_perf_hwservice:s0 tclass=hwservice_manager permissive=0
01-15 23:32:36.809  1875  2072 I commit_sys_config_file: [net-policy,10]
01-15 23:32:36.809  1875  2072 W NetworkPolicy: setRestrictBackgroundUL: already false
01-15 23:32:36.811   607   607 I auditd  : avc:  denied  { find } for interface=vendor.qti.hardware.perf::IPerf sid=u:r:bluetooth:s0 pid=2154 scontext=u:r:bluetooth
:s0 tcontext=u:object_r:hal_perf_hwservice:s0 tclass=hwservice_manager permissive=0
01-15 23:32:36.835  1875  1875 D SystemServerTiming: MakeNetworkStatsServiceReady took to complete: 43ms
01-15 23:32:36.835  1875  1875 I SystemServer: MakeConnectivityServiceReady
01-15 23:32:36.836  1875  1875 D ConnectivityService: requestNetwork for uid/pid:1000/1875 NetworkRequest [ REQUEST id=7, [ Capabilities: INTERNET&NOT_RESTRICTED&TR
USTED&NOT_VPN] ]
01-15 23:32:36.852  1875  2081 V NetPluginDelegate: registerHandler
01-15 23:32:36.852  1875  2081 V NetPluginDelegate: loading ConnectivityExt jar
01-15 23:32:36.855  1875  1875 D SystemServerTiming: MakeConnectivityServiceReady took to complete: 20ms
01-15 23:32:36.855  1875  1875 I SystemServer: MakeNetworkPolicyServiceReady
01-15 23:32:36.855  1875  1875 D SystemServerTiming: MakeNetworkPolicyServiceReady took to complete: 0ms
01-15 23:32:36.874  1875  1935 W ActivityManager: Slow operation: 91ms so far, now at startProcess: returned from zygote!
01-15 23:32:36.875  1875  1935 W ActivityManager: Slow operation: 94ms so far, now at startProcess: done updating battery stats
01-15 23:32:36.875  1875  1935 I am_proc_start: [0,2217,1037,WebViewLoader-armeabi-v7a,NULL,]
01-15 23:32:36.875  1875  1935 W ActivityManager: Slow operation: 94ms so far, now at startProcess: building log message
01-15 23:32:36.875  1875  1935 I ActivityManager: Start proc 2217:WebViewLoader-armeabi-v7a/1037 [android.webkit.WebViewLibraryLoader$RelroFileCreator] for null
01-15 23:32:36.875  1875  1935 W ActivityManager: Slow operation: 94ms so far, now at startProcess: starting to update pids map
01-15 23:32:36.875  1875  1935 W ActivityManager: Slow operation: 94ms so far, now at startProcess: done updating pids map
01-15 23:32:36.875  1875  1935 W ActivityManager: Slow operation: 94ms so far, now at startProcess: asking zygote to start proc
01-15 23:32:36.891  1875  2081 V NetPluginDelegate: ConnectivityExt jar loaded
01-15 23:32:36.891  1875  2194 I am_proc_bound: [0,2183,com.android.systemui]
01-15 23:32:36.896  1875  2194 I am_uid_active: 10090
01-15 23:32:36.929  1875  1935 W ActivityManager: Slow operation: 148ms so far, now at startProcess: returned from zygote!
01-15 23:32:36.929  1875  1935 W ActivityManager: Slow operation: 148ms so far, now at startProcess: done updating battery stats
01-15 23:32:36.929  1875  1935 I am_proc_start: [0,2229,1037,WebViewLoader-arm64-v8a,NULL,]
01-15 23:32:36.929  1875  1935 W ActivityManager: Slow operation: 148ms so far, now at startProcess: building log message
01-15 23:32:36.929  1875  1935 I ActivityManager: Start proc 2229:WebViewLoader-arm64-v8a/1037 [android.webkit.WebViewLibraryLoader$RelroFileCreator] for null
01-15 23:32:36.929  1875  1935 W ActivityManager: Slow operation: 148ms so far, now at startProcess: starting to update pids map
01-15 23:32:36.929  1875  1935 W ActivityManager: Slow operation: 148ms so far, now at startProcess: done updating pids map
01-15 23:32:36.938  1875  2194 I am_proc_bound: [0,2217,WebViewLoader-armeabi-v7a]
01-15 23:32:36.940  1875  2194 I am_uid_active: 1037
01-15 23:32:36.949   607   607 I auditd  : avc:  denied  { find } for interface=vendor.qti.hardware.perf::IPerf sid=u:r:bluetooth:s0 pid=2154 scontext=u:r:bluetooth
:s0 tcontext=u:object_r:hal_perf_hwservice:s0 tclass=hwservice_manager permissive=0
01-15 23:32:36.974  1875  2194 I am_proc_bound: [0,2229,WebViewLoader-arm64-v8a]
01-15 23:32:36.983  2154  2265 I bt_config_source: 1
01-15 23:32:37.067  1875  2194 W StorageManagerService: No primary storage defined yet; hacking together a stub
01-15 23:32:37.181  2183  2183 D SystemUIBootTiming: DependencyInjection took to complete: 12ms
01-15 23:32:37.200  2183  2183 D SystemUIBootTiming: StartServicescom.android.systemui.util.NotificationChannels took to complete: 5ms
01-15 23:32:37.201  2183  2183 D SystemUIBootTiming: StartServicescom.android.systemui.statusbar.CommandQueue$CommandQueueStart took to complete: 0ms
01-15 23:32:37.219  1875  1926 I commit_sys_config_file: [notification-policy,20]
01-15 23:32:37.269  1875  1912 I ActivityManager: Process WebViewLoader-armeabi-v7a (pid 2217) has died: psvc PER
01-15 23:32:37.273  1875  1912 I am_proc_died: [0,2217,WebViewLoader-armeabi-v7a,-700,0]
01-15 23:32:37.278  1875  1912 I am_mem_factor: [3,0]
01-15 23:32:37.279  1875  1912 I am_low_memory: 4
01-15 23:32:37.292  1875  1939 E KernelCpuSpeedReader: Failed to read cpu-freq: /sys/devices/system/cpu/cpu0/cpufreq/stats/time_in_state: open failed: ENOENT (No su
ch file or directory)
01-15 23:32:37.292  1875  1939 E KernelCpuSpeedReader: Failed to read cpu-freq: /sys/devices/system/cpu/cpu4/cpufreq/stats/time_in_state: open failed: ENOENT (No su
ch file or directory)
01-15 23:32:37.304     0     0 I msm_vidc: info: Opening video instance: ffffffc33405a000, 1
01-15 23:32:37.305  1875  2065 I ActivityManager: Process WebViewLoader-arm64-v8a (pid 2229) has died: psvc PER
01-15 23:32:37.308  1875  2065 I am_proc_died: [0,2229,WebViewLoader-arm64-v8a,-700,0]
01-15 23:32:37.310  1875  2065 I am_uid_stopped: 1037
01-15 23:32:37.311  1875  2065 I am_low_memory: 3
01-15 23:32:37.322     0     0 I subsys-restart: __subsystem_get(): Changing subsys fw_name to venus
01-15 23:32:37.337     0     0 I ueventd : firmware: loading 'venus.mdt' for '/devices/soc/cce0000.qcom,venus/firmware/venus.mdt'
