01-14 18:29:09.528  4525  5823 D NfccPowerTracker: NfccPowerTracker::ProcessNtf: Enter
01-14 18:29:09.528  4135  5818 I libnfc_nci: [INFO:nfc_ncif.cc(440)] NFC received ntf gid:0
01-14 18:29:09.528  4135  5818 I libnfc_nci: [INFO:nci_hrcv.cc(127)] nci_proc_core_ntf opcode:0x6
01-14 18:29:09.529  4135  5818 I libnfc_nci: [INFO:nfc_ncif.cc(152)] nfc_ncif_send_data :0, num_buff:1 qc:0
01-14 18:29:09.531  4525  5820 D NxpTml  : PN54X - Read requested.....
01-14 18:29:09.531  4525  5820 D NxpTml  : PN54X - Invoking I2C Read.....
01-14 18:29:09.537  4525  5820 D NxpTml  : PN54X - I2C Read successful.....
01-14 18:29:09.537  4525  5820 D NxpNciR : len =   5 > 0000024000
01-14 18:29:09.537  4525  5820 D NxpTml  : PN54X - Posting read message.....
01-14 18:29:09.537  4525  5823 D NxpHal  : read successful status = 0x0
01-14 18:29:09.542     0     0 E nq-nci 6-0028: nfc_read : reading 3 bytes.
01-14 18:29:09.543     0     0 E nq-nci 6-0028: nfc_read : reading 2 bytes.
01-14 18:29:09.538  4135  5818 I libnfc_nci: [INFO:nfc_ncif.cc(393)] NFC received data
01-14 18:29:09.538  4135  5818 I libnfc_nci: [INFO:nfc_ncif.cc(1652)] nfc_ncif_proc_data 0x000002
01-14 18:29:09.538  4135  5818 I libnfc_nci: [INFO:nfc_ncif.cc(1657)] nfc_ncif_proc_data len:2
01-14 18:29:09.538  4135  5818 I libnfc_nci: [INFO:rw_mfc.cc(640)] rw_mfc_conn_cback conn_id=0, evt=0x6003
01-14 18:29:09.538  4135  5818 I libnfc_nci: [INFO:nfa_rw_act.cc(1496)] nfa_rw_cback: event=0xc7
01-14 18:29:09.538  4135  5818 I libnfc_nci: [INFO:nfa_rw_act.cc(1408)] nfa_rw_handle_mfc_evt() event = 0xC7
01-14 18:29:09.538  4135  5818 I libnfc_nci: [INFO:nfa_rw_act.cc(119)] nfa_rw_send_data_to_upper: Len [0x2] Status [OK]
01-14 18:29:09.538  4135  5818 I libnfc_nci: [INFO:nfa_dm_act.cc(1378)] event:0x9
01-14 18:29:09.539  4135  5818 I libnfc_nci: [INFO:NativeNfcManager.cpp(276)] nfaConnectionCallback: event= 9
01-14 18:29:09.539  4135  5818 I libnfc_nci: [INFO:NativeNfcManager.cpp(516)] nfaConnectionCallback: NFA_DATA_EVT: status = 0x0, len = 2
01-14 18:29:09.539  4135  5818 I libnfc_nci: [INFO:NativeNfcTag.cpp(870)] nativeNfcTag_doTransceiveStatus: data len=2
01-14 18:29:09.539  4135  5818 I libnfc_nci: [INFO:phNxpExtns_MifareStd.cpp(1307)] Mfc_RecvPacket Mfc Check Presence in progress
01-14 18:29:09.546  4525  5820 D NxpTml  : PN54X - Read requested.....
01-14 18:29:09.546  4525  5820 D NxpTml  : PN54X - Invoking I2C Read.....
01-14 18:29:09.557     0     0 E nq-nci 6-0028: nfc_read : reading 3 bytes.
01-14 18:29:09.642  1880  1943 W ActivityTaskManager: Activity top resumed state loss timeout for ActivityRecord{25c340c u0 com.wakdev.nfctools.pro/.MainActivityPro
 t-1 f}
01-14 18:29:09.666  4135  6357 I libnfc_nci: [INFO:NativeNfcTag.cpp(1334)] nativeNfcTag_doPresenceCheck
01-14 18:29:09.666  4135  6357 I libnfc_nci: [INFO:nfa_dm_api.cc(936)] data_len:3
01-14 18:29:09.666  4135  6357 I libnfc_nci: [INFO:phNxpExtns_MifareStd.cpp(709)] Mfc_PresenceCheck status = 0x0
01-14 18:29:09.666  4135  5818 I libnfc_nci: [INFO:nfa_sys_main.cc(77)] NFA got event 0x010C
01-14 18:29:09.666  4135  5818 I libnfc_nci: [INFO:nfa_dm_main.cc(122)] event: NFA_DM_API_RAW_FRAME_EVT (0x0c)
01-14 18:29:09.666  4135  5818 I libnfc_nci: [INFO:nfa_dm_act.cc(1160)] nfa_dm_act_send_raw_frame
01-14 18:29:09.666  4135  5818 I libnfc_nci: [INFO:nfc_ncif.cc(152)] nfc_ncif_send_data :0, num_buff:1 qc:0
01-14 18:29:09.666  4135  5818 I libnfc_nci: [INFO:NfcAdaptation.cc(751)] NfcAdaptation::HalWrite
01-14 18:29:09.667  4525  4525 D NxpExtns: find found MIFARE_READER_ENABLE=(0x1)
01-14 18:29:09.667  4525  4525 D NfccPowerTracker: NfccPowerTracker::ProcessCmd: Enter,Recieved len :6
01-14 18:29:09.667  4525  5821 D NxpTml  : PN54X - Write requested.....
01-14 18:29:09.667  4525  5821 D NxpTml  : PN54X - Invoking I2C Write.....
01-14 18:29:09.671  4525  5821 D NxpNciX : len =   6 > 000003400101
01-14 18:29:09.671  4525  5821 D NxpTml  : PN54X - I2C Write successful.....
01-14 18:29:09.671  4525  5821 D NxpTml  : PN54X - Posting Fresh Write message.....
01-14 18:29:09.672  4525  5823 D NxpHal  : write successful status = 0x0
01-14 18:29:09.672  4525  5821 D NxpTml  : PN54X - Tml Writer Thread Running................
01-14 18:29:09.676  4525  5820 D NxpTml  : PN54X - I2C Read successful.....
01-14 18:29:09.688     0     0 E nq-nci 6-0028: nfc_read : reading 3 bytes.
01-14 18:29:09.689     0     0 E nq-nci 6-0028: nfc_read : reading 2 bytes.
01-14 18:29:09.676  4525  5820 D NxpNciR : len =   6 > 600603010001
01-14 18:29:09.700     0     0 E nq-nci 6-0028: nfc_read : reading 3 bytes.
01-14 18:29:09.676  4525  5820 D NxpTml  : PN54X - Posting read message.....
01-14 18:29:09.676  4525  5823 D NxpHal  : read successful status = 0x0
01-14 18:29:09.676  4525  5823 D NfccPowerTracker: NfccPowerTracker::ProcessNtf: Enter
01-14 18:29:09.677  4135  5818 I libnfc_nci: [INFO:nfc_ncif.cc(440)] NFC received ntf gid:0
01-14 18:29:09.677  4135  5818 I libnfc_nci: [INFO:nci_hrcv.cc(127)] nci_proc_core_ntf opcode:0x6
01-14 18:29:09.677  4135  5818 I libnfc_nci: [INFO:nfc_ncif.cc(152)] nfc_ncif_send_data :0, num_buff:1 qc:0
01-14 18:29:09.677  4525  5820 D NxpTml  : PN54X - Read requested.....
01-14 18:29:09.677  4525  5820 D NxpTml  : PN54X - Invoking I2C Read.....
01-14 18:29:09.684  4525  5820 D NxpTml  : PN54X - I2C Read successful.....
01-14 18:29:09.684  4525  5820 D NxpNciR : len =   5 > 0000024000
01-14 18:29:09.684  4525  5820 D NxpTml  : PN54X - Posting read message.....
01-14 18:29:09.684  4525  5823 D NxpHal  : read successful status = 0x0
01-14 18:29:09.685  4135  5818 I libnfc_nci: [INFO:nfc_ncif.cc(393)] NFC received data
01-14 18:29:09.685  4135  5818 I libnfc_nci: [INFO:nfc_ncif.cc(1652)] nfc_ncif_proc_data 0x000002
01-14 18:29:09.685  4135  5818 I libnfc_nci: [INFO:nfc_ncif.cc(1657)] nfc_ncif_proc_data len:2
01-14 18:29:09.685  4135  5818 I libnfc_nci: [INFO:rw_mfc.cc(640)] rw_mfc_conn_cback conn_id=0, evt=0x6003
01-14 18:29:09.685  4135  5818 I libnfc_nci: [INFO:nfa_rw_act.cc(1496)] nfa_rw_cback: event=0xc7
01-14 18:29:09.685  4135  5818 I libnfc_nci: [INFO:nfa_rw_act.cc(1408)] nfa_rw_handle_mfc_evt() event = 0xC7
01-14 18:29:09.685  4135  5818 I libnfc_nci: [INFO:nfa_rw_act.cc(119)] nfa_rw_send_data_to_upper: Len [0x2] Status [OK]
01-14 18:29:09.685  4135  5818 I libnfc_nci: [INFO:nfa_dm_act.cc(1378)] event:0x9
01-14 18:29:09.686  4135  5818 I libnfc_nci: [INFO:NativeNfcManager.cpp(276)] nfaConnectionCallback: event= 9
01-14 18:29:09.686  4135  5818 I libnfc_nci: [INFO:NativeNfcManager.cpp(516)] nfaConnectionCallback: NFA_DATA_EVT: status = 0x0, len = 2
01-14 18:29:09.686  4135  5818 I libnfc_nci: [INFO:NativeNfcTag.cpp(870)] nativeNfcTag_doTransceiveStatus: data len=2
01-14 18:29:09.686  4135  5818 I libnfc_nci: [INFO:phNxpExtns_MifareStd.cpp(1307)] Mfc_RecvPacket Mfc Check Presence in progress
01-14 18:29:09.687  4525  5820 D NxpTml  : PN54X - Read requested.....
01-14 18:29:09.689  4525  5820 D NxpTml  : PN54X - Invoking I2C Read.....
01-14 18:29:09.812  4135  6357 I libnfc_nci: [INFO:NativeNfcTag.cpp(1334)] nativeNfcTag_doPresenceCheck
01-14 18:29:09.813  4135  6357 I libnfc_nci: [INFO:nfa_dm_api.cc(936)] data_len:3
01-14 18:29:09.813  4135  6357 I libnfc_nci: [INFO:phNxpExtns_MifareStd.cpp(709)] Mfc_PresenceCheck status = 0x0
01-14 18:29:09.813  4135  5818 I libnfc_nci: [INFO:nfa_sys_main.cc(77)] NFA got event 0x010C
01-14 18:29:09.814  4135  5818 I libnfc_nci: [INFO:nfa_dm_main.cc(122)] event: NFA_DM_API_RAW_FRAME_EVT (0x0c)
01-14 18:29:09.814  4135  5818 I libnfc_nci: [INFO:nfa_dm_act.cc(1160)] nfa_dm_act_send_raw_frame
01-14 18:29:09.814  4135  5818 I libnfc_nci: [INFO:nfc_ncif.cc(152)] nfc_ncif_send_data :0, num_buff:1 qc:0
01-14 18:29:09.814  4135  5818 I libnfc_nci: [INFO:NfcAdaptation.cc(751)] NfcAdaptation::HalWrite
01-14 18:29:09.816  4525  4525 D NxpExtns: find found MIFARE_READER_ENABLE=(0x1)
01-14 18:29:09.816  4525  4525 D NfccPowerTracker: NfccPowerTracker::ProcessCmd: Enter,Recieved len :6
01-14 18:29:09.816  4525  5821 D NxpTml  : PN54X - Write requested.....
01-14 18:29:09.816  4525  5821 D NxpTml  : PN54X - Invoking I2C Write.....
01-14 18:29:09.819  4525  5821 D NxpNciX : len =   6 > 000003400101
01-14 18:29:09.819  4525  5821 D NxpTml  : PN54X - I2C Write successful.....
01-14 18:29:09.819  4525  5821 D NxpTml  : PN54X - Posting Fresh Write message.....
01-14 18:29:09.819  4525  5821 D NxpTml  : PN54X - Tml Writer Thread Running................
01-14 18:29:09.819  4525  5823 D NxpHal  : write successful status = 0x0
01-14 18:29:09.820  4525  5820 D NxpTml  : PN54X - I2C Read successful.....
01-14 18:29:09.820  4525  5820 D NxpNciR : len =   6 > 600603010001
01-14 18:29:09.820  4525  5820 D NxpTml  : PN54X - Posting read message.....
01-14 18:29:09.820  4525  5823 D NxpHal  : read successful status = 0x0
01-14 18:29:09.820  4525  5823 D NfccPowerTracker: NfccPowerTracker::ProcessNtf: Enter
01-14 18:29:09.822  4525  5820 D NxpTml  : PN54X - Read requested.....
01-14 18:29:09.822  4525  5820 D NxpTml  : PN54X - Invoking I2C Read.....
01-14 18:29:09.824  4135  5818 I libnfc_nci: [INFO:nfc_ncif.cc(440)] NFC received ntf gid:0
01-14 18:29:09.824  4135  5818 I libnfc_nci: [INFO:nci_hrcv.cc(127)] nci_proc_core_ntf opcode:0x6
01-14 18:29:09.824  4135  5818 I libnfc_nci: [INFO:nfc_ncif.cc(152)] nfc_ncif_send_data :0, num_buff:1 qc:0
01-14 18:29:09.830  4525  5820 D NxpTml  : PN54X - I2C Read successful.....
01-14 18:29:09.830  4525  5820 D NxpNciR : len =   5 > 0000024000
01-14 18:29:09.830  4525  5820 D NxpTml  : PN54X - Posting read message.....
01-14 18:29:09.830  4525  5823 D NxpHal  : read successful status = 0x0
01-14 18:29:09.831  4135  5818 I libnfc_nci: [INFO:nfc_ncif.cc(393)] NFC received data
01-14 18:29:09.831  4135  5818 I libnfc_nci: [INFO:nfc_ncif.cc(1652)] nfc_ncif_proc_data 0x000002
01-14 18:29:09.832  4135  5818 I libnfc_nci: [INFO:nfc_ncif.cc(1657)] nfc_ncif_proc_data len:2
01-14 18:29:09.831  4525  5820 D NxpTml  : PN54X - Read requested.....
01-14 18:29:09.833     0     0 E nq-nci 6-0028: nfc_read : reading 3 bytes.
01-14 18:29:09.839     0     0 E nq-nci 6-0028: nfc_read : reading 2 bytes.
01-14 18:29:09.842     0     0 E nq-nci 6-0028: nfc_read : reading 3 bytes.
01-14 18:29:09.832  4525  5820 D NxpTml  : PN54X - Invoking I2C Read.....
01-14 18:29:09.832  4135  5818 I libnfc_nci: [INFO:rw_mfc.cc(640)] rw_mfc_conn_cback conn_id=0, evt=0x6003
01-14 18:29:09.832  4135  5818 I libnfc_nci: [INFO:nfa_rw_act.cc(1496)] nfa_rw_cback: event=0xc7
01-14 18:29:09.832  4135  5818 I libnfc_nci: [INFO:nfa_rw_act.cc(1408)] nfa_rw_handle_mfc_evt() event = 0xC7
01-14 18:29:09.832  4135  5818 I libnfc_nci: [INFO:nfa_rw_act.cc(119)] nfa_rw_send_data_to_upper: Len [0x2] Status [OK]
01-14 18:29:09.832  4135  5818 I libnfc_nci: [INFO:nfa_dm_act.cc(1378)] event:0x9
01-14 18:29:09.832  4135  5818 I libnfc_nci: [INFO:NativeNfcManager.cpp(276)] nfaConnectionCallback: event= 9
01-14 18:29:09.832  4135  5818 I libnfc_nci: [INFO:NativeNfcManager.cpp(516)] nfaConnectionCallback: NFA_DATA_EVT: status = 0x0, len = 2
01-14 18:29:09.832  4135  5818 I libnfc_nci: [INFO:NativeNfcTag.cpp(870)] nativeNfcTag_doTransceiveStatus: data len=2
01-14 18:29:09.832  4135  5818 I libnfc_nci: [INFO:phNxpExtns_MifareStd.cpp(1307)] Mfc_RecvPacket Mfc Check Presence in progress
01-14 18:29:09.958  4135  6357 I libnfc_nci: [INFO:NativeNfcTag.cpp(1334)] nativeNfcTag_doPresenceCheck
01-14 18:29:09.958  4135  6357 I libnfc_nci: [INFO:nfa_dm_api.cc(936)] data_len:3
01-14 18:29:09.959  4135  6357 I libnfc_nci: [INFO:phNxpExtns_MifareStd.cpp(709)] Mfc_PresenceCheck status = 0x0
01-14 18:29:09.959  4135  5818 I libnfc_nci: [INFO:nfa_sys_main.cc(77)] NFA got event 0x010C
01-14 18:29:09.959  4135  5818 I libnfc_nci: [INFO:nfa_dm_main.cc(122)] event: NFA_DM_API_RAW_FRAME_EVT (0x0c)
01-14 18:29:09.960  4135  5818 I libnfc_nci: [INFO:nfa_dm_act.cc(1160)] nfa_dm_act_send_raw_frame
01-14 18:29:09.960  4135  5818 I libnfc_nci: [INFO:nfc_ncif.cc(152)] nfc_ncif_send_data :0, num_buff:1 qc:0
01-14 18:29:09.960  4135  5818 I libnfc_nci: [INFO:NfcAdaptation.cc(751)] NfcAdaptation::HalWrite
01-14 18:29:09.961  4525  4525 D NxpExtns: find found MIFARE_READER_ENABLE=(0x1)
01-14 18:29:09.961  4525  4525 D NfccPowerTracker: NfccPowerTracker::ProcessCmd: Enter,Recieved len :6
01-14 18:29:09.962  4525  5821 D NxpTml  : PN54X - Write requested.....
01-14 18:29:09.962  4525  5821 D NxpTml  : PN54X - Invoking I2C Write.....
01-14 18:29:09.965  4525  5821 D NxpNciX : len =   6 > 000003400101
01-14 18:29:09.965  4525  5821 D NxpTml  : PN54X - I2C Write successful.....
01-14 18:29:09.965  4525  5821 D NxpTml  : PN54X - Posting Fresh Write message.....
01-14 18:29:09.985     0     0 E nq-nci 6-0028: nfc_read : reading 3 bytes.
01-14 18:29:09.986     0     0 E nq-nci 6-0028: nfc_read : reading 2 bytes.
01-14 18:29:09.966  4525  5821 D NxpTml  : PN54X - Tml Writer Thread Running................
01-14 18:29:09.993     0     0 E nq-nci 6-0028: nfc_read : reading 3 bytes.
01-14 18:29:09.966  4525  5823 D NxpHal  : write successful status = 0x0
01-14 18:29:09.971  4525  5820 D NxpTml  : PN54X - I2C Read successful.....
01-14 18:29:09.971  4525  5820 D NxpNciR : len =   6 > 600603010001
01-14 18:29:09.971  4525  5820 D NxpTml  : PN54X - Posting read message.....
01-14 18:29:09.972  4525  5823 D NxpHal  : read successful status = 0x0
01-14 18:29:09.972  4525  5823 D NfccPowerTracker: NfccPowerTracker::ProcessNtf: Enter
01-14 18:29:09.974  4525  5820 D NxpTml  : PN54X - Read requested.....
01-14 18:29:09.974  4525  5820 D NxpTml  : PN54X - Invoking I2C Read.....
01-14 18:29:09.975  4135  5818 I libnfc_nci: [INFO:nfc_ncif.cc(440)] NFC received ntf gid:0
01-14 18:29:09.976  4135  5818 I libnfc_nci: [INFO:nci_hrcv.cc(127)] nci_proc_core_ntf opcode:0x6
01-14 18:29:09.976  4135  5818 I libnfc_nci: [INFO:nfc_ncif.cc(152)] nfc_ncif_send_data :0, num_buff:1 qc:0
01-14 18:29:09.980  4525  5820 D NxpTml  : PN54X - I2C Read successful.....
01-14 18:29:09.980  4525  5820 D NxpNciR : len =   5 > 0000024003
01-14 18:29:09.980  4525  5820 D NxpTml  : PN54X - Posting read message.....
01-14 18:29:09.980  4525  5823 D NxpHal  : read successful status = 0x0
01-14 18:29:09.981  4135  5818 I libnfc_nci: [INFO:nfc_ncif.cc(393)] NFC received data
01-14 18:29:09.981  4135  5818 I libnfc_nci: [INFO:nfc_ncif.cc(1652)] nfc_ncif_proc_data 0x000002
01-14 18:29:09.981  4135  5818 I libnfc_nci: [INFO:nfc_ncif.cc(1657)] nfc_ncif_proc_data len:2
01-14 18:29:09.982  4135  5818 I libnfc_nci: [INFO:rw_mfc.cc(640)] rw_mfc_conn_cback conn_id=0, evt=0x6003
01-14 18:29:09.982  4135  5818 I libnfc_nci: [INFO:nfa_rw_act.cc(1496)] nfa_rw_cback: event=0xc7
01-14 18:29:09.982  4135  5818 I libnfc_nci: [INFO:nfa_rw_act.cc(1408)] nfa_rw_handle_mfc_evt() event = 0xC7
01-14 18:29:09.982  4525  5820 D NxpTml  : PN54X - Read requested.....
01-14 18:29:09.982  4135  5818 I libnfc_nci: [INFO:nfa_rw_act.cc(119)] nfa_rw_send_data_to_upper: Len [0x2] Status [OK]
01-14 18:29:09.982  4525  5820 D NxpTml  : PN54X - Invoking I2C Read.....
01-14 18:29:09.982  4135  5818 I libnfc_nci: [INFO:nfa_dm_act.cc(1378)] event:0x9
01-14 18:29:09.982  4135  5818 I libnfc_nci: [INFO:NativeNfcManager.cpp(276)] nfaConnectionCallback: event= 9
01-14 18:29:09.982  4135  5818 I libnfc_nci: [INFO:NativeNfcManager.cpp(516)] nfaConnectionCallback: NFA_DATA_EVT: status = 0x0, len = 2
01-14 18:29:10.000     0     0 E nq-nci 6-0028: nfc_read : reading 1 bytes.
01-14 18:29:10.003     0     0 E nq-nci 6-0028: nfc_read : reading 3 bytes.
01-14 18:29:10.005     0     0 E nq-nci 6-0028: nfc_read : reading 2 bytes.
01-14 18:29:09.982  4135  5818 I libnfc_nci: [INFO:NativeNfcTag.cpp(870)] nativeNfcTag_doTransceiveStatus: data len=2
01-14 18:29:09.983  4135  5818 I libnfc_nci: [INFO:phNxpExtns_MifareStd.cpp(1307)] Mfc_RecvPacket Mfc Check Presence in progress
01-14 18:29:09.984  4135  6357 D NativeNfcTag: Tag lost, restarting polling loop
01-14 18:29:09.984  4135  6357 I libnfc_nci: [INFO:NativeNfcTag.cpp(835)] nativeNfcTag_doDisconnect: enter
01-14 18:29:09.984  4135  6357 I libnfc_nci: [INFO:nfa_dm_api.cc(895)] sleep_mode:0
01-14 18:29:09.984  4135  6357 I libnfc_nci: [INFO:NativeNfcTag.cpp(851)] nativeNfcTag_doDisconnect: exit
01-14 18:29:09.984  4135  5818 I libnfc_nci: [INFO:nfa_sys_main.cc(77)] NFA got event 0x0113
01-14 18:29:09.984  4135  5818 I libnfc_nci: [INFO:nfa_dm_main.cc(122)] event: NFA_DM_API_DEACTIVATE_EVT (0x13)
01-14 18:29:09.985  4135  5818 I libnfc_nci: [INFO:nfa_dm_act.cc(755)] nfa_dm_act_deactivate
01-14 18:29:09.985  4135  5818 I libnfc_nci: [INFO:nfa_dm_discover.cc(2752)] deactivate_type:0x3
01-14 18:29:09.985  4135  5818 I libnfc_nci: [INFO:nfa_dm_discover.cc(2518)] state: POLL_ACTIVE (4), event: DEACTIVATE_CMD(6) disc_flags: 0x1
01-14 18:29:09.985  4135  5818 I libnfc_nci: [INFO:nfc_main.cc(1127)] NFC_Deactivate 5 (OPEN) deactivate_type:3
01-14 18:29:09.985  4135  5818 I libnfc_nci: [INFO:nfc_main.cc(326)] nfc_set_state 5 (OPEN)->6 (CLOSING)
01-14 18:29:09.985  4135  5818 I libnfc_nci: [INFO:nfc_main.cc(1145)] act_protocol 128 credits:1/1
01-14 18:29:09.985  4135  5818 I libnfc_nci: [INFO:NfcAdaptation.cc(751)] NfcAdaptation::HalWrite
01-14 18:29:09.986  4135  6357 D NfcService: Discovery configuration equal, not updating.
01-14 18:29:09.986  4525  4525 D NxpExtns: find found MIFARE_READER_ENABLE=(0x1)
01-14 18:29:09.986  4135  6357 D NativeNfcTag: Stopping background presence check
01-14 18:29:09.986  4525  4525 D NfccPowerTracker: NfccPowerTracker::ProcessCmd: Enter,Recieved len :4
01-14 18:29:09.986  4525  5821 D NxpTml  : PN54X - Write requested.....
01-14 18:29:09.987  4525  5821 D NxpTml  : PN54X - Invoking I2C Write.....
01-14 18:29:09.989  4525  5821 D NxpNciX : len =   4 > 21060103
01-14 18:29:09.990  4525  5821 D NxpTml  : PN54X - I2C Write successful.....
01-14 18:29:09.990  4525  5821 D NxpTml  : PN54X - Posting Fresh Write message.....
01-14 18:29:09.990  4525  5821 D NxpTml  : PN54X - Tml Writer Thread Running................
01-14 18:29:09.990  4525  5823 D NxpHal  : write successful status = 0x0
01-14 18:29:09.990  4525  5820 D NxpTml  : PN54X - I2C Read successful.....
01-14 18:29:09.990  4525  5820 D NxpNciR : len =   4 > 41060100
01-14 18:29:09.990  4525  5820 D NxpTml  : PN54X - Posting read message.....
01-14 18:29:09.990  4525  5823 D NxpHal  : read successful status = 0x0
01-14 18:29:09.991  4135  5818 I libnfc_nci: [INFO:nfa_sys_ptim.cc(128)] nfa_sys_ptim_start_timer 0x768e6b14e0
01-14 18:29:09.991  4135  5818 I libnfc_nci: [INFO:nfa_sys_ptim.cc(133)] ptim timer start
01-14 18:29:09.991  4135  5818 I libnfc_nci: [INFO:nfa_dm_discover.cc(2571)] new state: POLL_ACTIVE (4), disc_flags: 0x61
01-14 18:29:09.991  4135  5818 I libnfc_nci: [INFO:nfa_sys_ptim.cc(156)] nfa_sys_ptim_stop_timer 0x768e6b24f8
01-14 18:29:09.992  4135  5818 I libnfc_nci: [INFO:nfa_rw_act.cc(192)] Stopped presence check timer (if started)
01-14 18:29:09.992  4135  5818 I libnfc_nci: [INFO:nfc_ncif.cc(399)] NFC received rsp gid:1
01-14 18:29:09.992  4135  5818 I libnfc_nci: [INFO:nfa_dm_discover.cc(3030)] returning TRUE
01-14 18:29:09.992  4135  5818 I libnfc_nci: [INFO:nfc_main.cc(326)] nfc_set_state 6 (CLOSING)->4 (IDLE)
01-14 18:29:09.992  4135  5818 I libnfc_nci: [INFO:rw_mfc.cc(640)] rw_mfc_conn_cback conn_id=0, evt=0x6002
01-14 18:29:09.992  4135  5818 I libnfc_nci: [INFO:rw_mfc.cc(723)] rw_mfc_conn_cback RW_MFC_STATE_NOT_ACTIVATED
01-14 18:29:09.992  4135  5818 I libnfc_nci: [INFO:nfa_dm_discover.cc(694)] event:0x4005
01-14 18:29:09.992  4135  5818 I libnfc_nci: [INFO:nfa_dm_discover.cc(2518)] state: POLL_ACTIVE (4), event: DEACTIVATE_RSP(7) disc_flags: 0x61
01-14 18:29:09.992  4135  5818 I libnfc_nci: [INFO:nfa_dm_discover.cc(2571)] new state: POLL_ACTIVE (4), disc_flags: 0x41
01-14 18:29:09.992  4525  5820 D NxpTml  : PN54X - Read requested.....
01-14 18:29:09.992  4525  5820 D NxpTml  : PN54X - Invoking I2C Read.....
01-14 18:29:10.003  4525  5820 D NxpTml  : PN54X - I2C Read successful.....
01-14 18:29:10.003  4525  5820 D NxpNciR : len =   5 > 6106020300
01-14 18:29:10.003  4525  5820 D NxpTml  : PN54X - Posting read message.....
01-14 18:29:10.004  4525  5823 D NxpHal  : read successful status = 0x0
01-14 18:29:10.004  4525  5823 D NfccPowerTracker: NfccPowerTracker::ProcessNtf: Enter
01-14 18:29:10.004  4525  5823 D NfccPowerTracker: mActiveDurationFromLastScreenUpdate: 2471
01-14 18:29:10.005  4135  5818 I libnfc_nci: [INFO:nfc_ncif.cc(440)] NFC received ntf gid:1
01-14 18:29:10.005  4135  5818 I libnfc_nci: [INFO:nfa_dm_discover.cc(3030)] returning TRUE
01-14 18:29:10.019     0     0 E nq-nci 6-0028: nfc_read : reading 3 bytes.
01-14 18:29:10.006  4135  5818 I libnfc_nci: [INFO:nfc_main.cc(326)] nfc_set_state 4 (IDLE)->4 (IDLE)
01-14 18:29:10.006  4135  5818 I libnfc_nci: [INFO:nfa_dm_discover.cc(1662)] nfa_dm_disc_data_cback
01-14 18:29:10.006  4135  5818 I libnfc_nci: [INFO:nfa_dm_discover.cc(694)] event:0x4005
01-14 18:29:10.006  4135  5818 I libnfc_nci: [INFO:nfa_dm_discover.cc(2518)] state: POLL_ACTIVE (4), event: DEACTIVATE_NTF(8) disc_flags: 0x41
01-14 18:29:10.006  4135  5818 I libnfc_nci: [INFO:nfa_sys_ptim.cc(156)] nfa_sys_ptim_stop_timer 0x768e6b14e0
01-14 18:29:10.006  4135  5818 I libnfc_nci: [INFO:nfa_sys_ptim.cc(163)] ptim timer stop
01-14 18:29:10.006  4135  5818 I libnfc_nci: [INFO:nfa_dm_discover.cc(1361)] activated_handle=1
01-14 18:29:10.006  4135  5818 I libnfc_nci: [INFO:nfa_dm_act.cc(1557)] event:0x02
01-14 18:29:10.006  4135  5818 I libnfc_nci: [INFO:nfa_rw_main.cc(179)] nfa_rw_handle_event event: NFA_RW_DEACTIVATE_NTF_EVT (0x502), flags: 00000021
01-14 18:29:10.006  4135  5818 I libnfc_nci: [INFO:nfa_sys_ptim.cc(156)] nfa_sys_ptim_stop_timer 0x768e6b24f8
01-14 18:29:10.006  4135  5818 I libnfc_nci: [INFO:nfa_sys_ptim.cc(163)] ptim timer stop
01-14 18:29:10.006  4135  5818 I libnfc_nci: [INFO:nfa_rw_act.cc(192)] Stopped presence check timer (if started)
01-14 18:29:10.006  4135  5818 I libnfc_nci: [INFO:NativeNfcManager.cpp(276)] nfaConnectionCallback: event= 6
01-14 18:29:10.006  4135  5818 I libnfc_nci: [INFO:NativeNfcManager.cpp(429)] nfaConnectionCallback: NFA_DEACTIVATED_EVT   Type: 0, gIsTagDeactivating: 0
01-14 18:29:10.006  4135  5818 I libnfc_nci: [INFO:NfcTag.cpp(148)] NfcTag::setDeactivationState: state=0
01-14 18:29:10.006  4135  5818 I libnfc_nci: [INFO:NfcTag.cpp(1077)] NfcTag::resetTechnologies
01-14 18:29:10.006  4135  5818 I libnfc_nci: [INFO:NativeNfcTag.cpp(155)] nativeNfcTag_abortWaits
01-14 18:29:10.006  4135  5818 I libnfc_nci: [INFO:nfa_dm_discover.cc(1685)] old_state: POLL_ACTIVE (4), new_state: DISCOVERY (1) disc_flags: 0x1
01-14 18:29:10.008  4525  5820 D NxpTml  : PN54X - Read requested.....
01-14 18:29:10.008  4525  5820 D NxpTml  : PN54X - Invoking I2C Read.....
01-14 18:29:10.008  4135  5818 I libnfc_nci: [INFO:nfa_dm_discover.cc(2571)] new state: DISCOVERY (1), disc_flags: 0x1
01-14 18:29:11.128  1880  1880 W NotificationService: Object died trying to hide notification android.app.ITransientNotification$Stub$Proxy@7e3e964 in package com.w
akdev.nfctools.pro
