01-14 00:18:30.827  3247  3425 I libnfc_nci: [INFO:nfa_ee_main.cc(641)] Event CFG_TO_NFCC(0x21b), State: INIT_DONE(1)
01-14 00:18:30.827  3247  3425 I libnfc_nci: [INFO:nfa_ee_act.cc(2786)] last_active: 0x1
01-14 00:18:30.827  3247  3425 I libnfc_nci: [INFO:nfa_ee_act.cc(2807)] nfa_ee_lmrt_to_nfcc --add the routing for NFCEEs!!
01-14 00:18:30.827  3247  3425 I libnfc_nci: [INFO:nfa_ee_act.cc(2560)] nfa_ee_route_add_one_ecb_by_route_order - max_len:720, cur_offset:0, more:1, num_tlv:0,rout_
type:- 1
01-14 00:18:30.827  3247  3425 I libnfc_nci: [INFO:nfa_ee_act.cc(463)] nfa_ee_add_aid_route_to_ecb - No AID entries available
01-14 00:18:30.827  3247  3425 I libnfc_nci: [INFO:nfa_ee_act.cc(304)] nfa_ee_total_lmrt_size size:25
01-14 00:18:30.827  3247  3425 I libnfc_nci: [INFO:nfa_ee_act.cc(2606)] ee_cfg_sts:0x10 lmrt_size:25
01-14 00:18:30.828  3247  3425 I libnfc_nci: [INFO:nfa_ee_act.cc(2815)] nfa_ee_lmrt_to_nfcc --add the routing for DH!!
01-14 00:18:30.828  3247  3425 I libnfc_nci: [INFO:nfa_ee_act.cc(2560)] nfa_ee_route_add_one_ecb_by_route_order - max_len:720, cur_offset:0, more:1, num_tlv:0,rout_
type:- 1
01-14 00:18:30.828  3247  3425 I libnfc_nci: [INFO:nfa_ee_act.cc(463)] nfa_ee_add_aid_route_to_ecb - No AID entries available
01-14 00:18:30.828  3247  3425 I libnfc_nci: [INFO:nfa_ee_act.cc(304)] nfa_ee_total_lmrt_size size:25
01-14 00:18:30.828  3247  3425 I libnfc_nci: [INFO:nfa_ee_act.cc(2606)] ee_cfg_sts:0x11 lmrt_size:25
01-14 00:18:30.828  3247  3425 I libnfc_nci: [INFO:nfa_ee_act.cc(2807)] nfa_ee_lmrt_to_nfcc --add the routing for NFCEEs!!
01-14 00:18:30.828  3247  3425 I libnfc_nci: [INFO:nfa_ee_act.cc(2560)] nfa_ee_route_add_one_ecb_by_route_order - max_len:720, cur_offset:0, more:1, num_tlv:0,rout_
type:- 2
01-14 00:18:30.828  3247  3425 I libnfc_nci: [INFO:nfa_ee_act.cc(2591)] nfa_ee_route_add_one_ecb_by_route_order -  Route type - NA:- 2
01-14 00:18:30.867     0     0 E nq-nci 6-0028: nfc_read : reading 3 bytes.
01-14 00:18:30.828  3247  3425 I libnfc_nci: [INFO:nfa_ee_act.cc(304)] nfa_ee_total_lmrt_size size:25
01-14 00:18:30.828  3247  3425 I libnfc_nci: [INFO:nfa_ee_act.cc(2606)] ee_cfg_sts:0x11 lmrt_size:25
01-14 00:18:30.828  3247  3425 I libnfc_nci: [INFO:nfa_ee_act.cc(2815)] nfa_ee_lmrt_to_nfcc --add the routing for DH!!
01-14 00:18:30.828  3247  3425 I libnfc_nci: [INFO:nfa_ee_act.cc(2560)] nfa_ee_route_add_one_ecb_by_route_order - max_len:720, cur_offset:0, more:1, num_tlv:0,rout_
type:- 2
01-14 00:18:30.828  3247  3425 I libnfc_nci: [INFO:nfa_ee_act.cc(2591)] nfa_ee_route_add_one_ecb_by_route_order -  Route type - NA:- 2
01-14 00:18:30.828  3247  3425 I libnfc_nci: [INFO:nfa_ee_act.cc(304)] nfa_ee_total_lmrt_size size:25
01-14 00:18:30.828  3247  3425 I libnfc_nci: [INFO:nfa_ee_act.cc(2606)] ee_cfg_sts:0x11 lmrt_size:25
01-14 00:18:30.828  3247  3425 I libnfc_nci: [INFO:nfa_ee_act.cc(2807)] nfa_ee_lmrt_to_nfcc --add the routing for NFCEEs!!
01-14 00:18:30.828  3247  3425 I libnfc_nci: [INFO:nfa_ee_act.cc(2560)] nfa_ee_route_add_one_ecb_by_route_order - max_len:720, cur_offset:0, more:1, num_tlv:0,rout_
type:- 3
01-14 00:18:30.828  3247  3425 I libnfc_nci: [INFO:nfa_ee_act.cc(516)] nfa_ee_add_sys_code_route_to_ecb - No SC entries available
01-14 00:18:30.828  3247  3425 I libnfc_nci: [INFO:nfa_ee_act.cc(304)] nfa_ee_total_lmrt_size size:25
01-14 00:18:30.828  3247  3425 I libnfc_nci: [INFO:nfa_ee_act.cc(2606)] ee_cfg_sts:0x11 lmrt_size:25
01-14 00:18:30.828  3247  3425 I libnfc_nci: [INFO:nfa_ee_act.cc(2815)] nfa_ee_lmrt_to_nfcc --add the routing for DH!!
01-14 00:18:30.828  3247  3425 I libnfc_nci: [INFO:nfa_ee_act.cc(2560)] nfa_ee_route_add_one_ecb_by_route_order - max_len:720, cur_offset:0, more:1, num_tlv:0,rout_
type:- 3
01-14 00:18:30.828  3247  3425 I libnfc_nci: [INFO:nfa_ee_act.cc(516)] nfa_ee_add_sys_code_route_to_ecb - No SC entries available
01-14 00:18:30.828  3247  3425 I libnfc_nci: [INFO:nfa_ee_act.cc(304)] nfa_ee_total_lmrt_size size:25
01-14 00:18:30.828  3247  3425 I libnfc_nci: [INFO:nfa_ee_act.cc(2606)] ee_cfg_sts:0x11 lmrt_size:25
01-14 00:18:30.828  3247  3425 I libnfc_nci: [INFO:nfa_ee_act.cc(2807)] nfa_ee_lmrt_to_nfcc --add the routing for NFCEEs!!
01-14 00:18:30.828  3247  3425 I libnfc_nci: [INFO:nfa_ee_act.cc(2560)] nfa_ee_route_add_one_ecb_by_route_order - max_len:720, cur_offset:0, more:1, num_tlv:0,rout_
type:- 4
01-14 00:18:30.829  3247  3425 I libnfc_nci: [INFO:nfa_ee_act.cc(304)] nfa_ee_total_lmrt_size size:25
01-14 00:18:30.829  3247  3425 I libnfc_nci: [INFO:nfa_ee_act.cc(2606)] ee_cfg_sts:0x11 lmrt_size:25
01-14 00:18:30.829  3247  3425 I libnfc_nci: [INFO:nfa_ee_act.cc(2815)] nfa_ee_lmrt_to_nfcc --add the routing for DH!!
01-14 00:18:30.829  3247  3425 I libnfc_nci: [INFO:nfa_ee_act.cc(2560)] nfa_ee_route_add_one_ecb_by_route_order - max_len:720, cur_offset:0, more:1, num_tlv:0,rout_
type:- 4
01-14 00:18:30.829  3247  3425 I libnfc_nci: [INFO:nfa_ee_act.cc(388)] nfa_ee_add_proto_route_to_ecb - NFC DEP added for DH!!!
01-14 00:18:30.829  3247  3425 I libnfc_nci: [INFO:nfa_ee_act.cc(304)] nfa_ee_total_lmrt_size size:25
01-14 00:18:30.829  3247  3425 I libnfc_nci: [INFO:nfa_ee_act.cc(2606)] ee_cfg_sts:0x11 lmrt_size:25
01-14 00:18:30.829  3247  3425 I libnfc_nci: [INFO:nfa_ee_act.cc(2807)] nfa_ee_lmrt_to_nfcc --add the routing for NFCEEs!!
01-14 00:18:30.829  3247  3425 I libnfc_nci: [INFO:nfa_ee_act.cc(2560)] nfa_ee_route_add_one_ecb_by_route_order - max_len:720, cur_offset:15, more:1, num_tlv:3,rout
_type:- 5
01-14 00:18:30.829  3247  3425 I libnfc_nci: [INFO:nfa_ee_act.cc(304)] nfa_ee_total_lmrt_size size:25
01-14 00:18:30.829  3247  3425 I libnfc_nci: [INFO:nfa_ee_act.cc(2606)] ee_cfg_sts:0x11 lmrt_size:25
01-14 00:18:30.829  3247  3425 I libnfc_nci: [INFO:nfa_ee_act.cc(2815)] nfa_ee_lmrt_to_nfcc --add the routing for DH!!
01-14 00:18:30.829  3247  3425 I libnfc_nci: [INFO:nfa_ee_act.cc(2560)] nfa_ee_route_add_one_ecb_by_route_order - max_len:720, cur_offset:15, more:0, num_tlv:3,rout
_type:- 5
01-14 00:18:30.829  3247  3425 I libnfc_nci: [INFO:nfa_ee_act.cc(304)] nfa_ee_total_lmrt_size size:25
01-14 00:18:30.829  3247  3425 I libnfc_nci: [INFO:nfa_ee_act.cc(2606)] ee_cfg_sts:0x11 lmrt_size:25
01-14 00:18:30.829  3247  3425 I libnfc_nci: [INFO:nfa_ee_act.cc(2617)] nfa_ee_route_add_one_ecb_by_route_order : set routing num_tlv:5 tlv_size:25
01-14 00:18:30.829  3247  3425 I libnfc_nci: [INFO:NfcAdaptation.cc(751)] NfcAdaptation::HalWrite
01-14 00:18:30.829   764   764 D NxpExtns: find found MIFARE_READER_ENABLE=(0x1)
01-14 00:18:30.829   764   764 D NfccPowerTracker: NfccPowerTracker::ProcessCmd: Enter,Recieved len :30
01-14 00:18:30.830   764  3436 D NxpTml  : PN54X - Write requested.....
01-14 00:18:30.830   764  3436 D NxpTml  : PN54X - Invoking I2C Write.....
01-14 00:18:30.832   764  3435 D NxpTml  : PN54X - I2C Read successful.....
01-14 00:18:30.832   764  3435 D NxpTml  : Delay Read if write thread is busy
01-14 00:18:30.833   764  3436 D NxpNciX : len =  30 > 21011B000501030001030103000104010300010500030001000003000102
01-14 00:18:30.833   764  3436 D NxpTml  : PN54X - I2C Write successful.....
01-14 00:18:30.833   764  3436 D NxpTml  : PN54X - Posting Fresh Write message.....
01-14 00:18:30.833   764  3436 D NxpTml  : PN54X - Tml Writer Thread Running................
01-14 00:18:30.833   764  3438 D NxpHal  : write successful status = 0x0
01-14 00:18:30.835   764  3435 D NxpNciR : len =   4 > 41010100
01-14 00:18:30.835   764  3435 D NxpTml  : PN54X - Posting read message.....
01-14 00:18:30.835   764  3438 D NxpHal  : read successful status = 0x0
01-14 00:18:30.836   764  3435 D NxpTml  : PN54X - Read requested.....
01-14 00:18:30.836   764  3435 D NxpTml  : PN54X - Invoking I2C Read.....
01-14 00:18:30.886     0     0 E nq-nci 6-0028: nfc_read : reading 2 bytes.
01-14 00:18:30.838  3247  3425 I libnfc_nci: [INFO:nfa_ee_act.cc(2862)] nfa_ee_update_rout ee_cfg_sts:0x10 ee_cfged:0x10
01-14 00:18:30.842  3247  3425 I libnfc_nci: [INFO:nfc_ncif.cc(399)] NFC received rsp gid:1
01-14 00:18:30.842  3247  3425 I libnfc_nci: [INFO:nfa_dm_act.cc(268)] NFC_SET_ROUTING_REVT(0x500a)
01-14 00:18:30.842  3247  3425 I libnfc_nci: [INFO:nfa_ee_main.cc(359)] nfa_ee_proc_evt: event=0x500a int_event:0x218
01-14 00:18:30.842  3247  3425 I libnfc_nci: [INFO:nfa_ee_main.cc(641)] Event NCI_WAIT_RSP(0x218), State: INIT_DONE(1)
01-14 00:18:30.843  3247  3425 I libnfc_nci: [INFO:nfa_ee_act.cc(2248)] ee_wait_evt:0x30 wait_rsp:1
01-14 00:18:30.843  3247  3425 I libnfc_nci: [INFO:nfa_ee_act.cc(2221)] nfa_ee_report_update_evt ee_wait_evt:0x30 wait_rsp:0
01-14 00:18:30.843  3247  3425 I libnfc_nci: [INFO:RoutingManager.cpp(834)] RoutingManager::nfaEeCallback: NFA_EE_UPDATED_EVT
01-14 00:18:30.843  3247  3247 I libnfc_nci: [INFO:NativeNfcManager.cpp(2103)] startRfDiscovery: is start=1
01-14 00:18:30.843  3247  3247 I libnfc_nci: [INFO:NativeNfcTag.cpp(1801)] nativeNfcTag_acquireRfInterfaceMutexLock: try to acquire lock
01-14 00:18:30.844  3247  3247 I libnfc_nci: [INFO:NativeNfcTag.cpp(1804)] nativeNfcTag_acquireRfInterfaceMutexLock: sRfInterfaceMutex lock
01-14 00:18:30.844  3247  3247 I libnfc_nci: [INFO:nfa_dm_api.cc(691)] NFA_StartRfDiscovery
01-14 00:18:30.847  3247  3425 I libnfc_nci: [INFO:nfa_sys_main.cc(77)] NFA got event 0x010E
01-14 00:18:30.847  3247  3425 I libnfc_nci: [INFO:nfa_dm_main.cc(122)] event: NFA_DM_API_START_RF_DISCOVERY_EVT (0x0e)
01-14 00:18:30.847  3247  3425 I libnfc_nci: [INFO:nfa_dm_act.cc(1230)] nfa_dm_act_start_rf_discovery
01-14 00:18:30.847  3247  3425 I libnfc_nci: [INFO:nfa_dm_discover.cc(884)] nfa_dm_start_rf_discover
01-14 00:18:30.847  3247  3425 I libnfc_nci: [INFO:nfa_ee_act.cc(2484)] 1
01-14 00:18:30.847  3247  3425 I libnfc_nci: [INFO:nfa_ee_act.cc(2508)] 0x0, 0x0, 0x0, 0x0
01-14 00:18:30.847  3247  3425 I libnfc_nci: [INFO:nfa_dm_discover.cc(1012)] nfa_dm_cb.disc_cb.entry[0].selected_disc_mask = 0x40000
01-14 00:18:30.890     0     0 E nq-nci 6-0028: nfc_read : reading 3 bytes.
01-14 00:18:30.847  3247  3425 I libnfc_nci: [INFO:nfa_dm_discover.cc(1012)] nfa_dm_cb.disc_cb.entry[1].selected_disc_mask = 0x7d7f
01-14 00:18:30.847  3247  3425 I libnfc_nci: [INFO:nfa_dm_discover.cc(1012)] nfa_dm_cb.disc_cb.entry[2].selected_disc_mask = 0xc480000
01-14 00:18:30.847  3247  3425 I libnfc_nci: [INFO:nfa_p2p_main.cc(524)] nfa_p2p_set_config
01-14 00:18:30.847  3247  3425 I libnfc_nci: [INFO:llcp_api.cc(231)] LLCP_GetDiscoveryConfig
01-14 00:18:30.847  3247  3425 I libnfc_nci: [INFO:nfa_dm_main.cc(222)] nfa_dm_check_set_config
01-14 00:18:30.847  3247  3425 I libnfc_nci: [INFO:NfcAdaptation.cc(751)] NfcAdaptation::HalWrite
01-14 00:18:30.848   764   764 D NxpExtns: find found MIFARE_READER_ENABLE=(0x1)
01-14 00:18:30.848   764   764 D NfccPowerTracker: NfccPowerTracker::ProcessCmd: Enter,Recieved len :26
01-14 00:18:30.848   764  3436 D NxpTml  : PN54X - Write requested.....
01-14 00:18:30.848   764  3436 D NxpTml  : PN54X - Invoking I2C Write.....
01-14 00:18:30.850   764  3436 D NxpNciX : len =  26 > 20021701291446666D010112020207FF03020013040164070103
01-14 00:18:30.850   764  3436 D NxpTml  : PN54X - I2C Write successful.....
01-14 00:18:30.850   764  3436 D NxpTml  : PN54X - Posting Fresh Write message.....
01-14 00:18:30.850   764  3436 D NxpTml  : PN54X - Tml Writer Thread Running................
01-14 00:18:30.850   764  3438 D NxpHal  : write successful status = 0x0
01-14 00:18:30.851  3247  3425 I libnfc_nci: [INFO:nfa_dm_main.cc(222)] nfa_dm_check_set_config
01-14 00:18:30.897     0     0 E nq-nci 6-0028: nfc_read : reading 2 bytes.
01-14 00:18:30.851  3247  3425 I libnfc_nci: [INFO:nfa_dm_main.cc(222)] nfa_dm_check_set_config
01-14 00:18:30.851  3247  3425 I libnfc_nci: [INFO:nfa_dm_discover.cc(1050)] dm_disc_mask = 0xc4c7d7f
01-14 00:18:30.851  3247  3425 I libnfc_nci: [INFO:nfa_dm_discover.cc(280)] tech_proto_mask = 0x0C4C7D7F
01-14 00:18:30.851  3247  3425 I libnfc_nci: [INFO:nfa_dm_main.cc(222)] nfa_dm_check_set_config
01-14 00:18:30.851  3247  3425 I libnfc_nci: [INFO:nfa_dm_discover.cc(370)] nfa_dm_set_total_duration
01-14 00:18:30.851  3247  3425 I libnfc_nci: [INFO:nfa_dm_main.cc(222)] nfa_dm_check_set_config
01-14 00:18:30.851  3247  3425 I libnfc_nci: [INFO:nfc_main.cc(888)] NFC_DiscoveryStart
01-14 00:18:30.851  3247  3425 I libnfc_nci: [INFO:nfc_main.cc(908)] NFC_DiscoveryStart status: 0xe3
01-14 00:18:30.856   764  3435 D NxpTml  : PN54X - I2C Read successful.....
01-14 00:18:30.856   764  3435 D NxpNciR : len =   5 > 4002020000
01-14 00:18:30.856   764  3435 D NxpTml  : PN54X - Posting read message.....
01-14 00:18:30.856   764  3438 D NxpHal  : read successful status = 0x0
01-14 00:18:30.856   764  3438 D NxpHal  : phNxpNciHal_print_res_status: response status =STATUS_OK
01-14 00:18:30.856  3247  3425 I libnfc_nci: [INFO:nfc_ncif.cc(399)] NFC received rsp gid:0
01-14 00:18:30.856  3247  3425 I libnfc_nci: [INFO:nci_hrcv.cc(62)] nci_proc_core_rsp opcode:0x2
01-14 00:18:30.856  3247  3425 I libnfc_nci: [INFO:nfa_dm_act.cc(268)] NFC_SET_CONFIG_REVT(0x5002)
01-14 00:18:30.856  3247  3425 I libnfc_nci: [INFO:NfcAdaptation.cc(751)] NfcAdaptation::HalWrite
01-14 00:18:30.857   764  3435 D NxpTml  : PN54X - Read requested.....
01-14 00:18:30.857   764  3435 D NxpTml  : PN54X - Invoking I2C Read.....
01-14 00:18:30.859   764   764 D NxpExtns: find found MIFARE_READER_ENABLE=(0x1)
01-14 00:18:30.859   764   764 D NfccPowerTracker: NfccPowerTracker::ProcessCmd: Enter,Recieved len :29
01-14 00:18:30.860   764  3436 D NxpTml  : PN54X - Write requested.....
01-14 00:18:30.900     0     0 E nq-nci 6-0028: nfc_read : reading 3 bytes.
01-14 00:18:30.904     0     0 E nq-nci 6-0028: nfc_read : reading 1 bytes.
01-14 00:18:30.860   764  3436 D NxpTml  : PN54X - Invoking I2C Write.....
01-14 00:18:30.863   764  3436 D NxpNciX : len =  29 > 20021A02611446666D010112020207FF03020013040164070103600108
01-14 00:18:30.863   764  3436 D NxpTml  : PN54X - I2C Write successful.....
01-14 00:18:30.863   764  3436 D NxpTml  : PN54X - Posting Fresh Write message.....
01-14 00:18:30.863   764  3436 D NxpTml  : PN54X - Tml Writer Thread Running................
01-14 00:18:30.863   764  3438 D NxpHal  : write successful status = 0x0
01-14 00:18:30.877   764  3435 D NxpTml  : PN54X - I2C Read successful.....
01-14 00:18:30.877   764  3435 D NxpNciR : len =   5 > 4002020000
01-14 00:18:30.877   764  3435 D NxpTml  : PN54X - Posting read message.....
01-14 00:18:30.877   764  3438 D NxpHal  : read successful status = 0x0
01-14 00:18:30.877   764  3438 D NxpHal  : phNxpNciHal_print_res_status: response status =STATUS_OK
01-14 00:18:30.878  3247  3425 I libnfc_nci: [INFO:nfc_ncif.cc(399)] NFC received rsp gid:0
01-14 00:18:30.878  3247  3425 I libnfc_nci: [INFO:nci_hrcv.cc(62)] nci_proc_core_rsp opcode:0x2
01-14 00:18:30.878  3247  3425 I libnfc_nci: [INFO:nfa_dm_act.cc(268)] NFC_SET_CONFIG_REVT(0x5002)
01-14 00:18:30.878  3247  3425 I libnfc_nci: [INFO:NfcAdaptation.cc(751)] NfcAdaptation::HalWrite
01-14 00:18:30.879   764   764 D NxpExtns: find found MIFARE_READER_ENABLE=(0x1)
01-14 00:18:30.879   764   764 D NfccPowerTracker: NfccPowerTracker::ProcessCmd: Enter,Recieved len :10
01-14 00:18:30.879   764  3436 D NxpTml  : PN54X - Write requested.....
01-14 00:18:30.879   764  3436 D NxpTml  : PN54X - Invoking I2C Write.....
01-14 00:18:30.879   764  3435 D NxpTml  : PN54X - Read requested.....
01-14 00:18:30.879   764  3435 D NxpTml  : PN54X - Invoking I2C Read.....
01-14 00:18:30.880   764  3436 D NxpNciX : len =  10 > 20020702320160500102
01-14 00:18:30.881   764  3436 D NxpTml  : PN54X - I2C Write successful.....
01-14 00:18:30.911     0     0 E nq-nci 6-0028: nfc_read : reading 3 bytes.
01-14 00:18:30.881   764  3436 D NxpTml  : PN54X - Posting Fresh Write message.....
01-14 00:18:30.881   764  3436 D NxpTml  : PN54X - Tml Writer Thread Running................
01-14 00:18:30.881   764  3438 D NxpHal  : write successful status = 0x0
01-14 00:18:30.887   764  3435 D NxpTml  : PN54X - I2C Read successful.....
01-14 00:18:30.887   764  3435 D NxpNciR : len =   5 > 4002020000
01-14 00:18:30.887   764  3435 D NxpTml  : PN54X - Posting read message.....
01-14 00:18:30.887   764  3438 D NxpHal  : read successful status = 0x0
01-14 00:18:30.887   764  3438 D NxpHal  : phNxpNciHal_print_res_status: response status =STATUS_OK
01-14 00:18:30.888  3247  3425 I libnfc_nci: [INFO:nfc_ncif.cc(399)] NFC received rsp gid:0
01-14 00:18:30.888  3247  3425 I libnfc_nci: [INFO:nci_hrcv.cc(62)] nci_proc_core_rsp opcode:0x2
01-14 00:18:30.889  3247  3425 I libnfc_nci: [INFO:nfa_dm_act.cc(268)] NFC_SET_CONFIG_REVT(0x5002)
01-14 00:18:30.889  3247  3425 I libnfc_nci: [INFO:NfcAdaptation.cc(792)] NfcAdaptation::HalPrediscover
01-14 00:18:30.889  3247  3425 I libnfc_nci: [INFO:NfcAdaptation.cc(751)] NfcAdaptation::HalWrite
01-14 00:18:30.889   764  3435 D NxpTml  : PN54X - Read requested.....
01-14 00:18:30.889   764  3435 D NxpTml  : PN54X - Invoking I2C Read.....
01-14 00:18:30.889   764   764 D NxpExtns: find found MIFARE_READER_ENABLE=(0x1)
01-14 00:18:30.889   764   764 D NxpHal  : > Polling Loop Started
01-14 00:18:30.889   764   764 D NxpHal  : phNxpNciHal_discovery_cmd_ext
01-14 00:18:30.890   764   764 D NfccPowerTracker: NfccPowerTracker::ProcessCmd: Enter,Recieved len :26
01-14 00:18:30.890   764  3436 D NxpTml  : PN54X - Write requested.....
01-14 00:18:30.890   764  3436 D NxpTml  : PN54X - Invoking I2C Write.....
01-14 00:18:30.892   764  3436 D NxpNciX : len =  26 > 2103170B00010101020103010501800182018301850106017001
01-14 00:18:30.892   764  3436 D NxpTml  : PN54X - I2C Write successful.....
01-14 00:18:30.892   764  3436 D NxpTml  : PN54X - Posting Fresh Write message.....
01-14 00:18:30.892   764  3436 D NxpTml  : PN54X - Tml Writer Thread Running................
01-14 00:18:30.892   764  3438 D NxpHal  : write successful status = 0x0
01-14 00:18:30.896   764  3435 D NxpTml  : PN54X - I2C Read successful.....
01-14 00:18:30.896   764  3435 D NxpNciR : len =   4 > 41030100
01-14 00:18:30.897   764  3435 D NxpTml  : PN54X - Posting read message.....
01-14 00:18:30.897   764  3438 D NxpHal  : read successful status = 0x0
01-14 00:18:30.900   764  3435 D NxpTml  : PN54X - Read requested.....
01-14 00:18:30.900   764  3435 D NxpTml  : PN54X - Invoking I2C Read.....
01-14 00:18:30.901  3247  3425 I libnfc_nci: [INFO:nfc_ncif.cc(399)] NFC received rsp gid:1
01-14 00:18:30.901  3247  3425 I libnfc_nci: [INFO:nfa_dm_discover.cc(3030)] returning TRUE
01-14 00:18:30.901  3247  3425 I libnfc_nci: [INFO:nfa_dm_discover.cc(694)] event:0x4000
01-14 00:18:30.901  3247  3425 I libnfc_nci: [INFO:nfa_dm_discover.cc(2518)] state: IDLE (0), event: DISCOVER_RSP(1) disc_flags: 0x31
01-14 00:18:30.901  3247  3425 I libnfc_nci: [INFO:nfa_dm_discover.cc(1685)] old_state: IDLE (0), new_state: DISCOVERY (1) disc_flags: 0x11
01-14 00:18:30.901  3247  3425 I libnfc_nci: [INFO:nfa_dm_act.cc(1557)] event:0x00
01-14 00:18:30.901  3247  3425 I libnfc_nci: [INFO:nfa_p2p_main.cc(104)] event:0x00
01-14 00:18:30.901  3247  3425 I libnfc_nci: [INFO:NativeNfcManager.cpp(276)] nfaConnectionCallback: event= 30
01-14 00:18:30.901  3247  3425 I libnfc_nci: [INFO:NativeNfcManager.cpp(301)] nfaConnectionCallback: NFA_RF_DISCOVERY_STARTED_EVT: status = 0
01-14 00:18:30.901  3247  3425 I libnfc_nci: [INFO:nfa_dm_discover.cc(2571)] new state: DISCOVERY (1), disc_flags: 0x1
01-14 00:18:30.902  3247  3247 I libnfc_nci: [INFO:NativeNfcTag.cpp(1819)] nativeNfcTag_releaseRfInterfaceMutexLock: sRfInterfaceMutex unlock
01-14 00:18:30.902  3247  3247 I libnfc_nci: [INFO:PowerSwitch.cpp(258)] PowerSwitch::setModeOn(activated=0x1) : mCurrActivity=0x1
01-14 00:18:30.902  3247  3247 I libnfc_nci: [INFO:NativeNfcManager.cpp(1306)] nfcManager_enableDiscovery: exit
01-14 00:18:30.902  3247  3247 I libnfc_nci: [INFO:NativeNfcManager.cpp(1788)] nfcManager_doSetScreenState: state = 8 prevScreenState= 4, discovry_param = 1
01-14 00:18:30.909  3247  3419 D NfcService: Discovery configuration equal, not updating.
01-14 00:18:32.000   764  3435 D NxpTml  : PN54X - I2C Read successful.....
01-14 00:18:32.000   764  3435 D NxpNciR : len =  23 > 61051401808000FF010904000442C48A92010800000000
01-14 00:18:32.000   764  3435 D NxpTml  : PN54X - Posting read message.....
01-14 00:18:32.009     0     0 E nq-nci 6-0028: nfc_read : reading 20 bytes.
01-14 00:18:32.014     0     0 E nq-nci 6-0028: nfc_read : reading 3 bytes.
01-14 00:18:32.000   764  3438 D NxpHal  : read successful status = 0x0
01-14 00:18:32.000   764  3438 D NxpHal  : NxpNci: RF Interface = MIFARE
01-14 00:18:32.000   764  3438 D NxpHal  : NxpNci: Protocol = MIFARE
01-14 00:18:32.001   764  3438 D NxpHal  : NxpNci: Mode = A Passive Poll
01-14 00:18:32.001   764  3438 D NfccPowerTracker: NfccPowerTracker::ProcessNtf: Enter
01-14 00:18:32.001  3247  3425 I libnfc_nci: [INFO:nfc_ncif.cc(440)] NFC received ntf gid:1
01-14 00:18:32.001  3247  3425 I libnfc_nci: [INFO:nfa_dm_discover.cc(2926)] P2P_Prio_Logic
01-14 00:18:32.001  3247  3425 I libnfc_nci: [INFO:nfa_dm_discover.cc(2934)] nfa_dm_p2p_prio_logic event_type = 0x2
01-14 00:18:32.001  3247  3425 I libnfc_nci: [INFO:nfa_dm_discover.cc(3030)] returning TRUE
01-14 00:18:32.002  3247  3425 I libnfc_nci: [INFO:nfc_main.cc(326)] nfc_set_state 4 (IDLE)->5 (OPEN)
01-14 00:18:32.002  3247  3425 I libnfc_nci: [INFO:nfc_ncif.cc(907)] nfc_ncif_proc_activate:20 0, mode:0x00
01-14 00:18:32.002  3247  3425 I libnfc_nci: [INFO:nfa_dm_discover.cc(694)] event:0x4004
01-14 00:18:32.002  3247  3425 I libnfc_nci: [INFO:nfa_dm_discover.cc(2518)] state: DISCOVERY (1), event: ACTIVATED_NTF(5) disc_flags: 0x1
01-14 00:18:32.002  3247  3425 I libnfc_nci: [INFO:nfa_dm_discover.cc(1685)] old_state: DISCOVERY (1), new_state: POLL_ACTIVE (4) disc_flags: 0x1
01-14 00:18:32.002  3247  3425 I libnfc_nci: [INFO:nfa_dm_discover.cc(1192)] tech_n_mode:0x0, proto:0x80
01-14 00:18:32.002  3247  3425 I libnfc_nci: [INFO:nfa_dm_discover.cc(674)] tech_n_mode:0x0, protocol:0x80, disc_mask:0x2000
01-14 00:18:32.002  3247  3425 I libnfc_nci: [INFO:nfa_dm_discover.cc(1320)] activated_protocol:0x80, activated_handle: 0x1
01-14 00:18:32.002  3247  3425 I libnfc_nci: [INFO:nfa_dm_act.cc(1557)] event:0x01
01-14 00:18:32.002  3247  3425 I libnfc_nci: [INFO:nfa_rw_main.cc(179)] nfa_rw_handle_event event: NFA_RW_ACTIVATE_NTF_EVT (0x501), flags: 00000000
01-14 00:18:32.002  3247  3425 I libnfc_nci: [INFO:nfa_rw_act.cc(2538)] nfa_rw_activate_ntf
01-14 00:18:32.002  3247  3425 I libnfc_nci: [INFO:rw_main.cc(206)] RW_SetActivatedTagType protocol:128, technology:0, SAK:8
01-14 00:18:32.002  3247  3425 I libnfc_nci: [INFO:rw_mfc.cc(551)] rw_mfc_select
01-14 00:18:32.003   764  3435 D NxpTml  : PN54X - Read requested.....
01-14 00:18:32.003   764  3435 D NxpTml  : PN54X - Invoking I2C Read.....
01-14 00:18:32.011  3247  3425 I libnfc_nci: [INFO:nfa_dm_act.cc(1709)] status:0x0
01-14 00:18:32.012  3247  3425 I libnfc_nci: [INFO:NativeNfcManager.cpp(276)] nfaConnectionCallback: event= 5
01-14 00:18:32.012  3247  3425 I libnfc_nci: [INFO:NativeNfcManager.cpp(360)] nfaConnectionCallback: NFA_ACTIVATED_EVT: gIsSelectingRfInterface=0, sIsDisabling=0
01-14 00:18:32.012  3247  3425 I libnfc_nci: [INFO:NfcTag.cpp(165)] NfcTag::setActivationState: state=2
01-14 00:18:32.012  3247  3425 I libnfc_nci: [INFO:NfcTag.cpp(229)] NfcTag::IsSameKovio: enter
01-14 00:18:32.012  3247  3425 I libnfc_nci: [INFO:NfcTag.cpp(280)] NfcTag::discoverTechnologies (activation): enter
01-14 00:18:32.012  3247  3425 I libnfc_nci: [INFO:NfcTag.cpp(372)] NfcTag::discoverTechnologies (activation): Mifare Classic
01-14 00:18:32.012  3247  3425 I libnfc_nci: [INFO:NfcTag.cpp(392)] NfcTag::discoverTechnologies (activation): index=0; tech=1; handle=1; nfc type=128
01-14 00:18:32.012  3247  3425 I libnfc_nci: [INFO:NfcTag.cpp(392)] NfcTag::discoverTechnologies (activation): index=1; tech=8; handle=1; nfc type=128
01-14 00:18:32.012  3247  3425 I libnfc_nci: [INFO:NfcTag.cpp(396)] NfcTag::discoverTechnologies (activation): exit
01-14 00:18:32.013  3247  3425 I libnfc_nci: [INFO:NfcTag.cpp(538)] NfcTag::createNativeNfcTag: enter
01-14 00:18:32.013  3247  3425 I libnfc_nci: [INFO:NfcTag.cpp(608)] NfcTag::fillNativeNfcTagMembers1
01-14 00:18:32.013  3247  3425 I libnfc_nci: [INFO:NfcTag.cpp(660)] NfcTag::fillNativeNfcTagMembers2
01-14 00:18:32.014  3247  3425 I libnfc_nci: [INFO:NfcTag.cpp(691)] NfcTag::fillNativeNfcTagMembers3: index=0; rf tech params mode=0
01-14 00:18:32.014  3247  3425 I libnfc_nci: [INFO:NfcTag.cpp(697)] NfcTag::fillNativeNfcTagMembers3: tech A
01-14 00:18:32.014  3247  3425 I libnfc_nci: [INFO:NfcTag.cpp(691)] NfcTag::fillNativeNfcTagMembers3: index=1; rf tech params mode=0
01-14 00:18:32.014  3247  3425 I libnfc_nci: [INFO:NfcTag.cpp(697)] NfcTag::fillNativeNfcTagMembers3: tech A
01-14 00:18:32.014  3247  3425 I libnfc_nci: [INFO:NfcTag.cpp(812)] NfcTag::fillNativeNfcTagMembers4: index=0
01-14 00:18:32.034     0     0 E nq-nci 6-0028: nfc_read : reading 1 bytes.
01-14 00:18:32.035     0     0 E nq-nci 6-0028: nfc_read : reading 3 bytes.
01-14 00:18:32.014  3247  3425 I libnfc_nci: [INFO:NfcTag.cpp(829)] NfcTag::fillNativeNfcTagMembers4: Mifare Classic; tech A
01-14 00:18:32.015  3247  3425 I libnfc_nci: [INFO:NfcTag.cpp(812)] NfcTag::fillNativeNfcTagMembers4: index=1
01-14 00:18:32.015  3247  3425 I libnfc_nci: [INFO:NfcTag.cpp(829)] NfcTag::fillNativeNfcTagMembers4: Mifare Classic; tech A
01-14 00:18:32.015  3247  3425 I libnfc_nci: [INFO:NfcTag.cpp(954)] NfcTag::fillNativeNfcTagMembers5: tech A
01-14 00:18:32.015  3247  3425 I libnfc_nci: [INFO:NfcTag.cpp(580)] NfcTag::createNativeNfcTag: try notify nfc service
01-14 00:18:32.015  3247  3425 I libnfc_nci: [INFO:NfcTag.cpp(590)] NfcTag::createNativeNfcTag: exit
01-14 00:18:32.015  3247  3425 I libnfc_nci: [INFO:nfa_dm_discover.cc(2571)] new state: POLL_ACTIVE (4), disc_flags: 0x1
01-14 00:18:32.020  3247  3247 D NativeNfcTag: Connect to a tech with a different handle
01-14 00:18:32.038     0     0 E nq-nci 6-0028: nfc_read : reading 2 bytes.
01-14 00:18:32.020  3247  3247 I libnfc_nci: [INFO:NativeNfcTag.cpp(818)] nativeNfcTag_doHandleReconnect: targetHandle = 0
01-14 00:18:32.020  3247  3247 I libnfc_nci: [INFO:NativeNfcTag.cpp(547)] nativeNfcTag_doConnect: targetHandle = 0
01-14 00:18:32.020  3247  3247 I libnfc_nci: [INFO:NativeNfcTag.cpp(568)] nativeNfcTag_doConnect: TargetType=1, TargetProtocol=128
01-14 00:18:32.020  3247  3247 I libnfc_nci: [INFO:NativeNfcTag.cpp(573)] nativeNfcTag_doConnect() Nfc type = 128, do nothing for non ISO_DEP
01-14 00:18:32.020  3247  3247 I libnfc_nci: [INFO:NativeNfcTag.cpp(592)] nativeNfcTag_doConnect: exit 0x0
01-14 00:18:32.020  3247  3247 I libnfc_nci: [INFO:NativeNfcTag.cpp(1490)] nativeNfcTag_doIsIsoDepNdefFormatable
01-14 00:18:32.020  3247  3247 I libnfc_nci: [INFO:NativeNfcTag.cpp(1468)] nativeNfcTag_doIsNdefFormatable: is formattable=1
01-14 00:18:32.020  3247  3247 I libnfc_nci: [INFO:NativeNfcTag.cpp(773)] nativeNfcTag_doReconnect: enter
01-14 00:18:32.020  3247  3247 I libnfc_nci: [INFO:NativeNfcTag.cpp(609)] reSelect: enter; rf intf = 128, current intf = 128
01-14 00:18:32.020  3247  3247 I libnfc_nci: [INFO:NativeNfcTag.cpp(656)] reSelect: deactivate to sleep
01-14 00:18:32.020  3247  3247 I libnfc_nci: [INFO:nfa_dm_api.cc(895)] sleep_mode:1
01-14 00:18:32.020  3247  3425 I libnfc_nci: [INFO:nfa_sys_main.cc(77)] NFA got event 0x0113
01-14 00:18:32.020  3247  3425 I libnfc_nci: [INFO:nfa_dm_main.cc(122)] event: NFA_DM_API_DEACTIVATE_EVT (0x13)
01-14 00:18:32.020  3247  3425 I libnfc_nci: [INFO:nfa_dm_act.cc(755)] nfa_dm_act_deactivate
01-14 00:18:32.020  3247  3425 I libnfc_nci: [INFO:nfa_dm_discover.cc(2752)] deactivate_type:0x1
01-14 00:18:32.021  3247  3425 I libnfc_nci: [INFO:nfa_dm_discover.cc(2518)] state: POLL_ACTIVE (4), event: DEACTIVATE_CMD(6) disc_flags: 0x1
01-14 00:18:32.021  3247  3425 I libnfc_nci: [INFO:nfc_main.cc(1127)] NFC_Deactivate 5 (OPEN) deactivate_type:1
01-14 00:18:32.021  3247  3425 I libnfc_nci: [INFO:nfc_main.cc(326)] nfc_set_state 5 (OPEN)->6 (CLOSING)
01-14 00:18:32.021  3247  3425 I libnfc_nci: [INFO:nfc_main.cc(1145)] act_protocol 128 credits:1/1
01-14 00:18:32.021  3247  3425 I libnfc_nci: [INFO:NfcAdaptation.cc(751)] NfcAdaptation::HalWrite
01-14 00:18:32.021   764   764 D NxpExtns: find found MIFARE_READER_ENABLE=(0x1)
01-14 00:18:32.021   764   764 D NfccPowerTracker: NfccPowerTracker::ProcessCmd: Enter,Recieved len :4
01-14 00:18:32.021   764  3436 D NxpTml  : PN54X - Write requested.....
01-14 00:18:32.021   764  3436 D NxpTml  : PN54X - Invoking I2C Write.....
01-14 00:18:32.023   764  3436 D NxpNciX : len =   4 > 21060101
01-14 00:18:32.023   764  3436 D NxpTml  : PN54X - I2C Write successful.....
01-14 00:18:32.023   764  3436 D NxpTml  : PN54X - Posting Fresh Write message.....
01-14 00:18:32.023   764  3436 D NxpTml  : PN54X - Tml Writer Thread Running................
01-14 00:18:32.023   764  3438 D NxpHal  : write successful status = 0x0
01-14 00:18:32.023   764  3435 D NxpTml  : PN54X - I2C Read successful.....
01-14 00:18:32.023   764  3435 D NxpNciR : len =   4 > 41060100
01-14 00:18:32.023   764  3435 D NxpTml  : PN54X - Posting read message.....
01-14 00:18:32.023   764  3438 D NxpHal  : read successful status = 0x0
01-14 00:18:32.024  3247  3425 I libnfc_nci: [INFO:nfa_sys_ptim.cc(128)] nfa_sys_ptim_start_timer 0x78d9ce04e0
01-14 00:18:32.024  3247  3425 I libnfc_nci: [INFO:nfa_sys_ptim.cc(133)] ptim timer start
01-14 00:18:32.024   764  3435 D NxpTml  : PN54X - Read requested.....
01-14 00:18:32.048     0     0 E nq-nci 6-0028: nfc_read : reading 3 bytes.
01-14 00:18:32.052     0     0 E nq-nci 6-0028: nfc_read : reading 1 bytes.
01-14 00:18:32.024   764  3435 D NxpTml  : PN54X - Invoking I2C Read.....
01-14 00:18:32.024  3247  3425 I libnfc_nci: [INFO:nfa_dm_discover.cc(2571)] new state: POLL_ACTIVE (4), disc_flags: 0x61
01-14 00:18:32.024  3247  3425 I libnfc_nci: [INFO:nfa_sys_ptim.cc(156)] nfa_sys_ptim_stop_timer 0x78d9ce14f8
01-14 00:18:32.025  3247  3425 I libnfc_nci: [INFO:nfa_rw_act.cc(192)] Stopped presence check timer (if started)
01-14 00:18:32.025  3247  3425 I libnfc_nci: [INFO:nfc_ncif.cc(399)] NFC received rsp gid:1
01-14 00:18:32.025  3247  3425 I libnfc_nci: [INFO:nfa_dm_discover.cc(3030)] returning TRUE
01-14 00:18:32.025  3247  3425 I libnfc_nci: [INFO:nfc_main.cc(326)] nfc_set_state 6 (CLOSING)->4 (IDLE)
01-14 00:18:32.025  3247  3425 I libnfc_nci: [INFO:rw_mfc.cc(640)] rw_mfc_conn_cback conn_id=0, evt=0x6002
01-14 00:18:32.025  3247  3425 I libnfc_nci: [INFO:rw_mfc.cc(723)] rw_mfc_conn_cback RW_MFC_STATE_NOT_ACTIVATED
01-14 00:18:32.025  3247  3425 I libnfc_nci: [INFO:nfa_dm_discover.cc(694)] event:0x4005
01-14 00:18:32.025  3247  3425 I libnfc_nci: [INFO:nfa_dm_discover.cc(2518)] state: POLL_ACTIVE (4), event: DEACTIVATE_RSP(7) disc_flags: 0x61
01-14 00:18:32.025  3247  3425 I libnfc_nci: [INFO:nfa_dm_discover.cc(2571)] new state: POLL_ACTIVE (4), disc_flags: 0x41
01-14 00:18:32.033   764  3435 D NxpTml  : PN54X - I2C Read successful.....
01-14 00:18:32.033   764  3435 D NxpNciR : len =   5 > 6106020100
01-14 00:18:32.033   764  3435 D NxpTml  : PN54X - Posting read message.....
01-14 00:18:32.033   764  3438 D NxpHal  : read successful status = 0x0
01-14 00:18:32.033   764  3438 D NfccPowerTracker: NfccPowerTracker::ProcessNtf: Enter
01-14 00:18:32.033   764  3438 D NfccPowerTracker: mActiveDurationFromLastScreenUpdate: 33
01-14 00:18:32.034  3247  3425 I libnfc_nci: [INFO:nfc_ncif.cc(440)] NFC received ntf gid:1
01-14 00:18:32.034  3247  3425 I libnfc_nci: [INFO:nfa_dm_discover.cc(3030)] returning TRUE
01-14 00:18:32.034  3247  3425 I libnfc_nci: [INFO:nfc_main.cc(326)] nfc_set_state 4 (IDLE)->4 (IDLE)
01-14 00:18:32.034  3247  3425 I libnfc_nci: [INFO:nfa_dm_discover.cc(1662)] nfa_dm_disc_data_cback
01-14 00:18:32.034  3247  3425 I libnfc_nci: [INFO:nfa_dm_discover.cc(694)] event:0x4005
01-14 00:18:32.034  3247  3425 I libnfc_nci: [INFO:nfa_dm_discover.cc(2518)] state: POLL_ACTIVE (4), event: DEACTIVATE_NTF(8) disc_flags: 0x41
01-14 00:18:32.034  3247  3425 I libnfc_nci: [INFO:nfa_sys_ptim.cc(156)] nfa_sys_ptim_stop_timer 0x78d9ce04e0
01-14 00:18:32.034  3247  3425 I libnfc_nci: [INFO:nfa_sys_ptim.cc(163)] ptim timer stop
01-14 00:18:32.034  3247  3425 I libnfc_nci: [INFO:nfa_dm_discover.cc(1361)] activated_handle=1
01-14 00:18:32.034  3247  3425 I libnfc_nci: [INFO:nfa_dm_act.cc(1557)] event:0x02
01-14 00:18:32.035  3247  3425 I libnfc_nci: [INFO:nfa_rw_main.cc(179)] nfa_rw_handle_event event: NFA_RW_DEACTIVATE_NTF_EVT (0x502), flags: 00000021
01-14 00:18:32.035  3247  3425 I libnfc_nci: [INFO:nfa_sys_ptim.cc(156)] nfa_sys_ptim_stop_timer 0x78d9ce14f8
01-14 00:18:32.035  3247  3425 I libnfc_nci: [INFO:nfa_sys_ptim.cc(163)] ptim timer stop
01-14 00:18:32.035  3247  3425 I libnfc_nci: [INFO:nfa_rw_act.cc(192)] Stopped presence check timer (if started)
01-14 00:18:32.035  3247  3425 I libnfc_nci: [INFO:NativeNfcManager.cpp(276)] nfaConnectionCallback: event= 6
01-14 00:18:32.035  3247  3425 I libnfc_nci: [INFO:NativeNfcManager.cpp(429)] nfaConnectionCallback: NFA_DEACTIVATED_EVT   Type: 1, gIsTagDeactivating: 1
01-14 00:18:32.035  3247  3425 I libnfc_nci: [INFO:NfcTag.cpp(148)] NfcTag::setDeactivationState: state=1
01-14 00:18:32.035  3247  3425 I libnfc_nci: [INFO:nfa_dm_discover.cc(1685)] old_state: POLL_ACTIVE (4), new_state: W4_HOST_SELECT (3) disc_flags: 0x1
01-14 00:18:32.035  3247  3425 I libnfc_nci: [INFO:nfa_dm_discover.cc(2571)] new state: W4_HOST_SELECT (3), disc_flags: 0x1
01-14 00:18:32.035  3247  3247 I libnfc_nci: [INFO:NativeNfcTag.cpp(690)] reSelect: select interface 128
01-14 00:18:32.035  3247  3247 I libnfc_nci: [INFO:nfa_dm_api.cc(800)] rf_disc_id:0x1, protocol:0x80, rf_interface:0x80
01-14 00:18:32.035  3247  3425 I libnfc_nci: [INFO:nfa_sys_main.cc(77)] NFA got event 0x0111
01-14 00:18:32.036  3247  3425 I libnfc_nci: [INFO:nfa_dm_main.cc(122)] event: NFA_DM_API_SELECT_EVT (0x11)
01-14 00:18:32.036  3247  3425 I libnfc_nci: [INFO:nfa_dm_act.cc(1322)] nfa_dm_act_select
01-14 00:18:32.036  3247  3425 I libnfc_nci: [INFO:nfa_dm_discover.cc(2721)] rf_disc_id:0x1, protocol:0x80, rf_interface:0x80
01-14 00:18:32.065     0     0 E nq-nci 6-0028: nfc_read : reading 3 bytes.
01-14 00:18:32.037  3247  3425 I libnfc_nci: [INFO:nfa_dm_discover.cc(2518)] state: W4_HOST_SELECT (3), event: SELECT_CMD(3) disc_flags: 0x11
01-14 00:18:32.037  3247  3425 I libnfc_nci: [INFO:NfcAdaptation.cc(751)] NfcAdaptation::HalWrite
01-14 00:18:32.037   764   764 D NxpExtns: find found MIFARE_READER_ENABLE=(0x1)
01-14 00:18:32.037   764   764 D NfccPowerTracker: NfccPowerTracker::ProcessCmd: Enter,Recieved len :6
01-14 00:18:32.037   764  3436 D NxpTml  : PN54X - Write requested.....
01-14 00:18:32.037   764  3435 D NxpTml  : PN54X - Read requested.....
01-14 00:18:32.037   764  3436 D NxpTml  : PN54X - Invoking I2C Write.....
01-14 00:18:32.037   764  3435 D NxpTml  : PN54X - Invoking I2C Read.....
01-14 00:18:32.040   764  3436 D NxpNciX : len =   6 > 210403018080
01-14 00:18:32.040   764  3436 D NxpTml  : PN54X - I2C Write successful.....
01-14 00:18:32.040   764  3436 D NxpTml  : PN54X - Posting Fresh Write message.....
01-14 00:18:32.040   764  3436 D NxpTml  : PN54X - Tml Writer Thread Running................
01-14 00:18:32.040   764  3438 D NxpHal  : write successful status = 0x0
01-14 00:18:32.041  3247  3425 I libnfc_nci: [INFO:nfa_dm_discover.cc(2571)] new state: W4_HOST_SELECT (3), disc_flags: 0x11
01-14 00:18:32.043   764  3435 D NxpTml  : PN54X - I2C Read successful.....
01-14 00:18:32.043   764  3435 D NxpNciR : len =   4 > 41040100
01-14 00:18:32.043   764  3435 D NxpTml  : PN54X - Posting read message.....
01-14 00:18:32.043   764  3438 D NxpHal  : read successful status = 0x0
01-14 00:18:32.044  3247  3425 I libnfc_nci: [INFO:nfc_ncif.cc(399)] NFC received rsp gid:1
01-14 00:18:32.044  3247  3425 I libnfc_nci: [INFO:nfa_dm_discover.cc(694)] event:0x4003
01-14 00:18:32.044  3247  3425 I libnfc_nci: [INFO:nfa_dm_discover.cc(2518)] state: W4_HOST_SELECT (3), event: SELECT_RSP(4) disc_flags: 0x11
01-14 00:18:32.045  3247  3425 I libnfc_nci: [INFO:NativeNfcManager.cpp(276)] nfaConnectionCallback: event= 3
01-14 00:18:32.045  3247  3425 I libnfc_nci: [INFO:NativeNfcManager.cpp(333)] nfaConnectionCallback: NFA_SELECT_RESULT_EVT: status = 0, gIsSelectingRfInterface = 1,
 sIsDisabling=0
01-14 00:18:32.045  3247  3425 I libnfc_nci: [INFO:nfa_dm_discover.cc(2571)] new state: W4_HOST_SELECT (3), disc_flags: 0x1
01-14 00:18:32.054   764  3435 D NxpTml  : PN54X - Read requested.....
01-14 00:18:32.054   764  3435 D NxpTml  : PN54X - Invoking I2C Read.....
01-14 00:18:32.059   764  3435 D NxpTml  : PN54X - I2C Read successful.....
01-14 00:18:32.059   764  3435 D NxpNciR : len =  23 > 61051401808000FF010904000442C48A92010800000000
01-14 00:18:32.059   764  3435 D NxpTml  : PN54X - Posting read message.....
01-14 00:18:32.060   764  3438 D NxpHal  : read successful status = 0x0
01-14 00:18:32.060   764  3438 D NxpHal  : NxpNci: RF Interface = MIFARE
01-14 00:18:32.060   764  3438 D NxpHal  : NxpNci: Protocol = MIFARE
01-14 00:18:32.060   764  3438 D NxpHal  : NxpNci: Mode = A Passive Poll
01-14 00:18:32.060   764  3438 D NfccPowerTracker: NfccPowerTracker::ProcessNtf: Enter
01-14 00:18:32.060  3247  3425 I libnfc_nci: [INFO:nfc_ncif.cc(440)] NFC received ntf gid:1
01-14 00:18:32.060   764  3435 D NxpTml  : PN54X - Read requested.....
01-14 00:18:32.060  3247  3425 I libnfc_nci: [INFO:nfa_dm_discover.cc(3030)] returning TRUE
01-14 00:18:32.060   764  3435 D NxpTml  : PN54X - Invoking I2C Read.....
01-14 00:18:32.060  3247  3425 I libnfc_nci: [INFO:nfc_main.cc(326)] nfc_set_state 4 (IDLE)->5 (OPEN)
01-14 00:18:32.060  3247  3425 I libnfc_nci: [INFO:nfc_ncif.cc(907)] nfc_ncif_proc_activate:20 0, mode:0x00
01-14 00:18:32.061  3247  3425 I libnfc_nci: [INFO:nfa_dm_discover.cc(694)] event:0x4004
01-14 00:18:32.067     0     0 E nq-nci 6-0028: nfc_read : reading 20 bytes.
01-14 00:18:32.071     0     0 E nq-nci 6-0028: nfc_read : reading 3 bytes.
01-14 00:18:32.061  3247  3425 I libnfc_nci: [INFO:nfa_dm_discover.cc(2518)] state: W4_HOST_SELECT (3), event: ACTIVATED_NTF(5) disc_flags: 0x1
01-14 00:18:32.061  3247  3425 I libnfc_nci: [INFO:nfa_dm_discover.cc(1685)] old_state: W4_HOST_SELECT (3), new_state: POLL_ACTIVE (4) disc_flags: 0x1
01-14 00:18:32.061  3247  3425 I libnfc_nci: [INFO:nfa_dm_discover.cc(1192)] tech_n_mode:0x0, proto:0x80
01-14 00:18:32.061  3247  3425 I libnfc_nci: [INFO:nfa_dm_discover.cc(674)] tech_n_mode:0x0, protocol:0x80, disc_mask:0x2000
01-14 00:18:32.061  3247  3425 I libnfc_nci: [INFO:nfa_dm_discover.cc(1320)] activated_protocol:0x80, activated_handle: 0x1
01-14 00:18:32.061  3247  3425 I libnfc_nci: [INFO:nfa_dm_act.cc(1557)] event:0x01
01-14 00:18:32.061  3247  3425 I libnfc_nci: [INFO:nfa_rw_main.cc(179)] nfa_rw_handle_event event: NFA_RW_ACTIVATE_NTF_EVT (0x501), flags: 00000001
01-14 00:18:32.061  3247  3425 I libnfc_nci: [INFO:nfa_rw_act.cc(2538)] nfa_rw_activate_ntf
01-14 00:18:32.061  3247  3425 I libnfc_nci: [INFO:rw_main.cc(206)] RW_SetActivatedTagType protocol:128, technology:0, SAK:8
01-14 00:18:32.061  3247  3425 I libnfc_nci: [INFO:rw_mfc.cc(551)] rw_mfc_select
01-14 00:18:32.061  3247  3425 I libnfc_nci: [INFO:nfa_dm_act.cc(1709)] status:0x0
01-14 00:18:32.061  3247  3425 I libnfc_nci: [INFO:NativeNfcManager.cpp(276)] nfaConnectionCallback: event= 5
01-14 00:18:32.061  3247  3425 I libnfc_nci: [INFO:NativeNfcManager.cpp(360)] nfaConnectionCallback: NFA_ACTIVATED_EVT: gIsSelectingRfInterface=1, sIsDisabling=0
01-14 00:18:32.061  3247  3425 I libnfc_nci: [INFO:NfcTag.cpp(165)] NfcTag::setActivationState: state=2
01-14 00:18:32.061  3247  3247 I libnfc_nci: [INFO:NativeNfcTag.cpp(709)] reSelect: select completed; sConnectOk=1
01-14 00:18:32.061  3247  3247 I libnfc_nci: [INFO:NativeNfcTag.cpp(728)] reSelect: exit; status=0
01-14 00:18:32.061  3247  3247 I libnfc_nci: [INFO:NativeNfcTag.cpp(799)] nativeNfcTag_doReconnect: exit 0x0
01-14 00:18:32.061  3247  3247 I libnfc_nci: [INFO:NativeNfcTag.cpp(1193)] nativeNfcTag_doCheckNdef: enter
01-14 00:18:32.062  3247  3247 I libnfc_nci: [INFO:NativeNfcTag.cpp(773)] nativeNfcTag_doReconnect: enter
01-14 00:18:32.062  3247  3247 I libnfc_nci: [INFO:NativeNfcTag.cpp(609)] reSelect: enter; rf intf = 128, current intf = 128
01-14 00:18:32.062  3247  3247 I libnfc_nci: [INFO:NativeNfcTag.cpp(656)] reSelect: deactivate to sleep
01-14 00:18:32.062  3247  3247 I libnfc_nci: [INFO:nfa_dm_api.cc(895)] sleep_mode:1
01-14 00:18:32.062  3247  3425 I libnfc_nci: [INFO:nfa_dm_discover.cc(2571)] new state: POLL_ACTIVE (4), disc_flags: 0x1
01-14 00:18:32.062  3247  3425 I libnfc_nci: [INFO:nfa_sys_main.cc(77)] NFA got event 0x0113
01-14 00:18:32.062  3247  3425 I libnfc_nci: [INFO:nfa_dm_main.cc(122)] event: NFA_DM_API_DEACTIVATE_EVT (0x13)
01-14 00:18:32.062  3247  3425 I libnfc_nci: [INFO:nfa_dm_act.cc(755)] nfa_dm_act_deactivate
01-14 00:18:32.062  3247  3425 I libnfc_nci: [INFO:nfa_dm_discover.cc(2752)] deactivate_type:0x1
01-14 00:18:32.062  3247  3425 I libnfc_nci: [INFO:nfa_dm_discover.cc(2518)] state: POLL_ACTIVE (4), event: DEACTIVATE_CMD(6) disc_flags: 0x1
01-14 00:18:32.062  3247  3425 I libnfc_nci: [INFO:nfc_main.cc(1127)] NFC_Deactivate 5 (OPEN) deactivate_type:1
01-14 00:18:32.062  3247  3425 I libnfc_nci: [INFO:nfc_main.cc(326)] nfc_set_state 5 (OPEN)->6 (CLOSING)
01-14 00:18:32.062  3247  3425 I libnfc_nci: [INFO:nfc_main.cc(1145)] act_protocol 128 credits:1/1
01-14 00:18:32.062  3247  3425 I libnfc_nci: [INFO:NfcAdaptation.cc(751)] NfcAdaptation::HalWrite
01-14 00:18:32.062   764   764 D NxpExtns: find found MIFARE_READER_ENABLE=(0x1)
01-14 00:18:32.062   764   764 D NfccPowerTracker: NfccPowerTracker::ProcessCmd: Enter,Recieved len :4
01-14 00:18:32.063   764  3436 D NxpTml  : PN54X - Write requested.....
01-14 00:18:32.063   764  3436 D NxpTml  : PN54X - Invoking I2C Write.....
01-14 00:18:32.065   764  3436 D NxpNciX : len =   4 > 21060101
01-14 00:18:32.065   764  3436 D NxpTml  : PN54X - I2C Write successful.....
01-14 00:18:32.078     0     0 E nq-nci 6-0028: nfc_read : reading 1 bytes.
01-14 00:18:32.081     0     0 E nq-nci 6-0028: nfc_read : reading 3 bytes.
01-14 00:18:32.065   764  3436 D NxpTml  : PN54X - Posting Fresh Write message.....
01-14 00:18:32.065   764  3436 D NxpTml  : PN54X - Tml Writer Thread Running................
01-14 00:18:32.066   764  3438 D NxpHal  : write successful status = 0x0
01-14 00:18:32.066  3247  3425 I libnfc_nci: [INFO:nfa_sys_ptim.cc(128)] nfa_sys_ptim_start_timer 0x78d9ce04e0
01-14 00:18:32.066  3247  3425 I libnfc_nci: [INFO:nfa_sys_ptim.cc(133)] ptim timer start
01-14 00:18:32.066  3247  3425 I libnfc_nci: [INFO:nfa_dm_discover.cc(2571)] new state: POLL_ACTIVE (4), disc_flags: 0x61
01-14 00:18:32.066  3247  3425 I libnfc_nci: [INFO:nfa_sys_ptim.cc(156)] nfa_sys_ptim_stop_timer 0x78d9ce14f8
01-14 00:18:32.066  3247  3425 I libnfc_nci: [INFO:nfa_rw_act.cc(192)] Stopped presence check timer (if started)
01-14 00:18:32.070   764  3435 D NxpTml  : PN54X - I2C Read successful.....
01-14 00:18:32.070   764  3435 D NxpNciR : len =   4 > 41060100
01-14 00:18:32.070   764  3435 D NxpTml  : PN54X - Posting read message.....
01-14 00:18:32.070   764  3438 D NxpHal  : read successful status = 0x0
01-14 00:18:32.071   764  3435 D NxpTml  : PN54X - Read requested.....
01-14 00:18:32.071   764  3435 D NxpTml  : PN54X - Invoking I2C Read.....
01-14 00:18:32.071  3247  3425 I libnfc_nci: [INFO:nfc_ncif.cc(399)] NFC received rsp gid:1
01-14 00:18:32.071  3247  3425 I libnfc_nci: [INFO:nfa_dm_discover.cc(3030)] returning TRUE
01-14 00:18:32.071  3247  3425 I libnfc_nci: [INFO:nfc_main.cc(326)] nfc_set_state 6 (CLOSING)->4 (IDLE)
01-14 00:18:32.071  3247  3425 I libnfc_nci: [INFO:rw_mfc.cc(640)] rw_mfc_conn_cback conn_id=0, evt=0x6002
01-14 00:18:32.071  3247  3425 I libnfc_nci: [INFO:rw_mfc.cc(723)] rw_mfc_conn_cback RW_MFC_STATE_NOT_ACTIVATED
01-14 00:18:32.071  3247  3425 I libnfc_nci: [INFO:nfa_dm_discover.cc(694)] event:0x4005
01-14 00:18:32.071  3247  3425 I libnfc_nci: [INFO:nfa_dm_discover.cc(2518)] state: POLL_ACTIVE (4), event: DEACTIVATE_RSP(7) disc_flags: 0x61
01-14 00:18:32.071  3247  3425 I libnfc_nci: [INFO:nfa_dm_discover.cc(2571)] new state: POLL_ACTIVE (4), disc_flags: 0x41
01-14 00:18:32.080   764  3435 D NxpTml  : PN54X - I2C Read successful.....
01-14 00:18:32.080   764  3435 D NxpNciR : len =   5 > 6106020100
01-14 00:18:32.080   764  3435 D NxpTml  : PN54X - Posting read message.....
01-14 00:18:32.080   764  3438 D NxpHal  : read successful status = 0x0
01-14 00:18:32.080   764  3438 D NfccPowerTracker: NfccPowerTracker::ProcessNtf: Enter
01-14 00:18:32.080   764  3438 D NfccPowerTracker: mActiveDurationFromLastScreenUpdate: 54
01-14 00:18:32.081   764  3435 D NxpTml  : PN54X - Read requested.....
01-14 00:18:32.081   764  3435 D NxpTml  : PN54X - Invoking I2C Read.....
01-14 00:18:32.081  3247  3425 I libnfc_nci: [INFO:nfc_ncif.cc(440)] NFC received ntf gid:1
01-14 00:18:32.081  3247  3425 I libnfc_nci: [INFO:nfa_dm_discover.cc(3030)] returning TRUE
01-14 00:18:32.081  3247  3425 I libnfc_nci: [INFO:nfc_main.cc(326)] nfc_set_state 4 (IDLE)->4 (IDLE)
01-14 00:18:32.082  3247  3425 I libnfc_nci: [INFO:nfa_dm_discover.cc(1662)] nfa_dm_disc_data_cback
01-14 00:18:32.082  3247  3425 I libnfc_nci: [INFO:nfa_dm_discover.cc(694)] event:0x4005
01-14 00:18:32.082  3247  3425 I libnfc_nci: [INFO:nfa_dm_discover.cc(2518)] state: POLL_ACTIVE (4), event: DEACTIVATE_NTF(8) disc_flags: 0x41
01-14 00:18:32.082  3247  3425 I libnfc_nci: [INFO:nfa_sys_ptim.cc(156)] nfa_sys_ptim_stop_timer 0x78d9ce04e0
01-14 00:18:32.082  3247  3425 I libnfc_nci: [INFO:nfa_sys_ptim.cc(163)] ptim timer stop
01-14 00:18:32.082  3247  3425 I libnfc_nci: [INFO:nfa_dm_discover.cc(1361)] activated_handle=1
01-14 00:18:32.082  3247  3425 I libnfc_nci: [INFO:nfa_dm_act.cc(1557)] event:0x02
01-14 00:18:32.086     0     0 E nq-nci 6-0028: nfc_read : reading 2 bytes.
01-14 00:18:32.092     0     0 E nq-nci 6-0028: nfc_read : reading 3 bytes.
01-14 00:18:32.082  3247  3425 I libnfc_nci: [INFO:nfa_rw_main.cc(179)] nfa_rw_handle_event event: NFA_RW_DEACTIVATE_NTF_EVT (0x502), flags: 00000021
01-14 00:18:32.082  3247  3425 I libnfc_nci: [INFO:nfa_sys_ptim.cc(156)] nfa_sys_ptim_stop_timer 0x78d9ce14f8
01-14 00:18:32.082  3247  3425 I libnfc_nci: [INFO:nfa_sys_ptim.cc(163)] ptim timer stop
01-14 00:18:32.082  3247  3425 I libnfc_nci: [INFO:nfa_rw_act.cc(192)] Stopped presence check timer (if started)
01-14 00:18:32.082  3247  3425 I libnfc_nci: [INFO:NativeNfcManager.cpp(276)] nfaConnectionCallback: event= 6
01-14 00:18:32.082  3247  3425 I libnfc_nci: [INFO:NativeNfcManager.cpp(429)] nfaConnectionCallback: NFA_DEACTIVATED_EVT   Type: 1, gIsTagDeactivating: 1
01-14 00:18:32.082  3247  3425 I libnfc_nci: [INFO:NfcTag.cpp(148)] NfcTag::setDeactivationState: state=1
01-14 00:18:32.082  3247  3425 I libnfc_nci: [INFO:nfa_dm_discover.cc(1685)] old_state: POLL_ACTIVE (4), new_state: W4_HOST_SELECT (3) disc_flags: 0x1
01-14 00:18:32.082  3247  3425 I libnfc_nci: [INFO:nfa_dm_discover.cc(2571)] new state: W4_HOST_SELECT (3), disc_flags: 0x1
01-14 00:18:32.082  3247  3247 I libnfc_nci: [INFO:NativeNfcTag.cpp(690)] reSelect: select interface 128
01-14 00:18:32.082  3247  3247 I libnfc_nci: [INFO:nfa_dm_api.cc(800)] rf_disc_id:0x1, protocol:0x80, rf_interface:0x80
01-14 00:18:32.082  3247  3425 I libnfc_nci: [INFO:nfa_sys_main.cc(77)] NFA got event 0x0111
01-14 00:18:32.082  3247  3425 I libnfc_nci: [INFO:nfa_dm_main.cc(122)] event: NFA_DM_API_SELECT_EVT (0x11)
01-14 00:18:32.082  3247  3425 I libnfc_nci: [INFO:nfa_dm_act.cc(1322)] nfa_dm_act_select
01-14 00:18:32.082  3247  3425 I libnfc_nci: [INFO:nfa_dm_discover.cc(2721)] rf_disc_id:0x1, protocol:0x80, rf_interface:0x80
01-14 00:18:32.083  3247  3425 I libnfc_nci: [INFO:nfa_dm_discover.cc(2518)] state: W4_HOST_SELECT (3), event: SELECT_CMD(3) disc_flags: 0x11
01-14 00:18:32.083  3247  3425 I libnfc_nci: [INFO:NfcAdaptation.cc(751)] NfcAdaptation::HalWrite
01-14 00:18:32.083   764   764 D NxpExtns: find found MIFARE_READER_ENABLE=(0x1)
01-14 00:18:32.083   764   764 D NfccPowerTracker: NfccPowerTracker::ProcessCmd: Enter,Recieved len :6
01-14 00:18:32.083   764  3436 D NxpTml  : PN54X - Write requested.....
01-14 00:18:32.083   764  3436 D NxpTml  : PN54X - Invoking I2C Write.....
01-14 00:18:32.085   764  3436 D NxpNciX : len =   6 > 210403018080
01-14 00:18:32.085   764  3436 D NxpTml  : PN54X - I2C Write successful.....
01-14 00:18:32.085   764  3436 D NxpTml  : PN54X - Posting Fresh Write message.....
01-14 00:18:32.085   764  3436 D NxpTml  : PN54X - Tml Writer Thread Running................
01-14 00:18:32.085   764  3438 D NxpHal  : write successful status = 0x0
01-14 00:18:32.086  3247  3425 I libnfc_nci: [INFO:nfa_dm_discover.cc(2571)] new state: W4_HOST_SELECT (3), disc_flags: 0x11
01-14 00:18:32.090   764  3435 D NxpTml  : PN54X - I2C Read successful.....
01-14 00:18:32.090   764  3435 D NxpNciR : len =   4 > 41040100
01-14 00:18:32.091   764  3435 D NxpTml  : PN54X - Posting read message.....
01-14 00:18:32.091   764  3438 D NxpHal  : read successful status = 0x0
01-14 00:18:32.091  3247  3425 I libnfc_nci: [INFO:nfc_ncif.cc(399)] NFC received rsp gid:1
01-14 00:18:32.091  3247  3425 I libnfc_nci: [INFO:nfa_dm_discover.cc(694)] event:0x4003
01-14 00:18:32.091  3247  3425 I libnfc_nci: [INFO:nfa_dm_discover.cc(2518)] state: W4_HOST_SELECT (3), event: SELECT_RSP(4) disc_flags: 0x11
01-14 00:18:32.091  3247  3425 I libnfc_nci: [INFO:NativeNfcManager.cpp(276)] nfaConnectionCallback: event= 3
01-14 00:18:32.091  3247  3425 I libnfc_nci: [INFO:NativeNfcManager.cpp(333)] nfaConnectionCallback: NFA_SELECT_RESULT_EVT: status = 0, gIsSelectingRfInterface = 1,
 sIsDisabling=0
01-14 00:18:32.091  3247  3425 I libnfc_nci: [INFO:nfa_dm_discover.cc(2571)] new state: W4_HOST_SELECT (3), disc_flags: 0x1
