01-15 01:52:56.199  3104 13233 I libnfc_nci: [INFO:nfc_ncif.cc(399)] NFC received rsp gid:0
01-15 01:52:56.200  3104 13233 I libnfc_nci: [INFO:nci_hrcv.cc(62)] nci_proc_core_rsp opcode:0x3
01-15 01:52:56.200  3104 13233 I libnfc_nci: [INFO:nfa_dm_act.cc(268)] NFC_GET_CONFIG_REVT(0x5003)
01-15 01:52:56.200  3104 13233 I libnfc_nci: [INFO:NativeNfcManager.cpp(729)] nfaDeviceManagementCallback: enter; event=0x3
01-15 01:52:56.200   767 13235 D NxpTml  : PN54X - Read requested.....
01-15 01:52:56.200  3104 13233 I libnfc_nci: [INFO:NativeNfcManager.cpp(763)] nfaDeviceManagementCallback: NFA_DM_GET_CONFIG_EVT
01-15 01:52:56.200   767 13235 D NxpTml  : PN54X - Invoking I2C Read.....
01-15 01:52:56.200  3104  4210 I libnfc_nci: [INFO:NativeNfcManager.cpp(1136)] nfcManager_doInitialize: lfT3tMax=4
01-15 01:52:56.200  3104  4210 I libnfc_nci: [INFO:PowerSwitch.cpp(154)] PowerSwitch::setLevel: level=PS-LOW-POWER (2)
01-15 01:52:56.200  3104  4210 I libnfc_nci: [INFO:PowerSwitch.cpp(201)] PowerSwitch::setLevel: actual power level=PS-FULL
01-15 01:52:56.200  3104  4210 I libnfc_nci: [INFO:NativeNfcManager.cpp(1165)] nfcManager_doInitialize: exit
01-15 01:52:56.205  3104  4210 D NfcService: NCI_Version: 16
01-15 01:52:56.206  3104  4210 D NdefPushServer: start, thread = null
01-15 01:52:56.206  3104  4210 D NdefPushServer: starting new server thread
01-15 01:52:56.208  3104 13248 D NdefPushServer: about create LLCP service socket
01-15 01:52:56.208  3104 13248 I libnfc_nci: [INFO:NativeNfcManager.cpp(1370)] nfcManager_doCreateLlcpServiceSocket: enter: sap=16; name=com.android.npp; miu=248; r
w=1; buffLen=1024
01-15 01:52:56.208  3104 13248 I libnfc_nci: [INFO:PeerToPeer.cpp(195)] PeerToPeer::registerServer: enter; service name: com.android.npp  JNI handle: 7
01-15 01:52:56.209  3104 13248 I libnfc_nci: [INFO:PeerToPeer.cpp(217)] PeerToPeer::registerServer: added new p2p server  index: 0  handle: 7  name: com.android.npp
01-15 01:52:56.209  3104 13248 I libnfc_nci: [INFO:PeerToPeer.cpp(1606)] P2pServer::registerWithStack: enter; service name: com.android.npp  JNI handle: 7
01-15 01:52:56.209  3104 13248 I libnfc_nci: [INFO:nfa_p2p_api.cc(973)] link_miu:2175, opt:0x03, wt:8, link_timeout:1000
01-15 01:52:56.209  3104 13248 I libnfc_nci: [INFO:nfa_p2p_api.cc(976)]                        inact_timeout(init:0, target:0), symm_delay:20, data_link_timeout:200
0
01-15 01:52:56.209  3104 13248 I libnfc_nci: [INFO:nfa_p2p_api.cc(980)]                        delay_first_pdu_timeout:50
01-15 01:52:56.209  3104 13248 I libnfc_nci: [INFO:nfa_p2p_api.cc(69)] server_sap:0xff, link_type:0x2, SN:<com.android.npp>
01-15 01:52:56.209  3104 13248 I libnfc_nci: [INFO:PeerToPeer.cpp(1650)] P2pServer::registerWithStack: wait for listen-completion event
01-15 01:52:56.209  3104 13233 I libnfc_nci: [INFO:nfa_sys_main.cc(77)] NFA got event 0x030C
01-15 01:52:56.209  3104 13233 I libnfc_nci: [INFO:nfa_p2p_main.cc(735)] LLCP State [Link IDLE], Event [API_SET_LLCP_CFG_EVT]
01-15 01:52:56.209  3104 13233 I libnfc_nci: [INFO:llcp_api.cc(101)] link_miu:2175, opt:0x03, wt:8, link_timeout:1000
01-15 01:52:56.209  3104 13233 I libnfc_nci: [INFO:llcp_api.cc(104)]                  inact_timeout (init:0,target:0), symm_delay:20, data_link_timeout:2000
01-15 01:52:56.209  3104 13233 I libnfc_nci: [INFO:llcp_api.cc(108)]                  delay_first_pdu_timeout:50
01-15 01:52:56.209  3104 13233 I libnfc_nci: [INFO:nfa_sys_main.cc(77)] NFA got event 0x0300
01-15 01:52:56.210  3104 13233 I libnfc_nci: [INFO:nfa_p2p_main.cc(735)] LLCP State [Link IDLE], Event [API_REG_SERVER]
01-15 01:52:56.210  3104 13233 I libnfc_nci: [INFO:nfa_p2p_act.cc(617)] nfa_p2p_reg_server
01-15 01:52:56.210  3104 13233 I libnfc_nci: [INFO:llcp_api.cc(369)] SAP:0xff, link_type:0x2, ServiceName:<com.android.npp>
01-15 01:52:56.210  3104 13233 I libnfc_nci: [INFO:llcp_api.cc(453)] Registered SAP = 0x10
01-15 01:52:56.210  3104 13233 I libnfc_nci: [INFO:nfa_p2p_main.cc(587)] sys_id = 3, update_wks = 0
01-15 01:52:56.210  3104 13233 I libnfc_nci: [INFO:PeerToPeer.cpp(1219)] PeerToPeer::nfaServerCallback: enter; event=0x0
01-15 01:52:56.210  3104 13233 I libnfc_nci: [INFO:PeerToPeer.cpp(1225)] PeerToPeer::nfaServerCallback: NFA_P2P_REG_SERVER_EVT; handle: 0x0510; service sap=0x10  na
me: com.android.npp
01-15 01:52:56.210  3104 13233 I libnfc_nci: [INFO:PeerToPeer.cpp(1377)] PeerToPeer::nfaServerCallback: exit
01-15 01:52:56.210  3104 13249 I libnfc_nci: [INFO:NativeNfcManager.cpp(1370)] nfcManager_doCreateLlcpServiceSocket: enter: sap=20; name=urn:nfc:sn:handover; miu=12
8; rw=1; buffLen=1024
01-15 01:52:56.210  3104 13249 I libnfc_nci: [INFO:PeerToPeer.cpp(195)] PeerToPeer::registerServer: enter; service name: urn:nfc:sn:handover  JNI handle: 8
01-15 01:52:56.210  3104 13249 I libnfc_nci: [INFO:PeerToPeer.cpp(217)] PeerToPeer::registerServer: added new p2p server  index: 1  handle: 8  name: urn:nfc:sn:hand
over
01-15 01:52:56.210  3104 13249 I libnfc_nci: [INFO:PeerToPeer.cpp(1606)] P2pServer::registerWithStack: enter; service name: urn:nfc:sn:handover  JNI handle: 8
01-15 01:52:56.210  3104 13249 I libnfc_nci: [INFO:nfa_p2p_api.cc(973)] link_miu:2175, opt:0x03, wt:8, link_timeout:1000
01-15 01:52:56.210  3104 13249 I libnfc_nci: [INFO:nfa_p2p_api.cc(976)]                        inact_timeout(init:0, target:0), symm_delay:20, data_link_timeout:200
0
01-15 01:52:56.210  3104 13249 I libnfc_nci: [INFO:nfa_p2p_api.cc(980)]                        delay_first_pdu_timeout:50
01-15 01:52:56.210  3104 13249 I libnfc_nci: [INFO:nfa_p2p_api.cc(69)] server_sap:0xff, link_type:0x2, SN:<urn:nfc:sn:handover>
01-15 01:52:56.211  3104 13249 I libnfc_nci: [INFO:PeerToPeer.cpp(1650)] P2pServer::registerWithStack: wait for listen-completion event
01-15 01:52:56.211  3104 13248 I libnfc_nci: [INFO:PeerToPeer.cpp(232)] PeerToPeer::registerServer: got new p2p server h=0x510
01-15 01:52:56.211  3104 13248 I libnfc_nci: [INFO:NativeNfcManager.cpp(1404)] nfcManager_doCreateLlcpServiceSocket: socket Handle = 0x7
01-15 01:52:56.211  3104 13248 I libnfc_nci: [INFO:NativeNfcManager.cpp(1411)] nfcManager_doCreateLlcpServiceSocket: buffer length = 1024
01-15 01:52:56.211  3104 13248 I libnfc_nci: [INFO:NativeNfcManager.cpp(1417)] nfcManager_doCreateLlcpServiceSocket: MIU = 248
01-15 01:52:56.211  3104 13248 I libnfc_nci: [INFO:NativeNfcManager.cpp(1423)] nfcManager_doCreateLlcpServiceSocket:  RW = 1
01-15 01:52:56.211  3104 13248 I libnfc_nci: [INFO:NativeNfcManager.cpp(1427)] nfcManager_doCreateLlcpServiceSocket: exit
01-15 01:52:56.212  3104 13248 D NdefPushServer: created LLCP service socket
01-15 01:52:56.212  3104 13248 D NdefPushServer: about to accept
01-15 01:52:56.212  3104 13248 I libnfc_nci: [INFO:NativeLlcpServiceSocket.cpp(59)] nativeLlcpServiceSocket_doAccept: enter
01-15 01:52:56.212  3104 13248 I libnfc_nci: [INFO:PeerToPeer.cpp(433)] PeerToPeer::accept: enter; server jni handle: 7; conn jni handle: 9; maxInfoUnit: 248; recvW
indow: 1
01-15 01:52:56.212  3104 13248 I libnfc_nci: [INFO:PeerToPeer.cpp(1676)] P2pServer::accept: serverJniHandle: 7; connJniHandle: 9; wait for incoming connection
01-15 01:52:56.214  3104 13233 I libnfc_nci: [INFO:nfa_sys_main.cc(77)] NFA got event 0x030C
01-15 01:52:56.214  3104 13233 I libnfc_nci: [INFO:nfa_p2p_main.cc(735)] LLCP State [Link IDLE], Event [API_SET_LLCP_CFG_EVT]
01-15 01:52:56.214  3104 13233 I libnfc_nci: [INFO:llcp_api.cc(101)] link_miu:2175, opt:0x03, wt:8, link_timeout:1000
01-15 01:52:56.214  3104 13233 I libnfc_nci: [INFO:llcp_api.cc(104)]                  inact_timeout (init:0,target:0), symm_delay:20, data_link_timeout:2000
01-15 01:52:56.214  3104 13233 I libnfc_nci: [INFO:llcp_api.cc(108)]                  delay_first_pdu_timeout:50
01-15 01:52:56.214  3104 13233 I libnfc_nci: [INFO:nfa_sys_main.cc(77)] NFA got event 0x0300
01-15 01:52:56.215  3104 13233 I libnfc_nci: [INFO:nfa_p2p_main.cc(735)] LLCP State [Link IDLE], Event [API_REG_SERVER]
01-15 01:52:56.215  3104 13233 I libnfc_nci: [INFO:nfa_p2p_act.cc(617)] nfa_p2p_reg_server
01-15 01:52:56.215  3104 13233 I libnfc_nci: [INFO:llcp_api.cc(369)] SAP:0xff, link_type:0x2, ServiceName:<urn:nfc:sn:handover>
01-15 01:52:56.215  3104 13233 I libnfc_nci: [INFO:llcp_api.cc(453)] Registered SAP = 0x11
01-15 01:52:56.216  3104 13233 I libnfc_nci: [INFO:PeerToPeer.cpp(1219)] PeerToPeer::nfaServerCallback: enter; event=0x0
01-15 01:52:56.216  3104 13233 I libnfc_nci: [INFO:PeerToPeer.cpp(1225)] PeerToPeer::nfaServerCallback: NFA_P2P_REG_SERVER_EVT; handle: 0x0511; service sap=0x11  na
me: urn:nfc:sn:handover
01-15 01:52:56.216  3104 13233 I libnfc_nci: [INFO:PeerToPeer.cpp(1377)] PeerToPeer::nfaServerCallback: exit
01-15 01:52:56.217  3104 13249 I libnfc_nci: [INFO:PeerToPeer.cpp(232)] PeerToPeer::registerServer: got new p2p server h=0x511
01-15 01:52:56.217  3104 13247 I libnfc_nci: [INFO:NativeNfcManager.cpp(1370)] nfcManager_doCreateLlcpServiceSocket: enter: sap=4; name=urn:nfc:sn:snep; miu=1980; r
w=2; buffLen=1024
01-15 01:52:56.217  3104 13247 I libnfc_nci: [INFO:PeerToPeer.cpp(195)] PeerToPeer::registerServer: enter; service name: urn:nfc:sn:snep  JNI handle: 10
01-15 01:52:56.217  3104 13247 I libnfc_nci: [INFO:PeerToPeer.cpp(217)] PeerToPeer::registerServer: added new p2p server  index: 2  handle: 10  name: urn:nfc:sn:sne
p
01-15 01:52:56.218  3104 13247 I libnfc_nci: [INFO:PeerToPeer.cpp(1606)] P2pServer::registerWithStack: enter; service name: urn:nfc:sn:snep  JNI handle: 10
01-15 01:52:56.218  3104 13247 I libnfc_nci: [INFO:nfa_p2p_api.cc(973)] link_miu:2175, opt:0x03, wt:8, link_timeout:1000
01-15 01:52:56.218  3104 13249 I libnfc_nci: [INFO:NativeNfcManager.cpp(1404)] nfcManager_doCreateLlcpServiceSocket: socket Handle = 0x8
01-15 01:52:56.218  3104 13247 I libnfc_nci: [INFO:nfa_p2p_api.cc(976)]                        inact_timeout(init:0, target:0), symm_delay:20, data_link_timeout:200
0
01-15 01:52:56.218  3104 13247 I libnfc_nci: [INFO:nfa_p2p_api.cc(980)]                        delay_first_pdu_timeout:50
01-15 01:52:56.218  3104 13249 I libnfc_nci: [INFO:NativeNfcManager.cpp(1411)] nfcManager_doCreateLlcpServiceSocket: buffer length = 1024
01-15 01:52:56.218  3104 13249 I libnfc_nci: [INFO:NativeNfcManager.cpp(1417)] nfcManager_doCreateLlcpServiceSocket: MIU = 128
01-15 01:52:56.218  3104 13247 I libnfc_nci: [INFO:nfa_p2p_api.cc(69)] server_sap:0x04, link_type:0x2, SN:<urn:nfc:sn:snep>
01-15 01:52:56.218  3104 13249 I libnfc_nci: [INFO:NativeNfcManager.cpp(1423)] nfcManager_doCreateLlcpServiceSocket:  RW = 1
01-15 01:52:56.218  3104 13247 I libnfc_nci: [INFO:PeerToPeer.cpp(1650)] P2pServer::registerWithStack: wait for listen-completion event
01-15 01:52:56.218  3104 13249 I libnfc_nci: [INFO:NativeNfcManager.cpp(1427)] nfcManager_doCreateLlcpServiceSocket: exit
01-15 01:52:56.218  3104 13249 I libnfc_nci: [INFO:NativeLlcpServiceSocket.cpp(59)] nativeLlcpServiceSocket_doAccept: enter
01-15 01:52:56.218  3104 13249 I libnfc_nci: [INFO:PeerToPeer.cpp(433)] PeerToPeer::accept: enter; server jni handle: 8; conn jni handle: 11; maxInfoUnit: 128; recv
Window: 1
01-15 01:52:56.218  3104 13249 I libnfc_nci: [INFO:PeerToPeer.cpp(1676)] P2pServer::accept: serverJniHandle: 8; connJniHandle: 11; wait for incoming connection
01-15 01:52:56.218  3104 13233 I libnfc_nci: [INFO:nfa_sys_main.cc(77)] NFA got event 0x030C
01-15 01:52:56.218  3104 13233 I libnfc_nci: [INFO:nfa_p2p_main.cc(735)] LLCP State [Link IDLE], Event [API_SET_LLCP_CFG_EVT]
01-15 01:52:56.218  3104 13233 I libnfc_nci: [INFO:llcp_api.cc(101)] link_miu:2175, opt:0x03, wt:8, link_timeout:1000
01-15 01:52:56.218  3104 13233 I libnfc_nci: [INFO:llcp_api.cc(104)]                  inact_timeout (init:0,target:0), symm_delay:20, data_link_timeout:2000
01-15 01:52:56.218  3104 13233 I libnfc_nci: [INFO:llcp_api.cc(108)]                  delay_first_pdu_timeout:50
01-15 01:52:56.218  3104 13233 I libnfc_nci: [INFO:nfa_sys_main.cc(77)] NFA got event 0x0300
01-15 01:52:56.218  3104 13233 I libnfc_nci: [INFO:nfa_p2p_main.cc(735)] LLCP State [Link IDLE], Event [API_REG_SERVER]
01-15 01:52:56.218  3104 13233 I libnfc_nci: [INFO:nfa_p2p_act.cc(617)] nfa_p2p_reg_server
01-15 01:52:56.218  3104 13233 I libnfc_nci: [INFO:llcp_api.cc(369)] SAP:0x4, link_type:0x2, ServiceName:<urn:nfc:sn:snep>
01-15 01:52:56.218  3104 13233 I libnfc_nci: [INFO:llcp_api.cc(453)] Registered SAP = 0x04
01-15 01:52:56.218  3104 13233 I libnfc_nci: [INFO:nfa_p2p_main.cc(587)] sys_id = 3, update_wks = 1
01-15 01:52:56.218  3104 13233 I libnfc_nci: [INFO:PeerToPeer.cpp(1219)] PeerToPeer::nfaServerCallback: enter; event=0x0
01-15 01:52:56.219  3104 13233 I libnfc_nci: [INFO:PeerToPeer.cpp(1225)] PeerToPeer::nfaServerCallback: NFA_P2P_REG_SERVER_EVT; handle: 0x0504; service sap=0x04  na
me: urn:nfc:sn:snep
01-15 01:52:56.219  3104 13233 I libnfc_nci: [INFO:PeerToPeer.cpp(1377)] PeerToPeer::nfaServerCallback: exit
01-15 01:52:56.219  3104 13247 I libnfc_nci: [INFO:PeerToPeer.cpp(232)] PeerToPeer::registerServer: got new p2p server h=0x504
01-15 01:52:56.219  3104 13247 I libnfc_nci: [INFO:NativeNfcManager.cpp(1404)] nfcManager_doCreateLlcpServiceSocket: socket Handle = 0xA
01-15 01:52:56.219  3104  4210 I libnfc_nci: [INFO:NativeNfcManager.cpp(1788)] nfcManager_doSetScreenState: state = 8 prevScreenState= 2, discovry_param = 1
01-15 01:52:56.219  3104 13247 I libnfc_nci: [INFO:NativeNfcManager.cpp(1411)] nfcManager_doCreateLlcpServiceSocket: buffer length = 1024
01-15 01:52:56.219  3104 13247 I libnfc_nci: [INFO:NativeNfcManager.cpp(1417)] nfcManager_doCreateLlcpServiceSocket: MIU = 1980
01-15 01:52:56.219  3104 13247 I libnfc_nci: [INFO:NativeNfcManager.cpp(1423)] nfcManager_doCreateLlcpServiceSocket:  RW = 2
01-15 01:52:56.219  3104 13247 I libnfc_nci: [INFO:NativeNfcManager.cpp(1427)] nfcManager_doCreateLlcpServiceSocket: exit
01-15 01:52:56.219  3104 13247 I libnfc_nci: [INFO:NativeLlcpServiceSocket.cpp(59)] nativeLlcpServiceSocket_doAccept: enter
01-15 01:52:56.219  3104 13247 I libnfc_nci: [INFO:PeerToPeer.cpp(433)] PeerToPeer::accept: enter; server jni handle: 10; conn jni handle: 12; maxInfoUnit: 1980; re
cvWindow: 2
01-15 01:52:56.219  3104 13247 I libnfc_nci: [INFO:PeerToPeer.cpp(1676)] P2pServer::accept: serverJniHandle: 10; connJniHandle: 12; wait for incoming connection
01-15 01:52:56.223  3104  4210 I libnfc_nci: [INFO:NativeNfcManager.cpp(1231)] nfcManager_enableDiscovery: enter; tech_mask = ef
01-15 01:52:56.223  3104  4210 I libnfc_nci: [INFO:PowerSwitch.cpp(154)] PowerSwitch::setLevel: level=PS-FULL (1)
01-15 01:52:56.223  3104  4210 I libnfc_nci: [INFO:NativeNfcManager.cpp(2103)] startRfDiscovery: is start=0
01-15 01:52:56.223  3104  4210 I libnfc_nci: [INFO:NativeNfcTag.cpp(1801)] nativeNfcTag_acquireRfInterfaceMutexLock: try to acquire lock
01-15 01:52:56.223  3104  4210 I libnfc_nci: [INFO:NativeNfcTag.cpp(1804)] nativeNfcTag_acquireRfInterfaceMutexLock: sRfInterfaceMutex lock
01-15 01:52:56.223  3104  4210 I libnfc_nci: [INFO:nfa_dm_api.cc(721)] NFA_StopRfDiscovery
01-15 01:52:56.224  3104 13233 I libnfc_nci: [INFO:nfa_sys_main.cc(77)] NFA got event 0x010F
01-15 01:52:56.224  3104 13233 I libnfc_nci: [INFO:nfa_dm_main.cc(122)] event: NFA_DM_API_STOP_RF_DISCOVERY_EVT (0x0f)
01-15 01:52:56.224  3104 13233 I libnfc_nci: [INFO:nfa_dm_act.cc(1259)] nfa_dm_act_stop_rf_discovery
01-15 01:52:56.224  3104 13233 I libnfc_nci: [INFO:NativeNfcManager.cpp(276)] nfaConnectionCallback: event= 31
01-15 01:52:56.224  3104 13233 I libnfc_nci: [INFO:NativeNfcManager.cpp(311)] nfaConnectionCallback: NFA_RF_DISCOVERY_STOPPED_EVT: status = 0
01-15 01:52:56.224  3104  4210 I libnfc_nci: [INFO:NativeNfcTag.cpp(1819)] nativeNfcTag_releaseRfInterfaceMutexLock: sRfInterfaceMutex unlock
01-15 01:52:56.224  3104  4210 I libnfc_nci: [INFO:NativeNfcTag.cpp(1801)] nativeNfcTag_acquireRfInterfaceMutexLock: try to acquire lock
01-15 01:52:56.225  3104  4210 I libnfc_nci: [INFO:NativeNfcTag.cpp(1804)] nativeNfcTag_acquireRfInterfaceMutexLock: sRfInterfaceMutex lock
01-15 01:52:56.225  3104  4210 I libnfc_nci: [INFO:NativeNfcManager.cpp(2233)] stopPolling_rfDiscoveryDisabled: disable polling
01-15 01:52:56.225  3104  4210 I libnfc_nci: [INFO:nfa_dm_api.cc(477)] NFA_DisablePolling
01-15 01:52:56.225  3104 13233 I libnfc_nci: [INFO:nfa_sys_main.cc(77)] NFA got event 0x0107
01-15 01:52:56.225  3104 13233 I libnfc_nci: [INFO:nfa_dm_main.cc(122)] event: NFA_DM_API_DISABLE_POLLING_EVT (0x07)
01-15 01:52:56.225  3104 13233 I libnfc_nci: [INFO:nfa_dm_act.cc(1042)] nfa_dm_act_disable_polling
01-15 01:52:56.225  3104 13233 I libnfc_nci: [INFO:NativeNfcManager.cpp(276)] nfaConnectionCallback: event= 1
01-15 01:52:56.225  3104 13233 I libnfc_nci: [INFO:NativeNfcManager.cpp(291)] nfaConnectionCallback: NFA_POLL_DISABLED_EVT: status = 3
01-15 01:52:56.241  3104  4210 I libnfc_nci: [INFO:NativeNfcTag.cpp(1819)] nativeNfcTag_releaseRfInterfaceMutexLock: sRfInterfaceMutex unlock
01-15 01:52:56.241  3104  4210 I libnfc_nci: [INFO:NativeNfcTag.cpp(1801)] nativeNfcTag_acquireRfInterfaceMutexLock: try to acquire lock
01-15 01:52:56.241  3104  4210 I libnfc_nci: [INFO:NativeNfcTag.cpp(1804)] nativeNfcTag_acquireRfInterfaceMutexLock: sRfInterfaceMutex lock
01-15 01:52:56.242  3104  4210 I libnfc_nci: [INFO:NativeNfcManager.cpp(2211)] startPolling_rfDiscoveryDisabled: enable polling
01-15 01:52:56.242  3104  4210 I libnfc_nci: [INFO:nfa_dm_api.cc(443)] 0xEF
01-15 01:52:56.242  3104  4210 I libnfc_nci: [INFO:NativeNfcManager.cpp(2215)] startPolling_rfDiscoveryDisabled: wait for enable event
01-15 01:52:56.242  3104 13233 I libnfc_nci: [INFO:nfa_sys_main.cc(77)] NFA got event 0x0106
01-15 01:52:56.242  3104 13233 I libnfc_nci: [INFO:nfa_dm_main.cc(122)] event: NFA_DM_API_ENABLE_POLLING_EVT (0x06)
01-15 01:52:56.242  3104 13233 I libnfc_nci: [INFO:nfa_dm_act.cc(977)] nfa_dm_act_enable_polling
01-15 01:52:56.242  3104 13233 I libnfc_nci: [INFO:nfa_dm_act.cc(908)] nfa_dm_start_polling
01-15 01:52:56.242  3104 13233 I libnfc_nci: [INFO:nfa_dm_discover.cc(2591)] disc_mask=0x7d7f
01-15 01:52:56.242  3104 13233 I libnfc_nci: [INFO:NativeNfcManager.cpp(276)] nfaConnectionCallback: event= 0
01-15 01:52:56.242  3104 13233 I libnfc_nci: [INFO:NativeNfcManager.cpp(282)] nfaConnectionCallback: NFA_POLL_ENABLED_EVT: status = 0
01-15 01:52:56.242  3104  4210 I libnfc_nci: [INFO:NativeNfcTag.cpp(1819)] nativeNfcTag_releaseRfInterfaceMutexLock: sRfInterfaceMutex unlock
01-15 01:52:56.242  3104  4210 I libnfc_nci: [INFO:NativeNfcManager.cpp(1253)] nfcManager_enableDiscovery: Enable p2pListening
01-15 01:52:56.242  3104  4210 I libnfc_nci: [INFO:PeerToPeer.cpp(1119)] PeerToPeer::enableP2pListening: enter isEnable: 1  mIsP2pListening: 0
01-15 01:52:56.243  3104  4210 I libnfc_nci: [INFO:nfa_dm_api.cc(658)] tech_mask:0xC5
01-15 01:52:56.243  3104 13233 I libnfc_nci: [INFO:nfa_sys_main.cc(77)] NFA got event 0x010D
01-15 01:52:56.243  3104 13233 I libnfc_nci: [INFO:nfa_dm_main.cc(122)] event: NFA_DM_API_SET_P2P_LISTEN_TECH_EVT (0x0d)
01-15 01:52:56.243  3104 13233 I libnfc_nci: [INFO:nfa_dm_act.cc(1208)] tech_mask = 197
01-15 01:52:56.243  3104 13233 I libnfc_nci: [INFO:nfa_p2p_main.cc(695)] tech_mask = 0xc5
01-15 01:52:56.243  3104 13233 I libnfc_nci: [INFO:nfa_p2p_main.cc(587)] sys_id = 3, update_wks = 0
01-15 01:52:56.243  3104 13233 I libnfc_nci: [INFO:nfa_dm_discover.cc(2591)] disc_mask=0xc480000
01-15 01:52:56.243  3104 13233 I libnfc_nci: [INFO:NativeNfcManager.cpp(276)] nfaConnectionCallback: event= 33
01-15 01:52:56.243  3104 13233 I libnfc_nci: [INFO:NativeNfcManager.cpp(622)] nfaConnectionCallback: NFA_SET_P2P_LISTEN_TECH_EVT
01-15 01:52:56.243  3104  4210 I libnfc_nci: [INFO:PeerToPeer.cpp(1143)] PeerToPeer::enableP2pListening: exit; mIsP2pListening: 1
01-15 01:52:56.243  3104  4210 I libnfc_nci: [INFO:nfa_dm_api.cc(621)] NFA_ResumeP2p
01-15 01:52:56.243  3104 13233 I libnfc_nci: [INFO:nfa_sys_main.cc(77)] NFA got event 0x010B
01-15 01:52:56.243  3104 13233 I libnfc_nci: [INFO:nfa_dm_main.cc(122)] event: NFA_DM_API_RESUME_P2P_EVT (0x0b)
01-15 01:52:56.243  3104 13233 I libnfc_nci: [INFO:nfa_dm_act.cc(1139)] nfa_dm_act_resume_p2p
01-15 01:52:56.243  3104 13233 I libnfc_nci: [INFO:NativeNfcManager.cpp(276)] nfaConnectionCallback: event= 39
01-15 01:52:56.244  3104 13233 I libnfc_nci: [INFO:NativeNfcManager.cpp(628)] nfaConnectionCallback: unknown event ????
01-15 01:52:56.244  3104  4210 I libnfc_nci: [INFO:nfa_ee_api.cc(434)] handle:<0x0>protocol_mask:<0x4>/<0x0>/<0x0><0x0><0x0><0x0>
01-15 01:52:56.244  3104  4210 I libnfc_nci: [INFO:nfa_ee_main.cc(403)] nfa_ee_find_ecb
01-15 01:52:56.273     0     0 E nq-nci 6-0028: nfc_read : reading 1 bytes.
01-15 01:52:56.276     0     0 E nq-nci 6-0028: nfc_read : reading 3 bytes.
01-15 01:52:56.244  3104 13233 I libnfc_nci: [INFO:nfa_sys_main.cc(77)] NFA got event 0x0206
01-15 01:52:56.244  3104 13233 I libnfc_nci: [INFO:nfa_ee_main.cc(641)] Event API_SET_PROTO_CFG(0x206), State: INIT_DONE(1)
01-15 01:52:56.244  3104 13233 I libnfc_nci: [INFO:nfa_ee_act.cc(208)] nfa_ee_update_route_size nfcee_id:0x0 size_mask_proto:15 size_mask_tech:0
01-15 01:52:56.244  3104 13233 I libnfc_nci: [INFO:nfa_ee_act.cc(304)] nfa_ee_total_lmrt_size size:15
01-15 01:52:56.244  3104 13233 I libnfc_nci: [INFO:nfa_dm_main.cc(194)] flags:0x5
01-15 01:52:56.244  3104 13233 I libnfc_nci: [INFO:nfa_sys_ptim.cc(128)] nfa_sys_ptim_start_timer 0x7bcaa259f0
01-15 01:52:56.244  3104 13233 I libnfc_nci: [INFO:RoutingManager.cpp(735)] RoutingManager::nfaEeCallback: NFA_EE_SET_PROTO_CFG_EVT; status=0x0
01-15 01:52:56.244  3104  4210 I libnfc_nci: [INFO:nfa_ee_api.cc(434)] handle:<0x0>protocol_mask:<0x8>/<0x0>/<0x0><0x8><0x0><0x0>
01-15 01:52:56.244  3104  4210 I libnfc_nci: [INFO:nfa_ee_main.cc(403)] nfa_ee_find_ecb
01-15 01:52:56.244  3104 13233 I libnfc_nci: [INFO:nfa_sys_main.cc(77)] NFA got event 0x0206
01-15 01:52:56.252  3104 13233 I libnfc_nci: [INFO:nfa_ee_main.cc(641)] Event API_SET_PROTO_CFG(0x206), State: INIT_DONE(1)
01-15 01:52:56.252  3104 13233 I libnfc_nci: [INFO:nfa_ee_act.cc(208)] nfa_ee_update_route_size nfcee_id:0x0 size_mask_proto:15 size_mask_tech:0
01-15 01:52:56.252  3104 13233 I libnfc_nci: [INFO:nfa_ee_act.cc(304)] nfa_ee_total_lmrt_size size:15
01-15 01:52:56.252  3104 13233 I libnfc_nci: [INFO:nfa_dm_main.cc(194)] flags:0x5
01-15 01:52:56.252  3104 13233 I libnfc_nci: [INFO:nfa_sys_ptim.cc(128)] nfa_sys_ptim_start_timer 0x7bcaa259f0
01-15 01:52:56.252  3104 13233 I libnfc_nci: [INFO:RoutingManager.cpp(735)] RoutingManager::nfaEeCallback: NFA_EE_SET_PROTO_CFG_EVT; status=0x0
01-15 01:52:56.253  3104  4210 I libnfc_nci: [INFO:nfa_ee_api.cc(303)] handle:<0x0>technology_mask:<0x1>/<0x0>/<0x0><0x1><0x1><0x1>
01-15 01:52:56.253  3104  4210 I libnfc_nci: [INFO:nfa_ee_main.cc(403)] nfa_ee_find_ecb
01-15 01:52:56.253  3104 13233 I libnfc_nci: [INFO:nfa_sys_main.cc(77)] NFA got event 0x0204
01-15 01:52:56.253  3104 13233 I libnfc_nci: [INFO:nfa_ee_main.cc(641)] Event API_SET_TECH_CFG(0x204), State: INIT_DONE(1)
01-15 01:52:56.253  3104 13233 I libnfc_nci: [INFO:nfa_ee_act.cc(208)] nfa_ee_update_route_size nfcee_id:0x0 size_mask_proto:15 size_mask_tech:5
01-15 01:52:56.253  3104 13233 I libnfc_nci: [INFO:nfa_ee_act.cc(304)] nfa_ee_total_lmrt_size size:20
01-15 01:52:56.253  3104 13233 I libnfc_nci: [INFO:nfa_dm_main.cc(194)] flags:0x5
01-15 01:52:56.253  3104 13233 I libnfc_nci: [INFO:nfa_sys_ptim.cc(128)] nfa_sys_ptim_start_timer 0x7bcaa259f0
01-15 01:52:56.254  3104 13233 I libnfc_nci: [INFO:RoutingManager.cpp(721)] RoutingManager::nfaEeCallback: NFA_EE_SET_TECH_CFG_EVT; status=0x0
01-15 01:52:56.254  3104  4210 I libnfc_nci: [INFO:nfa_ee_api.cc(303)] handle:<0x0>technology_mask:<0x4>/<0x0>/<0x0><0x4><0x4><0x4>
01-15 01:52:56.254  3104  4210 I libnfc_nci: [INFO:nfa_ee_main.cc(403)] nfa_ee_find_ecb
01-15 01:52:56.254  3104 13233 I libnfc_nci: [INFO:nfa_sys_main.cc(77)] NFA got event 0x0204
01-15 01:52:56.254  3104 13233 I libnfc_nci: [INFO:nfa_ee_main.cc(641)] Event API_SET_TECH_CFG(0x204), State: INIT_DONE(1)
01-15 01:52:56.254  3104 13233 I libnfc_nci: [INFO:nfa_ee_act.cc(208)] nfa_ee_update_route_size nfcee_id:0x0 size_mask_proto:15 size_mask_tech:10
01-15 01:52:56.254  3104 13233 I libnfc_nci: [INFO:nfa_ee_act.cc(304)] nfa_ee_total_lmrt_size size:25
01-15 01:52:56.254  3104 13233 I libnfc_nci: [INFO:nfa_dm_main.cc(194)] flags:0x5
01-15 01:52:56.254  3104 13233 I libnfc_nci: [INFO:nfa_sys_ptim.cc(128)] nfa_sys_ptim_start_timer 0x7bcaa259f0
01-15 01:52:56.255  3104 13233 I libnfc_nci: [INFO:RoutingManager.cpp(721)] RoutingManager::nfaEeCallback: NFA_EE_SET_TECH_CFG_EVT; status=0x0
01-15 01:52:56.255  3104  4210 I libnfc_nci: [INFO:RoutingManager.cpp(310)] RoutingManager::commitRouting
01-15 01:52:56.255  3104  4210 I libnfc_nci: [INFO:nfa_ee_api.cc(803)] NFA_EeUpdateNow
01-15 01:52:56.255  3104 13233 I libnfc_nci: [INFO:nfa_sys_main.cc(77)] NFA got event 0x020D
01-15 01:52:56.255  3104 13233 I libnfc_nci: [INFO:nfa_ee_main.cc(641)] Event API_UPDATE_NOW(0x20d), State: INIT_DONE(1)
01-15 01:52:56.255  3104 13233 I libnfc_nci: [INFO:nfa_sys_ptim.cc(156)] nfa_sys_ptim_stop_timer 0x7bcaa259f0
01-15 01:52:56.255  3104 13233 I libnfc_nci: [INFO:nfa_sys_ptim.cc(163)] ptim timer stop
01-15 01:52:56.255  3104 13233 I libnfc_nci: [INFO:nfa_ee_act.cc(2713)] nfa_ee_rout_timeout
01-15 01:52:56.255  3104 13233 I libnfc_nci: [INFO:nfa_ee_act.cc(2673)] ee_cfged: 0x90 ee_cfg_sts: 0x00
01-15 01:52:56.255  3104 13233 I libnfc_nci: [INFO:nfa_ee_act.cc(2684)] 0: ecb_flags  : 0x06, mask: 0x10
01-15 01:52:56.255  3104 13233 I libnfc_nci: [INFO:nfa_ee_act.cc(2840)] nfa_ee_update_rout ee_cfg_sts:0x00
01-15 01:52:56.255  3104 13233 I libnfc_nci: [INFO:nfa_ee_main.cc(641)] Event CFG_TO_NFCC(0x21b), State: INIT_DONE(1)
01-15 01:52:56.255  3104 13233 I libnfc_nci: [INFO:nfa_ee_act.cc(2786)] last_active: 0x1
01-15 01:52:56.255  3104 13233 I libnfc_nci: [INFO:nfa_ee_act.cc(2807)] nfa_ee_lmrt_to_nfcc --add the routing for NFCEEs!!
01-15 01:52:56.255  3104 13233 I libnfc_nci: [INFO:nfa_ee_act.cc(2560)] nfa_ee_route_add_one_ecb_by_route_order - max_len:720, cur_offset:0, more:1, num_tlv:0,rout_
type:- 1
01-15 01:52:56.255  3104 13233 I libnfc_nci: [INFO:nfa_ee_act.cc(463)] nfa_ee_add_aid_route_to_ecb - No AID entries available
01-15 01:52:56.255  3104 13233 I libnfc_nci: [INFO:nfa_ee_act.cc(304)] nfa_ee_total_lmrt_size size:25
01-15 01:52:56.255  3104 13233 I libnfc_nci: [INFO:nfa_ee_act.cc(2606)] ee_cfg_sts:0x00 lmrt_size:25
01-15 01:52:56.255  3104 13233 I libnfc_nci: [INFO:nfa_ee_act.cc(2815)] nfa_ee_lmrt_to_nfcc --add the routing for DH!!
01-15 01:52:56.255  3104 13233 I libnfc_nci: [INFO:nfa_ee_act.cc(2560)] nfa_ee_route_add_one_ecb_by_route_order - max_len:720, cur_offset:0, more:1, num_tlv:0,rout_
type:- 1
01-15 01:52:56.255  3104 13233 I libnfc_nci: [INFO:nfa_ee_act.cc(463)] nfa_ee_add_aid_route_to_ecb - No AID entries available
01-15 01:52:56.255  3104 13233 I libnfc_nci: [INFO:nfa_ee_act.cc(304)] nfa_ee_total_lmrt_size size:25
01-15 01:52:56.255  3104 13233 I libnfc_nci: [INFO:nfa_ee_act.cc(2606)] ee_cfg_sts:0x01 lmrt_size:25
01-15 01:52:56.256  3104 13233 I libnfc_nci: [INFO:nfa_ee_act.cc(2807)] nfa_ee_lmrt_to_nfcc --add the routing for NFCEEs!!
01-15 01:52:56.256  3104 13233 I libnfc_nci: [INFO:nfa_ee_act.cc(2560)] nfa_ee_route_add_one_ecb_by_route_order - max_len:720, cur_offset:0, more:1, num_tlv:0,rout_
type:- 2
01-15 01:52:56.256  3104 13233 I libnfc_nci: [INFO:nfa_ee_act.cc(2591)] nfa_ee_route_add_one_ecb_by_route_order -  Route type - NA:- 2
01-15 01:52:56.256  3104 13233 I libnfc_nci: [INFO:nfa_ee_act.cc(304)] nfa_ee_total_lmrt_size size:25
01-15 01:52:56.256  3104 13233 I libnfc_nci: [INFO:nfa_ee_act.cc(2606)] ee_cfg_sts:0x01 lmrt_size:25
01-15 01:52:56.256  3104 13233 I libnfc_nci: [INFO:nfa_ee_act.cc(2815)] nfa_ee_lmrt_to_nfcc --add the routing for DH!!
01-15 01:52:56.256  3104 13233 I libnfc_nci: [INFO:nfa_ee_act.cc(2560)] nfa_ee_route_add_one_ecb_by_route_order - max_len:720, cur_offset:0, more:1, num_tlv:0,rout_
type:- 2
01-15 01:52:56.256  3104 13233 I libnfc_nci: [INFO:nfa_ee_act.cc(2591)] nfa_ee_route_add_one_ecb_by_route_order -  Route type - NA:- 2
01-15 01:52:56.256  3104 13233 I libnfc_nci: [INFO:nfa_ee_act.cc(304)] nfa_ee_total_lmrt_size size:25
01-15 01:52:56.256  3104 13233 I libnfc_nci: [INFO:nfa_ee_act.cc(2606)] ee_cfg_sts:0x01 lmrt_size:25
01-15 01:52:56.256  3104 13233 I libnfc_nci: [INFO:nfa_ee_act.cc(2807)] nfa_ee_lmrt_to_nfcc --add the routing for NFCEEs!!
01-15 01:52:56.256  3104 13233 I libnfc_nci: [INFO:nfa_ee_act.cc(2560)] nfa_ee_route_add_one_ecb_by_route_order - max_len:720, cur_offset:0, more:1, num_tlv:0,rout_
type:- 3
01-15 01:52:56.256  3104 13233 I libnfc_nci: [INFO:nfa_ee_act.cc(516)] nfa_ee_add_sys_code_route_to_ecb - No SC entries available
01-15 01:52:56.256  3104 13233 I libnfc_nci: [INFO:nfa_ee_act.cc(304)] nfa_ee_total_lmrt_size size:25
01-15 01:52:56.256  3104 13233 I libnfc_nci: [INFO:nfa_ee_act.cc(2606)] ee_cfg_sts:0x01 lmrt_size:25
01-15 01:52:56.256  3104 13233 I libnfc_nci: [INFO:nfa_ee_act.cc(2815)] nfa_ee_lmrt_to_nfcc --add the routing for DH!!
01-15 01:52:56.256  3104 13233 I libnfc_nci: [INFO:nfa_ee_act.cc(2560)] nfa_ee_route_add_one_ecb_by_route_order - max_len:720, cur_offset:0, more:1, num_tlv:0,rout_
type:- 3
01-15 01:52:56.256  3104 13233 I libnfc_nci: [INFO:nfa_ee_act.cc(516)] nfa_ee_add_sys_code_route_to_ecb - No SC entries available
01-15 01:52:56.256  3104 13233 I libnfc_nci: [INFO:nfa_ee_act.cc(304)] nfa_ee_total_lmrt_size size:25
01-15 01:52:56.256  3104 13233 I libnfc_nci: [INFO:nfa_ee_act.cc(2606)] ee_cfg_sts:0x01 lmrt_size:25
01-15 01:52:56.256  3104 13233 I libnfc_nci: [INFO:nfa_ee_act.cc(2807)] nfa_ee_lmrt_to_nfcc --add the routing for NFCEEs!!
01-15 01:52:56.256  3104 13233 I libnfc_nci: [INFO:nfa_ee_act.cc(2560)] nfa_ee_route_add_one_ecb_by_route_order - max_len:720, cur_offset:0, more:1, num_tlv:0,rout_
type:- 4
01-15 01:52:56.256  3104 13233 I libnfc_nci: [INFO:nfa_ee_act.cc(304)] nfa_ee_total_lmrt_size size:25
01-15 01:52:56.256  3104 13233 I libnfc_nci: [INFO:nfa_ee_act.cc(2606)] ee_cfg_sts:0x01 lmrt_size:25
01-15 01:52:56.256  3104 13233 I libnfc_nci: [INFO:nfa_ee_act.cc(2815)] nfa_ee_lmrt_to_nfcc --add the routing for DH!!
01-15 01:52:56.256  3104 13233 I libnfc_nci: [INFO:nfa_ee_act.cc(2560)] nfa_ee_route_add_one_ecb_by_route_order - max_len:720, cur_offset:0, more:1, num_tlv:0,rout_
type:- 4
01-15 01:52:56.256  3104 13233 I libnfc_nci: [INFO:nfa_ee_act.cc(388)] nfa_ee_add_proto_route_to_ecb - NFC DEP added for DH!!!
01-15 01:52:56.256  3104 13233 I libnfc_nci: [INFO:nfa_ee_act.cc(304)] nfa_ee_total_lmrt_size size:25
01-15 01:52:56.256  3104 13233 I libnfc_nci: [INFO:nfa_ee_act.cc(2606)] ee_cfg_sts:0x01 lmrt_size:25
01-15 01:52:56.256  3104 13233 I libnfc_nci: [INFO:nfa_ee_act.cc(2807)] nfa_ee_lmrt_to_nfcc --add the routing for NFCEEs!!
01-15 01:52:56.256  3104 13233 I libnfc_nci: [INFO:nfa_ee_act.cc(2560)] nfa_ee_route_add_one_ecb_by_route_order - max_len:720, cur_offset:15, more:1, num_tlv:3,rout
_type:- 5
01-15 01:52:56.256  3104 13233 I libnfc_nci: [INFO:nfa_ee_act.cc(304)] nfa_ee_total_lmrt_size size:25
01-15 01:52:56.256  3104 13233 I libnfc_nci: [INFO:nfa_ee_act.cc(2606)] ee_cfg_sts:0x01 lmrt_size:25
01-15 01:52:56.256  3104 13233 I libnfc_nci: [INFO:nfa_ee_act.cc(2815)] nfa_ee_lmrt_to_nfcc --add the routing for DH!!
01-15 01:52:56.291     0     0 E nq-nci 6-0028: nfc_read : reading 2 bytes.
01-15 01:52:56.256  3104 13233 I libnfc_nci: [INFO:nfa_ee_act.cc(2560)] nfa_ee_route_add_one_ecb_by_route_order - max_len:720, cur_offset:15, more:0, num_tlv:3,rout
_type:- 5
01-15 01:52:56.256  3104 13233 I libnfc_nci: [INFO:nfa_ee_act.cc(304)] nfa_ee_total_lmrt_size size:25
01-15 01:52:56.256  3104 13233 I libnfc_nci: [INFO:nfa_ee_act.cc(2606)] ee_cfg_sts:0x01 lmrt_size:25
01-15 01:52:56.256  3104 13233 I libnfc_nci: [INFO:nfa_ee_act.cc(2617)] nfa_ee_route_add_one_ecb_by_route_order : set routing num_tlv:5 tlv_size:25
01-15 01:52:56.299     0     0 E nq-nci 6-0028: nfc_read : reading 3 bytes.
01-15 01:52:56.256  3104 13233 I libnfc_nci: [INFO:NfcAdaptation.cc(751)] NfcAdaptation::HalWrite
01-15 01:52:56.257   767   767 D NxpExtns: find found MIFARE_READER_ENABLE=(0x1)
01-15 01:52:56.257   767   767 D NfccPowerTracker: NfccPowerTracker::ProcessCmd: Enter,Recieved len :30
01-15 01:52:56.257   761   914 W SDM     : HWPrimary::PopulateDisplayAttributes: Driver doesn't report panel physical width and height - defaulting to 320dpi
01-15 01:52:56.257   767 13236 D NxpTml  : PN54X - Write requested.....
01-15 01:52:56.257   767 13236 D NxpTml  : PN54X - Invoking I2C Write.....
01-15 01:52:56.258  1342  2749 I MMParserExtractor: Created(0x32a2970210)
01-15 01:52:56.261   767 13236 D NxpNciX : len =  30 > 21011B000501030001030103000104010300010500030001000003000102
01-15 01:52:56.261   767 13236 D NxpTml  : PN54X - I2C Write successful.....
01-15 01:52:56.261   767 13236 D NxpTml  : PN54X - Posting Fresh Write message.....
01-15 01:52:56.261   767 13236 D NxpTml  : PN54X - Tml Writer Thread Running................
01-15 01:52:56.261   767 13238 D NxpHal  : write successful status = 0x0
01-15 01:52:56.263  3104 13233 I libnfc_nci: [INFO:nfa_ee_act.cc(2862)] nfa_ee_update_rout ee_cfg_sts:0x10 ee_cfged:0x10
01-15 01:52:56.263   767 13235 D NxpTml  : PN54X - I2C Read successful.....
01-15 01:52:56.263   767 13235 D NxpNciR : len =   4 > 41010100
01-15 01:52:56.263   767 13235 D NxpTml  : PN54X - Posting read message.....
01-15 01:52:56.263   767 13238 D NxpHal  : read successful status = 0x0
01-15 01:52:56.265   767 13235 D NxpTml  : PN54X - Read requested.....
01-15 01:52:56.265   767 13235 D NxpTml  : PN54X - Invoking I2C Read.....
01-15 01:52:56.267  3104 13233 I libnfc_nci: [INFO:nfc_ncif.cc(399)] NFC received rsp gid:1
01-15 01:52:56.267  3104 13233 I libnfc_nci: [INFO:nfa_dm_act.cc(268)] NFC_SET_ROUTING_REVT(0x500a)
01-15 01:52:56.267  3104 13233 I libnfc_nci: [INFO:nfa_ee_main.cc(359)] nfa_ee_proc_evt: event=0x500a int_event:0x218
01-15 01:52:56.267  3104 13233 I libnfc_nci: [INFO:nfa_ee_main.cc(641)] Event NCI_WAIT_RSP(0x218), State: INIT_DONE(1)
01-15 01:52:56.267  3104 13233 I libnfc_nci: [INFO:nfa_ee_act.cc(2248)] ee_wait_evt:0x30 wait_rsp:1
01-15 01:52:56.267  3104 13233 I libnfc_nci: [INFO:nfa_ee_act.cc(2221)] nfa_ee_report_update_evt ee_wait_evt:0x30 wait_rsp:0
01-15 01:52:56.267  3104 13233 I libnfc_nci: [INFO:RoutingManager.cpp(834)] RoutingManager::nfaEeCallback: NFA_EE_UPDATED_EVT
01-15 01:52:56.268  3104  4210 I libnfc_nci: [INFO:NativeNfcManager.cpp(2103)] startRfDiscovery: is start=1
01-15 01:52:56.268  3104  4210 I libnfc_nci: [INFO:NativeNfcTag.cpp(1801)] nativeNfcTag_acquireRfInterfaceMutexLock: try to acquire lock
01-15 01:52:56.268  3104  4210 I libnfc_nci: [INFO:NativeNfcTag.cpp(1804)] nativeNfcTag_acquireRfInterfaceMutexLock: sRfInterfaceMutex lock
01-15 01:52:56.268  3104  4210 I libnfc_nci: [INFO:nfa_dm_api.cc(691)] NFA_StartRfDiscovery
01-15 01:52:56.269  3104 13233 I libnfc_nci: [INFO:nfa_sys_main.cc(77)] NFA got event 0x010E
01-15 01:52:56.269  3104 13233 I libnfc_nci: [INFO:nfa_dm_main.cc(122)] event: NFA_DM_API_START_RF_DISCOVERY_EVT (0x0e)
01-15 01:52:56.269  3104 13233 I libnfc_nci: [INFO:nfa_dm_act.cc(1230)] nfa_dm_act_start_rf_discovery
01-15 01:52:56.269  3104 13233 I libnfc_nci: [INFO:nfa_dm_discover.cc(884)] nfa_dm_start_rf_discover
01-15 01:52:56.269  3104 13233 I libnfc_nci: [INFO:nfa_ee_act.cc(2484)] 1
01-15 01:52:56.269  3104 13233 I libnfc_nci: [INFO:nfa_ee_act.cc(2508)] 0x0, 0x0, 0x0, 0x0
01-15 01:52:56.270  3104 13233 I libnfc_nci: [INFO:nfa_dm_discover.cc(1012)] nfa_dm_cb.disc_cb.entry[0].selected_disc_mask = 0x40000
01-15 01:52:56.270  3104 13233 I libnfc_nci: [INFO:nfa_dm_discover.cc(1012)] nfa_dm_cb.disc_cb.entry[1].selected_disc_mask = 0x7d7f
01-15 01:52:56.270  3104 13233 I libnfc_nci: [INFO:nfa_dm_discover.cc(1012)] nfa_dm_cb.disc_cb.entry[2].selected_disc_mask = 0xc480000
01-15 01:52:56.270  3104 13233 I libnfc_nci: [INFO:nfa_p2p_main.cc(524)] nfa_p2p_set_config
01-15 01:52:56.270  3104 13233 I libnfc_nci: [INFO:llcp_api.cc(231)] LLCP_GetDiscoveryConfig
01-15 01:52:56.270  3104 13233 I libnfc_nci: [INFO:nfa_dm_main.cc(222)] nfa_dm_check_set_config
01-15 01:52:56.270  3104 13233 I libnfc_nci: [INFO:NfcAdaptation.cc(751)] NfcAdaptation::HalWrite
01-15 01:52:56.270   767   767 D NxpExtns: find found MIFARE_READER_ENABLE=(0x1)
01-15 01:52:56.270   767   767 D NfccPowerTracker: NfccPowerTracker::ProcessCmd: Enter,Recieved len :26
01-15 01:52:56.270   767 13236 D NxpTml  : PN54X - Write requested.....
01-15 01:52:56.270   767 13236 D NxpTml  : PN54X - Invoking I2C Write.....
01-15 01:52:56.273   767 13236 D NxpNciX : len =  26 > 20021701291446666D010112020207FF03020013040164070103
01-15 01:52:56.273   767 13236 D NxpTml  : PN54X - I2C Write successful.....
01-15 01:52:56.273   767 13236 D NxpTml  : PN54X - Posting Fresh Write message.....
01-15 01:52:56.273   767 13236 D NxpTml  : PN54X - Tml Writer Thread Running................
01-15 01:52:56.273   767 13238 D NxpHal  : write successful status = 0x0
01-15 01:52:56.275  3104 13233 I libnfc_nci: [INFO:nfa_dm_main.cc(222)] nfa_dm_check_set_config
01-15 01:52:56.313     0     0 E nq-nci 6-0028: nfc_read : reading 2 bytes.
01-15 01:52:56.319     0     0 E nq-nci 6-0028: nfc_read : reading 3 bytes.
01-15 01:52:56.275  3104 13233 I libnfc_nci: [INFO:nfa_dm_main.cc(222)] nfa_dm_check_set_config
01-15 01:52:56.275  3104 13233 I libnfc_nci: [INFO:nfa_dm_discover.cc(1050)] dm_disc_mask = 0xc4c7d7f
01-15 01:52:56.275  3104 13233 I libnfc_nci: [INFO:nfa_dm_discover.cc(280)] tech_proto_mask = 0x0C4C7D7F
01-15 01:52:56.275  3104 13233 I libnfc_nci: [INFO:nfa_dm_main.cc(222)] nfa_dm_check_set_config
01-15 01:52:56.275  3104 13233 I libnfc_nci: [INFO:nfa_dm_discover.cc(370)] nfa_dm_set_total_duration
01-15 01:52:56.275  3104 13233 I libnfc_nci: [INFO:nfa_dm_main.cc(222)] nfa_dm_check_set_config
01-15 01:52:56.275  3104 13233 I libnfc_nci: [INFO:nfc_main.cc(888)] NFC_DiscoveryStart
01-15 01:52:56.275  3104 13233 I libnfc_nci: [INFO:nfc_main.cc(908)] NFC_DiscoveryStart status: 0xe3
01-15 01:52:56.284   767 13235 D NxpTml  : PN54X - I2C Read successful.....
01-15 01:52:56.284   767 13235 D NxpNciR : len =   5 > 4002020000
01-15 01:52:56.284   767 13235 D NxpTml  : PN54X - Posting read message.....
01-15 01:52:56.285   767 13238 D NxpHal  : read successful status = 0x0
01-15 01:52:56.285   767 13238 D NxpHal  : phNxpNciHal_print_res_status: response status =STATUS_OK
01-15 01:52:56.287  3104 13233 I libnfc_nci: [INFO:nfc_ncif.cc(399)] NFC received rsp gid:0
01-15 01:52:56.287  3104 13233 I libnfc_nci: [INFO:nci_hrcv.cc(62)] nci_proc_core_rsp opcode:0x2
01-15 01:52:56.287  3104 13233 I libnfc_nci: [INFO:nfa_dm_act.cc(268)] NFC_SET_CONFIG_REVT(0x5002)
01-15 01:52:56.287  3104 13233 I libnfc_nci: [INFO:NfcAdaptation.cc(751)] NfcAdaptation::HalWrite
01-15 01:52:56.288   767   767 D NxpExtns: find found MIFARE_READER_ENABLE=(0x1)
01-15 01:52:56.288   767   767 D NfccPowerTracker: NfccPowerTracker::ProcessCmd: Enter,Recieved len :29
01-15 01:52:56.288   767 13236 D NxpTml  : PN54X - Write requested.....
01-15 01:52:56.288   767 13236 D NxpTml  : PN54X - Invoking I2C Write.....
01-15 01:52:56.288   767 13235 D NxpTml  : PN54X - Read requested.....
01-15 01:52:56.288   767 13235 D NxpTml  : PN54X - Invoking I2C Read.....
01-15 01:52:56.296   767 13236 D NxpNciX : len =  29 > 20021A02611446666D010112020207FF03020013040164070103600108
01-15 01:52:56.296   767 13236 D NxpTml  : PN54X - I2C Write successful.....
01-15 01:52:56.296   767 13236 D NxpTml  : PN54X - Posting Fresh Write message.....
01-15 01:52:56.296   767 13236 D NxpTml  : PN54X - Tml Writer Thread Running................
01-15 01:52:56.296   767 13238 D NxpHal  : write successful status = 0x0
01-15 01:52:56.297  3104 13253 I OMXClient: IOmx service obtained
01-15 01:52:56.297  1377  2735 I OMXMaster: makeComponentInstance(OMX.google.vorbis.decoder) in android.hardwar process
01-15 01:52:56.303   767 13235 D NxpTml  : PN54X - I2C Read successful.....
01-15 01:52:56.303   767 13235 D NxpNciR : len =   5 > 4002020000
01-15 01:52:56.303   767 13235 D NxpTml  : PN54X - Posting read message.....
01-15 01:52:56.303   767 13238 D NxpHal  : read successful status = 0x0
01-15 01:52:56.303   767 13238 D NxpHal  : phNxpNciHal_print_res_status: response status =STATUS_OK
01-15 01:52:56.308   767 13235 D NxpTml  : PN54X - Read requested.....
01-15 01:52:56.308   767 13235 D NxpTml  : PN54X - Invoking I2C Read.....
01-15 01:52:56.308  3104 13233 I libnfc_nci: [INFO:nfc_ncif.cc(399)] NFC received rsp gid:0
01-15 01:52:56.308  3104 13233 I libnfc_nci: [INFO:nci_hrcv.cc(62)] nci_proc_core_rsp opcode:0x2
01-15 01:52:56.308  3104 13233 I libnfc_nci: [INFO:nfa_dm_act.cc(268)] NFC_SET_CONFIG_REVT(0x5002)
01-15 01:52:56.308  3104 13233 I libnfc_nci: [INFO:NfcAdaptation.cc(751)] NfcAdaptation::HalWrite
01-15 01:52:56.309   767   767 D NxpExtns: find found MIFARE_READER_ENABLE=(0x1)
01-15 01:52:56.309   767   767 D NfccPowerTracker: NfccPowerTracker::ProcessCmd: Enter,Recieved len :19
01-15 01:52:56.310   767 13236 D NxpTml  : PN54X - Write requested.....
01-15 01:52:56.310   767 13236 D NxpTml  : PN54X - Invoking I2C Write.....
01-15 01:52:56.314   767 13236 D NxpNciX : len =  19 > 20021005300104310100320160380100500102
01-15 01:52:56.314   767 13236 D NxpTml  : PN54X - I2C Write successful.....
01-15 01:52:56.314   767 13236 D NxpTml  : PN54X - Posting Fresh Write message.....
01-15 01:52:56.314   767 13236 D NxpTml  : PN54X - Tml Writer Thread Running................
01-15 01:52:56.314   767 13238 D NxpHal  : write successful status = 0x0
01-15 01:52:56.316  1377  2735 E OMXNodeInstance: getConfig(0xe7fb6f00:google.vorbis.decoder, ConfigAndroidVendorExtension(0x6f100004)) ERROR: Undefined(0x80001001)
01-15 01:52:56.319  3104 13253 W ExtendedACodec: Failed to get extension for extradata parameter
01-15 01:52:56.326   767 13235 D NxpTml  : PN54X - I2C Read successful.....
01-15 01:52:56.327   767 13235 D NxpNciR : len =   5 > 4002020000
01-15 01:52:56.327   767 13235 D NxpTml  : PN54X - Posting read message.....
01-15 01:52:56.327   767 13238 D NxpHal  : read successful status = 0x0
01-15 01:52:56.327   767 13238 D NxpHal  : phNxpNciHal_print_res_status: response status =STATUS_OK
01-15 01:52:56.335     0     0 E nq-nci 6-0028: nfc_read : reading 2 bytes.
01-15 01:52:56.329  3104 13233 I libnfc_nci: [INFO:nfc_ncif.cc(399)] NFC received rsp gid:0
01-15 01:52:56.329  3104 13233 I libnfc_nci: [INFO:nci_hrcv.cc(62)] nci_proc_core_rsp opcode:0x2
01-15 01:52:56.330  3104 13233 I libnfc_nci: [INFO:nfa_dm_act.cc(268)] NFC_SET_CONFIG_REVT(0x5002)
01-15 01:52:56.330  3104 13233 I libnfc_nci: [INFO:NfcAdaptation.cc(751)] NfcAdaptation::HalWrite
01-15 01:52:56.333   767   767 D NxpExtns: find found MIFARE_READER_ENABLE=(0x1)
01-15 01:52:56.333   767   767 D NfccPowerTracker: NfccPowerTracker::ProcessCmd: Enter,Recieved len :8
01-15 01:52:56.333   767   767 D NfccPowerTracker: mStandbyTimePerDiscLoopInMillisec value : 500
01-15 01:52:56.334   767 13235 D NxpTml  : PN54X - Read requested.....
01-15 01:52:56.334   767 13236 D NxpTml  : PN54X - Write requested.....
01-15 01:52:56.334   767 13236 D NxpTml  : PN54X - Invoking I2C Write.....
01-15 01:52:56.334   767 13235 D NxpTml  : PN54X - Invoking I2C Read.....
01-15 01:52:56.344     0     0 E nq-nci 6-0028: nfc_read : reading 3 bytes.
01-15 01:52:56.337   767 13236 D NxpNciX : len =   8 > 200205010002F401
01-15 01:52:56.337   767 13236 D NxpTml  : PN54X - I2C Write successful.....
01-15 01:52:56.337   767 13236 D NxpTml  : PN54X - Posting Fresh Write message.....
01-15 01:52:56.337   767 13236 D NxpTml  : PN54X - Tml Writer Thread Running................
01-15 01:52:56.337   767 13238 D NxpHal  : write successful status = 0x0
01-15 01:52:56.341   767 13235 D NxpTml  : PN54X - I2C Read successful.....
01-15 01:52:56.341   767 13235 D NxpNciR : len =   5 > 4002020000
01-15 01:52:56.341   767 13235 D NxpTml  : PN54X - Posting read message.....
01-15 01:52:56.342   767 13238 D NxpHal  : read successful status = 0x0
01-15 01:52:56.342   767 13238 D NxpHal  : phNxpNciHal_print_res_status: response status =STATUS_OK
01-15 01:52:56.343  3104 13233 I libnfc_nci: [INFO:nfc_ncif.cc(399)] NFC received rsp gid:0
01-15 01:52:56.343  3104 13233 I libnfc_nci: [INFO:nci_hrcv.cc(62)] nci_proc_core_rsp opcode:0x2
01-15 01:52:56.343  3104 13233 I libnfc_nci: [INFO:nfa_dm_act.cc(268)] NFC_SET_CONFIG_REVT(0x5002)
01-15 01:52:56.343  3104 13233 I libnfc_nci: [INFO:NfcAdaptation.cc(792)] NfcAdaptation::HalPrediscover
01-15 01:52:56.344   767 13235 D NxpTml  : PN54X - Read requested.....
01-15 01:52:56.344   767 13235 D NxpTml  : PN54X - Invoking I2C Read.....
01-15 01:52:56.344  3104 13233 I libnfc_nci: [INFO:NfcAdaptation.cc(751)] NfcAdaptation::HalWrite
01-15 01:52:56.345   767   767 D NxpExtns: find found MIFARE_READER_ENABLE=(0x1)
01-15 01:52:56.345   767   767 D NxpHal  : > Polling Loop Started
01-15 01:52:56.345   767   767 D NxpHal  : phNxpNciHal_discovery_cmd_ext
01-15 01:52:56.345   767   767 D NfccPowerTracker: NfccPowerTracker::ProcessCmd: Enter,Recieved len :26
01-15 01:52:56.345   767 13236 D NxpTml  : PN54X - Write requested.....
01-15 01:52:56.345   767 13236 D NxpTml  : PN54X - Invoking I2C Write.....
01-15 01:52:56.348   767 13236 D NxpNciX : len =  26 > 2103170B00010101020103010501800182018301850106017001
01-15 01:52:56.348   767 13236 D NxpTml  : PN54X - I2C Write successful.....
01-15 01:52:56.348   767 13236 D NxpTml  : PN54X - Posting Fresh Write message.....
01-15 01:52:56.351     0     0 E nq-nci 6-0028: nfc_read : reading 2 bytes.
01-15 01:52:56.355     0     0 E nq-nci 6-0028: nfc_read : reading 3 bytes.
01-15 01:52:56.360     0     0 E nq-nci 6-0028: nfc_read : reading 1 bytes.
01-15 01:52:56.348   767 13236 D NxpTml  : PN54X - Tml Writer Thread Running................
01-15 01:52:56.348   767 13238 D NxpHal  : write successful status = 0x0
01-15 01:52:56.350   767 13235 D NxpTml  : PN54X - I2C Read successful.....
01-15 01:52:56.350   767 13235 D NxpNciR : len =   4 > 41030100
01-15 01:52:56.351   767 13235 D NxpTml  : PN54X - Posting read message.....
01-15 01:52:56.351   767 13238 D NxpHal  : read successful status = 0x0
01-15 01:52:56.352  3104 13233 I libnfc_nci: [INFO:nfc_ncif.cc(399)] NFC received rsp gid:1
01-15 01:52:56.352  3104 13233 I libnfc_nci: [INFO:nfa_dm_discover.cc(3030)] returning TRUE
01-15 01:52:56.352  3104 13233 I libnfc_nci: [INFO:nfa_dm_discover.cc(694)] event:0x4000
01-15 01:52:56.353  3104 13233 I libnfc_nci: [INFO:nfa_dm_discover.cc(2518)] state: IDLE (0), event: DISCOVER_RSP(1) disc_flags: 0x31
01-15 01:52:56.353  3104 13233 I libnfc_nci: [INFO:nfa_dm_discover.cc(1685)] old_state: IDLE (0), new_state: DISCOVERY (1) disc_flags: 0x11
01-15 01:52:56.353  3104 13233 I libnfc_nci: [INFO:nfa_ce_act.cc(304)] event:0x00
01-15 01:52:56.353  3104 13233 I libnfc_nci: [INFO:nfa_ce_act.cc(308)] nfa_ce_handle_disc_start (status=0x0)
01-15 01:52:56.353  3104 13233 I libnfc_nci: [INFO:nfa_dm_act.cc(1557)] event:0x00
01-15 01:52:56.353  3104 13233 I libnfc_nci: [INFO:nfa_p2p_main.cc(104)] event:0x00
01-15 01:52:56.353  3104 13233 I libnfc_nci: [INFO:NativeNfcManager.cpp(276)] nfaConnectionCallback: event= 30
01-15 01:52:56.353  3104 13233 I libnfc_nci: [INFO:NativeNfcManager.cpp(301)] nfaConnectionCallback: NFA_RF_DISCOVERY_STARTED_EVT: status = 0
01-15 01:52:56.353  3104 13233 I libnfc_nci: [INFO:nfa_dm_discover.cc(2571)] new state: DISCOVERY (1), disc_flags: 0x1
01-15 01:52:56.353   767 13235 D NxpTml  : PN54X - Read requested.....
01-15 01:52:56.353   767 13235 D NxpTml  : PN54X - Invoking I2C Read.....
01-15 01:52:56.354  3104  4210 I libnfc_nci: [INFO:NativeNfcTag.cpp(1819)] nativeNfcTag_releaseRfInterfaceMutexLock: sRfInterfaceMutex unlock
01-15 01:52:56.354  3104  4210 I libnfc_nci: [INFO:PowerSwitch.cpp(258)] PowerSwitch::setModeOn(activated=0x1) : mCurrActivity=0x1
01-15 01:52:56.354  3104  4210 I libnfc_nci: [INFO:NativeNfcManager.cpp(1306)] nfcManager_enableDiscovery: exit
01-15 01:52:56.364     0     0 E nq-nci 6-0028: nfc_read : reading 3 bytes.
01-15 01:52:56.367  1342  2749 D MediaBufferGroup: creating MemoryDealer
01-15 01:52:56.609  1342  3382 I MMParserExtractor: Created(0x32a296d030)
01-15 01:52:56.634  3104 13256 I OMXClient: IOmx service obtained
01-15 01:52:56.636  1377  1677 I OMXMaster: makeComponentInstance(OMX.google.vorbis.decoder) in android.hardwar process
01-15 01:52:56.642   761   914 W SDM     : HWPrimary::PopulateDisplayAttributes: Driver doesn't report panel physical width and height - defaulting to 320dpi
01-15 01:52:56.654  1377  1677 E OMXNodeInstance: getConfig(0xe7fb6f00:google.vorbis.decoder, ConfigAndroidVendorExtension(0x6f100004)) ERROR: Undefined(0x80001001)
01-15 01:52:56.658  3104 13256 W ExtendedACodec: Failed to get extension for extradata parameter
01-15 01:52:56.691  1342  3382 D MediaBufferGroup: creating MemoryDealer
01-15 01:52:56.885  1342  3382 I MMParserExtractor: Created(0x32a296ae10)
01-15 01:52:56.904  1340  1355 W ServiceManagement: Waited one second for android.hardware.drm@1.0::IDrmFactory/widevine
01-15 01:52:56.907  1340  1355 I ServiceManagement: getService: Trying again for android.hardware.drm@1.0::IDrmFactory/widevine...
01-15 01:52:56.912  3104 13259 I OMXClient: IOmx service obtained
01-15 01:52:56.913  1377  2735 I OMXMaster: makeComponentInstance(OMX.google.vorbis.decoder) in android.hardwar process
01-15 01:52:56.921     0     0 I init    : Received control message 'interface_start' for 'android.hardware.drm@1.0::IDrmFactory/widevine' from pid: 605 (/system/bi
n/hwservicemanager)
01-15 01:52:56.922     0     0 E init    : Could not find 'android.hardware.drm@1.0::IDrmFactory/widevine' for ctl.interface_start
01-15 01:52:56.924  1377  2735 E OMXNodeInstance: getConfig(0xe5d420c0:google.vorbis.decoder, ConfigAndroidVendorExtension(0x6f100004)) ERROR: Undefined(0x80001001)
