C:\Users\admin>adb logcat -b all | grep -i -e nfc -e nq-nci -e nxp -e pn5 -e st21
01-14 00:14:22.626     0     0 I         : Kernel command line: rcupdate.rcu_expedited=1 console=ttyMSM0,115200,n8 androidboot.console=ttyMSM0 earlycon=msm_serial_d
m,0xc170000 androidboot.hardware=qcom user_debug=31 msm_rtb.filter=0x37 ehci-hcd.park=3 lpm_levels.sleep_disabled=1 sched_enable_hmp=1 sched_enable_power_aware=1 se
rvice_locator.enable=1 swiotlb=1 loop.max_part=7 buildvariant=userdebug veritykeyid=id:7e4333f9bba00adfe0ede979e28ed1920492b40f root=/dev/dm-0 dm="system none ro,0
1 android-verity /dev/mmcblk0p16" androidboot.verifiedbootstate=orange androidboot.keymaster=1  androidboot.veritymode=enforcing androidboot.bootdevice=c0c4000.sdhc
i androidboot.serialno=12345678 androidboot.countrycode=00 androidboot.keypadcode=0 androidboot.pcbserialno=12345678 androidboot.nfcmodel=0 androidboot.gpiotest=0 a
ndroidboot.baseband=msm mdss_mdp.panel=1:dsi:0:qcom,mdss_dsi_hx8399c_fhd_video:config0:1:none:cfg:single_dsi androidboot.slot_suffix=_a skip_initramfs rootwait ro i
nit=/init androidboot.dtb_idx=-1347440721
01-14 00:14:32.800     0     0 I         : pn54x_dev_init
01-14 00:14:32.813     0     0 E nq-nci 6-0028: nqx_probe: enter
01-14 00:14:32.813     0     0 E nq-nci 6-0028: nqx_probe, inside nfc-nci flags = 0
01-14 00:14:33.978     0     0 E nq-nci 6-0028: nfcc_hw_check: - nq - reset cmd answer : NfcNciRx 40 0 3
01-14 00:14:33.978     0     0 E nq-nci 6-0028: NQ NFCC chip_type = 88
01-14 00:14:33.978     0     0 E nq-nci 6-0028: NQ fw version = 10.1.a0
01-14 00:14:33.978     0     0 E nq-nci 6-0028: nfcc_hw_check: - NFCC HW not Supported
01-14 00:14:33.978     0     0 E nq-nci 6-0028: nqx_probe: probing NFCC NQxxx exited successfully
01-14 00:14:41.326     0     0 I init    : Parsing file /vendor/etc/init/android.hardware.nfc@1.2-service.rc...
01-14 00:14:41.515     0     0 I init    : Parsing file /vendor/etc/init/init.sdm660_64.nfc.rc...
01-14 00:14:50.188     0     0 I init    : processing action (post-fs-data) from (/vendor/etc/init/init.sdm660_64.nfc.rc:1)
01-14 00:14:50.188     0     0 E selinux : avc:  denied  { set } for property=ro.nfc.port pid=589 uid=0 gid=0 scontext=u:r:vendor_init:s0 tcontext=u:object_r:defaul
t_prop:s0 tclass=property_service permissive=0
01-14 00:14:50.188     0     0 E init    : Subcontext init could not set 'ro.nfc.port' to 'I2C': SELinux permission check failed
01-14 00:14:51.721     0     0 I init    : starting service 'vendor.nfc_hal_service'...
01-14 00:15:14.512     0     0 I init    : processing action (post-fs-data) from (/vendor/etc/init/init.sdm660_64.nfc.rc:1)
01-14 00:15:14.512     0     0 E selinux : avc:  denied  { set } for property=ro.nfc.port pid=589 uid=0 gid=0 scontext=u:r:vendor_init:s0 tcontext=u:object_r:defaul
t_prop:s0 tclass=property_service permissive=0
01-14 00:15:14.512     0     0 E init    : Subcontext init could not set 'ro.nfc.port' to 'I2C': SELinux permission check failed
01-14 00:15:15.269     0     0 E init    : Could not start service 'nqnfcinfo' as part of class 'late_start': Cannot find '/system/vendor/bin/nqnfcinfo': No such fi
le or directory
01-14 00:15:20.828  1869  1869 I PackageManager: Un-granting permission android.permission.MOUNT_UNMOUNT_FILESYSTEMS from package com.ksxy.nfc.demo.sdk (protectionL
evel=18 flags=0x3808be44)
01-14 00:15:23.509  1869  1869 I PackageManager: Un-granting permission android.permission.MOUNT_UNMOUNT_FILESYSTEMS from package com.ksxy.nfc.demo.sdk (protectionL
evel=18 flags=0x3888be44)
01-14 00:15:24.292  1869  1869 I PackageManager: Un-granting permission android.permission.MOUNT_UNMOUNT_FILESYSTEMS from package com.ksxy.nfc.demo.sdk (protectionL
evel=18 flags=0x3888be44)
01-14 00:15:31.514  1869  1939 I am_proc_start: [0,3247,1027,com.android.nfc,added application,com.android.nfc]
01-14 00:15:31.514  1869  1939 I ActivityManager: Start proc 3247:com.android.nfc/1027 for added application com.android.nfc
01-14 00:15:31.647  1869  3246 I am_proc_bound: [0,3247,com.android.nfc]
01-14 00:15:31.684  3247  3247 I chatty  : uid=1027(nfc) com.android.nfc expire 32 lines
01-14 00:15:31.742   606   606 I auditd  : avc:  denied  { find } for interface=vendor.qti.hardware.perf::IPerf sid=u:r:nfc:s0 pid=3247 scontext=u:r:nfc:s0 tcontext
=u:object_r:hal_perf_hwservice:s0 tclass=hwservice_manager permissive=0
01-14 00:15:31.742   606   606 I auditd  : avc:  denied  { find } for interface=vendor.qti.hardware.perf::IPerf sid=u:r:nfc:s0 pid=3247 scontext=u:r:nfc:s0 tcontext
=u:object_r:hal_perf_hwservice:s0 tclass=hwservice_manager permissive=0
01-14 00:15:31.925   606   606 I auditd  : avc:  denied  { find } for interface=vendor.nxp.nxpnfc::INxpNfc sid=u:r:nfc:s0 pid=3247 scontext=u:r:nfc:s0 tcontext=u:ob
ject_r:nxpnfc_hwservice:s0 tclass=hwservice_manager permissive=0
01-14 00:15:31.931   764   764 I chatty  : uid=1027(nfc) /vendor/bin/hw/android.hardware.nfc@1.2-service expire 131 lines
01-14 00:15:32.150   606   606 I auditd  : avc:  denied  { find } for interface=vendor.qti.hardware.perf::IPerf sid=u:r:nfc:s0 pid=3247 scontext=u:r:nfc:s0 tcontext
=u:object_r:hal_perf_hwservice:s0 tclass=hwservice_manager permissive=0
01-14 00:15:32.153  3247  3419 I chatty  : uid=1027(nfc) AsyncTask #1 expire 43 lines
01-14 00:15:32.179  3247  3423 I chatty  : uid=1027(nfc) AsyncTask #1 expire 5 lines
01-14 00:15:32.181  3247  3424 I chatty  : uid=1027(nfc) com.android.nfc expire 8 lines
01-14 00:15:32.182  3247  3425 I chatty  : uid=1027(nfc) AsyncTask #1 expire 180 lines
01-14 00:15:32.212   606   606 I auditd  : avc:  denied  { find } for interface=vendor.nxp.nxpese::INxpEse sid=u:r:hal_nfc_default:s0 pid=764 scontext=u:r:hal_nfc_d
efault:s0 tcontext=u:object_r:default_android_hwservice:s0 tclass=hwservice_manager permissive=0
01-14 00:15:32.239     0     0 E nq-nci 6-0028: nfc_open: 10,54
01-14 00:15:32.239     0     0 E nq-nci 6-0028: gpio_set_value disable: nfc_ioctl_power_states: info: ffffffe82b7d8000
01-14 00:15:32.259     0     0 E nq-nci 6-0028: gpio_set_value enable: nfc_ioctl_power_states: info: ffffffe82b7d8000
01-14 00:15:32.261   764  3435 I chatty  : uid=1027(nfc) /vendor/bin/hw/android.hardware.nfc@1.2-service expire 134 lines
01-14 00:15:32.267   764  3436 I chatty  : uid=1027(nfc) /vendor/bin/hw/android.hardware.nfc@1.2-service expire 128 lines
01-14 00:15:32.272     0     0 E nq-nci 6-0028: nfc_read : reading 3 bytes.
01-14 00:15:32.273   764  3438 I chatty  : uid=1027(nfc) /vendor/bin/hw/android.hardware.nfc@1.2-service expire 69 lines
01-14 00:15:32.288     0     0 E nq-nci 6-0028: nfc_read : reading 3 bytes.
01-14 00:15:32.296     0     0 E nq-nci 6-0028: nfc_read : reading 25 bytes.
01-14 00:15:32.297     0     0 E nq-nci 6-0028: nfc_read : reading 3 bytes.
01-14 00:15:32.300     0     0 E nq-nci 6-0028: nfc_read : reading 6 bytes.
01-14 00:15:32.306     0     0 E nq-nci 6-0028: nfc_read : reading 3 bytes.
01-14 00:15:32.310  3247  3384 I chatty  : uid=1027(nfc) HwBinder:3247_1 expire 2 lines
01-14 00:15:32.311     0     0 E nq-nci 6-0028: nfc_read : reading 6 bytes.
01-14 00:15:32.316     0     0 E nq-nci 6-0028: nfc_read : reading 3 bytes.
01-14 00:15:32.360     0     0 E nq-nci 6-0028: nfc_read : reading 3 bytes.
01-14 00:15:32.362     0     0 E nq-nci 6-0028: nfc_read : reading 25 bytes.
01-14 00:15:32.364     0     0 E nq-nci 6-0028: nfc_read : reading 3 bytes.
01-14 00:15:32.365     0     0 E nq-nci 6-0028: nfc_read : reading 5 bytes.
01-14 00:15:32.368     0     0 E nq-nci 6-0028: nfc_read : reading 3 bytes.
01-14 00:15:32.369     0     0 E nq-nci 6-0028: nfc_read : reading 2 bytes.
01-14 00:15:32.372     0     0 E nq-nci 6-0028: nfc_read : reading 3 bytes.
01-14 00:15:32.373     0     0 E nq-nci 6-0028: nfc_read : reading 37 bytes.
01-14 00:15:32.375     0     0 E nq-nci 6-0028: nfc_read : reading 3 bytes.
01-14 00:15:32.377     0     0 E nq-nci 6-0028: nfc_read : reading 14 bytes.
01-14 00:15:32.380     0     0 E nq-nci 6-0028: nfc_read : reading 3 bytes.
01-14 00:15:32.382     0     0 E nq-nci 6-0028: nfc_read : reading 2 bytes.
01-14 00:15:32.389     0     0 E nq-nci 6-0028: nfc_read : reading 3 bytes.
01-14 00:15:32.407     0     0 E nq-nci 6-0028: nfc_read : reading 2 bytes.
01-14 00:15:32.409     0     0 E nq-nci 6-0028: nfc_read : reading 3 bytes.
01-14 00:15:32.426     0     0 E nq-nci 6-0028: nfc_read : reading 1 bytes.
01-14 00:15:32.429     0     0 E nq-nci 6-0028: nfc_read : reading 3 bytes.
01-14 00:15:32.436     0     0 E nq-nci 6-0028: nfc_read : reading 2 bytes.
01-14 00:15:32.438     0     0 E nq-nci 6-0028: nfc_read : reading 3 bytes.
01-14 00:15:32.443     0     0 E nq-nci 6-0028: nfc_read : reading 2 bytes.
01-14 00:15:32.446     0     0 E nq-nci 6-0028: nfc_read : reading 3 bytes.
01-14 00:15:32.447     0     0 E nq-nci 6-0028: nfc_read : reading 5 bytes.
01-14 00:15:32.450     0     0 E nq-nci 6-0028: nfc_read : reading 3 bytes.
01-14 00:15:32.465     0     0 E nq-nci 6-0028: nfc_read : reading 1 bytes.
01-14 00:15:32.467     0     0 E nq-nci 6-0028: nfc_read : reading 3 bytes.
01-14 00:15:32.469     0     0 E nq-nci 6-0028: nfc_read : reading 4 bytes.
01-14 00:15:32.477     0     0 E nq-nci 6-0028: nfc_read : reading 3 bytes.
01-14 00:15:32.488     0     0 E nq-nci 6-0028: nfc_read : reading 3 bytes.
01-14 00:15:32.489     0     0 E nq-nci 6-0028: nfc_read : reading 10 bytes.
01-14 00:15:32.492     0     0 E nq-nci 6-0028: nfc_read : reading 3 bytes.
01-14 00:15:32.496     0     0 E nq-nci 6-0028: nfc_read : reading 3 bytes.
01-14 00:15:32.496     0     0 E nq-nci 6-0028: nfc_read : reading 2 bytes.
01-14 00:15:32.498     0     0 E nq-nci 6-0028: nfc_read : reading 3 bytes.
01-14 00:15:32.498     0     0 E nq-nci 6-0028: nfc_read : reading 5 bytes.
01-14 00:15:32.499     0     0 E nq-nci 6-0028: nfc_read : reading 3 bytes.
01-14 00:15:34.531     0     0 E nq-nci 6-0028: nfc_write: failed to write -107
01-14 00:15:34.560     0     0 E nq-nci 6-0028: nfc_read : reading 3 bytes.
01-14 00:15:34.564  3247  3419 I libnfc_nci: [INFO:nfa_ce_api.cc(412)] 0x1
01-14 00:15:34.564  3247  3419 I libnfc_nci: [INFO:nfa_ce_api.cc(334)] NFA_CeRegisterAidOnDH
01-14 00:15:34.564  3247  3425 I libnfc_nci: [INFO:nfa_sys_main.cc(77)] NFA got event 0x0603
01-14 00:15:34.564  3247  3419 I libnfc_nci: [INFO:nfa_ee_api.cc(495)] handle:<0x0>clear protocol_mask:<0x8>
01-14 00:15:34.564  3247  3419 I libnfc_nci: [INFO:nfa_ee_main.cc(403)] nfa_ee_find_ecb
01-14 00:15:34.564  3247  3425 I libnfc_nci: [INFO:nfa_ce_main.cc(176)] nfa_ce_handle_event event: NFA_CE_API_CFG_ISODEP_TECH_EVT (0x603), flags: 00000000
01-14 00:15:34.564  3247  3419 I libnfc_nci: [INFO:nfa_ee_api.cc(434)] handle:<0x0>protocol_mask:<0x8>/<0x0>/<0x0><0x8><0x0><0x0>
01-14 00:15:34.564  3247  3425 I libnfc_nci: [INFO:nfa_sys_main.cc(77)] NFA got event 0x0601
01-14 00:15:34.564  3247  3419 I libnfc_nci: [INFO:nfa_ee_main.cc(403)] nfa_ee_find_ecb
01-14 00:15:34.564  3247  3425 I libnfc_nci: [INFO:nfa_ce_main.cc(176)] nfa_ce_handle_event event: NFA_CE_API_REG_LISTEN_EVT (0x601), flags: 00000000
01-14 00:15:34.564  3247  3419 I libnfc_nci: [INFO:RoutingManager.cpp(539)] RoutingManager::updateDefaultProtocolRoute: Succeed to register default ISO-DEP route
01-14 00:15:34.564  3247  3419 I libnfc_nci: [INFO:nfa_ee_api.cc(434)] handle:<0x0>protocol_mask:<0x4>/<0x0>/<0x0><0x0><0x0><0x0>
01-14 00:15:34.564  3247  3425 I libnfc_nci: [INFO:nfa_ce_act.cc(1277)] Registering UICC/Felica/Type-4 tag listener. Type=0
01-14 00:15:34.564  3247  3419 I libnfc_nci: [INFO:nfa_ee_main.cc(403)] nfa_ee_find_ecb
01-14 00:15:34.564  3247  3425 I libnfc_nci: [INFO:nfa_ce_act.cc(1329)] NFA_CE: adding listen_info entry 1
01-14 00:15:34.564  3247  3425 I libnfc_nci: [INFO:ce_t4t.cc(892)] registering callback for wildcard AID
01-14 00:15:34.564  3247  3425 I libnfc_nci: [INFO:ce_t4t.cc(904)] handle 0x04 registered (for wildcard AID)
01-14 00:15:34.565  3247  3425 I libnfc_nci: [INFO:nfa_dm_discover.cc(2591)] disc_mask=0x40000
01-14 00:15:34.565  3247  3425 I libnfc_nci: [INFO:nfa_ce_act.cc(1417)] nfa_ce_api_reg_listen: registered handle 0x0301
01-14 00:15:34.565  3247  3425 I libnfc_nci: [INFO:RoutingManager.cpp(473)] RoutingManager::stackCallback: event=0x15
01-14 00:15:34.565  3247  3425 I libnfc_nci: [INFO:RoutingManager.cpp(479)] RoutingManager::stackCallback: NFA_CE_REGISTERED_EVT; status=0x0; h=0x301
01-14 00:15:34.565  3247  3425 I libnfc_nci: [INFO:nfa_sys_main.cc(77)] NFA got event 0x0207
01-14 00:15:34.565  3247  3425 I libnfc_nci: [INFO:nfa_ee_main.cc(641)] Event API_CLEAR_PROTO_CFG(0x207), State: INIT_DONE(1)
01-14 00:15:34.565  3247  3425 I libnfc_nci: [INFO:RoutingManager.cpp(742)] RoutingManager::nfaEeCallback: NFA_EE_CLEAR_PROTO_CFG_EVT; status=0x0
01-14 00:15:34.565  3247  3425 I libnfc_nci: [INFO:nfa_sys_main.cc(77)] NFA got event 0x0206
01-14 00:15:34.565  3247  3425 I libnfc_nci: [INFO:nfa_ee_main.cc(641)] Event API_SET_PROTO_CFG(0x206), State: INIT_DONE(1)
01-14 00:15:34.565  3247  3425 I libnfc_nci: [INFO:nfa_ee_act.cc(208)] nfa_ee_update_route_size nfcee_id:0x0 size_mask_proto:10 size_mask_tech:0
01-14 00:15:34.565  3247  3425 I libnfc_nci: [INFO:nfa_ee_act.cc(304)] nfa_ee_total_lmrt_size size:10
01-14 00:15:34.565  3247  3425 I libnfc_nci: [INFO:nfa_dm_main.cc(194)] flags:0x1
01-14 00:15:34.565  3247  3425 I libnfc_nci: [INFO:nfa_sys_ptim.cc(128)] nfa_sys_ptim_start_timer 0x78d9ce09f0
01-14 00:15:34.565  3247  3425 I libnfc_nci: [INFO:nfa_sys_ptim.cc(133)] ptim timer start
01-14 00:15:34.565  3247  3425 I libnfc_nci: [INFO:RoutingManager.cpp(735)] RoutingManager::nfaEeCallback: NFA_EE_SET_PROTO_CFG_EVT; status=0x0
01-14 00:15:34.565  3247  3425 I libnfc_nci: [INFO:nfa_sys_main.cc(77)] NFA got event 0x0206
01-14 00:15:34.565  3247  3425 I libnfc_nci: [INFO:nfa_ee_main.cc(641)] Event API_SET_PROTO_CFG(0x206), State: INIT_DONE(1)
01-14 00:15:34.565  3247  3419 I libnfc_nci: [INFO:NativeNfcTag.cpp(1767)] nativeNfcTag_registerNdefTypeHandler
01-14 00:15:34.565  3247  3425 I libnfc_nci: [INFO:nfa_ee_act.cc(208)] nfa_ee_update_route_size nfcee_id:0x0 size_mask_proto:15 size_mask_tech:0
01-14 00:15:34.565  3247  3419 I libnfc_nci: [INFO:nfa_dm_api.cc(1000)] handle whole ndef message: 1, tnf=0xff
01-14 00:15:34.565  3247  3425 I libnfc_nci: [INFO:nfa_ee_act.cc(304)] nfa_ee_total_lmrt_size size:15
01-14 00:15:34.565  3247  3425 I libnfc_nci: [INFO:nfa_dm_main.cc(194)] flags:0x1
01-14 00:15:34.565  3247  3425 I libnfc_nci: [INFO:nfa_sys_ptim.cc(128)] nfa_sys_ptim_start_timer 0x78d9ce09f0
01-14 00:15:34.565  3247  3419 I libnfc_nci: [INFO:NfcTag.cpp(1077)] NfcTag::resetTechnologies
01-14 00:15:34.565  3247  3419 I libnfc_nci: [INFO:PeerToPeer.cpp(108)] PeerToPeer::initialize
01-14 00:15:34.565  3247  3425 I libnfc_nci: [INFO:RoutingManager.cpp(735)] RoutingManager::nfaEeCallback: NFA_EE_SET_PROTO_CFG_EVT; status=0x0
01-14 00:15:34.565  3247  3419 I libnfc_nci: [INFO:PeerToPeer.cpp(1159)] PeerToPeer::handleNfcOnOff: enter; is on=1
01-14 00:15:34.566  3247  3425 I libnfc_nci: [INFO:nfa_sys_main.cc(77)] NFA got event 0x0115
01-14 00:15:34.566  3247  3419 I libnfc_nci: [INFO:PeerToPeer.cpp(1199)] PeerToPeer::handleNfcOnOff: exit
01-14 00:15:34.566  3247  3425 I libnfc_nci: [INFO:nfa_dm_main.cc(122)] event: NFA_DM_API_REG_NDEF_HDLR_EVT (0x15)
01-14 00:15:34.566  3247  3419 I libnfc_nci: [INFO:nfa_hci_api.cc(70)] Application Name: NfcNci
01-14 00:15:34.566  3247  3419 I libnfc_nci: [INFO:NativeNfcManager.cpp(1117)] nfcManager_doInitialize: tag polling tech mask=0xEF
01-14 00:15:34.566  3247  3425 I libnfc_nci: [INFO:nfa_dm_ndef.cc(150)] Default NDEF handler successfully registered.
01-14 00:15:34.566  3247  3419 I libnfc_nci: [INFO:nfa_dm_api.cc(760)] NFA_SetRfDiscoveryDuration
01-14 00:15:34.566  3247  3425 I libnfc_nci: [INFO:nfa_dm_ndef.cc(180)] NDEF handler successfully registered. Handle=0x00000200
01-14 00:15:34.566  3247  3419 I libnfc_nci: [INFO:nfa_dm_api.cc(282)] num_ids: 1
01-14 00:15:34.566  3247  3425 I libnfc_nci: [INFO:NativeNfcTag.cpp(236)] ndefHandlerCallback: event=0, eventData=0x78d43b2500
01-14 00:15:34.566  3247  3425 I libnfc_nci: [INFO:NativeNfcTag.cpp(242)] ndefHandlerCallback: NFA_NDEF_REGISTER_EVT; status=0x0; h=0x200
01-14 00:15:34.566  3247  3425 I libnfc_nci: [INFO:nfa_sys_main.cc(77)] NFA got event 0x0700
01-14 00:15:34.566  3247  3425 I libnfc_nci: [INFO:nfa_hci_main.cc(1120)] nfa_hci_evt_hdlr state: IDLE (3) event: API_REGISTER (0x0700)
01-14 00:15:34.566  3247  3425 I libnfc_nci: [INFO:nfa_hci_act.cc(242)] nfa_hci_api_register (NfcNci)  Reusing: 0
01-14 00:15:34.566  3247  3425 I libnfc_nci: [INFO:HciEventManager.cpp(141)] event=0 code=0 pipe=0 len=0
01-14 00:15:34.566  3247  3425 I libnfc_nci: [INFO:nfa_sys_main.cc(77)] NFA got event 0x0110
01-14 00:15:34.566  3247  3425 I libnfc_nci: [INFO:nfa_dm_main.cc(122)] event: NFA_DM_API_SET_RF_DISC_DURATION_EVT (0x10)
01-14 00:15:34.566  3247  3425 I libnfc_nci: [INFO:nfa_sys_main.cc(77)] NFA got event 0x0103
01-14 00:15:34.566  3247  3425 I libnfc_nci: [INFO:nfa_dm_main.cc(122)] event: NFA_DM_API_GET_CONFIG_EVT (0x03)
01-14 00:15:34.566  3247  3425 I libnfc_nci: [INFO:NfcAdaptation.cc(751)] NfcAdaptation::HalWrite
01-14 00:15:34.567   764   764 D NxpExtns: find found MIFARE_READER_ENABLE=(0x1)
01-14 00:15:34.567   764   764 D NfccPowerTracker: NfccPowerTracker::ProcessCmd: Enter,Recieved len :5
01-14 00:15:34.568   764  3436 D NxpTml  : PN54X - Write requested.....
01-14 00:15:34.568   764  3436 D NxpTml  : PN54X - Invoking I2C Write.....
01-14 00:15:34.570   764  3436 D NxpNciX : len =   5 > 2003020152
01-14 00:15:34.570   764  3436 D NxpTml  : PN54X - I2C Write successful.....
01-14 00:15:34.570   764  3436 D NxpTml  : PN54X - Posting Fresh Write message.....
01-14 00:15:34.570   764  3436 D NxpTml  : PN54X - Tml Writer Thread Running................
01-14 00:15:34.570   764  3438 D NxpHal  : write successful status = 0x0
01-14 00:15:34.570   764  3435 D NxpTml  : PN54X - I2C Read successful.....
01-14 00:15:34.570   764  3435 D NxpNciR : len =   8 > 4003050001520104
01-14 00:15:34.570   764  3435 D NxpTml  : PN54X - Posting read message.....
01-14 00:15:34.570   764  3438 D NxpHal  : read successful status = 0x0
01-14 00:15:34.570   764  3438 D NxpHal  : phNxpNciHal_print_res_status: response status =STATUS_OK
01-14 00:15:34.571     0     0 E nq-nci 6-0028: nfc_read : reading 3 bytes.
01-14 00:15:34.576   764  3435 D NxpTml  : PN54X - Read requested.....
01-14 00:15:34.576   764  3435 D NxpTml  : PN54X - Invoking I2C Read.....
01-14 00:15:34.576  3247  3425 I libnfc_nci: [INFO:nfc_ncif.cc(399)] NFC received rsp gid:0
01-14 00:15:34.576  3247  3425 I libnfc_nci: [INFO:nci_hrcv.cc(62)] nci_proc_core_rsp opcode:0x3
01-14 00:15:34.576  3247  3425 I libnfc_nci: [INFO:nfa_dm_act.cc(268)] NFC_GET_CONFIG_REVT(0x5003)
01-14 00:15:34.576  3247  3425 I libnfc_nci: [INFO:NativeNfcManager.cpp(729)] nfaDeviceManagementCallback: enter; event=0x3
01-14 00:15:34.576  3247  3425 I libnfc_nci: [INFO:NativeNfcManager.cpp(763)] nfaDeviceManagementCallback: NFA_DM_GET_CONFIG_EVT
01-14 00:15:34.576  3247  3419 I libnfc_nci: [INFO:NativeNfcManager.cpp(1136)] nfcManager_doInitialize: lfT3tMax=4
01-14 00:15:34.576  3247  3419 I libnfc_nci: [INFO:PowerSwitch.cpp(154)] PowerSwitch::setLevel: level=PS-LOW-POWER (2)
01-14 00:15:34.576  3247  3419 I libnfc_nci: [INFO:PowerSwitch.cpp(201)] PowerSwitch::setLevel: actual power level=PS-FULL
01-14 00:15:34.576  3247  3419 I libnfc_nci: [INFO:NativeNfcManager.cpp(1165)] nfcManager_doInitialize: exit
01-14 00:15:34.579  3247  3419 D NfcService: NCI_Version: 16
01-14 00:15:34.580     0     0 E nq-nci 6-0028: nfc_read : reading 5 bytes.
01-14 00:15:34.586  3247  3744 I libnfc_nci: [INFO:NativeNfcManager.cpp(1370)] nfcManager_doCreateLlcpServiceSocket: enter: sap=4; name=urn:nfc:sn:snep; miu=1980; r
w=2; buffLen=1024
01-14 00:15:34.586  3247  3744 I libnfc_nci: [INFO:PeerToPeer.cpp(195)] PeerToPeer::registerServer: enter; service name: urn:nfc:sn:snep  JNI handle: 1
01-14 00:15:34.586  3247  3744 I libnfc_nci: [INFO:PeerToPeer.cpp(217)] PeerToPeer::registerServer: added new p2p server  index: 0  handle: 1  name: urn:nfc:sn:snep

01-14 00:15:34.586     0     0 E nq-nci 6-0028: nfc_read : reading 3 bytes.
01-14 00:15:34.586  3247  3744 I libnfc_nci: [INFO:PeerToPeer.cpp(1606)] P2pServer::registerWithStack: enter; service name: urn:nfc:sn:snep  JNI handle: 1
01-14 00:15:34.587  3247  3744 I libnfc_nci: [INFO:nfa_p2p_api.cc(973)] link_miu:2175, opt:0x03, wt:8, link_timeout:1000
01-14 00:15:34.587  3247  3744 I libnfc_nci: [INFO:nfa_p2p_api.cc(976)]                        inact_timeout(init:0, target:0), symm_delay:20, data_link_timeout:200
0
01-14 00:15:34.587  3247  3744 I libnfc_nci: [INFO:nfa_p2p_api.cc(980)]                        delay_first_pdu_timeout:50
01-14 00:15:34.587  3247  3425 I libnfc_nci: [INFO:nfa_sys_main.cc(77)] NFA got event 0x030C
01-14 00:15:34.587  3247  3425 I libnfc_nci: [INFO:nfa_p2p_main.cc(735)] LLCP State [Link IDLE], Event [API_SET_LLCP_CFG_EVT]
01-14 00:15:34.587  3247  3425 I libnfc_nci: [INFO:llcp_api.cc(101)] link_miu:2175, opt:0x03, wt:8, link_timeout:1000
01-14 00:15:34.587  3247  3425 I libnfc_nci: [INFO:llcp_api.cc(104)]                  inact_timeout (init:0,target:0), symm_delay:20, data_link_timeout:2000
01-14 00:15:34.587  3247  3425 I libnfc_nci: [INFO:llcp_api.cc(108)]                  delay_first_pdu_timeout:50
01-14 00:15:34.588  3247  3744 I libnfc_nci: [INFO:nfa_p2p_api.cc(69)] server_sap:0x04, link_type:0x2, SN:<urn:nfc:sn:snep>
01-14 00:15:34.588  3247  3425 I libnfc_nci: [INFO:nfa_sys_main.cc(77)] NFA got event 0x0300
01-14 00:15:34.588  3247  3425 I libnfc_nci: [INFO:nfa_p2p_main.cc(735)] LLCP State [Link IDLE], Event [API_REG_SERVER]
01-14 00:15:34.589  3247  3425 I libnfc_nci: [INFO:nfa_p2p_act.cc(617)] nfa_p2p_reg_server
01-14 00:15:34.589  3247  3425 I libnfc_nci: [INFO:llcp_api.cc(369)] SAP:0x4, link_type:0x2, ServiceName:<urn:nfc:sn:snep>
01-14 00:15:34.589  3247  3425 I libnfc_nci: [INFO:llcp_api.cc(453)] Registered SAP = 0x04
01-14 00:15:34.589  3247  3425 I libnfc_nci: [INFO:nfa_p2p_main.cc(587)] sys_id = 3, update_wks = 1
01-14 00:15:34.589  3247  3425 I libnfc_nci: [INFO:PeerToPeer.cpp(1219)] PeerToPeer::nfaServerCallback: enter; event=0x0
01-14 00:15:34.589  3247  3425 I libnfc_nci: [INFO:PeerToPeer.cpp(1225)] PeerToPeer::nfaServerCallback: NFA_P2P_REG_SERVER_EVT; handle: 0x0504; service sap=0x04  na
me: urn:nfc:sn:snep
01-14 00:15:34.589  3247  3744 I libnfc_nci: [INFO:PeerToPeer.cpp(1650)] P2pServer::registerWithStack: wait for listen-completion event
01-14 00:15:34.589  3247  3425 I libnfc_nci: [INFO:PeerToPeer.cpp(1377)] PeerToPeer::nfaServerCallback: exit
01-14 00:15:34.589  3247  3744 I libnfc_nci: [INFO:PeerToPeer.cpp(232)] PeerToPeer::registerServer: got new p2p server h=0x504
01-14 00:15:34.589  3247  3744 I libnfc_nci: [INFO:NativeNfcManager.cpp(1404)] nfcManager_doCreateLlcpServiceSocket: socket Handle = 0x1
01-14 00:15:34.589  3247  3744 I libnfc_nci: [INFO:NativeNfcManager.cpp(1411)] nfcManager_doCreateLlcpServiceSocket: buffer length = 1024
01-14 00:15:34.589  3247  3744 I libnfc_nci: [INFO:NativeNfcManager.cpp(1417)] nfcManager_doCreateLlcpServiceSocket: MIU = 1980
01-14 00:15:34.589  3247  3744 I libnfc_nci: [INFO:NativeNfcManager.cpp(1423)] nfcManager_doCreateLlcpServiceSocket:  RW = 2
01-14 00:15:34.589  3247  3744 I libnfc_nci: [INFO:NativeNfcManager.cpp(1427)] nfcManager_doCreateLlcpServiceSocket: exit
01-14 00:15:34.589  3247  3744 I libnfc_nci: [INFO:NativeLlcpServiceSocket.cpp(59)] nativeLlcpServiceSocket_doAccept: enter
01-14 00:15:34.589  3247  3744 I libnfc_nci: [INFO:PeerToPeer.cpp(433)] PeerToPeer::accept: enter; server jni handle: 1; conn jni handle: 2; maxInfoUnit: 1980; recv
Window: 2
01-14 00:15:34.589  3247  3744 I libnfc_nci: [INFO:PeerToPeer.cpp(1676)] P2pServer::accept: serverJniHandle: 1; connJniHandle: 2; wait for incoming connection
01-14 00:15:34.604  3247  3419 I libnfc_nci: [INFO:NativeNfcManager.cpp(1788)] nfcManager_doSetScreenState: state = 4 prevScreenState= 2, discovry_param = 1
01-14 00:15:34.608  3247  3746 I libnfc_nci: [INFO:NativeNfcManager.cpp(1370)] nfcManager_doCreateLlcpServiceSocket: enter: sap=16; name=com.android.npp; miu=248; r
w=1; buffLen=1024
01-14 00:15:34.609  3247  3746 I libnfc_nci: [INFO:PeerToPeer.cpp(195)] PeerToPeer::registerServer: enter; service name: com.android.npp  JNI handle: 3
01-14 00:15:34.609  3247  3746 I libnfc_nci: [INFO:PeerToPeer.cpp(217)] PeerToPeer::registerServer: added new p2p server  index: 1  handle: 3  name: com.android.npp

01-14 00:15:34.610  3247  3746 I libnfc_nci: [INFO:PeerToPeer.cpp(1606)] P2pServer::registerWithStack: enter; service name: com.android.npp  JNI handle: 3
01-14 00:15:34.610  3247  3746 I libnfc_nci: [INFO:nfa_p2p_api.cc(973)] link_miu:2175, opt:0x03, wt:8, link_timeout:1000
01-14 00:15:34.610  3247  3746 I libnfc_nci: [INFO:nfa_p2p_api.cc(976)]                        inact_timeout(init:0, target:0), symm_delay:20, data_link_timeout:200
0
01-14 00:15:34.610  3247  3746 I libnfc_nci: [INFO:nfa_p2p_api.cc(980)]                        delay_first_pdu_timeout:50
01-14 00:15:34.610  3247  3425 I libnfc_nci: [INFO:nfa_sys_main.cc(77)] NFA got event 0x030C
01-14 00:15:34.610  3247  3425 I libnfc_nci: [INFO:nfa_p2p_main.cc(735)] LLCP State [Link IDLE], Event [API_SET_LLCP_CFG_EVT]
01-14 00:15:34.610  3247  3425 I libnfc_nci: [INFO:llcp_api.cc(101)] link_miu:2175, opt:0x03, wt:8, link_timeout:1000
01-14 00:15:34.610  3247  3746 I libnfc_nci: [INFO:nfa_p2p_api.cc(69)] server_sap:0xff, link_type:0x2, SN:<com.android.npp>
01-14 00:15:34.610  3247  3425 I libnfc_nci: [INFO:llcp_api.cc(104)]                  inact_timeout (init:0,target:0), symm_delay:20, data_link_timeout:2000
01-14 00:15:34.610  3247  3425 I libnfc_nci: [INFO:llcp_api.cc(108)]                  delay_first_pdu_timeout:50
01-14 00:15:34.610  3247  3751 I libnfc_nci: [INFO:NativeNfcManager.cpp(1370)] nfcManager_doCreateLlcpServiceSocket: enter: sap=20; name=urn:nfc:sn:handover; miu=12
8; rw=1; buffLen=1024
01-14 00:15:34.611  3247  3746 I libnfc_nci: [INFO:PeerToPeer.cpp(1650)] P2pServer::registerWithStack: wait for listen-completion event
01-14 00:15:34.611  3247  3425 I libnfc_nci: [INFO:nfa_sys_main.cc(77)] NFA got event 0x0300
01-14 00:15:34.611  3247  3425 I libnfc_nci: [INFO:nfa_p2p_main.cc(735)] LLCP State [Link IDLE], Event [API_REG_SERVER]
01-14 00:15:34.611  3247  3425 I libnfc_nci: [INFO:nfa_p2p_act.cc(617)] nfa_p2p_reg_server
01-14 00:15:34.611  3247  3425 I libnfc_nci: [INFO:llcp_api.cc(369)] SAP:0xff, link_type:0x2, ServiceName:<com.android.npp>
01-14 00:15:34.611  3247  3425 I libnfc_nci: [INFO:llcp_api.cc(453)] Registered SAP = 0x10
01-14 00:15:34.611  3247  3425 I libnfc_nci: [INFO:PeerToPeer.cpp(1219)] PeerToPeer::nfaServerCallback: enter; event=0x0
01-14 00:15:34.611  3247  3425 I libnfc_nci: [INFO:PeerToPeer.cpp(1225)] PeerToPeer::nfaServerCallback: NFA_P2P_REG_SERVER_EVT; handle: 0x0510; service sap=0x10  na
me: com.android.npp
01-14 00:15:34.611  3247  3419 I libnfc_nci: [INFO:NativeNfcManager.cpp(1231)] nfcManager_enableDiscovery: enter; tech_mask = 00
01-14 00:15:34.611  3247  3419 I libnfc_nci: [INFO:PowerSwitch.cpp(154)] PowerSwitch::setLevel: level=PS-FULL (1)
01-14 00:15:34.611  3247  3419 I libnfc_nci: [INFO:NativeNfcTag.cpp(1801)] nativeNfcTag_acquireRfInterfaceMutexLock: try to acquire lock
01-14 00:15:34.611  3247  3425 I libnfc_nci: [INFO:PeerToPeer.cpp(1377)] PeerToPeer::nfaServerCallback: exit
01-14 00:15:34.611  3247  3419 I libnfc_nci: [INFO:NativeNfcTag.cpp(1804)] nativeNfcTag_acquireRfInterfaceMutexLock: sRfInterfaceMutex lock
01-14 00:15:34.611  3247  3751 I libnfc_nci: [INFO:PeerToPeer.cpp(195)] PeerToPeer::registerServer: enter; service name: urn:nfc:sn:handover  JNI handle: 4
01-14 00:15:34.611  3247  3419 I libnfc_nci: [INFO:NativeNfcManager.cpp(2233)] stopPolling_rfDiscoveryDisabled: disable polling
01-14 00:15:34.611  3247  3419 I libnfc_nci: [INFO:nfa_dm_api.cc(477)] NFA_DisablePolling
01-14 00:15:34.611  3247  3746 I libnfc_nci: [INFO:PeerToPeer.cpp(232)] PeerToPeer::registerServer: got new p2p server h=0x510
01-14 00:15:34.612  3247  3746 I libnfc_nci: [INFO:NativeNfcManager.cpp(1404)] nfcManager_doCreateLlcpServiceSocket: socket Handle = 0x3
01-14 00:15:34.612  3247  3746 I libnfc_nci: [INFO:NativeNfcManager.cpp(1411)] nfcManager_doCreateLlcpServiceSocket: buffer length = 1024
01-14 00:15:34.612  3247  3746 I libnfc_nci: [INFO:NativeNfcManager.cpp(1417)] nfcManager_doCreateLlcpServiceSocket: MIU = 248
01-14 00:15:34.612  3247  3425 I libnfc_nci: [INFO:nfa_sys_main.cc(77)] NFA got event 0x0107
01-14 00:15:34.612  3247  3746 I libnfc_nci: [INFO:NativeNfcManager.cpp(1423)] nfcManager_doCreateLlcpServiceSocket:  RW = 1
01-14 00:15:34.612  3247  3425 I libnfc_nci: [INFO:nfa_dm_main.cc(122)] event: NFA_DM_API_DISABLE_POLLING_EVT (0x07)
01-14 00:15:34.612  3247  3746 I libnfc_nci: [INFO:NativeNfcManager.cpp(1427)] nfcManager_doCreateLlcpServiceSocket: exit
01-14 00:15:34.612  3247  3425 I libnfc_nci: [INFO:nfa_dm_act.cc(1042)] nfa_dm_act_disable_polling
01-14 00:15:34.612  3247  3425 I libnfc_nci: [INFO:NativeNfcManager.cpp(276)] nfaConnectionCallback: event= 1
01-14 00:15:34.612  3247  3746 I libnfc_nci: [INFO:NativeLlcpServiceSocket.cpp(59)] nativeLlcpServiceSocket_doAccept: enter
01-14 00:15:34.612  3247  3746 I libnfc_nci: [INFO:PeerToPeer.cpp(433)] PeerToPeer::accept: enter; server jni handle: 3; conn jni handle: 5; maxInfoUnit: 248; recvW
indow: 1
01-14 00:15:34.613  3247  3425 I libnfc_nci: [INFO:NativeNfcManager.cpp(291)] nfaConnectionCallback: NFA_POLL_DISABLED_EVT: status = 3
01-14 00:15:34.614  3247  3751 I libnfc_nci: [INFO:PeerToPeer.cpp(217)] PeerToPeer::registerServer: added new p2p server  index: 2  handle: 4  name: urn:nfc:sn:hand
over
01-14 00:15:34.614  3247  3751 I libnfc_nci: [INFO:PeerToPeer.cpp(1606)] P2pServer::registerWithStack: enter; service name: urn:nfc:sn:handover  JNI handle: 4
01-14 00:15:34.614  3247  3751 I libnfc_nci: [INFO:nfa_p2p_api.cc(973)] link_miu:2175, opt:0x03, wt:8, link_timeout:1000
01-14 00:15:34.614  3247  3751 I libnfc_nci: [INFO:nfa_p2p_api.cc(976)]                        inact_timeout(init:0, target:0), symm_delay:20, data_link_timeout:200
0
01-14 00:15:34.614  3247  3751 I libnfc_nci: [INFO:nfa_p2p_api.cc(980)]                        delay_first_pdu_timeout:50
01-14 00:15:34.614  3247  3425 I libnfc_nci: [INFO:nfa_sys_main.cc(77)] NFA got event 0x030C
01-14 00:15:34.614  3247  3419 I libnfc_nci: [INFO:NativeNfcTag.cpp(1819)] nativeNfcTag_releaseRfInterfaceMutexLock: sRfInterfaceMutex unlock
01-14 00:15:34.614  3247  3425 I libnfc_nci: [INFO:nfa_p2p_main.cc(735)] LLCP State [Link IDLE], Event [API_SET_LLCP_CFG_EVT]
01-14 00:15:34.614  3247  3419 I libnfc_nci: [INFO:nfa_ee_api.cc(434)] handle:<0x0>protocol_mask:<0x4>/<0x0>/<0x0><0x0><0x0><0x0>
01-14 00:15:34.614  3247  3746 I libnfc_nci: [INFO:PeerToPeer.cpp(1676)] P2pServer::accept: serverJniHandle: 3; connJniHandle: 5; wait for incoming connection
01-14 00:15:34.614  3247  3425 I libnfc_nci: [INFO:llcp_api.cc(101)] link_miu:2175, opt:0x03, wt:8, link_timeout:1000
01-14 00:15:34.614  3247  3425 I libnfc_nci: [INFO:llcp_api.cc(104)]                  inact_timeout (init:0,target:0), symm_delay:20, data_link_timeout:2000
01-14 00:15:34.614  3247  3751 I libnfc_nci: [INFO:nfa_p2p_api.cc(69)] server_sap:0xff, link_type:0x2, SN:<urn:nfc:sn:handover>
01-14 00:15:34.614  3247  3425 I libnfc_nci: [INFO:llcp_api.cc(108)]                  delay_first_pdu_timeout:50
01-14 00:15:34.614  3247  3419 I libnfc_nci: [INFO:nfa_ee_main.cc(403)] nfa_ee_find_ecb
01-14 00:15:34.614  3247  3425 I libnfc_nci: [INFO:nfa_sys_main.cc(77)] NFA got event 0x0206
01-14 00:15:34.614  3247  3425 I libnfc_nci: [INFO:nfa_ee_main.cc(641)] Event API_SET_PROTO_CFG(0x206), State: INIT_DONE(1)
01-14 00:15:34.614  3247  3425 I libnfc_nci: [INFO:nfa_ee_act.cc(208)] nfa_ee_update_route_size nfcee_id:0x0 size_mask_proto:15 size_mask_tech:0
01-14 00:15:34.615  3247  3425 I libnfc_nci: [INFO:nfa_ee_act.cc(304)] nfa_ee_total_lmrt_size size:15
01-14 00:15:34.615  3247  3425 I libnfc_nci: [INFO:nfa_dm_main.cc(194)] flags:0x1
01-14 00:15:34.615  3247  3425 I libnfc_nci: [INFO:nfa_sys_ptim.cc(128)] nfa_sys_ptim_start_timer 0x78d9ce09f0
01-14 00:15:34.615  3247  3425 I libnfc_nci: [INFO:RoutingManager.cpp(735)] RoutingManager::nfaEeCallback: NFA_EE_SET_PROTO_CFG_EVT; status=0x0
01-14 00:15:34.615  3247  3419 I libnfc_nci: [INFO:nfa_ee_api.cc(434)] handle:<0x0>protocol_mask:<0x8>/<0x0>/<0x0><0x8><0x0><0x0>
01-14 00:15:34.615  3247  3419 I libnfc_nci: [INFO:nfa_ee_main.cc(403)] nfa_ee_find_ecb
01-14 00:15:34.615  3247  3425 I libnfc_nci: [INFO:nfa_sys_main.cc(77)] NFA got event 0x0300
01-14 00:15:34.615  3247  3425 I libnfc_nci: [INFO:nfa_p2p_main.cc(735)] LLCP State [Link IDLE], Event [API_REG_SERVER]
01-14 00:15:34.615  3247  3425 I libnfc_nci: [INFO:nfa_p2p_act.cc(617)] nfa_p2p_reg_server
01-14 00:15:34.615  3247  3425 I libnfc_nci: [INFO:llcp_api.cc(369)] SAP:0xff, link_type:0x2, ServiceName:<urn:nfc:sn:handover>
01-14 00:15:34.615  3247  3425 I libnfc_nci: [INFO:llcp_api.cc(453)] Registered SAP = 0x11
01-14 00:15:34.615  3247  3425 I libnfc_nci: [INFO:PeerToPeer.cpp(1219)] PeerToPeer::nfaServerCallback: enter; event=0x0
01-14 00:15:34.615  3247  3425 I libnfc_nci: [INFO:PeerToPeer.cpp(1225)] PeerToPeer::nfaServerCallback: NFA_P2P_REG_SERVER_EVT; handle: 0x0511; service sap=0x11  na
me: urn:nfc:sn:handover
01-14 00:15:34.617  3247  3751 I libnfc_nci: [INFO:PeerToPeer.cpp(1650)] P2pServer::registerWithStack: wait for listen-completion event
01-14 00:15:34.617  3247  3425 I libnfc_nci: [INFO:PeerToPeer.cpp(1377)] PeerToPeer::nfaServerCallback: exit
01-14 00:15:34.617  3247  3425 I libnfc_nci: [INFO:nfa_sys_main.cc(77)] NFA got event 0x0206
01-14 00:15:34.617  3247  3425 I libnfc_nci: [INFO:nfa_ee_main.cc(641)] Event API_SET_PROTO_CFG(0x206), State: INIT_DONE(1)
01-14 00:15:34.617  3247  3425 I libnfc_nci: [INFO:nfa_ee_act.cc(208)] nfa_ee_update_route_size nfcee_id:0x0 size_mask_proto:15 size_mask_tech:0
01-14 00:15:34.617  3247  3425 I libnfc_nci: [INFO:nfa_ee_act.cc(304)] nfa_ee_total_lmrt_size size:15
01-14 00:15:34.617  3247  3425 I libnfc_nci: [INFO:nfa_dm_main.cc(194)] flags:0x1
01-14 00:15:34.617  3247  3425 I libnfc_nci: [INFO:nfa_sys_ptim.cc(128)] nfa_sys_ptim_start_timer 0x78d9ce09f0
01-14 00:15:34.617  3247  3425 I libnfc_nci: [INFO:RoutingManager.cpp(735)] RoutingManager::nfaEeCallback: NFA_EE_SET_PROTO_CFG_EVT; status=0x0
01-14 00:15:34.618  3247  3419 I libnfc_nci: [INFO:nfa_ee_api.cc(303)] handle:<0x0>technology_mask:<0x1>/<0x0>/<0x0><0x1><0x1><0x1>
01-14 00:15:34.618  3247  3419 I libnfc_nci: [INFO:nfa_ee_main.cc(403)] nfa_ee_find_ecb
01-14 00:15:34.618  3247  3425 I libnfc_nci: [INFO:nfa_sys_main.cc(77)] NFA got event 0x0204
01-14 00:15:34.618  3247  3425 I libnfc_nci: [INFO:nfa_ee_main.cc(641)] Event API_SET_TECH_CFG(0x204), State: INIT_DONE(1)
01-14 00:15:34.618  3247  3425 I libnfc_nci: [INFO:nfa_ee_act.cc(208)] nfa_ee_update_route_size nfcee_id:0x0 size_mask_proto:15 size_mask_tech:5
01-14 00:15:34.618  3247  3425 I libnfc_nci: [INFO:nfa_ee_act.cc(304)] nfa_ee_total_lmrt_size size:20
01-14 00:15:34.618  3247  3425 I libnfc_nci: [INFO:nfa_dm_main.cc(194)] flags:0x1
01-14 00:15:34.618  3247  3425 I libnfc_nci: [INFO:nfa_sys_ptim.cc(128)] nfa_sys_ptim_start_timer 0x78d9ce09f0
01-14 00:15:34.618  3247  3425 I libnfc_nci: [INFO:RoutingManager.cpp(721)] RoutingManager::nfaEeCallback: NFA_EE_SET_TECH_CFG_EVT; status=0x0
01-14 00:15:34.618  3247  3751 I libnfc_nci: [INFO:PeerToPeer.cpp(232)] PeerToPeer::registerServer: got new p2p server h=0x511
01-14 00:15:34.618  3247  3751 I libnfc_nci: [INFO:NativeNfcManager.cpp(1404)] nfcManager_doCreateLlcpServiceSocket: socket Handle = 0x4
01-14 00:15:34.618  3247  3751 I libnfc_nci: [INFO:NativeNfcManager.cpp(1411)] nfcManager_doCreateLlcpServiceSocket: buffer length = 1024
01-14 00:15:34.618  3247  3751 I libnfc_nci: [INFO:NativeNfcManager.cpp(1417)] nfcManager_doCreateLlcpServiceSocket: MIU = 128
01-14 00:15:34.618  3247  3419 I libnfc_nci: [INFO:nfa_ee_api.cc(303)] handle:<0x0>technology_mask:<0x4>/<0x0>/<0x0><0x4><0x4><0x4>
01-14 00:15:34.619  3247  3419 I libnfc_nci: [INFO:nfa_ee_main.cc(403)] nfa_ee_find_ecb
01-14 00:15:34.619  3247  3751 I libnfc_nci: [INFO:NativeNfcManager.cpp(1423)] nfcManager_doCreateLlcpServiceSocket:  RW = 1
01-14 00:15:34.619  3247  3751 I libnfc_nci: [INFO:NativeNfcManager.cpp(1427)] nfcManager_doCreateLlcpServiceSocket: exit
01-14 00:15:34.619  3247  3751 I libnfc_nci: [INFO:NativeLlcpServiceSocket.cpp(59)] nativeLlcpServiceSocket_doAccept: enter
01-14 00:15:34.619  3247  3751 I libnfc_nci: [INFO:PeerToPeer.cpp(433)] PeerToPeer::accept: enter; server jni handle: 4; conn jni handle: 6; maxInfoUnit: 128; recvW
indow: 1
01-14 00:15:34.619  3247  3751 I libnfc_nci: [INFO:PeerToPeer.cpp(1676)] P2pServer::accept: serverJniHandle: 4; connJniHandle: 6; wait for incoming connection
01-14 00:15:34.619  3247  3425 I libnfc_nci: [INFO:nfa_sys_main.cc(77)] NFA got event 0x0204
01-14 00:15:34.619  3247  3425 I libnfc_nci: [INFO:nfa_ee_main.cc(641)] Event API_SET_TECH_CFG(0x204), State: INIT_DONE(1)
01-14 00:15:34.619  3247  3425 I libnfc_nci: [INFO:nfa_ee_act.cc(208)] nfa_ee_update_route_size nfcee_id:0x0 size_mask_proto:15 size_mask_tech:10
01-14 00:15:34.620  3247  3425 I libnfc_nci: [INFO:nfa_ee_act.cc(304)] nfa_ee_total_lmrt_size size:25
01-14 00:15:34.620  3247  3425 I libnfc_nci: [INFO:nfa_dm_main.cc(194)] flags:0x1
01-14 00:15:34.620  3247  3425 I libnfc_nci: [INFO:nfa_sys_ptim.cc(128)] nfa_sys_ptim_start_timer 0x78d9ce09f0
01-14 00:15:34.620  3247  3425 I libnfc_nci: [INFO:RoutingManager.cpp(721)] RoutingManager::nfaEeCallback: NFA_EE_SET_TECH_CFG_EVT; status=0x0
01-14 00:15:34.620  3247  3419 I libnfc_nci: [INFO:RoutingManager.cpp(310)] RoutingManager::commitRouting
01-14 00:15:34.620  3247  3419 I libnfc_nci: [INFO:nfa_ee_api.cc(803)] NFA_EeUpdateNow
01-14 00:15:34.622  3247  3425 I libnfc_nci: [INFO:nfa_sys_main.cc(77)] NFA got event 0x020D
01-14 00:15:34.622  3247  3425 I libnfc_nci: [INFO:nfa_ee_main.cc(641)] Event API_UPDATE_NOW(0x20d), State: INIT_DONE(1)
01-14 00:15:34.623  3247  3425 I libnfc_nci: [INFO:nfa_sys_ptim.cc(156)] nfa_sys_ptim_stop_timer 0x78d9ce09f0
01-14 00:15:34.623  3247  3425 I libnfc_nci: [INFO:nfa_sys_ptim.cc(163)] ptim timer stop
01-14 00:15:34.623  3247  3425 I libnfc_nci: [INFO:nfa_ee_act.cc(2713)] nfa_ee_rout_timeout
01-14 00:15:34.623  3247  3425 I libnfc_nci: [INFO:nfa_ee_act.cc(2673)] ee_cfged: 0x90 ee_cfg_sts: 0x00
01-14 00:15:34.623  3247  3425 I libnfc_nci: [INFO:nfa_ee_act.cc(2684)] 0: ecb_flags  : 0x06, mask: 0x10
01-14 00:15:34.623  3247  3425 I libnfc_nci: [INFO:nfa_ee_act.cc(2840)] nfa_ee_update_rout ee_cfg_sts:0x00
01-14 00:15:34.623  3247  3425 I libnfc_nci: [INFO:nfa_ee_main.cc(641)] Event CFG_TO_NFCC(0x21b), State: INIT_DONE(1)
01-14 00:15:34.623  3247  3425 I libnfc_nci: [INFO:nfa_ee_act.cc(2786)] last_active: 0x1
01-14 00:15:34.623  3247  3425 I libnfc_nci: [INFO:nfa_ee_act.cc(2807)] nfa_ee_lmrt_to_nfcc --add the routing for NFCEEs!!
01-14 00:15:34.623  3247  3425 I libnfc_nci: [INFO:nfa_ee_act.cc(2560)] nfa_ee_route_add_one_ecb_by_route_order - max_len:720, cur_offset:0, more:1, num_tlv:0,rout_
type:- 1
01-14 00:15:34.623  3247  3425 I libnfc_nci: [INFO:nfa_ee_act.cc(463)] nfa_ee_add_aid_route_to_ecb - No AID entries available
01-14 00:15:34.623  3247  3425 I libnfc_nci: [INFO:nfa_ee_act.cc(304)] nfa_ee_total_lmrt_size size:25
01-14 00:15:34.623  3247  3425 I libnfc_nci: [INFO:nfa_ee_act.cc(2606)] ee_cfg_sts:0x00 lmrt_size:25
01-14 00:15:34.623  3247  3425 I libnfc_nci: [INFO:nfa_ee_act.cc(2815)] nfa_ee_lmrt_to_nfcc --add the routing for DH!!
01-14 00:15:34.623  3247  3425 I libnfc_nci: [INFO:nfa_ee_act.cc(2560)] nfa_ee_route_add_one_ecb_by_route_order - max_len:720, cur_offset:0, more:1, num_tlv:0,rout_
type:- 1
01-14 00:15:34.623  3247  3425 I libnfc_nci: [INFO:nfa_ee_act.cc(463)] nfa_ee_add_aid_route_to_ecb - No AID entries available
01-14 00:15:34.623  3247  3425 I libnfc_nci: [INFO:nfa_ee_act.cc(304)] nfa_ee_total_lmrt_size size:25
01-14 00:15:34.623  3247  3425 I libnfc_nci: [INFO:nfa_ee_act.cc(2606)] ee_cfg_sts:0x01 lmrt_size:25
01-14 00:15:34.623  3247  3425 I libnfc_nci: [INFO:nfa_ee_act.cc(2807)] nfa_ee_lmrt_to_nfcc --add the routing for NFCEEs!!
01-14 00:15:34.623  3247  3425 I libnfc_nci: [INFO:nfa_ee_act.cc(2560)] nfa_ee_route_add_one_ecb_by_route_order - max_len:720, cur_offset:0, more:1, num_tlv:0,rout_
type:- 2
01-14 00:15:34.623  3247  3425 I libnfc_nci: [INFO:nfa_ee_act.cc(2591)] nfa_ee_route_add_one_ecb_by_route_order -  Route type - NA:- 2
01-14 00:15:34.623  3247  3425 I libnfc_nci: [INFO:nfa_ee_act.cc(304)] nfa_ee_total_lmrt_size size:25
01-14 00:15:34.624  3247  3425 I libnfc_nci: [INFO:nfa_ee_act.cc(2606)] ee_cfg_sts:0x01 lmrt_size:25
01-14 00:15:34.624  3247  3425 I libnfc_nci: [INFO:nfa_ee_act.cc(2815)] nfa_ee_lmrt_to_nfcc --add the routing for DH!!
01-14 00:15:34.624  3247  3425 I libnfc_nci: [INFO:nfa_ee_act.cc(2560)] nfa_ee_route_add_one_ecb_by_route_order - max_len:720, cur_offset:0, more:1, num_tlv:0,rout_
type:- 2
01-14 00:15:34.624  3247  3425 I libnfc_nci: [INFO:nfa_ee_act.cc(2591)] nfa_ee_route_add_one_ecb_by_route_order -  Route type - NA:- 2
01-14 00:15:34.624  3247  3425 I libnfc_nci: [INFO:nfa_ee_act.cc(304)] nfa_ee_total_lmrt_size size:25
01-14 00:15:34.624  3247  3425 I libnfc_nci: [INFO:nfa_ee_act.cc(2606)] ee_cfg_sts:0x01 lmrt_size:25
01-14 00:15:34.624  3247  3425 I libnfc_nci: [INFO:nfa_ee_act.cc(2807)] nfa_ee_lmrt_to_nfcc --add the routing for NFCEEs!!
01-14 00:15:34.624  3247  3425 I libnfc_nci: [INFO:nfa_ee_act.cc(2560)] nfa_ee_route_add_one_ecb_by_route_order - max_len:720, cur_offset:0, more:1, num_tlv:0,rout_
type:- 3
01-14 00:15:34.624  3247  3425 I libnfc_nci: [INFO:nfa_ee_act.cc(516)] nfa_ee_add_sys_code_route_to_ecb - No SC entries available
01-14 00:15:34.624  3247  3425 I libnfc_nci: [INFO:nfa_ee_act.cc(304)] nfa_ee_total_lmrt_size size:25
01-14 00:15:34.627  3247  3425 I libnfc_nci: [INFO:nfa_ee_act.cc(2606)] ee_cfg_sts:0x01 lmrt_size:25
01-14 00:15:34.627  3247  3425 I libnfc_nci: [INFO:nfa_ee_act.cc(2815)] nfa_ee_lmrt_to_nfcc --add the routing for DH!!
01-14 00:15:34.627  3247  3425 I libnfc_nci: [INFO:nfa_ee_act.cc(2560)] nfa_ee_route_add_one_ecb_by_route_order - max_len:720, cur_offset:0, more:1, num_tlv:0,rout_
type:- 3
01-14 00:15:34.627  3247  3425 I libnfc_nci: [INFO:nfa_ee_act.cc(516)] nfa_ee_add_sys_code_route_to_ecb - No SC entries available
01-14 00:15:34.627  3247  3425 I libnfc_nci: [INFO:nfa_ee_act.cc(304)] nfa_ee_total_lmrt_size size:25
01-14 00:15:34.627  3247  3425 I libnfc_nci: [INFO:nfa_ee_act.cc(2606)] ee_cfg_sts:0x01 lmrt_size:25
01-14 00:15:34.627  3247  3425 I libnfc_nci: [INFO:nfa_ee_act.cc(2807)] nfa_ee_lmrt_to_nfcc --add the routing for NFCEEs!!
01-14 00:15:34.627  3247  3425 I libnfc_nci: [INFO:nfa_ee_act.cc(2560)] nfa_ee_route_add_one_ecb_by_route_order - max_len:720, cur_offset:0, more:1, num_tlv:0,rout_
type:- 4
01-14 00:15:34.627  3247  3425 I libnfc_nci: [INFO:nfa_ee_act.cc(304)] nfa_ee_total_lmrt_size size:25
01-14 00:15:34.627  3247  3425 I libnfc_nci: [INFO:nfa_ee_act.cc(2606)] ee_cfg_sts:0x01 lmrt_size:25
01-14 00:15:34.628  3247  3425 I libnfc_nci: [INFO:nfa_ee_act.cc(2815)] nfa_ee_lmrt_to_nfcc --add the routing for DH!!
01-14 00:15:34.628  3247  3425 I libnfc_nci: [INFO:nfa_ee_act.cc(2560)] nfa_ee_route_add_one_ecb_by_route_order - max_len:720, cur_offset:0, more:1, num_tlv:0,rout_
type:- 4
01-14 00:15:34.628  3247  3425 I libnfc_nci: [INFO:nfa_ee_act.cc(388)] nfa_ee_add_proto_route_to_ecb - NFC DEP added for DH!!!
01-14 00:15:34.628  3247  3425 I libnfc_nci: [INFO:nfa_ee_act.cc(304)] nfa_ee_total_lmrt_size size:25
01-14 00:15:34.628  3247  3425 I libnfc_nci: [INFO:nfa_ee_act.cc(2606)] ee_cfg_sts:0x01 lmrt_size:25
01-14 00:15:34.628  3247  3425 I libnfc_nci: [INFO:nfa_ee_act.cc(2807)] nfa_ee_lmrt_to_nfcc --add the routing for NFCEEs!!
01-14 00:15:34.632  3247  3425 I libnfc_nci: [INFO:nfa_ee_act.cc(2560)] nfa_ee_route_add_one_ecb_by_route_order - max_len:720, cur_offset:15, more:1, num_tlv:3,rout
_type:- 5
01-14 00:15:34.637  3247  3425 I libnfc_nci: [INFO:nfa_ee_act.cc(304)] nfa_ee_total_lmrt_size size:25
01-14 00:15:34.638  3247  3425 I libnfc_nci: [INFO:nfa_ee_act.cc(2606)] ee_cfg_sts:0x01 lmrt_size:25
01-14 00:15:34.638  3247  3425 I libnfc_nci: [INFO:nfa_ee_act.cc(2815)] nfa_ee_lmrt_to_nfcc --add the routing for DH!!
01-14 00:15:34.638  3247  3425 I libnfc_nci: [INFO:nfa_ee_act.cc(2560)] nfa_ee_route_add_one_ecb_by_route_order - max_len:720, cur_offset:15, more:0, num_tlv:3,rout
_type:- 5
01-14 00:15:34.638  3247  3425 I libnfc_nci: [INFO:nfa_ee_act.cc(304)] nfa_ee_total_lmrt_size size:25
01-14 00:15:34.638  3247  3425 I libnfc_nci: [INFO:nfa_ee_act.cc(2606)] ee_cfg_sts:0x01 lmrt_size:25
01-14 00:15:34.638  3247  3425 I libnfc_nci: [INFO:nfa_ee_act.cc(2617)] nfa_ee_route_add_one_ecb_by_route_order : set routing num_tlv:5 tlv_size:25
01-14 00:15:34.638  3247  3425 I libnfc_nci: [INFO:NfcAdaptation.cc(751)] NfcAdaptation::HalWrite
01-14 00:15:34.638   764   764 D NxpExtns: find found MIFARE_READER_ENABLE=(0x1)
01-14 00:15:34.638   764   764 D NfccPowerTracker: NfccPowerTracker::ProcessCmd: Enter,Recieved len :30
01-14 00:15:34.639   764  3436 D NxpTml  : PN54X - Write requested.....
01-14 00:15:34.639   764  3436 D NxpTml  : PN54X - Invoking I2C Write.....
01-14 00:15:34.642   764  3436 D NxpNciX : len =  30 > 21011B000501030001030103000104010300010500030001000003000102
01-14 00:15:34.642   764  3436 D NxpTml  : PN54X - I2C Write successful.....
01-14 00:15:34.642   764  3436 D NxpTml  : PN54X - Posting Fresh Write message.....
01-14 00:15:34.642   764  3436 D NxpTml  : PN54X - Tml Writer Thread Running................
01-14 00:15:34.642   764  3438 D NxpHal  : write successful status = 0x0
01-14 00:15:34.643  3247  3425 I libnfc_nci: [INFO:nfa_ee_act.cc(2862)] nfa_ee_update_rout ee_cfg_sts:0x10 ee_cfged:0x10
01-14 00:15:34.644   764  3435 D NxpTml  : PN54X - I2C Read successful.....
01-14 00:15:34.644   764  3435 D NxpNciR : len =   4 > 41010100
01-14 00:15:34.644   764  3435 D NxpTml  : PN54X - Posting read message.....
01-14 00:15:34.648   764  3438 D NxpHal  : read successful status = 0x0
01-14 00:15:34.648  3247  3425 I libnfc_nci: [INFO:nfc_ncif.cc(399)] NFC received rsp gid:1
01-14 00:15:34.648  3247  3425 I libnfc_nci: [INFO:nfa_dm_act.cc(268)] NFC_SET_ROUTING_REVT(0x500a)
01-14 00:15:34.648  3247  3425 I libnfc_nci: [INFO:nfa_ee_main.cc(359)] nfa_ee_proc_evt: event=0x500a int_event:0x218
01-14 00:15:34.648  3247  3425 I libnfc_nci: [INFO:nfa_ee_main.cc(641)] Event NCI_WAIT_RSP(0x218), State: INIT_DONE(1)
01-14 00:15:34.648  3247  3425 I libnfc_nci: [INFO:nfa_ee_act.cc(2248)] ee_wait_evt:0x30 wait_rsp:1
01-14 00:15:34.648  3247  3425 I libnfc_nci: [INFO:nfa_ee_act.cc(2221)] nfa_ee_report_update_evt ee_wait_evt:0x30 wait_rsp:0
01-14 00:15:34.648  3247  3425 I libnfc_nci: [INFO:RoutingManager.cpp(834)] RoutingManager::nfaEeCallback: NFA_EE_UPDATED_EVT
01-14 00:15:34.649   764  3435 D NxpTml  : PN54X - Read requested.....
01-14 00:15:34.649   764  3435 D NxpTml  : PN54X - Invoking I2C Read.....
01-14 00:15:34.649  3247  3419 I libnfc_nci: [INFO:NativeNfcManager.cpp(2103)] startRfDiscovery: is start=1
01-14 00:15:34.649  3247  3419 I libnfc_nci: [INFO:NativeNfcTag.cpp(1801)] nativeNfcTag_acquireRfInterfaceMutexLock: try to acquire lock
01-14 00:15:34.649  3247  3419 I libnfc_nci: [INFO:NativeNfcTag.cpp(1804)] nativeNfcTag_acquireRfInterfaceMutexLock: sRfInterfaceMutex lock
01-14 00:15:34.649  3247  3419 I libnfc_nci: [INFO:nfa_dm_api.cc(691)] NFA_StartRfDiscovery
01-14 00:15:34.649  3247  3425 I libnfc_nci: [INFO:nfa_sys_main.cc(77)] NFA got event 0x010E
01-14 00:15:34.649  3247  3425 I libnfc_nci: [INFO:nfa_dm_main.cc(122)] event: NFA_DM_API_START_RF_DISCOVERY_EVT (0x0e)
01-14 00:15:34.654     0     0 E nq-nci 6-0028: nfc_read : reading 1 bytes.
01-14 00:15:34.654  3247  3425 I libnfc_nci: [INFO:nfa_dm_act.cc(1230)] nfa_dm_act_start_rf_discovery
01-14 00:15:34.654  3247  3425 I libnfc_nci: [INFO:nfa_dm_discover.cc(884)] nfa_dm_start_rf_discover
01-14 00:15:34.655  3247  3425 I libnfc_nci: [INFO:nfa_ee_act.cc(2484)] 1
01-14 00:15:34.655  3247  3425 I libnfc_nci: [INFO:nfa_ee_act.cc(2508)] 0x0, 0x0, 0x0, 0x0
01-14 00:15:34.655  3247  3425 I libnfc_nci: [INFO:nfa_dm_discover.cc(1012)] nfa_dm_cb.disc_cb.entry[0].selected_disc_mask = 0x40000
01-14 00:15:34.655  3247  3425 I libnfc_nci: [INFO:nfa_dm_discover.cc(1050)] dm_disc_mask = 0x40000
01-14 00:15:34.655  3247  3425 I libnfc_nci: [INFO:nfa_dm_discover.cc(280)] tech_proto_mask = 0x00040000
01-14 00:15:34.655  3247  3425 I libnfc_nci: [INFO:nfa_dm_main.cc(222)] nfa_dm_check_set_config
01-14 00:15:34.655  3247  3425 I libnfc_nci: [INFO:NfcAdaptation.cc(751)] NfcAdaptation::HalWrite
01-14 00:15:34.655   764   764 D NxpExtns: find found MIFARE_READER_ENABLE=(0x1)
01-14 00:15:34.655   764   764 D NfccPowerTracker: NfccPowerTracker::ProcessCmd: Enter,Recieved len :19
01-14 00:15:34.655   764  3436 D NxpTml  : PN54X - Write requested.....
01-14 00:15:34.655   764  3436 D NxpTml  : PN54X - Invoking I2C Write.....
01-14 00:15:34.659   764  3436 D NxpNciX : len =  19 > 20021005300104310100320120380100500100
01-14 00:15:34.659   764  3436 D NxpTml  : PN54X - I2C Write successful.....
01-14 00:15:34.659   764  3436 D NxpTml  : PN54X - Posting Fresh Write message.....
01-14 00:15:34.659   764  3436 D NxpTml  : PN54X - Tml Writer Thread Running................
01-14 00:15:34.659   764  3438 D NxpHal  : write successful status = 0x0
01-14 00:15:34.659     0     0 E nq-nci 6-0028: nfc_read : reading 3 bytes.
01-14 00:15:34.661  3247  3425 I libnfc_nci: [INFO:nfa_dm_discover.cc(370)] nfa_dm_set_total_duration
01-14 00:15:34.661  3247  3425 I libnfc_nci: [INFO:nfa_dm_main.cc(222)] nfa_dm_check_set_config
