01-15 23:37:56.477     0     0 E msm_voice_sound_focus_get: Error getting Sound Focus Params, err=-22
01-15 23:37:56.485     0     0 E msm_voice_source_tracking_get: Error getting Source Tracking Params, err=-22
01-15 23:37:56.492     0     0 E msm_audio_get_copp_idx_from_port_id: Invalid FE, exiting
01-15 23:37:56.500     0     0 E msm_audio_sound_focus_get: Could not get copp idx for port_id=4101
01-15 23:37:56.507     0     0 E msm_audio_get_copp_idx_from_port_id: Invalid FE, exiting
01-15 23:37:56.513     0     0 E msm_audio_source_tracking_get: Could not get copp idx for port_id=4101
01-15 23:37:56.520     0     0 E msm_voice_sound_focus_get: Error getting Sound Focus Params, err=-22
01-15 23:37:56.528     0     0 E msm_voice_source_tracking_get: Error getting Source Tracking Params, err=-22
01-15 23:37:56.535     0     0 E msm_audio_get_copp_idx_from_port_id: Invalid FE, exiting
01-15 23:37:56.543     0     0 E msm_audio_sound_focus_get: Could not get copp idx for port_id=4149
01-15 23:37:56.549     0     0 E msm_audio_get_copp_idx_from_port_id: Invalid FE, exiting
01-15 23:37:56.556     0     0 E msm_audio_source_tracking_get: Could not get copp idx for port_id=4149
01-15 23:37:56.566     0     0 I core_get_license_status: cmdrsp_license_result.result = 0x15 for module 0x131ff
01-15 23:37:56.567     0     0 E msm-ext-disp-audio-codec-rx soc: qcom,msm_ext_disp:qcom,msm-ext-disp-audio-codec-rx: msm_ext_disp_audio_type_get: codec_data, get_a
udio_edid_blk() or get_intf_id is NULL
01-15 23:37:56.579  1075  1075 I auditd  : type=1400 audit(0.0:29): avc: denied { search } for comm="BootAnimation" name="gpu" dev="tmpfs" ino=20767 scontext=u:r:bo
otanim:s0 tcontext=u:object_r:vendor_gles_data_file:s0 tclass=dir permissive=0
01-15 23:37:56.585     0     0 E msm_dai_q6_slim_rx_drift_get: afe port not started. dai_data->status_mask = 0
01-15 23:37:56.587     0     0 E msm_dai_q6_ext_disp_drift_get: afe port not started. status_mask = 0
01-15 23:37:56.598     0     0 I ueventd : loading /devices/soc/4080000.qcom,mss/firmware/modem.b17 took 288ms
01-15 23:37:56.609  1075  1075 I chatty  : uid=1003(graphics) /system/bin/bootanimation identical 8 lines
01-15 23:37:56.609  1075  1075 I auditd  : type=1400 audit(0.0:38): avc: denied { search } for comm="BootAnimation" name="gpu" dev="tmpfs" ino=20767 scontext=u:r:bo
otanim:s0 tcontext=u:object_r:vendor_gles_data_file:s0 tclass=dir permissive=0
01-15 23:37:56.647  1075  1128 D BootAnimation: BootAnimationShownTiming start time: 33228ms
01-15 23:37:56.676     0     0 I ueventd : firmware: loading 'modem.b18' for '/devices/soc/4080000.qcom,mss/firmware/modem.b18'
01-15 23:37:56.680     0     0 E msm_adsp_stream_callback_get: ASM Stream PP event queue is not initialized.
01-15 23:37:56.716   652   652 D         : HW based disk encryption is enabled
01-15 23:37:56.716   652   652 E         : get_ephemeral_passwd: Passed argument is NULL
01-15 23:37:56.753     0     0 I ueventd : loading /devices/soc/4080000.qcom,mss/firmware/modem.b18 took 77ms
01-15 23:37:56.759     0     0 E msm_adsp_stream_callback_get: ASM Stream PP event queue is not initialized.
01-15 23:37:56.761     0     0 E msm_adsp_stream_callback_get: ASM Stream PP event queue is not initialized.
01-15 23:37:56.765     0     0 I coresight-tmc 6048000.tmc: TMC enabled
01-15 23:37:56.765     0     0 I coresight-replicator-qcom 6046000.replicator: REPLICATOR enabled
01-15 23:37:56.765     0     0 I coresight-tmc 6047000.tmc: TMC enabled
01-15 23:37:56.765     0     0 I coresight-funnel 6045000.funnel: FUNNEL inport 0 enabled
01-15 23:37:56.765     0     0 I coresight-funnel 6041000.funnel: FUNNEL inport 7 enabled
01-15 23:37:56.765     0     0 I coresight-stm 6002000.stm: STM tracing enabled
01-15 23:37:56.783     0     0 E mdss_mdp_overlay_start: starting fb0 overlay
01-15 23:37:56.794     0     0 E msm_adsp_stream_callback_get: ASM Stream PP event queue is not initialized.
01-15 23:37:56.795     0     0 E msm_compr_audio_effects_config_get: stream or effects inactive
01-15 23:37:56.801     0     0 E msm_adsp_stream_callback_get: ASM Stream PP event queue is not initialized.
01-15 23:37:56.861     0     0 E msm_adsp_stream_callback_get: ASM Stream PP event queue is not initialized.
01-15 23:37:56.864     0     0 E msm_compr_audio_effects_config_get: stream or effects inactive
01-15 23:37:56.869     0     0 E msm_adsp_stream_callback_get: ASM Stream PP event queue is not initialized.
01-15 23:37:56.881     0     0 E msm_compr_audio_effects_config_get: stream or effects inactive
01-15 23:37:56.883     0     0 E msm_adsp_stream_callback_get: ASM Stream PP event queue is not initialized.
01-15 23:37:56.900     0     0 E msm_adsp_stream_callback_get: ASM Stream PP event queue is not initialized.
01-15 23:37:56.910     0     0 I init    : Service 'cs-early-boot' (pid 803) exited with status 0
01-15 23:37:56.951     0     0 I ueventd : firmware: loading 'modem.b20' for '/devices/soc/4080000.qcom,mss/firmware/modem.b20'
01-15 23:37:56.957     0     0 I ueventd : loading /devices/soc/4080000.qcom,mss/firmware/modem.b20 took 6ms
01-15 23:37:56.958     0     0 E msm_adsp_stream_callback_get: ASM Stream PP event queue is not initialized.
01-15 23:37:56.960     0     0 E msm_compr_audio_effects_config_get: stream or effects inactive
01-15 23:37:56.966     0     0 E msm_adsp_stream_callback_get: ASM Stream PP event queue is not initialized.
01-15 23:37:56.970     0     0 I ueventd : firmware: loading 'modem.b21' for '/devices/soc/4080000.qcom,mss/firmware/modem.b21'
01-15 23:37:56.978     0     0 E msm_compr_audio_effects_config_get: stream or effects inactive
01-15 23:37:56.980     0     0 E msm_adsp_stream_callback_get: ASM Stream PP event queue is not initialized.
01-15 23:37:56.991     0     0 I ueventd : loading /devices/soc/4080000.qcom,mss/firmware/modem.b21 took 22ms
01-15 23:37:56.991     0     0 E scm_call failed: func id 0x72000205, ret: -2, syscall returns: 0xffffffffffffffbf, 0x0, 0x0
01-15 23:37:56.994     0     0 E msm_compr_audio_effects_config_get: stream or effects inactive
01-15 23:37:56.994     0     0 E msm_adsp_stream_callback_get: ASM Stream PP event queue is not initialized.
01-15 23:37:56.997     0     0 E mdss_mdp_cxipeak_vote: cxipeak api fail ret:-22 set_vote :0 new_rate:150000000 prev_rate:412500000
01-15 23:37:57.002     0     0 E msm_compr_audio_effects_config_get: stream or effects inactive
01-15 23:37:57.002     0     0 I ueventd : firmware: loading 'modem.b22' for '/devices/soc/4080000.qcom,mss/firmware/modem.b22'
01-15 23:37:57.002     0     0 E msm_adsp_stream_callback_get: ASM Stream PP event queue is not initialized.
01-15 23:37:57.008     0     0 E msm_compr_audio_effects_config_get: stream or effects inactive
01-15 23:37:57.009     0     0 E msm_adsp_stream_callback_get: ASM Stream PP event queue is not initialized.
01-15 23:37:57.019     0     0 E         : msm_pcm_volume_ctl_get substream or runtime not found
01-15 23:37:57.059     0     0 E QSEECOM : __qseecom_process_incomplete_cmd: scm_call() failed with err: -22 (app_id = 0)
01-15 23:37:57.065     0     0 E msm_adsp_stream_callback_get: ASM Stream PP event queue is not initialized.
01-15 23:37:57.139   748   748 I auditd  : type=1400 audit(0.0:39): avc: denied { read } for comm="HwBinder:748_2" name="class" dev="sysfs" ino=10 scontext=u:r:hal_
audio_default:s0 tcontext=u:object_r:sysfs:s0 tclass=dir permissive=0
01-15 23:37:57.239     0     0 E wcdcal_hwdep_ioctl_shared: codec didn't set this 0!!
01-15 23:37:57.240     0     0 E wcdcal_hwdep_ioctl_shared: codec didn't set this 3!!
01-15 23:37:57.289   748   748 I auditd  : type=1400 audit(0.0:40): avc: denied { read } for comm="HwBinder:748_2" name="u:object_r:default_prop:s0" dev="tmpfs" ino
=4760 scontext=u:r:hal_audio_default:s0 tcontext=u:object_r:default_prop:s0 tclass=file permissive=0
01-15 23:37:57.290   652   652 E         : SUCESS::Qseecom call to create encryption key for usage 4 success with ret = 0
01-15 23:37:57.297   615   943 D         : HW based disk encryption is enabled
01-15 23:37:57.297   615   943 I Cryptfs : Creating crypto dev "userdata"; cipher=aes-xts, keysize=16, real_dev=/dev/block/bootdevice/by-name/userdata, len=21873262
080, params="fde_enabled ice"
01-15 23:37:57.297   615   943 D         : HW based disk encryption is enabled
01-15 23:37:57.297   615   943 I Cryptfs : target_type = req-crypt
01-15 23:37:57.297   615   943 I Cryptfs : real_blk_name = /dev/block/bootdevice/by-name/userdata, extra_params = fde_enabled ice
01-15 23:37:57.301     0     0 E QSEECOM : qseecom_create_key: Set the key successfully
01-15 23:37:57.302   615   619 D vold    : Disk at 252:1 changed
01-15 23:37:57.309     0     0 I device-mapper: req-crypt: req_crypt_ctr: Mapping block_device /dev/block/bootdevice/by-name/userdata to dm-req-crypt ok!
01-15 23:37:57.324   615   943 I vold    : wait for '/dev/block/dm-1' took 21ms
01-15 23:37:57.326   615   943 D Cryptfs : Password is default - restarting filesystem
01-15 23:37:57.348     0     0 I ueventd : loading /devices/soc/4080000.qcom,mss/firmware/modem.b22 took 346ms
01-15 23:37:57.361     0     0 I ueventd : firmware: loading 'modem.b23' for '/devices/soc/4080000.qcom,mss/firmware/modem.b23'
01-15 23:37:57.367     0     0 I ueventd : loading /devices/soc/4080000.qcom,mss/firmware/modem.b23 took 6ms
01-15 23:37:57.376     0     0 I ueventd : firmware: loading 'modem.b24' for '/devices/soc/4080000.qcom,mss/firmware/modem.b24'
01-15 23:37:57.400     0     0 I ueventd : loading /devices/soc/4080000.qcom,mss/firmware/modem.b24 took 25ms
01-15 23:37:57.409     0     0 I ueventd : firmware: loading 'modem.b25' for '/devices/soc/4080000.qcom,mss/firmware/modem.b25'
01-15 23:37:57.418     0     0 I ueventd : loading /devices/soc/4080000.qcom,mss/firmware/modem.b25 took 8ms
01-15 23:37:57.425     0     0 I ueventd : firmware: loading 'modem.b26' for '/devices/soc/4080000.qcom,mss/firmware/modem.b26'
01-15 23:37:57.429     0     0 I ueventd : loading /devices/soc/4080000.qcom,mss/firmware/modem.b26 took 5ms
01-15 23:37:57.438     0     0 I ueventd : firmware: loading 'modem.b27' for '/devices/soc/4080000.qcom,mss/firmware/modem.b27'
01-15 23:37:57.442     0     0 I ueventd : loading /devices/soc/4080000.qcom,mss/firmware/modem.b27 took 5ms
01-15 23:37:57.452     0     0 I ueventd : firmware: loading 'modem.b28' for '/devices/soc/4080000.qcom,mss/firmware/modem.b28'
01-15 23:37:57.466     0     0 I ueventd : loading /devices/soc/4080000.qcom,mss/firmware/modem.b28 took 15ms
01-15 23:37:57.568     0     0 I pil-q6v5-mss 4080000.qcom,mss: modem: Brought out of reset
01-15 23:37:57.652     0     0 I pil-q6v5-mss 4080000.qcom,mss: Subsystem error monitoring/handling services are up
01-15 23:37:57.652     0     0 I pil-q6v5-mss 4080000.qcom,mss: modem: Power/Clock ready interrupt received
01-15 23:37:57.654     0     0 I         : IPA received MPSS AFTER_POWERUP
01-15 23:37:57.654     0     0 I         : IPA AFTER_POWERUP handling is complete
01-15 23:37:57.654     0     0 I apr_tal_link_state_cb: edge[mpss] link state[0]
01-15 23:37:57.774     0     0 I service-notifier: root_service_service_arrive: Connection established between QMI handle and 180 service
01-15 23:37:57.775     0     0 E rmt_storage: INFO:rmt_storage_open_cb: Processing: Open Request (req_h 0x1) for /boot/modem_fs1!
01-15 23:37:57.778     0     0 I sysmon-qmi: sysmon_clnt_svc_arrive: Connection established between QMI handle and modem's SSCTL service
01-15 23:37:57.778     0     0 E rmt_storage: INFO:rmt_storage_open_cb: Processing: Open Request (req_h 0x2) for /boot/modem_fs2!
01-15 23:37:57.787     0     0 E rmt_storage: INFO:rmt_storage_open_cb: Processing: Open Request (req_h 0x3) for /boot/modem_fsg!
01-15 23:37:57.796     0     0 E rmt_storage: INFO:rmt_storage_open_cb: Processing: Open Request (req_h 0x4) for /boot/modem_fsc!
01-15 23:37:57.814     0     0 E rmt_storage: INFO:rmt_storage_alloc_buff_cb: Received req_size: 0! avail: 2097152
01-15 23:37:57.817     0     0 E rmt_storage: INFO:rmt_storage_rw_iovec_cb: Read iovec request (req_h 0x8 wr_count 0) received for /boot/modem_fs1
01-15 23:37:57.822     0     0 E rmt_storage: INFO:rmt_storage_client_thread: Calling Read [offset=512, size=512, req_h 0x8, wr_count 0] for /boot/modem_fs1!
01-15 23:37:57.835     0     0 E rmt_storage: INFO:rmt_storage_client_thread: Done Read (bytes = 512, req_h 0x8, wr_count 0) for /boot/modem_fs1!
01-15 23:37:57.849     0     0 E rmt_storage: INFO:rmt_storage_rw_iovec_cb: Read iovec request (req_h 0x9 wr_count 0) received for /boot/modem_fs2
01-15 23:37:57.856     0     0 E rmt_storage: INFO:rmt_storage_client_thread: Calling Read [offset=512, size=512, req_h 0x9, wr_count 0] for /boot/modem_fs2!
01-15 23:37:57.870     0     0 E rmt_storage: INFO:rmt_storage_client_thread: Done Read (bytes = 512, req_h 0x9, wr_count 0) for /boot/modem_fs2!
01-15 23:37:57.882     0     0 E rmt_storage: INFO:rmt_storage_rw_iovec_cb: Read iovec request (req_h 0xa wr_count 0) received for /boot/modem_fs1
01-15 23:37:57.891     0     0 E rmt_storage: INFO:rmt_storage_client_thread: Calling Read [offset=1024, size=2096128, req_h 0xa, wr_count 0] for /boot/modem_fs1!
01-15 23:37:57.930     0     0 E rmt_storage: INFO:rmt_storage_client_thread: Done Read (bytes = 2096128, req_h 0xa, wr_count 0) for /boot/modem_fs1!
01-15 23:37:58.004     0     0 I         : Sending QMI_IPA_INIT_MODEM_DRIVER_REQ_V01
01-15 23:37:58.006     0     0 E ipa-wan handle_indication_req: 135 not send indication
01-15 23:37:58.008     0     0 E ipa_uc_wdi_event_log_info_handler: 328 WDI stats ofst=0x45138
01-15 23:37:58.009     0     0 I         : QMI_IPA_INIT_MODEM_DRIVER_REQ_V01 response received
01-15 23:37:58.011     0     0 E ipa_uc_ntn_event_log_info_handler: 36 NTN feature missing 0x9
01-15 23:37:58.018     0     0 E ipa_uc_response_hdlr: 461 IPA uC loaded
01-15 23:37:58.025     0     0 E ipa_sps_irq_control_all: 963 EP (5) not allocated.
01-15 23:37:58.033     0     0 I chatty  : uid=0(root) logd identical 1 line
01-15 23:37:58.040     0     0 E ipa_sps_irq_control_all: 963 EP (5) not allocated.
01-15 23:37:58.051     0     0 E diag    : In diag_send_feature_mask_update, control channel is not open, p: 0, ffffff8b6bb76ec0
01-15 23:37:58.051     0     0 E diag    : In diag_send_peripheral_buffering_mode, buffering flag not set for 0
01-15 23:37:58.057     0     0 E IPC_RTR : process_new_server_msg: Server 00001002 create rejected, version = 0
01-15 23:37:58.068     0     0 E diag    : In diag_send_peripheral_buffering_mode, buffering flag not set for 0
01-15 23:37:58.331     0     0 E rmt_storage: INFO:rmt_storage_rw_iovec_cb: Write iovec request (req_h 0xb wr_count 1) received for /boot/modem_fs2
01-15 23:37:58.331     0     0 E rmt_storage: INFO:rmt_storage_client_thread: Calling Write [offset=0, size=2097152, req_h 0xb, wr_count 1] for /boot/modem_fs2!
01-15 23:37:58.430     0     0 E rmt_storage: INFO:rmt_storage_client_thread: Done Write (bytes = 2097152, req_h 0xb, wr_count 1) for /boot/modem_fs2!
01-15 23:37:58.650     0     0 I service-notifier: root_service_service_ind_cb: Indication received from msm/modem/wlan_pd, state: 0x1fffffff, trans-id: 1
01-15 23:37:58.658     0     0 I service-notifier: send_ind_ack: Indication ACKed for transid 1, service msm/modem/wlan_pd, instance 180!
01-15 23:37:58.662     0     0 I icnss   : QMI Server Connected: state: 0x981
01-15 23:38:01.140     0     0 E mdss_dsi_cmds_rx: failed to tx max_pkt_size
01-15 23:38:01.140     0     0 E mdss_dsi_read_status: get status: fail
01-15 23:38:01.144     0     0 E mdss_dsi_reg_status_check: Read status register returned error
01-15 23:38:01.149     0     0 E mdss_fb_report_panel_dead: Panel has gone bad, sending uevent - PANEL_ALIVE=0
01-15 23:38:01.177     0     0 I MSM-CPP cpp_release_hardware: 1222 cpp hw release done
01-15 23:38:01.206     0     0 I msm_pm_qos_update_request: update request 100
01-15 23:38:01.206     0     0 I msm_pm_qos_add_request: add request
01-15 23:38:01.206     0     0 I msm_pm_qos_update_request: update request -1
01-15 23:38:01.211     0     0 I msm_pm_qos_add_request: add request
01-15 23:38:01.211     0     0 I msm_csid_init: CSID_VERSION = 0x30050000
01-15 23:38:01.214     0     0 E         : msm_csid_irq CSID2_IRQ_STATUS_ADDR = 0x800
01-15 23:38:01.219     0     0 I MSM-CPP cpp_init_hardware: 1141 CPP HW Version: 0x60010002
01-15 23:38:01.219     0     0 E MSM-CPP cpp_init_hardware: 1159 stream_cnt:0
01-15 23:38:01.225     0     0 E msm_camera_request_gpio_table: 774 gpio 45:CAM_VANA request fails
01-15 23:38:01.225     0     0 E msm_camera_request_gpio_table: 774 gpio 52:CAM_VDIG request fails
01-15 23:38:01.257     0     0 I msm_cci_init: 1439: hw_version = 0x10060000
01-15 23:38:01.351     0     0 I MSM-CPP cpp_release_hardware: 1222 cpp hw release done
01-15 23:38:01.370     0     0 E mdss_dsi_cmds2buf_tx: failed to call cmd_dma_tx for cmd = 0x28
01-15 23:38:01.370     0     0 E mdss_dsi_cmds_tx: failed to call
01-15 23:38:01.379     0     0 I msm_pm_qos_update_request: update request 100
01-15 23:38:01.379     0     0 I msm_pm_qos_add_request: add request
01-15 23:38:01.379     0     0 I msm_pm_qos_update_request: update request -1
01-15 23:38:01.384     0     0 I msm_pm_qos_add_request: add request
01-15 23:38:01.384     0     0 I msm_csid_init: CSID_VERSION = 0x30050000
01-15 23:38:01.387     0     0 E         : msm_csid_irq CSID2_IRQ_STATUS_ADDR = 0x800
01-15 23:38:01.389     0     0 I MSM-CPP cpp_init_hardware: 1141 CPP HW Version: 0x60010002
01-15 23:38:01.389     0     0 E MSM-CPP cpp_init_hardware: 1159 stream_cnt:0
01-15 23:38:01.416     0     0 I mdss_dsi_controller_cfg: DSI status=b failed
01-15 23:38:01.432     0     0 I msm_cci_init: 1439: hw_version = 0x10060000
01-15 23:38:01.435     0     0 D goodix-ts 4-005d: ts_suspend
01-15 23:38:01.435     0     0 D goodix-ts 4-005d: Try enter suspend mode
01-15 23:38:01.435     0     0 D goodix-ts 4-005d: Input report thread disabled!
01-15 23:38:01.436     0     0 E mdss_dsi_event_handler: unhandled event=9
01-15 23:38:01.441     0     0 I goodix-ts 4-005d: Enter sleep mode
01-15 23:38:01.555     0     0 E mdss_dsi_event_handler: unhandled event=1
01-15 23:38:01.555     0     0 E mdss_mdp_overlay_start: starting fb0 overlay
01-15 23:38:01.555     0     0 E mdss_dsi_event_handler: unhandled event=10
01-15 23:38:01.863     0     0 D goodix-ts 4-005d: ts_resume
01-15 23:38:01.863     0     0 I goodix-ts 4-005d: Try resume from sleep mode
01-15 23:38:01.863     0     0 D goodix-ts 4-005d: Input report thread disabled!
01-15 23:38:01.870     0     0 D goodix-ts 4-005d: Success wakeup sleep
01-15 23:38:01.910     0     0 D goodix-ts 4-005d: Input report thread enabled!
01-15 23:38:01.910     0     0 D goodix-ts 4-005d: Invalid finger points
01-15 23:38:02.035     0     0 E LCDB    : qpnp_lcdb_handle_sc_event: SC trigged 11 times, disabling LCDB forever!
01-15 23:38:02.036     0     0 D goodix-ts 4-005d: Invalid finger points
01-15 23:38:06.448     0     0 I MSM-CPP cpp_release_hardware: 1222 cpp hw release done
01-15 23:38:08.220     0     0 E FAKE_BATTERY: GetBatteryPercent: adc_result1=1321907
01-15 23:38:08.220     0     0 E FAKE_BATTERY: GetBatteryPercent: adc_result2=1321907
01-15 23:38:08.225     0     0 E FAKE_BATTERY: GetBatteryPercent: MainBuf[1321907,1319961,1319961,1319961,1319961,1319961,1319961]
01-15 23:38:08.231     0     0 E FAKE_BATTERY: GetBatteryPercent: fake_battery adc_avg = 1319961, percentage = 56, ucIndex=1
01-15 23:38:08.241     0     0 E FAKE_BATTERY: fake_batt_get_property: batt_mv=7608
01-15 23:38:08.253     0     0 I chatty  : uid=0(root) logd identical 1 line
01-15 23:38:08.253     0     0 E FAKE_BATTERY: fake_batt_get_property: batt_mv=7608
01-15 23:38:08.257     0     0 W healthd : battery l=56 v=7 t=0.0 h=2 st=3 chg=
01-15 23:38:08.270     0     0 W healthd : battery l=56 v=7 t=0.0 h=2 st=3 chg=
01-15 23:38:14.374   615   943 W Cryptfs : sending SIGHUP to processes with open files
01-15 23:38:14.972   615   943 W vold    : Found symlink /proc/1050/fd/8 referencing /data/vendor/ipa/ipacm.pid
01-15 23:38:14.990   615   943 W vold    : Sending Terminated to 1050
01-15 23:38:15.017     0     0 I init    : Service 'vendor.ipacm' (pid 1050) received signal 15
01-15 23:38:15.017     0     0 I init    : Sending signal 9 to service 'vendor.ipacm' (pid 1050) process group...
01-15 23:38:15.018     0     0 I libprocessgroup: Successfully killed process cgroup uid 1001 pid 1050 in 0ms
01-15 23:38:15.029     0     0 I init    : starting service 'vendor.ipacm'...
01-15 23:38:15.093     0     0 E ipa_sps_irq_control_all: 963 EP (5) not allocated.
01-15 23:38:15.095     0     0 E ipa_sps_irq_control_all: 963 EP (5) not allocated.
01-15 23:38:15.106   615   943 D Cryptfs : unmounting /data succeeded
01-15 23:38:15.115     0     0 I init    : Service 'vendor.ipacm' (pid 1271) exited with status 0
01-15 23:38:15.115     0     0 I init    : Sending signal 9 to service 'vendor.ipacm' (pid 1271) process group...
01-15 23:38:15.115     0     0 I libprocessgroup: Successfully killed process cgroup uid 1001 pid 1271 in 0ms
01-15 23:38:15.124   615   943 I vold    : [libfs_mgr]superblock s_max_mnt_count:65535,/dev/block/dm-1
01-15 23:38:15.124   615   943 I vold    : [libfs_mgr]prepare_fs_for_mount size: 21193797632,/dev/block/dm-1
01-15 23:38:15.124   615   943 I vold    : [libfs_mgr]prepare_fs_for_mount : mount /data
01-15 23:38:15.124   615   943 I vold    : [libfs_mgr]prepare_fs_for_mount/dev/block/dm-1, real size: 21873262080
01-15 23:38:15.161     0     0 W EXT4-fs (dm-1): Ignoring removed nomblk_io_submit option
01-15 23:38:15.163   615   943 I vold    : [libfs_mgr]check_fs(): mount(/dev/block/dm-1,/data,ext4)=0: Success
01-15 23:38:15.170   615   943 I vold    : [libfs_mgr]check_fs(): unmount(/data) succeeded
01-15 23:38:15.170   615   943 I vold    : [libfs_mgr]Running /system/bin/e2fsck on /dev/block/dm-1
01-15 23:38:15.173     0     0 I EXT4-fs (dm-1): mounted filesystem with ordered data mode. Opts: errors=remount-ro,nomblk_io_submit
01-15 23:38:15.263   615   943 I vold    : [libfs_mgr]superblock s_max_mnt_count:65535,/dev/block/dm-1
01-15 23:38:15.272     0     0 I e2fsck  : e2fsck 1.44.4 (18-Aug-2018)
01-15 23:38:15.272     0     0 I e2fsck  : data: clean, 3985/1294336 files, 153979/5174267 blocks
01-15 23:38:15.301   615   943 I vold    : [libfs_mgr]__mount(source=/dev/block/dm-1,target=/data,type=ext4)=0: Success
01-15 23:38:15.306   615   943 D Cryptfs : Just triggered post_fs_data
01-15 23:38:15.312     0     0 I EXT4-fs (dm-1): mounted filesystem with ordered data mode. Opts: barrier=1,noauto_da_alloc,discard,lazytime
01-15 23:38:15.317     0     0 I init    : processing action (vold.decrypt=trigger_post_fs_data) from (/init.rc:786)
01-15 23:38:15.317     0     0 I init    : processing action (post-fs-data) from (/init.rc:424)
01-15 23:38:15.318     0     0 I init    : starting service 'exec 18 (/system/bin/vdc checkpoint prepareCheckpoint)'...
01-15 23:38:15.324     0     0 I init    : SVC_EXEC service 'exec 18 (/system/bin/vdc checkpoint prepareCheckpoint)' pid 1278 (uid 1000 gid 1000+0 context default)
started; waiting...
01-15 23:38:15.357   615   668 I Checkpoint: cp_prepareCheckpoint called
01-15 23:38:15.367     0     0 D vdc     : Waited 0ms for vold
01-15 23:38:15.373     0     0 I init    : Service 'exec 18 (/system/bin/vdc checkpoint prepareCheckpoint)' (pid 1278) exited with status 0 waiting took 0.050000 se
conds
01-15 23:38:15.380     0     0 I init    : starting service 'exec 19 (/system/bin/fsverity_init)'...
01-15 23:38:15.386     0     0 I init    : SVC_EXEC service 'exec 19 (/system/bin/fsverity_init)' pid 1279 (uid 0 gid 0+0 context default) started; waiting...
01-15 23:38:15.542     0     0 I init    : Service 'exec 19 (/system/bin/fsverity_init)' (pid 1279) exited with status 0 waiting took 0.157000 seconds
01-15 23:38:15.542     0     0 I init    : Switched to default mount namespace
01-15 23:38:15.788     0     0 I init    : start_waiting_for_property("apexd.status", "ready"): already set
01-15 23:38:15.790     0     0 I init    : Parsing file /apex/com.android.media.swcodec@290000000/etc/init.rc...
01-15 23:38:15.791     0     0 E init    : /apex/com.android.media.swcodec@290000000/etc/init.rc: 1: cannot update a non-updatable service 'media.swcodec' with a co
nfig in APEX
01-15 23:38:15.792     0     0 I init    : starting service 'exec 20 (/system/bin/vdc --wait cryptfs init_user0)'...
01-15 23:38:15.797     0     0 I init    : SVC_EXEC service 'exec 20 (/system/bin/vdc --wait cryptfs init_user0)' pid 1283 (uid 0 gid 0+0 context default) started;
waiting...
01-15 23:38:15.828   615   668 D vold    : fscrypt_init_user0
01-15 23:38:15.828   615   668 D vold    : fscrypt_prepare_user_storage for volume null, user 0, serial 0, flags 1
01-15 23:38:15.828   615   668 D vold    : Preparing: /data/system/users/0
01-15 23:38:15.830   615   668 D vold    : Preparing: /data/misc/profiles/cur/0
01-15 23:38:15.831   615   668 D vold    : Preparing: /data/system_de/0
01-15 23:38:15.832   615   668 D vold    : Preparing: /data/misc_de/0
01-15 23:38:15.833   615   668 D vold    : Preparing: /data/vendor_de/0
01-15 23:38:15.834   615   668 D vold    : Preparing: /data/user_de/0
01-15 23:38:15.834   615   668 D vold    : /system/bin/vold_prepare_subdirs
01-15 23:38:15.835   615   668 D vold    :     prepare
01-15 23:38:15.835   615   668 D vold    :
01-15 23:38:15.835   615   668 D vold    :     0
01-15 23:38:15.835   615   668 D vold    :     1
01-15 23:38:15.839     0     0 D vdc     : Waited 0ms for vold
01-15 23:38:15.912   615   668 D vold    : fscrypt_unlock_user_key 0 serial=0 token_present=0
01-15 23:38:15.932     0     0 I init    : Service 'exec 20 (/system/bin/vdc --wait cryptfs init_user0)' (pid 1283) exited with status 0 waiting took 0.136000 secon
ds
01-15 23:38:15.936     0     0 I selinux : SELinux: Skipping restorecon on directory(/data)
01-15 23:38:15.937     0     0 I init    : starting service 'exec 21 (/system/bin/tzdatacheck /apex/com.android.runtime/etc/tz /data/misc/zoneinfo)'...
01-15 23:38:15.942     0     0 I init    : SVC_EXEC service 'exec 21 (/system/bin/tzdatacheck /apex/com.android.runtime/etc/tz /data/misc/zoneinfo)' pid 1286 (uid 1
000 gid 1000+0 context default) started; waiting...
01-15 23:38:15.986     0     0 I init    : Service 'exec 21 (/system/bin/tzdatacheck /apex/com.android.runtime/etc/tz /data/misc/zoneinfo)' (pid 1286) exited with s
tatus 0 waiting took 0.044000 seconds
01-15 23:38:15.988     0     0 I init    : processing action (post-fs-data) from (/init.usb.rc:6)
01-15 23:38:15.992     0     0 I init    : processing action (post-fs-data) from (/vendor/etc/init/hw/init.qcom.rc:245)
01-15 23:38:16.009   585   585 I auditd  : type=1400 audit(0.0:41): avc: denied { setattr } for comm="init" name="system" dev="dm-1" ino=1032193 scontext=u:r:vendor
_init:s0 tcontext=u:object_r:system_data_file:s0 tclass=dir permissive=0
01-15 23:38:16.019   585   585 I auditd  : type=1400 audit(0.0:42): avc: denied { write } for comm="init" name="/" dev="dm-1" ino=2 scontext=u:r:vendor_init:s0 tcon
text=u:object_r:system_data_file:s0 tclass=dir permissive=0
01-15 23:38:16.019   585   585 I auditd  : type=1400 audit(0.0:43): avc: denied { write } for comm="init" name="/" dev="dm-1" ino=2 scontext=u:r:vendor_init:s0 tcon
text=u:object_r:system_data_file:s0 tclass=dir permissive=0
01-15 23:38:16.034     0     0 I init    : Command 'mkdir /data/system 0775 system system' action=post-fs-data (/vendor/etc/init/hw/init.qcom.rc:326) took 1ms and f
ailed: fchmodat() failed: Permission denied
01-15 23:38:16.034   615   943 D Cryptfs : post_fs_data done
01-15 23:38:16.037   615   943 D Cryptfs : Just triggered restart_framework
01-15 23:38:16.043     0     0 I init    : Command 'mkdir /data/fota 0771' action=post-fs-data (/vendor/etc/init/hw/init.qcom.rc:342) took 0ms and failed: mkdir() f
ailed: Permission denied
01-15 23:38:16.044     0     0 I init    : Command 'mkdir /data/hostapd 0770 system wifi' action=post-fs-data (/vendor/etc/init/hw/init.qcom.rc:346) took 0ms and fa
iled: mkdir() failed: Permission denied
01-15 23:38:16.059   585   585 I auditd  : type=1400 audit(0.0:44): avc: denied { search } for comm="init" name="tombstones" dev="dm-1" ino=843777 scontext=u:r:vend
or_init:s0 tcontext=u:object_r:tombstone_data_file:s0 tclass=dir permissive=0
01-15 23:38:16.059   585   585 I chatty  : uid=0(root) /system/bin/init identical 2 lines
01-15 23:38:16.069   585   585 I auditd  : type=1400 audit(0.0:47): avc: denied { search } for comm="init" name="tombstones" dev="dm-1" ino=843777 scontext=u:r:vend
or_init:s0 tcontext=u:object_r:tombstone_data_file:s0 tclass=dir permissive=0
01-15 23:38:16.069   585   585 I auditd  : type=1400 audit(0.0:48): avc: denied { write } for comm="init" name="misc" dev="dm-1" ino=524289 scontext=u:r:vendor_init
:s0 tcontext=u:object_r:system_data_file:s0 tclass=dir permissive=0
01-15 23:38:16.069  1300  1300 I auditd  : type=1400 audit(0.0:50): avc: denied { read } for comm="thermal-engine" name="kgsl" dev="sysfs" ino=31533 scontext=u:r:th
ermal-engine:s0 tcontext=u:object_r:sysfs:s0 tclass=dir permissive=0
01-15 23:38:16.069  1300  1300 I auditd  : type=1400 audit(0.0:51): avc: denied { search } for comm="thermal-engine" name="devfreq" dev="sysfs" ino=26617 scontext=u
:r:thermal-engine:s0 tcontext=u:object_r:sysfs_devfreq:s0 tclass=dir permissive=0
01-15 23:38:16.085     0     0 I init    : Command 'start vendor.move_time_data' action=post-fs-data (/vendor/etc/init/hw/init.qcom.rc:411) took 1ms and failed: Cou
ld not start service: File /system/bin/move_time_data.sh(labeled "u:object_r:system_file:s0") has incorrect label or no domain transition from u:r:init:s0 to anothe
r SELinux domain defined. Have you configured your service correctly? https://source.android.com/security/selinux/device-policy#label_new_services_and_address_denia
ls
01-15 23:38:16.085     0     0 I init    : processing action (post-fs-data) from (/vendor/etc/init/hw/init.qcom.test.rc:32)
01-15 23:38:16.087     0     0 I init    : processing action (post-fs-data) from (/vendor/etc/init/hw/init.target.rc:56)
01-15 23:38:16.088     0     0 I init    : Command 'mkdir /data/tombstones/modem 0771 system system' action=post-fs-data (/vendor/etc/init/hw/init.target.rc:57) too
k 0ms and failed: mkdir() failed: Permission denied
01-15 23:38:16.089     0     0 I init    : Command 'mkdir /data/tombstones/lpass 0771 system system' action=post-fs-data (/vendor/etc/init/hw/init.target.rc:58) too
k 0ms and failed: mkdir() failed: Permission denied
01-15 23:38:16.090     0     0 I init    : Command 'mkdir /data/tombstones/wcnss 0771 system system' action=post-fs-data (/vendor/etc/init/hw/init.target.rc:59) too
k 0ms and failed: mkdir() failed: Permission denied
01-15 23:38:16.091     0     0 I init    : Command 'mkdir /data/tombstones/dsps 0771 system system' action=post-fs-data (/vendor/etc/init/hw/init.target.rc:60) took
 0ms and failed: mkdir() failed: Permission denied
01-15 23:38:16.093     0     0 I init    : Command 'mkdir /data/misc/seemp 0700 system system' action=post-fs-data (/vendor/etc/init/hw/init.target.rc:62) took 0ms
and failed: mkdir() failed: Permission denied
01-15 23:38:16.093     0     0 I init    : processing action (post-fs-data) from (/system/etc/init/art_apex_boot_integrity.rc:19)
01-15 23:38:16.094     0     0 I init    : starting service 'exec 22 (/system/bin/art_apex_boot_integrity)'...
01-15 23:38:16.105     0     0 I init    : SVC_EXEC service 'exec 22 (/system/bin/art_apex_boot_integrity)' pid 1287 (uid 0 gid 0+0 context default) started; waitin
g...
01-15 23:38:16.163  1316  1316 I imsrcsd : Uce Service HAL  is starting up...
01-15 23:38:16.179  1300  1300 I auditd  : type=1400 audit(0.0:52): avc: denied { read } for comm="thermal-engine" name="virtual" dev="sysfs" ino=14845 scontext=u:r
:thermal-engine:s0 tcontext=u:object_r:sysfs:s0 tclass=dir permissive=0
01-15 23:38:16.284  1340  1340 I installd: installd firing up
01-15 23:38:16.316     0     0 I init    : Service 'exec 22 (/system/bin/art_apex_boot_integrity)' (pid 1287) exited with status 0 waiting took 0.213000 seconds
01-15 23:38:16.317     0     0 I init    : processing action (post-fs-data) from (/system/etc/init/bootstat.rc:9)
01-15 23:38:16.332     0     0 I init    : processing action (init.svc.bootanim=running && ro.crypto.type=block && post-fs-data) from (/system/etc/init/bootstat.rc:
50)
01-15 23:38:16.333     0     0 I init    : starting service 'exec 23 (/system/bin/bootstat -r post_decrypt_time_elapsed)'...
01-15 23:38:16.342     0     0 I init    : processing action (post-fs-data) from (/system/etc/init/gsid.rc:10)
01-15 23:38:16.346     0     0 I init    : processing action (post-fs-data) from (/system/etc/init/incidentd.rc:21)
01-15 23:38:16.347     0     0 I init    : processing action (post-fs-data) from (/system/etc/init/iorapd.rc:27)
01-15 23:38:16.348     0     0 I init    : processing action (post-fs-data) from (/system/etc/init/logtagd.rc:4)
01-15 23:38:16.352     0     0 I init    : processing action (post-fs-data) from (/system/etc/init/recovery-persist.rc:1)
01-15 23:38:16.354     0     0 I init    : starting service 'exec 24 (/system/bin/recovery-persist)'...
01-15 23:38:16.359     0     0 I init    : processing action (post-fs-data) from (/system/etc/init/statsd.rc:25)
01-15 23:38:16.363     0     0 I init    : processing action (post-fs-data) from (/product/etc/init/dpmd.rc:7)
01-15 23:38:16.366     0     0 I init    : processing action (post-fs-data) from (/vendor/etc/init/dataqti.rc:8)
01-15 23:38:16.367     0     0 I init    : processing action (post-fs-data) from (/vendor/etc/init/hostapd.android.rc:9)
01-15 23:38:16.371     0     0 I init    : processing action (post-fs-data) from (/vendor/etc/init/init.qdmastats.rc:6)
01-15 23:38:16.377     0     0 I init    : processing action (post-fs-data) from (/vendor/etc/init/init.sdm660_64.nfc.rc:1)
01-15 23:38:16.377     0     0 E selinux : avc:  denied  { set } for property=ro.nfc.port pid=585 uid=0 gid=0 scontext=u:r:vendor_init:s0 tcontext=u:object_r:defaul
t_prop:s0 tclass=property_service permissive=0
01-15 23:38:16.377     0     0 E init    : Subcontext init could not set 'ro.nfc.port' to 'I2C': SELinux permission check failed
01-15 23:38:16.395     0     0 I init    : Service 'exec 23 (/system/bin/bootstat -r post_decrypt_time_elapsed)' (pid 1292) exited with status 0
01-15 23:38:16.400     0     0 I init    : Service 'exec 24 (/system/bin/recovery-persist)' (pid 1293) exited with status 0
01-15 23:38:16.403     0     0 I init    : processing action (post-fs-data) from (/vendor/etc/init/ipacm-diag.rc:7)
01-15 23:38:16.405     0     0 I init    : processing action (post-fs-data) from (/vendor/etc/init/netmgrd.rc:16)
01-15 23:38:16.410     0     0 I init    : processing action (post-fs-data) from (/vendor/etc/init/port-bridge.rc:11)
01-15 23:38:16.412     0     0 I init    : processing action (post-fs-data) from (/vendor/etc/init/tloc_daemon.rc:8)
01-15 23:38:16.413     0     0 I init    : processing action (zygote-start) from (/system/etc/init/bootstat.rc:72)
01-15 23:38:16.414     0     0 I init    : starting service 'exec 25 (/system/bin/bootstat --set_system_boot_reason)'...
01-15 23:38:16.420     0     0 I init    : processing action (vold.decrypt=trigger_load_persist_props) from (/init.rc:776)
01-15 23:38:16.421     0     0 W init    : Couldn't load property file '/data/local.prop': open() failed: No such file or directory: No such file or directory
01-15 23:38:16.453     0     0 I init    : starting service 'logd-reinit'...
01-15 23:38:16.459     0     0 I init    : processing action (vold.decrypt=trigger_restart_framework) from (/init.rc:795)
01-15 23:38:16.460     0     0 I init    : starting service 'update_verifier'...
01-15 23:38:16.466     0     0 I init    : SVC_EXEC service 'update_verifier' pid 1296 (uid 0 gid 2001+1 context default) started; waiting...
01-15 23:38:16.489     0     0 I init    : Service 'exec 25 (/system/bin/bootstat --set_system_boot_reason)' (pid 1294) exited with status 0
01-15 23:38:16.496     0     0 I logd.daemon: reinit
01-15 23:38:16.500     0     0 I init    : Service 'logd-reinit' (pid 1295) exited with status 0
01-15 23:38:16.515     0     0 I update_verifier: Started with arg 1: trigger_restart_framework
01-15 23:38:16.526     0     0 I update_verifier: Booting slot 0: isSlotMarkedSuccessful=1
01-15 23:38:16.526     0     0 I update_verifier: Leaving update_verifier.
01-15 23:38:16.532     0     0 I init    : Service 'update_verifier' (pid 1296) exited with status 0 waiting took 0.066000 seconds
01-15 23:38:16.534     0     0 E init    : Could not start service 'flash_recovery' as part of class 'main': Cannot find '/system/bin/install-recovery.sh': No such
file or directory
01-15 23:38:16.535     0     0 I init    : starting service 'qcomsysd'...
01-15 23:38:16.541     0     0 I init    : starting service 'qcom-c_main-sh'...
01-15 23:38:16.547     0     0 E init    : Could not start service 'ptt_socket_app' as part of class 'main': Cannot find '/system/vendor/bin/ptt_socket_app': No suc
h file or directory
01-15 23:38:16.548     0     0 I init    : starting service 'time_daemon'...
01-15 23:38:16.555     0     0 E init    : Could not start service 'vendor.move_time_data' as part of class 'main': File /system/bin/move_time_data.sh(labeled "u:ob
ject_r:system_file:s0") has incorrect label or no domain transition from u:r:init:s0 to another SELinux domain defined. Have you configured your service correctly?
https://source.android.com/security/selinux/device-policy#label_new_services_and_address_denials
01-15 23:38:16.569  1297  1297 I auditd  : type=1400 audit(0.0:49): avc: denied { create } for comm="qcom-system-dae" scontext=u:r:vendor_qcomsysd:s0 tcontext=u:r:v
endor_qcomsysd:s0 tclass=socket permissive=0
01-15 23:38:16.574     0     0 I init    : starting service 'thermal-engine'...
01-15 23:38:16.581     0     0 I init    : starting service 'adsprpcd_root'...
01-15 23:38:16.584     0     0 I init    : Created socket '/dev/socket/thermal-send-client', mode 666, user 1000, group 1000
01-15 23:38:16.586     0     0 I init    : Created socket '/dev/socket/thermal-recv-client', mode 660, user 1000, group 1000
01-15 23:38:16.587     0     0 I init    : starting service 'adsprpcd'...
01-15 23:38:16.588     0     0 I init    : Created socket '/dev/socket/thermal-recv-passive-client', mode 666, user 1000, group 1000
01-15 23:38:16.590     0     0 I init    : Created socket '/dev/socket/thermal-send-rule', mode 660, user 1000, group 1000
01-15 23:38:16.594     0     0 I init    : starting service 'vendor.imsqmidaemon'...
01-15 23:38:16.601     0     0 I init    : starting service 'energy-awareness'...
01-15 23:38:16.608     0     0 I init    : starting service 'cnss_diag'...
01-15 23:38:16.615     0     0 I init    : Created socket '/dev/socket/ims_qmid', mode 660, user 1000, group 1001
01-15 23:38:16.615     0     0 I init    : starting service 'vendor.ims_rtp_daemon'...
01-15 23:38:16.622     0     0 I init    : starting service 'vendor.imsrcsservice'...
01-15 23:38:16.636     0     0 I init    : starting service 'vendor.hvdcp_opti'...
01-15 23:38:16.643     0     0 I init    : starting service 'zygote'...
01-15 23:38:16.645  1381  1381 I wificond: wificond is starting up...
01-15 23:38:16.648  1318  1318 I boot_progress_start: 53843
01-15 23:38:16.651     0     0 I init    : starting service 'zygote_secondary'...
01-15 23:38:16.651     0     0 I         : 'opened /dev/adsprpc-smd c 230 0'
01-15 23:38:16.661     0     0 I init    : Created socket '/dev/socket/zygote', mode 660, user 0, group 1000
01-15 23:38:16.662     0     0 I init    : Created socket '/dev/socket/usap_pool_primary', mode 660, user 0, group 1000
01-15 23:38:16.664     0     0 I init    : starting service 'bpfloader'...
01-15 23:38:16.669  1300  1300 I chatty  : uid=0(root) /system/vendor/bin/thermal-engine expire 18 lines
01-15 23:38:16.673     0     0 I init    : Created socket '/dev/socket/zygote_secondary', mode 660, user 0, group 1000
01-15 23:38:16.674     0     0 I init    : Created socket '/dev/socket/usap_pool_secondary', mode 660, user 0, group 1000
01-15 23:38:16.681     0     0 I init    : starting service 'cameraserver'...
01-15 23:38:16.703     0     0 I init    : starting service 'drm'...
01-15 23:38:16.710     0     0 E init    : couldn't write 1326 to /dev/cpuset/camera-daemon/tasks: No such file or directory
01-15 23:38:16.716     0     0 I init    : starting service 'idmap2d'...
01-15 23:38:16.730     0     0 E MAIN_MGR: hvdcp_opti Version: 3:0:0
01-15 23:38:16.739     0     0 I init    : starting service 'incidentd'...
01-15 23:38:16.759  1300  1300 I auditd  : type=1400 audit(0.0:71): avc: denied { read } for comm="thermal-engine" name="virtual" dev="sysfs" ino=14845 scontext=u:r
:thermal-engine:s0 tcontext=u:object_r:sysfs:s0 tclass=dir permissive=0
01-15 23:38:16.771     0     0 I init    : starting service 'installd'...
01-15 23:38:16.820     0     0 I init    : starting service 'keystore'...
01-15 23:38:16.833     0     0 I init    : starting service 'mediadrm'...
01-15 23:38:16.846     0     0 I init    : starting service 'mediaextractor'...
01-15 23:38:16.867     0     0 I init    : starting service 'mediametrics'...
01-15 23:38:16.869  1300  1300 I auditd  : type=1400 audit(0.0:72): avc: denied { read } for comm="thermal-engine" name="virtual" dev="sysfs" ino=14845 scontext=u:r
:thermal-engine:s0 tcontext=u:object_r:sysfs:s0 tclass=dir permissive=0
01-15 23:38:16.909  1300  1300 I auditd  : type=1400 audit(0.0:73): avc: denied { read } for comm="thermal-engine" name="virtual" dev="sysfs" ino=14845 scontext=u:r
:thermal-engine:s0 tcontext=u:object_r:sysfs:s0 tclass=dir permissive=0
01-15 23:38:16.912     0     0 I init    : starting service 'media'...
01-15 23:38:16.929     0     0 I init    : starting service 'netd'...
01-15 23:38:16.942     0     0 I init    : Created socket '/dev/socket/dnsproxyd', mode 660, user 0, group 3003
01-15 23:38:16.944     0     0 I init    : Created socket '/dev/socket/mdns', mode 660, user 0, group 1000
01-15 23:38:16.945     0     0 I init    : Created socket '/dev/socket/fwmarkd', mode 660, user 0, group 3003
01-15 23:38:16.969  1300  1300 I auditd  : type=1400 audit(0.0:74): avc: denied { read } for comm="thermal-engine" name="soc" dev="sysfs" ino=15319 scontext=u:r:the
rmal-engine:s0 tcontext=u:object_r:sysfs:s0 tclass=dir permissive=0
01-15 23:38:16.975     0     0 I init    : starting service 'vendor.perfservice'...
01-15 23:38:16.987     0     0 I init    : starting service 'statsd'...
01-15 23:38:17.004     0     0 I init    : Created socket '/dev/socket/statsdw', mode 222, user 1066, group 1066
01-15 23:38:17.005     0     0 I init    : starting service 'storaged'...
01-15 23:38:17.020     0     0 I init    : starting service 'wificond'...
01-15 23:38:17.024   603   603 I auditd  : avc:  denied  { find } for interface=vendor.qti.hardware.slmadapter::ISlmAdapter sid=u:r:cnd:s0 pid=1388 scontext=u:r:cnd
:s0 tcontext=u:object_r:default_android_hwservice:s0 tclass=hwservice_manager permissive=0
01-15 23:38:17.029  1300  1300 I auditd  : type=1400 audit(0.0:75): avc: denied { read } for comm="thermal-engine" name="name" dev="sysfs" ino=47669 scontext=u:r:th
ermal-engine:s0 tcontext=u:object_r:sysfs:s0 tclass=file permissive=0
01-15 23:38:17.031     0     0 I init    : Opened file '/d/mmc0/mmc0:0001/ext_csd', flags 0
01-15 23:38:17.042     0     0 I init    : starting service 'vendor.media.omx'...
01-15 23:38:17.053     0     0 I init    : starting service 'vendor.cnd'...
01-15 23:38:17.084     0     0 I init    : starting service 'wifidisplayhalservice'...
01-15 23:38:17.100     0     0 I init    : starting service 'dpmQmiMgr'...
01-15 23:38:17.137     0     0 I init    : starting service 'vendor.ipacm'...
01-15 23:38:17.188     0     0 I init    : starting service 'vendor.netmgrd'...
01-15 23:38:17.212     0     0 I init    : starting service 'vendor.port-bridge'...
01-15 23:38:17.246  1316  1316 I imsrcsd : Uce Service HAL  loading imsrcsbaseimpl
01-15 23:38:17.272     0     0 I init    : starting service 'media.swcodec'...
01-15 23:38:17.289  1384  1384 I auditd  : type=1400 audit(0.0:76): avc: denied { read } for comm="android.hardwar" name="u:object_r:default_prop:s0" dev="tmpfs" in
o=4760 scontext=u:r:mediacodec:s0 tcontext=u:object_r:default_prop:s0 tclass=file permissive=0
01-15 23:38:17.291     0     0 I init    : processing action (vold.decrypt=trigger_restart_framework) from (/vendor/etc/init/hw/init.qcom.rc:542)
01-15 23:38:17.292     0     0 I init    : Command 'class_start main' action=vold.decrypt=trigger_restart_framework (/init.rc:800) took 758ms and succeeded
01-15 23:38:17.310     0     0 E ipa_sps_irq_control_all: 963 EP (5) not allocated.
01-15 23:38:17.312     0     0 E ipa_sps_irq_control_all: 963 EP (5) not allocated.
01-15 23:38:17.337     0     0 I init    : starting service 'nqnfcinfo'...
01-15 23:38:17.353     0     0 I init    : starting service 'cnss-daemon'...
01-15 23:38:17.366     0     0 E ipa_sps_irq_control_all: 963 EP (5) not allocated.
01-15 23:38:17.376     0     0 E HVDCP2  : Not valid charger for hvdcp2.
01-15 23:38:17.409     0     0 I init    : starting service 'ssgqmigd'...
01-15 23:38:17.411     0     0 E SOH-D   : SOH file not exposed, disable SOH
01-15 23:38:17.413     0     0 E CP      : charge_pump missing
01-15 23:38:17.416     0     0 E CTM     : directory /sys/class/power_supply/usb/ does not exist
01-15 23:38:17.421     0     0 E THERM-BALANCE: Parallel PSY entry not found.
01-15 23:38:17.423     0     0 E PPS     : Registered PPS
01-15 23:38:17.424     0     0 E STD-PD  : Registered STD_PD
01-15 23:38:17.426     0     0 E hvdcpd  : Not valid charger for hvdcp3.
01-15 23:38:17.449  1316  1316 I imsrcsd : Starting Service for First Time imsbaseimpl
01-15 23:38:17.454     0     0 I init    : starting service 'mlid'...
01-15 23:38:17.465     0     0 I init    : Created socket '/dev/socket/ssgqmig', mode 660, user 1001, group 3003
01-15 23:38:17.469  1316  1316 I ServiceManagement: Registered com.qualcomm.qti.uceservice@2.1::IUceService/com.qualcomm.qti.uceservice (start delay of 1463ms)
01-15 23:38:17.470  1316  1316 I imsrcsd : ImsRcsBaseImpl CM_IMSCONNECTIONMANAGER_CREATE_CONNECTION Before Registering Service
01-15 23:38:17.472  1316  1316 I ServiceManagement: Registered com.qualcomm.qti.imscmservice@2.2::IImsCmService/qti.ims.connectionmanagerservice (start delay of 146
7ms)
01-15 23:38:17.473  1316  1316 I imsrcsd : ImsRcsBaseImpl CM_IMSCONNECTIONMANAGER_CREATE_CONNECTION After Registering Service
01-15 23:38:17.501  1316  1316 I ServiceManagement: Registered vendor.qti.ims.callinfo@1.0::IService/default (start delay of 1496ms)
01-15 23:38:17.502     0     0 I init    : starting service 'loc_launcher'...
01-15 23:38:17.502  1316  1316 I imsrcsd : ImsRcsBaseImpl ImsCallInfo After Registering Service
01-15 23:38:17.509     0     0 I init    : Created socket '/dev/socket/mlid', mode 666, user 1021, group 1021
01-15 23:38:17.547     0     0 E nq-nci 6-0028: nfc_open: 10,58
01-15 23:38:17.548     0     0 E nq-nci 6-0028: nqx nfc : nfc_ioctl_nfcc_info r = -1610542968
01-15 23:38:17.570     0     0 I init    : starting service 'qcom-sh'...
01-15 23:38:17.589     0     0 E init    : Could not start service 'crashdata-sh' as part of class 'late_start': File /vendor/bin/init.qcom.crashdata.sh(labeled "u:
object_r:vendor_file:s0") has incorrect label or no domain transition from u:r:init:s0 to another SELinux domain defined. Have you configured your service correctly
? https://source.android.com/security/selinux/device-policy#label_new_services_and_address_denials
01-15 23:38:17.613     0     0 E init    : Could not start service 'qvop-daemon' as part of class 'late_start': Cannot find '/vendor/bin/qvop-daemon': No such file
or directory
01-15 23:38:17.669     0     0 I init    : starting service 'vendor.atfwd'...
01-15 23:38:17.683     0     0 E init    : Could not start service 'qseeproxydaemon' as part of class 'late_start': Cannot find '/system/vendor/bin/qseeproxydaemon'
: No such file or directory
01-15 23:38:17.684     0     0 E init    : Could not start service 'seemp_healthd' as part of class 'late_start': Cannot find '/vendor/bin/seemp_healthd': No such f
ile or directory
01-15 23:38:17.684     0     0 E init    : Could not start service 'chre' as part of class 'late_start': Cannot find '/vendor/bin/chre': No such file or directory
01-15 23:38:17.684     0     0 E init    : Could not start service 'audiod' as part of class 'late_start': Cannot find '/system/vendor/bin/audiod': No such file or
directory
01-15 23:38:17.684     0     0 E init    : Could not start service 'mdtpd' as part of class 'late_start': Cannot find '/system/vendor/bin/mdtpd': No such file or di
rectory
01-15 23:38:17.684     0     0 E init    : Could not start service 'seempd' as part of class 'late_start': Cannot find '/system/bin/seempd': No such file or directo
ry
01-15 23:38:17.685     0     0 I init    : starting service 'gatekeeperd'...
01-15 23:38:17.711     0     0 I msm_thermal: set_enabled enabled = 0
01-15 23:38:17.738     0     0 I init    : starting service 'tombstoned'...
01-15 23:38:17.782     0     0 E ipa2_nat_del_cmd: 799 Nat table not initialized
01-15 23:38:17.786     0     0 I init    : Created socket '/dev/socket/tombstoned_crash', mode 666, user 1000, group 1000
01-15 23:38:17.788     0     0 I init    : Created socket '/dev/socket/tombstoned_intercept', mode 666, user 1000, group 1000
01-15 23:38:17.789     0     0 I init    : Created socket '/dev/socket/tombstoned_java_trace', mode 666, user 1000, group 1000
