01-15 23:04:46.704     0     0 E msm_voice_source_tracking_get: Error getting Source Tracking Params, err=-22
01-15 23:04:46.711     0     0 E msm_audio_get_copp_idx_from_port_id: Invalid FE, exiting
01-15 23:04:46.718     0     0 E msm_audio_sound_focus_get: Could not get copp idx for port_id=16385
01-15 23:04:46.725     0     0 E msm_audio_get_copp_idx_from_port_id: Invalid FE, exiting
01-15 23:04:46.731     0     0 E msm_audio_source_tracking_get: Could not get copp idx for port_id=16385
01-15 23:04:46.738     0     0 I ueventd : firmware: loading 'modem.b18' for '/devices/soc/4080000.qcom,mss/firmware/modem.b18'
01-15 23:04:46.739     0     0 E msm_voice_sound_focus_get: Error getting Sound Focus Params, err=-22
01-15 23:04:46.741   651   651 D         : HW based disk encryption is enabled
01-15 23:04:46.742   651   651 E         : get_ephemeral_passwd: Passed argument is NULL
01-15 23:04:46.746     0     0 E msm_voice_source_tracking_get: Error getting Source Tracking Params, err=-22
01-15 23:04:46.754     0     0 E msm_audio_get_copp_idx_from_port_id: Invalid FE, exiting
01-15 23:04:46.761     0     0 E msm_audio_sound_focus_get: Could not get copp idx for port_id=4101
01-15 23:04:46.768     0     0 E msm_audio_get_copp_idx_from_port_id: Invalid FE, exiting
01-15 23:04:46.775     0     0 E msm_audio_source_tracking_get: Could not get copp idx for port_id=4101
01-15 23:04:46.782     0     0 E msm_voice_sound_focus_get: Error getting Sound Focus Params, err=-22
01-15 23:04:46.789     0     0 E msm_voice_source_tracking_get: Error getting Source Tracking Params, err=-22
01-15 23:04:46.797     0     0 E msm_audio_get_copp_idx_from_port_id: Invalid FE, exiting
01-15 23:04:46.804     0     0 E msm_audio_sound_focus_get: Could not get copp idx for port_id=4149
01-15 23:04:46.810     0     0 I ueventd : loading /devices/soc/4080000.qcom,mss/firmware/modem.b18 took 72ms
01-15 23:04:46.811     0     0 E msm_audio_get_copp_idx_from_port_id: Invalid FE, exiting
01-15 23:04:46.817     0     0 E msm_audio_source_tracking_get: Could not get copp idx for port_id=4149
01-15 23:04:46.819  1055  1055 I auditd  : type=1400 audit(0.0:29): avc: denied { search } for comm="BootAnimation" name="gpu" dev="tmpfs" ino=4818 scontext=u:r:boo
tanim:s0 tcontext=u:object_r:vendor_gles_data_file:s0 tclass=dir permissive=0
01-15 23:04:46.827     0     0 I core_get_license_status: cmdrsp_license_result.result = 0x15 for module 0x131ff
01-15 23:04:46.829     0     0 E msm-ext-disp-audio-codec-rx soc: qcom,msm_ext_disp:qcom,msm-ext-disp-audio-codec-rx: msm_ext_disp_audio_type_get: codec_data, get_a
udio_edid_blk() or get_intf_id is NULL
01-15 23:04:46.850     0     0 E msm_dai_q6_slim_rx_drift_get: afe port not started. dai_data->status_mask = 0
01-15 23:04:46.850     0     0 E msm_dai_q6_ext_disp_drift_get: afe port not started. status_mask = 0
01-15 23:04:46.859  1055  1055 I chatty  : uid=1003(graphics) /system/bin/bootanimation identical 8 lines
01-15 23:04:46.859  1055  1055 I auditd  : type=1400 audit(0.0:38): avc: denied { search } for comm="BootAnimation" name="gpu" dev="tmpfs" ino=4818 scontext=u:r:boo
tanim:s0 tcontext=u:object_r:vendor_gles_data_file:s0 tclass=dir permissive=0
01-15 23:04:46.897  1055  1129 D BootAnimation: BootAnimationShownTiming start time: 33283ms
01-15 23:04:46.908     0     0 E msm_adsp_stream_callback_get: ASM Stream PP event queue is not initialized.
01-15 23:04:46.963     0     0 I chatty  : uid=0(root) logd identical 1 line
01-15 23:04:46.963     0     0 E msm_adsp_stream_callback_get: ASM Stream PP event queue is not initialized.
01-15 23:04:46.980     0     0 I ueventd : firmware: loading 'modem.b20' for '/devices/soc/4080000.qcom,mss/firmware/modem.b20'
01-15 23:04:47.001     0     0 E msm_adsp_stream_callback_get: ASM Stream PP event queue is not initialized.
01-15 23:04:47.003     0     0 E msm_compr_audio_effects_config_get: stream or effects inactive
01-15 23:04:47.007     0     0 I ueventd : loading /devices/soc/4080000.qcom,mss/firmware/modem.b20 took 28ms
01-15 23:04:47.009     0     0 E msm_adsp_stream_callback_get: ASM Stream PP event queue is not initialized.
01-15 23:04:47.022     0     0 I ueventd : firmware: loading 'modem.b21' for '/devices/soc/4080000.qcom,mss/firmware/modem.b21'
01-15 23:04:47.036     0     0 E scm_call failed: func id 0x72000205, ret: -2, syscall returns: 0xffffffffffffffbf, 0x0, 0x0
01-15 23:04:47.036     0     0 E QSEECOM : __qseecom_process_incomplete_cmd: scm_call() failed with err: -22 (app_id = 0)
01-15 23:04:47.050     0     0 I ueventd : loading /devices/soc/4080000.qcom,mss/firmware/modem.b21 took 28ms
01-15 23:04:47.063     0     0 E mdss_mdp_overlay_start: starting fb0 overlay
01-15 23:04:47.066     0     0 I ueventd : firmware: loading 'modem.b22' for '/devices/soc/4080000.qcom,mss/firmware/modem.b22'
01-15 23:04:47.078     0     0 I coresight-tmc 6048000.tmc: TMC enabled
01-15 23:04:47.078     0     0 I coresight-replicator-qcom 6046000.replicator: REPLICATOR enabled
01-15 23:04:47.078     0     0 I coresight-tmc 6047000.tmc: TMC enabled
01-15 23:04:47.078     0     0 I coresight-funnel 6045000.funnel: FUNNEL inport 0 enabled
01-15 23:04:47.078     0     0 I coresight-funnel 6041000.funnel: FUNNEL inport 7 enabled
01-15 23:04:47.078     0     0 I coresight-stm 6002000.stm: STM tracing enabled
01-15 23:04:47.098     0     0 E msm_adsp_stream_callback_get: ASM Stream PP event queue is not initialized.
01-15 23:04:47.101     0     0 E msm_compr_audio_effects_config_get: stream or effects inactive
01-15 23:04:47.105     0     0 E msm_adsp_stream_callback_get: ASM Stream PP event queue is not initialized.
01-15 23:04:47.120     0     0 E msm_compr_audio_effects_config_get: stream or effects inactive
01-15 23:04:47.120     0     0 E msm_adsp_stream_callback_get: ASM Stream PP event queue is not initialized.
01-15 23:04:47.139     0     0 E msm_adsp_stream_callback_get: ASM Stream PP event queue is not initialized.
01-15 23:04:47.194     0     0 I init    : Service 'cs-early-boot' (pid 797) exited with status 0
01-15 23:04:47.210     0     0 E msm_adsp_stream_callback_get: ASM Stream PP event queue is not initialized.
01-15 23:04:47.211     0     0 E msm_compr_audio_effects_config_get: stream or effects inactive
01-15 23:04:47.217     0     0 E msm_adsp_stream_callback_get: ASM Stream PP event queue is not initialized.
01-15 23:04:47.231     0     0 E msm_compr_audio_effects_config_get: stream or effects inactive
01-15 23:04:47.232     0     0 E msm_adsp_stream_callback_get: ASM Stream PP event queue is not initialized.
01-15 23:04:47.246     0     0 E msm_compr_audio_effects_config_get: stream or effects inactive
01-15 23:04:47.247     0     0 E msm_adsp_stream_callback_get: ASM Stream PP event queue is not initialized.
01-15 23:04:47.256     0     0 I ueventd : loading /devices/soc/4080000.qcom,mss/firmware/modem.b22 took 190ms
01-15 23:04:47.261     0     0 E msm_compr_audio_effects_config_get: stream or effects inactive
01-15 23:04:47.262     0     0 E msm_adsp_stream_callback_get: ASM Stream PP event queue is not initialized.
01-15 23:04:47.270     0     0 I ueventd : firmware: loading 'modem.b23' for '/devices/soc/4080000.qcom,mss/firmware/modem.b23'
01-15 23:04:47.275     0     0 E msm_compr_audio_effects_config_get: stream or effects inactive
01-15 23:04:47.276     0     0 I ueventd : loading /devices/soc/4080000.qcom,mss/firmware/modem.b23 took 6ms
01-15 23:04:47.276     0     0 E msm_adsp_stream_callback_get: ASM Stream PP event queue is not initialized.
01-15 23:04:47.280   651   651 E         : SUCESS::Qseecom call to create encryption key for usage 4 success with ret = 0
01-15 23:04:47.289   616   942 D         : HW based disk encryption is enabled
01-15 23:04:47.289   616   942 I Cryptfs : Creating crypto dev "userdata"; cipher=aes-xts, keysize=16, real_dev=/dev/block/bootdevice/by-name/userdata, len=21873262
080, params="fde_enabled ice"
01-15 23:04:47.289   616   942 D         : HW based disk encryption is enabled
01-15 23:04:47.289   616   942 I Cryptfs : target_type = req-crypt
01-15 23:04:47.289   616   942 I Cryptfs : real_blk_name = /dev/block/bootdevice/by-name/userdata, extra_params = fde_enabled ice
01-15 23:04:47.290     0     0 I ueventd : firmware: loading 'modem.b24' for '/devices/soc/4080000.qcom,mss/firmware/modem.b24'
01-15 23:04:47.290     0     0 E QSEECOM : qseecom_create_key: Set the key successfully
01-15 23:04:47.294     0     0 E         : msm_pcm_volume_ctl_get substream or runtime not found
01-15 23:04:47.295     0     0 E mdss_mdp_cxipeak_vote: cxipeak api fail ret:-22 set_vote :0 new_rate:150000000 prev_rate:412500000
01-15 23:04:47.296   616   620 D vold    : Disk at 252:1 changed
01-15 23:04:47.301     0     0 I device-mapper: req-crypt: req_crypt_ctr: Mapping block_device /dev/block/bootdevice/by-name/userdata to dm-req-crypt ok!
01-15 23:04:47.319     0     0 I ueventd : loading /devices/soc/4080000.qcom,mss/firmware/modem.b24 took 29ms
01-15 23:04:47.327   616   942 I vold    : wait for '/dev/block/dm-1' took 30ms
01-15 23:04:47.328   616   942 D Cryptfs : Password is default - restarting filesystem
01-15 23:04:47.358     0     0 I ueventd : firmware: loading 'modem.b25' for '/devices/soc/4080000.qcom,mss/firmware/modem.b25'
01-15 23:04:47.366     0     0 I ueventd : loading /devices/soc/4080000.qcom,mss/firmware/modem.b25 took 9ms
01-15 23:04:47.371     0     0 E msm_adsp_stream_callback_get: ASM Stream PP event queue is not initialized.
01-15 23:04:47.373     0     0 I ueventd : firmware: loading 'modem.b26' for '/devices/soc/4080000.qcom,mss/firmware/modem.b26'
01-15 23:04:47.378     0     0 I ueventd : loading /devices/soc/4080000.qcom,mss/firmware/modem.b26 took 6ms
01-15 23:04:47.386     0     0 I ueventd : firmware: loading 'modem.b27' for '/devices/soc/4080000.qcom,mss/firmware/modem.b27'
01-15 23:04:47.390     0     0 I ueventd : loading /devices/soc/4080000.qcom,mss/firmware/modem.b27 took 4ms
01-15 23:04:47.399     0     0 I ueventd : firmware: loading 'modem.b28' for '/devices/soc/4080000.qcom,mss/firmware/modem.b28'
01-15 23:04:47.417     0     0 I ueventd : loading /devices/soc/4080000.qcom,mss/firmware/modem.b28 took 19ms
01-15 23:04:47.459   748   748 I auditd  : type=1400 audit(0.0:39): avc: denied { read } for comm="HwBinder:748_2" name="class" dev="sysfs" ino=10 scontext=u:r:hal_
audio_default:s0 tcontext=u:object_r:sysfs:s0 tclass=dir permissive=0
01-15 23:04:47.518     0     0 I pil-q6v5-mss 4080000.qcom,mss: modem: Brought out of reset
01-15 23:04:47.554     0     0 E wcdcal_hwdep_ioctl_shared: codec didn't set this 0!!
01-15 23:04:47.555     0     0 E wcdcal_hwdep_ioctl_shared: codec didn't set this 3!!
01-15 23:04:47.582     0     0 I pil-q6v5-mss 4080000.qcom,mss: Subsystem error monitoring/handling services are up
01-15 23:04:47.582     0     0 I pil-q6v5-mss 4080000.qcom,mss: modem: Power/Clock ready interrupt received
01-15 23:04:47.585     0     0 I         : IPA received MPSS AFTER_POWERUP
01-15 23:04:47.585     0     0 I         : IPA AFTER_POWERUP handling is complete
01-15 23:04:47.586     0     0 I apr_tal_link_state_cb: edge[mpss] link state[0]
01-15 23:04:47.609   748   748 I auditd  : type=1400 audit(0.0:40): avc: denied { read } for comm="HwBinder:748_2" name="u:object_r:default_prop:s0" dev="tmpfs" ino
=15486 scontext=u:r:hal_audio_default:s0 tcontext=u:object_r:default_prop:s0 tclass=file permissive=0
01-15 23:04:47.708     0     0 I service-notifier: root_service_service_arrive: Connection established between QMI handle and 180 service
01-15 23:04:47.710     0     0 I sysmon-qmi: sysmon_clnt_svc_arrive: Connection established between QMI handle and modem's SSCTL service
01-15 23:04:47.711     0     0 E rmt_storage: INFO:rmt_storage_open_cb: Processing: Open Request (req_h 0x1) for /boot/modem_fs1!
01-15 23:04:47.713     0     0 E rmt_storage: INFO:rmt_storage_open_cb: Processing: Open Request (req_h 0x2) for /boot/modem_fs2!
01-15 23:04:47.728     0     0 E rmt_storage: INFO:rmt_storage_open_cb: Processing: Open Request (req_h 0x3) for /boot/modem_fsg!
01-15 23:04:47.732     0     0 E rmt_storage: INFO:rmt_storage_open_cb: Processing: Open Request (req_h 0x4) for /boot/modem_fsc!
01-15 23:04:47.749     0     0 E rmt_storage: INFO:rmt_storage_alloc_buff_cb: Received req_size: 0! avail: 2097152
01-15 23:04:47.751     0     0 E rmt_storage: INFO:rmt_storage_rw_iovec_cb: Read iovec request (req_h 0x8 wr_count 0) received for /boot/modem_fs1
01-15 23:04:47.757     0     0 E rmt_storage: INFO:rmt_storage_client_thread: Calling Read [offset=512, size=512, req_h 0x8, wr_count 0] for /boot/modem_fs1!
01-15 23:04:47.770     0     0 E rmt_storage: INFO:rmt_storage_client_thread: Done Read (bytes = 512, req_h 0x8, wr_count 0) for /boot/modem_fs1!
01-15 23:04:47.782     0     0 E rmt_storage: INFO:rmt_storage_rw_iovec_cb: Read iovec request (req_h 0x9 wr_count 0) received for /boot/modem_fs2
01-15 23:04:47.792     0     0 E rmt_storage: INFO:rmt_storage_client_thread: Calling Read [offset=512, size=512, req_h 0x9, wr_count 0] for /boot/modem_fs2!
01-15 23:04:47.804     0     0 E rmt_storage: INFO:rmt_storage_client_thread: Done Read (bytes = 512, req_h 0x9, wr_count 0) for /boot/modem_fs2!
01-15 23:04:47.817     0     0 E rmt_storage: INFO:rmt_storage_rw_iovec_cb: Read iovec request (req_h 0xa wr_count 0) received for /boot/modem_fs1
01-15 23:04:47.826     0     0 E rmt_storage: INFO:rmt_storage_client_thread: Calling Read [offset=1024, size=2096128, req_h 0xa, wr_count 0] for /boot/modem_fs1!
01-15 23:04:47.874     0     0 E rmt_storage: INFO:rmt_storage_client_thread: Done Read (bytes = 2096128, req_h 0xa, wr_count 0) for /boot/modem_fs1!
01-15 23:04:47.946     0     0 I         : Sending QMI_IPA_INIT_MODEM_DRIVER_REQ_V01
01-15 23:04:47.949     0     0 E ipa-wan handle_indication_req: 135 not send indication
01-15 23:04:47.951     0     0 E ipa_uc_wdi_event_log_info_handler: 328 WDI stats ofst=0x45138
01-15 23:04:47.951     0     0 I         : QMI_IPA_INIT_MODEM_DRIVER_REQ_V01 response received
01-15 23:04:47.955     0     0 E ipa_uc_ntn_event_log_info_handler: 36 NTN feature missing 0x9
01-15 23:04:47.962     0     0 E ipa_uc_response_hdlr: 461 IPA uC loaded
01-15 23:04:47.969     0     0 E ipa_sps_irq_control_all: 963 EP (5) not allocated.
01-15 23:04:47.977     0     0 I chatty  : uid=0(root) logd identical 1 line
01-15 23:04:47.982     0     0 E ipa_sps_irq_control_all: 963 EP (5) not allocated.
01-15 23:04:48.001     0     0 E diag    : In diag_send_feature_mask_update, control channel is not open, p: 0, ffffff93cf576ec0
01-15 23:04:48.001     0     0 E diag    : In diag_send_peripheral_buffering_mode, buffering flag not set for 0
01-15 23:04:48.008     0     0 E IPC_RTR : process_new_server_msg: Server 00001002 create rejected, version = 0
01-15 23:04:48.017     0     0 E diag    : In diag_send_peripheral_buffering_mode, buffering flag not set for 0
01-15 23:04:48.277     0     0 E rmt_storage: INFO:rmt_storage_rw_iovec_cb: Write iovec request (req_h 0xb wr_count 1) received for /boot/modem_fs2
01-15 23:04:48.278     0     0 E rmt_storage: INFO:rmt_storage_client_thread: Calling Write [offset=0, size=2097152, req_h 0xb, wr_count 1] for /boot/modem_fs2!
01-15 23:04:48.351     0     0 E rmt_storage: INFO:rmt_storage_client_thread: Done Write (bytes = 2097152, req_h 0xb, wr_count 1) for /boot/modem_fs2!
01-15 23:04:48.566     0     0 I service-notifier: root_service_service_ind_cb: Indication received from msm/modem/wlan_pd, state: 0x1fffffff, trans-id: 1
01-15 23:04:48.575     0     0 I service-notifier: send_ind_ack: Indication ACKed for transid 1, service msm/modem/wlan_pd, instance 180!
01-15 23:04:48.579     0     0 I icnss   : QMI Server Connected: state: 0x981
01-15 23:04:51.365     0     0 E mdss_dsi_cmds_rx: failed to tx max_pkt_size
01-15 23:04:51.365     0     0 E mdss_dsi_read_status: get status: fail
01-15 23:04:51.369     0     0 E mdss_dsi_reg_status_check: Read status register returned error
01-15 23:04:51.374     0     0 E mdss_fb_report_panel_dead: Panel has gone bad, sending uevent - PANEL_ALIVE=0
01-15 23:04:51.475     0     0 I MSM-CPP cpp_release_hardware: 1222 cpp hw release done
01-15 23:04:51.506     0     0 I msm_pm_qos_update_request: update request 100
01-15 23:04:51.506     0     0 I msm_pm_qos_add_request: add request
01-15 23:04:51.506     0     0 I msm_pm_qos_update_request: update request -1
01-15 23:04:51.511     0     0 I msm_pm_qos_add_request: add request
01-15 23:04:51.511     0     0 I msm_csid_init: CSID_VERSION = 0x30050000
01-15 23:04:51.517     0     0 E         : msm_csid_irq CSID2_IRQ_STATUS_ADDR = 0x800
01-15 23:04:51.518     0     0 I MSM-CPP cpp_init_hardware: 1141 CPP HW Version: 0x60010002
01-15 23:04:51.518     0     0 E MSM-CPP cpp_init_hardware: 1159 stream_cnt:0
01-15 23:04:51.528     0     0 E msm_camera_request_gpio_table: 774 gpio 45:CAM_VANA request fails
01-15 23:04:51.528     0     0 E msm_camera_request_gpio_table: 774 gpio 52:CAM_VDIG request fails
01-15 23:04:51.560     0     0 I msm_cci_init: 1439: hw_version = 0x10060000
01-15 23:04:51.595     0     0 E mdss_dsi_cmds2buf_tx: failed to call cmd_dma_tx for cmd = 0x28
01-15 23:04:51.595     0     0 E mdss_dsi_cmds_tx: failed to call
01-15 23:04:51.641     0     0 I mdss_dsi_controller_cfg: DSI status=b failed
01-15 23:04:51.655     0     0 I MSM-CPP cpp_release_hardware: 1222 cpp hw release done
01-15 23:04:51.660     0     0 D goodix-ts 4-005d: ts_suspend
01-15 23:04:51.660     0     0 D goodix-ts 4-005d: Try enter suspend mode
01-15 23:04:51.660     0     0 D goodix-ts 4-005d: Input report thread disabled!
01-15 23:04:51.662     0     0 E mdss_dsi_event_handler: unhandled event=9
01-15 23:04:51.667     0     0 I goodix-ts 4-005d: Enter sleep mode
01-15 23:04:51.683     0     0 I msm_pm_qos_update_request: update request 100
01-15 23:04:51.683     0     0 I msm_pm_qos_add_request: add request
01-15 23:04:51.683     0     0 I msm_pm_qos_update_request: update request -1
01-15 23:04:51.688     0     0 I msm_pm_qos_add_request: add request
01-15 23:04:51.688     0     0 I msm_csid_init: CSID_VERSION = 0x30050000
01-15 23:04:51.694     0     0 E         : msm_csid_irq CSID2_IRQ_STATUS_ADDR = 0x800
01-15 23:04:51.700     0     0 I MSM-CPP cpp_init_hardware: 1141 CPP HW Version: 0x60010002
01-15 23:04:51.700     0     0 E MSM-CPP cpp_init_hardware: 1159 stream_cnt:0
01-15 23:04:51.741     0     0 I msm_cci_init: 1439: hw_version = 0x10060000
01-15 23:04:51.780     0     0 E mdss_dsi_event_handler: unhandled event=1
01-15 23:04:51.780     0     0 E mdss_mdp_overlay_start: starting fb0 overlay
01-15 23:04:51.780     0     0 E mdss_dsi_event_handler: unhandled event=10
01-15 23:04:52.088     0     0 D goodix-ts 4-005d: ts_resume
01-15 23:04:52.088     0     0 I goodix-ts 4-005d: Try resume from sleep mode
01-15 23:04:52.088     0     0 D goodix-ts 4-005d: Input report thread disabled!
01-15 23:04:52.095     0     0 D goodix-ts 4-005d: Success wakeup sleep
01-15 23:04:52.134     0     0 D goodix-ts 4-005d: Input report thread enabled!
01-15 23:04:52.135     0     0 D goodix-ts 4-005d: Invalid finger points
01-15 23:04:52.259     0     0 E LCDB    : qpnp_lcdb_handle_sc_event: SC trigged 11 times, disabling LCDB forever!
01-15 23:04:52.260     0     0 D goodix-ts 4-005d: Invalid finger points
01-15 23:04:55.855     0     0 E FAKE_BATTERY: GetBatteryPercent: adc_result1=1323966
01-15 23:04:55.855     0     0 E FAKE_BATTERY: GetBatteryPercent: adc_result2=1323966
01-15 23:04:55.861     0     0 E FAKE_BATTERY: GetBatteryPercent: MainBuf[1323966,1321220,1321220,1321220,1321220,1321220,1321220]
01-15 23:04:55.867     0     0 E FAKE_BATTERY: GetBatteryPercent: fake_battery adc_avg = 1321220, percentage = 57, ucIndex=1
01-15 23:04:55.876     0     0 E FAKE_BATTERY: fake_batt_get_property: batt_mv=7626
01-15 23:04:55.889     0     0 I chatty  : uid=0(root) logd identical 1 line
01-15 23:04:55.889     0     0 E FAKE_BATTERY: fake_batt_get_property: batt_mv=7626
01-15 23:04:55.892     0     0 W healthd : battery l=57 v=7 t=0.0 h=2 st=3 chg=
01-15 23:04:55.906     0     0 W healthd : battery l=57 v=7 t=0.0 h=2 st=3 chg=
01-15 23:04:56.760     0     0 I MSM-CPP cpp_release_hardware: 1222 cpp hw release done
01-15 23:05:04.370   616   942 W Cryptfs : sending SIGHUP to processes with open files
01-15 23:05:04.976   616   942 W vold    : Found symlink /proc/979/fd/8 referencing /data/vendor/ipa/ipacm.pid
01-15 23:05:04.996   616   942 W vold    : Sending Terminated to 979
01-15 23:05:05.022     0     0 I init    : Service 'vendor.ipacm' (pid 979) received signal 15
01-15 23:05:05.022     0     0 I init    : Sending signal 9 to service 'vendor.ipacm' (pid 979) process group...
01-15 23:05:05.023     0     0 I libprocessgroup: Successfully killed process cgroup uid 1001 pid 979 in 0ms
01-15 23:05:05.033     0     0 I init    : starting service 'vendor.ipacm'...
01-15 23:05:05.098     0     0 E ipa_sps_irq_control_all: 963 EP (5) not allocated.
01-15 23:05:05.100     0     0 I chatty  : uid=0(root) logd identical 1 line
01-15 23:05:05.113     0     0 E ipa_sps_irq_control_all: 963 EP (5) not allocated.
01-15 23:05:05.121     0     0 E ipa2_nat_del_cmd: 799 Nat table not initialized
01-15 23:05:05.122     0     0 E ipa_sps_irq_control_all: 963 EP (5) not allocated.
01-15 23:05:06.004   616   942 W Cryptfs : sending SIGKILL to processes with open files
01-15 23:05:06.573   616   942 W vold    : Found symlink /proc/1274/fd/8 referencing /data/vendor/ipa/ipacm.pid
01-15 23:05:06.574   616   942 W vold    : Sending Killed to 1274
01-15 23:05:06.593     0     0 I init    : Service 'vendor.ipacm' (pid 1274) received signal 9
01-15 23:05:06.594     0     0 I init    : Sending signal 9 to service 'vendor.ipacm' (pid 1274) process group...
01-15 23:05:06.594     0     0 I libprocessgroup: Successfully killed process cgroup uid 1001 pid 1274 in 0ms
01-15 23:05:06.691   616   942 D Cryptfs : unmounting /data succeeded
01-15 23:05:06.749   616   942 I vold    : [libfs_mgr]superblock s_max_mnt_count:65535,/dev/block/dm-1
01-15 23:05:06.749   616   942 I vold    : [libfs_mgr]prepare_fs_for_mount size: 21193797632,/dev/block/dm-1
01-15 23:05:06.749   616   942 I vold    : [libfs_mgr]prepare_fs_for_mount : mount /data
01-15 23:05:06.749   616   942 I vold    : [libfs_mgr]prepare_fs_for_mount/dev/block/dm-1, real size: 21873262080
01-15 23:05:06.785     0     0 W EXT4-fs (dm-1): Ignoring removed nomblk_io_submit option
01-15 23:05:06.787   616   942 I vold    : [libfs_mgr]check_fs(): mount(/dev/block/dm-1,/data,ext4)=0: Success
01-15 23:05:06.792   616   942 I vold    : [libfs_mgr]check_fs(): unmount(/data) succeeded
01-15 23:05:06.793   616   942 I vold    : [libfs_mgr]Running /system/bin/e2fsck on /dev/block/dm-1
01-15 23:05:06.798     0     0 I EXT4-fs (dm-1): mounted filesystem with ordered data mode. Opts: errors=remount-ro,nomblk_io_submit
01-15 23:05:06.885   616   942 I vold    : [libfs_mgr]superblock s_max_mnt_count:65535,/dev/block/dm-1
01-15 23:05:06.894     0     0 I e2fsck  : e2fsck 1.44.4 (18-Aug-2018)
01-15 23:05:06.894     0     0 I e2fsck  : data: clean, 3869/1294336 files, 153570/5174267 blocks
01-15 23:05:06.924   616   942 I vold    : [libfs_mgr]__mount(source=/dev/block/dm-1,target=/data,type=ext4)=0: Success
01-15 23:05:06.928   616   942 D Cryptfs : Just triggered post_fs_data
01-15 23:05:06.934     0     0 I EXT4-fs (dm-1): mounted filesystem with ordered data mode. Opts: barrier=1,noauto_da_alloc,discard,lazytime
01-15 23:05:06.939     0     0 I init    : processing action (vold.decrypt=trigger_post_fs_data) from (/init.rc:786)
01-15 23:05:06.940     0     0 I init    : processing action (post-fs-data) from (/init.rc:424)
01-15 23:05:06.940     0     0 I init    : starting service 'exec 18 (/system/bin/vdc checkpoint prepareCheckpoint)'...
01-15 23:05:06.946     0     0 I init    : SVC_EXEC service 'exec 18 (/system/bin/vdc checkpoint prepareCheckpoint)' pid 1285 (uid 1000 gid 1000+0 context default)
started; waiting...
01-15 23:05:06.976   616  1282 I Checkpoint: cp_prepareCheckpoint called
01-15 23:05:06.986     0     0 D vdc     : Waited 0ms for vold
01-15 23:05:06.992     0     0 I init    : Service 'exec 18 (/system/bin/vdc checkpoint prepareCheckpoint)' (pid 1285) exited with status 0 waiting took 0.046000 se
conds
01-15 23:05:06.998     0     0 I init    : starting service 'exec 19 (/system/bin/fsverity_init)'...
01-15 23:05:07.004     0     0 I init    : SVC_EXEC service 'exec 19 (/system/bin/fsverity_init)' pid 1286 (uid 0 gid 0+0 context default) started; waiting...
01-15 23:05:07.069  1307  1307 I auditd  : type=1400 audit(0.0:50): avc: denied { read } for comm="thermal-engine" name="kgsl" dev="sysfs" ino=31533 scontext=u:r:th
ermal-engine:s0 tcontext=u:object_r:sysfs:s0 tclass=dir permissive=0
01-15 23:05:07.069  1307  1307 I auditd  : type=1400 audit(0.0:51): avc: denied { search } for comm="thermal-engine" name="devfreq" dev="sysfs" ino=26617 scontext=u
:r:thermal-engine:s0 tcontext=u:object_r:sysfs_devfreq:s0 tclass=dir permissive=0
01-15 23:05:07.132  1324  1324 I imsrcsd : Uce Service HAL  is starting up...
01-15 23:05:07.156     0     0 I init    : Service 'exec 19 (/system/bin/fsverity_init)' (pid 1286) exited with status 0 waiting took 0.153000 seconds
01-15 23:05:07.157     0     0 I init    : Switched to default mount namespace
01-15 23:05:07.199  1307  1307 I auditd  : type=1400 audit(0.0:52): avc: denied { read } for comm="thermal-engine" name="virtual" dev="sysfs" ino=14845 scontext=u:r
:thermal-engine:s0 tcontext=u:object_r:sysfs:s0 tclass=dir permissive=0
01-15 23:05:07.405     0     0 I init    : start_waiting_for_property("apexd.status", "ready"): already set
01-15 23:05:07.407     0     0 I init    : Parsing file /apex/com.android.media.swcodec@290000000/etc/init.rc...
01-15 23:05:07.407     0     0 E init    : /apex/com.android.media.swcodec@290000000/etc/init.rc: 1: cannot update a non-updatable service 'media.swcodec' with a co
nfig in APEX
01-15 23:05:07.408     0     0 I init    : starting service 'exec 20 (/system/bin/vdc --wait cryptfs init_user0)'...
01-15 23:05:07.414     0     0 I init    : SVC_EXEC service 'exec 20 (/system/bin/vdc --wait cryptfs init_user0)' pid 1290 (uid 0 gid 0+0 context default) started;
waiting...
01-15 23:05:07.444   616  1282 D vold    : fscrypt_init_user0
01-15 23:05:07.444   616  1282 D vold    : fscrypt_prepare_user_storage for volume null, user 0, serial 0, flags 1
01-15 23:05:07.444   616  1282 D vold    : Preparing: /data/system/users/0
01-15 23:05:07.446   616  1282 D vold    : Preparing: /data/misc/profiles/cur/0
01-15 23:05:07.447   616  1282 D vold    : Preparing: /data/system_de/0
01-15 23:05:07.448   616  1282 D vold    : Preparing: /data/misc_de/0
01-15 23:05:07.448   616  1282 D vold    : Preparing: /data/vendor_de/0
01-15 23:05:07.449   616  1282 D vold    : Preparing: /data/user_de/0
01-15 23:05:07.450   616  1282 D vold    : /system/bin/vold_prepare_subdirs
01-15 23:05:07.450   616  1282 D vold    :     prepare
01-15 23:05:07.451   616  1282 D vold    :
01-15 23:05:07.451   616  1282 D vold    :     0
01-15 23:05:07.451   616  1282 D vold    :     1
01-15 23:05:07.454     0     0 D vdc     : Waited 0ms for vold
01-15 23:05:07.456  1345  1345 I installd: installd firing up
01-15 23:05:07.469  1307  1307 I chatty  : uid=0(root) /system/vendor/bin/thermal-engine identical 12 lines
01-15 23:05:07.519  1307  1307 I auditd  : type=1400 audit(0.0:65): avc: denied { read } for comm="thermal-engine" name="virtual" dev="sysfs" ino=14845 scontext=u:r
:thermal-engine:s0 tcontext=u:object_r:sysfs:s0 tclass=dir permissive=0
01-15 23:05:07.528  1369  1369 I wificond: wificond is starting up...
01-15 23:05:07.528   616  1282 D vold    : fscrypt_unlock_user_key 0 serial=0 token_present=0
01-15 23:05:07.548     0     0 I init    : Service 'exec 20 (/system/bin/vdc --wait cryptfs init_user0)' (pid 1290) exited with status 0 waiting took 0.136000 secon
ds
01-15 23:05:07.549  1326  1326 I boot_progress_start: 55169
01-15 23:05:07.552     0     0 I selinux : SELinux: Skipping restorecon on directory(/data)
01-15 23:05:07.553     0     0 I init    : starting service 'exec 21 (/system/bin/tzdatacheck /apex/com.android.runtime/etc/tz /data/misc/zoneinfo)'...
01-15 23:05:07.559  1307  1307 I auditd  : type=1400 audit(0.0:66): avc: denied { read } for comm="thermal-engine" name="virtual" dev="sysfs" ino=14845 scontext=u:r
:thermal-engine:s0 tcontext=u:object_r:sysfs:s0 tclass=dir permissive=0
01-15 23:05:07.559     0     0 I init    : SVC_EXEC service 'exec 21 (/system/bin/tzdatacheck /apex/com.android.runtime/etc/tz /data/misc/zoneinfo)' pid 1293 (uid 1
000 gid 1000+0 context default) started; waiting...
01-15 23:05:07.596     0     0 I init    : Service 'exec 21 (/system/bin/tzdatacheck /apex/com.android.runtime/etc/tz /data/misc/zoneinfo)' (pid 1293) exited with s
tatus 0 waiting took 0.038000 seconds
01-15 23:05:07.597     0     0 I init    : processing action (post-fs-data) from (/init.usb.rc:6)
01-15 23:05:07.602     0     0 I init    : processing action (post-fs-data) from (/vendor/etc/init/hw/init.qcom.rc:245)
01-15 23:05:07.629   587   587 I auditd  : type=1400 audit(0.0:41): avc: denied { setattr } for comm="init" name="system" dev="dm-1" ino=1032193 scontext=u:r:vendor
_init:s0 tcontext=u:object_r:system_data_file:s0 tclass=dir permissive=0
01-15 23:05:07.629   587   587 I auditd  : type=1400 audit(0.0:42): avc: denied { write } for comm="init" name="/" dev="dm-1" ino=2 scontext=u:r:vendor_init:s0 tcon
text=u:object_r:system_data_file:s0 tclass=dir permissive=0
01-15 23:05:07.639   587   587 I auditd  : type=1400 audit(0.0:43): avc: denied { write } for comm="init" name="/" dev="dm-1" ino=2 scontext=u:r:vendor_init:s0 tcon
text=u:object_r:system_data_file:s0 tclass=dir permissive=0
01-15 23:05:07.646   616   942 D Cryptfs : post_fs_data done
01-15 23:05:07.646     0     0 I init    : Command 'mkdir /data/system 0775 system system' action=post-fs-data (/vendor/etc/init/hw/init.qcom.rc:326) took 0ms and f
ailed: fchmodat() failed: Permission denied
01-15 23:05:07.649   616   942 D Cryptfs : Just triggered restart_framework
01-15 23:05:07.654     0     0 I init    : Command 'mkdir /data/fota 0771' action=post-fs-data (/vendor/etc/init/hw/init.qcom.rc:342) took 0ms and failed: mkdir() f
ailed: Permission denied
01-15 23:05:07.656     0     0 I init    : Command 'mkdir /data/hostapd 0770 system wifi' action=post-fs-data (/vendor/etc/init/hw/init.qcom.rc:346) took 0ms and fa
iled: mkdir() failed: Permission denied
01-15 23:05:07.679   587   587 I auditd  : type=1400 audit(0.0:44): avc: denied { search } for comm="init" name="tombstones" dev="dm-1" ino=843777 scontext=u:r:vend
or_init:s0 tcontext=u:object_r:tombstone_data_file:s0 tclass=dir permissive=0
01-15 23:05:07.679   587   587 I chatty  : uid=0(root) /system/bin/init identical 2 lines
01-15 23:05:07.679   587   587 I auditd  : type=1400 audit(0.0:47): avc: denied { search } for comm="init" name="tombstones" dev="dm-1" ino=843777 scontext=u:r:vend
or_init:s0 tcontext=u:object_r:tombstone_data_file:s0 tclass=dir permissive=0
01-15 23:05:07.679   587   587 I auditd  : type=1400 audit(0.0:48): avc: denied { write } for comm="init" name="misc" dev="dm-1" ino=524289 scontext=u:r:vendor_init
:s0 tcontext=u:object_r:system_data_file:s0 tclass=dir permissive=0
01-15 23:05:07.695     0     0 I init    : Command 'start vendor.move_time_data' action=post-fs-data (/vendor/etc/init/hw/init.qcom.rc:411) took 1ms and failed: Cou
ld not start service: File /system/bin/move_time_data.sh(labeled "u:object_r:system_file:s0") has incorrect label or no domain transition from u:r:init:s0 to anothe
r SELinux domain defined. Have you configured your service correctly? https://source.android.com/security/selinux/device-policy#label_new_services_and_address_denia
ls
01-15 23:05:07.695     0     0 I init    : processing action (post-fs-data) from (/vendor/etc/init/hw/init.qcom.test.rc:32)
01-15 23:05:07.697     0     0 I init    : processing action (post-fs-data) from (/vendor/etc/init/hw/init.target.rc:56)
01-15 23:05:07.698     0     0 I init    : Command 'mkdir /data/tombstones/modem 0771 system system' action=post-fs-data (/vendor/etc/init/hw/init.target.rc:57) too
k 0ms and failed: mkdir() failed: Permission denied
01-15 23:05:07.699     0     0 I init    : Command 'mkdir /data/tombstones/lpass 0771 system system' action=post-fs-data (/vendor/etc/init/hw/init.target.rc:58) too
k 0ms and failed: mkdir() failed: Permission denied
01-15 23:05:07.700     0     0 I init    : Command 'mkdir /data/tombstones/wcnss 0771 system system' action=post-fs-data (/vendor/etc/init/hw/init.target.rc:59) too
k 0ms and failed: mkdir() failed: Permission denied
01-15 23:05:07.701     0     0 I init    : Command 'mkdir /data/tombstones/dsps 0771 system system' action=post-fs-data (/vendor/etc/init/hw/init.target.rc:60) took
 0ms and failed: mkdir() failed: Permission denied
01-15 23:05:07.703     0     0 I init    : Command 'mkdir /data/misc/seemp 0700 system system' action=post-fs-data (/vendor/etc/init/hw/init.target.rc:62) took 0ms
and failed: mkdir() failed: Permission denied
01-15 23:05:07.703     0     0 I init    : processing action (post-fs-data) from (/system/etc/init/art_apex_boot_integrity.rc:19)
01-15 23:05:07.705     0     0 I init    : starting service 'exec 22 (/system/bin/art_apex_boot_integrity)'...
01-15 23:05:07.729     0     0 I init    : SVC_EXEC service 'exec 22 (/system/bin/art_apex_boot_integrity)' pid 1294 (uid 0 gid 0+0 context default) started; waitin
g...
01-15 23:05:07.919  1307  1307 I chatty  : uid=0(root) /system/vendor/bin/thermal-engine expire 6 lines
01-15 23:05:07.930     0     0 I init    : Service 'exec 22 (/system/bin/art_apex_boot_integrity)' (pid 1294) exited with status 0 waiting took 0.203000 seconds
01-15 23:05:07.931     0     0 I init    : processing action (post-fs-data) from (/system/etc/init/bootstat.rc:9)
01-15 23:05:07.947     0     0 I init    : processing action (init.svc.bootanim=running && ro.crypto.type=block && post-fs-data) from (/system/etc/init/bootstat.rc:
50)
01-15 23:05:07.948     0     0 I init    : starting service 'exec 23 (/system/bin/bootstat -r post_decrypt_time_elapsed)'...
01-15 23:05:07.957     0     0 I init    : processing action (post-fs-data) from (/system/etc/init/gsid.rc:10)
01-15 23:05:07.961     0     0 I init    : processing action (post-fs-data) from (/system/etc/init/incidentd.rc:21)
01-15 23:05:07.962     0     0 I init    : processing action (post-fs-data) from (/system/etc/init/iorapd.rc:27)
01-15 23:05:07.963     0     0 I init    : processing action (post-fs-data) from (/system/etc/init/logtagd.rc:4)
01-15 23:05:07.967     0     0 I init    : processing action (post-fs-data) from (/system/etc/init/recovery-persist.rc:1)
01-15 23:05:07.969     0     0 I init    : starting service 'exec 24 (/system/bin/recovery-persist)'...
01-15 23:05:07.974     0     0 I init    : processing action (post-fs-data) from (/system/etc/init/statsd.rc:25)
01-15 23:05:07.978     0     0 I init    : processing action (post-fs-data) from (/product/etc/init/dpmd.rc:7)
01-15 23:05:07.981     0     0 I init    : processing action (post-fs-data) from (/vendor/etc/init/dataqti.rc:8)
01-15 23:05:07.983     0     0 I init    : processing action (post-fs-data) from (/vendor/etc/init/hostapd.android.rc:9)
01-15 23:05:07.986     0     0 I init    : processing action (post-fs-data) from (/vendor/etc/init/init.qdmastats.rc:6)
01-15 23:05:07.992     0     0 I init    : processing action (post-fs-data) from (/vendor/etc/init/init.sdm660_64.nfc.rc:1)
01-15 23:05:07.992     0     0 E selinux : avc:  denied  { set } for property=ro.nfc.port pid=587 uid=0 gid=0 scontext=u:r:vendor_init:s0 tcontext=u:object_r:defaul
t_prop:s0 tclass=property_service permissive=0
01-15 23:05:07.992     0     0 E init    : Subcontext init could not set 'ro.nfc.port' to 'I2C': SELinux permission check failed
01-15 23:05:08.009  1307  1307 I auditd  : type=1400 audit(0.0:73): avc: denied { read } for comm="thermal-engine" name="virtual" dev="sysfs" ino=14845 scontext=u:r
:thermal-engine:s0 tcontext=u:object_r:sysfs:s0 tclass=dir permissive=0
01-15 23:05:08.010     0     0 I init    : Service 'exec 23 (/system/bin/bootstat -r post_decrypt_time_elapsed)' (pid 1299) exited with status 0
01-15 23:05:08.015     0     0 I init    : Service 'exec 24 (/system/bin/recovery-persist)' (pid 1300) exited with status 0
01-15 23:05:08.019     0     0 I init    : processing action (post-fs-data) from (/vendor/etc/init/ipacm-diag.rc:7)
01-15 23:05:08.021     0     0 I init    : processing action (post-fs-data) from (/vendor/etc/init/netmgrd.rc:16)
01-15 23:05:08.026     0     0 I init    : processing action (post-fs-data) from (/vendor/etc/init/port-bridge.rc:11)
01-15 23:05:08.028     0     0 I init    : processing action (post-fs-data) from (/vendor/etc/init/tloc_daemon.rc:8)
01-15 23:05:08.029     0     0 I init    : processing action (zygote-start) from (/system/etc/init/bootstat.rc:72)
01-15 23:05:08.030     0     0 I init    : starting service 'exec 25 (/system/bin/bootstat --set_system_boot_reason)'...
01-15 23:05:08.036     0     0 I init    : processing action (vold.decrypt=trigger_load_persist_props) from (/init.rc:776)
01-15 23:05:08.037     0     0 W init    : Couldn't load property file '/data/local.prop': open() failed: No such file or directory: No such file or directory
01-15 23:05:08.069     0     0 I init    : starting service 'logd-reinit'...
01-15 23:05:08.075     0     0 I init    : processing action (vold.decrypt=trigger_restart_framework) from (/init.rc:795)
01-15 23:05:08.076     0     0 I init    : starting service 'update_verifier'...
01-15 23:05:08.082     0     0 I init    : SVC_EXEC service 'update_verifier' pid 1303 (uid 0 gid 2001+1 context default) started; waiting...
01-15 23:05:08.105     0     0 I init    : Service 'exec 25 (/system/bin/bootstat --set_system_boot_reason)' (pid 1301) exited with status 0
01-15 23:05:08.107   603   603 I auditd  : avc:  denied  { find } for interface=vendor.qti.hardware.slmadapter::ISlmAdapter sid=u:r:cnd:s0 pid=1380 scontext=u:r:cnd
:s0 tcontext=u:object_r:default_android_hwservice:s0 tclass=hwservice_manager permissive=0
01-15 23:05:08.111     0     0 I logd.daemon: reinit
01-15 23:05:08.116     0     0 I init    : Service 'logd-reinit' (pid 1302) exited with status 0
01-15 23:05:08.129  1307  1307 I auditd  : type=1400 audit(0.0:74): avc: denied { read } for comm="thermal-engine" name="soc" dev="sysfs" ino=15319 scontext=u:r:the
rmal-engine:s0 tcontext=u:object_r:sysfs:s0 tclass=dir permissive=0
01-15 23:05:08.133     0     0 I update_verifier: Started with arg 1: trigger_restart_framework
01-15 23:05:08.139  1374  1374 I auditd  : type=1400 audit(0.0:75): avc: denied { read } for comm="android.hardwar" name="u:object_r:default_prop:s0" dev="tmpfs" in
o=15486 scontext=u:r:mediacodec:s0 tcontext=u:object_r:default_prop:s0 tclass=file permissive=0
01-15 23:05:08.143     0     0 I update_verifier: Booting slot 0: isSlotMarkedSuccessful=1
01-15 23:05:08.143     0     0 I update_verifier: Leaving update_verifier.
01-15 23:05:08.150     0     0 I init    : Service 'update_verifier' (pid 1303) exited with status 0 waiting took 0.069000 seconds
01-15 23:05:08.152     0     0 E init    : Could not start service 'flash_recovery' as part of class 'main': Cannot find '/system/bin/install-recovery.sh': No such
file or directory
01-15 23:05:08.153     0     0 I init    : starting service 'qcomsysd'...
01-15 23:05:08.160     0     0 I init    : starting service 'qcom-c_main-sh'...
01-15 23:05:08.166     0     0 E init    : Could not start service 'ptt_socket_app' as part of class 'main': Cannot find '/system/vendor/bin/ptt_socket_app': No suc
h file or directory
01-15 23:05:08.167     0     0 I init    : starting service 'time_daemon'...
01-15 23:05:08.173     0     0 E init    : Could not start service 'vendor.move_time_data' as part of class 'main': File /system/bin/move_time_data.sh(labeled "u:ob
ject_r:system_file:s0") has incorrect label or no domain transition from u:r:init:s0 to another SELinux domain defined. Have you configured your service correctly?
https://source.android.com/security/selinux/device-policy#label_new_services_and_address_denials
01-15 23:05:08.193     0     0 I init    : starting service 'thermal-engine'...
01-15 23:05:08.197  1324  1324 I imsrcsd : Uce Service HAL  loading imsrcsbaseimpl
01-15 23:05:08.199  1304  1304 I auditd  : type=1400 audit(0.0:49): avc: denied { create } for comm="qcom-system-dae" scontext=u:r:vendor_qcomsysd:s0 tcontext=u:r:v
endor_qcomsysd:s0 tclass=socket permissive=0
01-15 23:05:08.200     0     0 I init    : starting service 'adsprpcd_root'...
01-15 23:05:08.202     0     0 I init    : Created socket '/dev/socket/thermal-send-client', mode 666, user 1000, group 1000
01-15 23:05:08.205     0     0 I init    : Created socket '/dev/socket/thermal-recv-client', mode 660, user 1000, group 1000
01-15 23:05:08.206     0     0 I init    : starting service 'adsprpcd'...
01-15 23:05:08.207     0     0 I init    : Created socket '/dev/socket/thermal-recv-passive-client', mode 666, user 1000, group 1000
01-15 23:05:08.209     0     0 I init    : Created socket '/dev/socket/thermal-send-rule', mode 660, user 1000, group 1000
01-15 23:05:08.213     0     0 I init    : starting service 'vendor.imsqmidaemon'...
01-15 23:05:08.220     0     0 I init    : starting service 'energy-awareness'...
01-15 23:05:08.223     0     0 I init    : Created socket '/dev/socket/ims_qmid', mode 660, user 1000, group 1001
01-15 23:05:08.234     0     0 I init    : starting service 'cnss_diag'...
01-15 23:05:08.241     0     0 I init    : starting service 'vendor.ims_rtp_daemon'...
01-15 23:05:08.248     0     0 I init    : starting service 'vendor.imsrcsservice'...
01-15 23:05:08.255     0     0 I init    : starting service 'vendor.hvdcp_opti'...
01-15 23:05:08.262     0     0 I init    : starting service 'zygote'...
01-15 23:05:08.269     0     0 I         : 'opened /dev/adsprpc-smd c 230 0'
01-15 23:05:08.270     0     0 I init    : starting service 'zygote_secondary'...
01-15 23:05:08.279     0     0 I init    : starting service 'bpfloader'...
01-15 23:05:08.286     0     0 I init    : Created socket '/dev/socket/zygote', mode 660, user 0, group 1000
01-15 23:05:08.288     0     0 I init    : Created socket '/dev/socket/usap_pool_primary', mode 660, user 0, group 1000
01-15 23:05:08.289     0     0 I init    : Created socket '/dev/socket/zygote_secondary', mode 660, user 0, group 1000
01-15 23:05:08.291     0     0 I init    : Created socket '/dev/socket/usap_pool_secondary', mode 660, user 0, group 1000
01-15 23:05:08.300     0     0 I init    : starting service 'cameraserver'...
01-15 23:05:08.307     0     0 E init    : couldn't write 1331 to /dev/cpuset/camera-daemon/tasks: No such file or directory
01-15 23:05:08.308     0     0 I init    : starting service 'drm'...
01-15 23:05:08.316     0     0 I init    : starting service 'idmap2d'...
01-15 23:05:08.324     0     0 I init    : starting service 'incidentd'...
01-15 23:05:08.329  1307  1307 I auditd  : type=1400 audit(0.0:76): avc: denied { read } for comm="thermal-engine" name="name" dev="sysfs" ino=47666 scontext=u:r:th
ermal-engine:s0 tcontext=u:object_r:sysfs:s0 tclass=file permissive=0
01-15 23:05:08.335     0     0 I init    : starting service 'installd'...
01-15 23:05:08.349     0     0 I init    : starting service 'keystore'...
01-15 23:05:08.366  1324  1324 I imsrcsd : Starting Service for First Time imsbaseimpl
01-15 23:05:08.374     0     0 I init    : starting service 'mediadrm'...
01-15 23:05:08.375  1324  1324 I ServiceManagement: Registered com.qualcomm.qti.uceservice@2.1::IUceService/com.qualcomm.qti.uceservice (start delay of 1376ms)
01-15 23:05:08.376  1324  1324 I imsrcsd : ImsRcsBaseImpl CM_IMSCONNECTIONMANAGER_CREATE_CONNECTION Before Registering Service
01-15 23:05:08.378  1324  1324 I ServiceManagement: Registered com.qualcomm.qti.imscmservice@2.2::IImsCmService/qti.ims.connectionmanagerservice (start delay of 137
8ms)
01-15 23:05:08.378  1324  1324 I imsrcsd : ImsRcsBaseImpl CM_IMSCONNECTIONMANAGER_CREATE_CONNECTION After Registering Service
01-15 23:05:08.388     0     0 I init    : starting service 'mediaextractor'...
01-15 23:05:08.399     0     0 I init    : starting service 'mediametrics'...
01-15 23:05:08.401  1324  1324 I ServiceManagement: Registered vendor.qti.ims.callinfo@1.0::IService/default (start delay of 1401ms)
01-15 23:05:08.401  1324  1324 I imsrcsd : ImsRcsBaseImpl ImsCallInfo After Registering Service
01-15 23:05:08.411     0     0 E MAIN_MGR: hvdcp_opti Version: 3:0:0
01-15 23:05:08.429     0     0 I init    : starting service 'media'...
01-15 23:05:08.450     0     0 I init    : starting service 'netd'...
01-15 23:05:08.477     0     0 I init    : starting service 'vendor.perfservice'...
01-15 23:05:08.494     0     0 I init    : starting service 'statsd'...
01-15 23:05:08.501     0     0 I init    : processing action (init.svc.zygote=running) from (/vendor/etc/init/hw/init.target.rc:426)
01-15 23:05:08.503     0     0 I init    : Created socket '/dev/socket/dnsproxyd', mode 660, user 0, group 3003
01-15 23:05:08.508     0     0 I init    : Created socket '/dev/socket/statsdw', mode 222, user 1066, group 1066
01-15 23:05:08.512     0     0 I init    : Created socket '/dev/socket/mdns', mode 660, user 0, group 1000
01-15 23:05:08.514     0     0 I init    : starting service 'storaged'...
01-15 23:05:08.514     0     0 I init    : Created socket '/dev/socket/fwmarkd', mode 660, user 0, group 3003
01-15 23:05:08.554     0     0 I init    : starting service 'wificond'...
01-15 23:05:08.562     0     0 I init    : Opened file '/d/mmc0/mmc0:0001/ext_csd', flags 0
01-15 23:05:08.588     0     0 I init    : starting service 'vendor.media.omx'...
01-15 23:05:08.629     0     0 I init    : starting service 'vendor.cnd'...
01-15 23:05:08.657     0     0 I init    : starting service 'wifidisplayhalservice'...
01-15 23:05:08.684     0     0 I init    : starting service 'dpmQmiMgr'...
01-15 23:05:08.739     0     0 I init    : starting service 'vendor.ipacm'...
01-15 23:05:08.775     0     0 I init    : starting service 'vendor.netmgrd'...
01-15 23:05:08.808     0     0 I init    : starting service 'vendor.port-bridge'...
01-15 23:05:08.839     0     0 I init    : starting service 'media.swcodec'...
01-15 23:05:08.857     0     0 I init    : Command 'class_start main' action=vold.decrypt=trigger_restart_framework (/init.rc:800) took 705ms and succeeded
01-15 23:05:08.867     0     0 I init    : starting service 'nqnfcinfo'...
01-15 23:05:08.891     0     0 I init    : starting service 'cnss-daemon'...
01-15 23:05:08.909     0     0 E ipa_sps_irq_control_all: 963 EP (5) not allocated.
01-15 23:05:08.913     0     0 E ipa_sps_irq_control_all: 963 EP (5) not allocated.
01-15 23:05:08.939     0     0 I init    : starting service 'ssgqmigd'...
01-15 23:05:08.966     0     0 I init    : starting service 'mlid'...
01-15 23:05:08.973     0     0 I init    : starting service 'loc_launcher'...
01-15 23:05:08.973     0     0 I init    : Created socket '/dev/socket/mlid', mode 666, user 1021, group 1021
01-15 23:05:08.979     0     0 E nq-nci 6-0028: nfc_open: 10,54
01-15 23:05:08.979     0     0 E nq-nci 6-0028: nqx nfc : nfc_ioctl_nfcc_info r = -1610542968
01-15 23:05:08.980     0     0 I init    : Created socket '/dev/socket/ssgqmig', mode 660, user 1001, group 3003
01-15 23:05:08.980     0     0 E ipa_sps_irq_control_all: 963 EP (5) not allocated.
01-15 23:05:09.003     0     0 I init    : starting service 'qcom-sh'...
01-15 23:05:09.028     0     0 E init    : Could not start service 'crashdata-sh' as part of class 'late_start': File /vendor/bin/init.qcom.crashdata.sh(labeled "u:
object_r:vendor_file:s0") has incorrect label or no domain transition from u:r:init:s0 to another SELinux domain defined. Have you configured your service correctly
? https://source.android.com/security/selinux/device-policy#label_new_services_and_address_denials
01-15 23:05:09.049     0     0 E init    : Could not start service 'qvop-daemon' as part of class 'late_start': Cannot find '/vendor/bin/qvop-daemon': No such file
or directory
01-15 23:05:09.104     0     0 I init    : starting service 'vendor.atfwd'...
01-15 23:05:09.110     0     0 E init    : Could not start service 'qseeproxydaemon' as part of class 'late_start': Cannot find '/system/vendor/bin/qseeproxydaemon'
: No such file or directory
01-15 23:05:09.110     0     0 E init    : Could not start service 'seemp_healthd' as part of class 'late_start': Cannot find '/vendor/bin/seemp_healthd': No such f
ile or directory
01-15 23:05:09.151     0     0 E init    : Could not start service 'chre' as part of class 'late_start': Cannot find '/vendor/bin/chre': No such file or directory
01-15 23:05:09.151     0     0 E init    : Could not start service 'audiod' as part of class 'late_start': Cannot find '/system/vendor/bin/audiod': No such file or
directory
01-15 23:05:09.163     0     0 E init    : Could not start service 'mdtpd' as part of class 'late_start': Cannot find '/system/vendor/bin/mdtpd': No such file or di
rectory
01-15 23:05:09.185     0     0 E init    : Could not start service 'seempd' as part of class 'late_start': Cannot find '/system/bin/seempd': No such file or directo
ry
01-15 23:05:09.195     0     0 I init    : starting service 'gatekeeperd'...
01-15 23:05:09.220     0     0 I init    : starting service 'tombstoned'...
01-15 23:05:09.260     0     0 I init    : starting service 'update_engine'...
01-15 23:05:09.264     0     0 E IPC_RTR : process_new_server_msg: Server 00001003 create rejected, version = 0
