winConfig={ mBounds=Rect(0, 0 - 1080, 1920) mAppBounds=Rect(0, 0 - 1080, 1776) mWindowingMode=fullscreen mDisplayWindowingMode=fullscreen mActivityType=undefined mA
lwaysOnTop=undefined mRotation=ROTATION_0} s.4}
01-15 23:05:14.176  1862  2070 I ActivityTaskManager: Override config changes=200 {1.0 ?mcc?mnc [zh_CN] ldltr sw360dp w360dp h568dp 480dpi nrml port finger -keyb/v/
h -nav/h winConfig={ mBounds=Rect(0, 0 - 1080, 1920) mAppBounds=Rect(0, 0 - 1080, 1776) mWindowingMode=fullscreen mDisplayWindowingMode=fullscreen mActivityType=und
efined mAlwaysOnTop=undefined mRotation=ROTATION_0} s.4} for displayId=0
01-15 23:05:14.178  1862  2070 D SystemServerInitThreadPool: Finished executing UiModeManager.onStart
01-15 23:05:14.198  1862  1862 D SystemServerTiming: StartLockSettingsService took to complete: 25ms
01-15 23:05:14.198  1862  1862 I SystemServer: StartPersistentDataBlock
01-15 23:05:14.199  1862  1862 I SystemServiceManager: Starting com.android.server.PersistentDataBlockService
01-15 23:05:14.199  1862  1862 D SystemServerTiming: StartPersistentDataBlock took to complete: 1ms
01-15 23:05:14.199  1862  1862 I SystemServer: StartTestHarnessMode
01-15 23:05:14.199  1862  1862 I SystemServiceManager: Starting com.android.server.testharness.TestHarnessModeService
01-15 23:05:14.200  1862  2072 D SystemServerInitThreadPool: Started executing PersistentDataBlockService.onStart
01-15 23:05:14.201  1862  1862 D SystemServerTiming: StartTestHarnessMode took to complete: 2ms
01-15 23:05:14.201  1862  1862 I SystemServer: StartOemLockService
01-15 23:05:14.201  1862  1862 I SystemServiceManager: Starting com.android.server.oemlock.OemLockService
01-15 23:05:14.201  1862  2072 E PersistentDataBlockService: not able to find package com.google.android.gms
01-15 23:05:14.201  1862  2072 E PersistentDataBlockService: android.content.pm.PackageManager$NameNotFoundException: com.google.android.gms
01-15 23:05:14.201  1862  2072 E PersistentDataBlockService:    at android.app.ApplicationPackageManager.getPackageUidAsUser(ApplicationPackageManager.java:311)
01-15 23:05:14.201  1862  2072 E PersistentDataBlockService:    at com.android.server.PersistentDataBlockService.getAllowedUid(PersistentDataBlockService.java:153)
01-15 23:05:14.201  1862  2072 E PersistentDataBlockService:    at com.android.server.PersistentDataBlockService.lambda$onStart$0$PersistentDataBlockService(Persist
entDataBlockService.java:166)
01-15 23:05:14.201  1862  2072 E PersistentDataBlockService:    at com.android.server.-$$Lambda$PersistentDataBlockService$EZl9OYaT2eNL7kfSr2nKUBjxidk.run(Unknown S
ource:2)
01-15 23:05:14.201  1862  2072 E PersistentDataBlockService:    at com.android.server.SystemServerInitThreadPool.lambda$submit$0$SystemServerInitThreadPool(SystemSe
rverInitThreadPool.java:72)
01-15 23:05:14.201  1862  2072 E PersistentDataBlockService:    at com.android.server.-$$Lambda$SystemServerInitThreadPool$jLyL3DFmbjsFesU5SGktD3NoWSc.run(Unknown S
ource:6)
01-15 23:05:14.201  1862  2072 E PersistentDataBlockService:    at java.util.concurrent.Executors$RunnableAdapter.call(Executors.java:462)
01-15 23:05:14.201  1862  2072 E PersistentDataBlockService:    at java.util.concurrent.FutureTask.run(FutureTask.java:266)
01-15 23:05:14.201  1862  2072 E PersistentDataBlockService:    at java.util.concurrent.ThreadPoolExecutor.runWorker(ThreadPoolExecutor.java:1167)
01-15 23:05:14.201  1862  2072 E PersistentDataBlockService:    at java.util.concurrent.ThreadPoolExecutor$Worker.run(ThreadPoolExecutor.java:641)
01-15 23:05:14.201  1862  2072 E PersistentDataBlockService:    at com.android.internal.util.ConcurrentUtils$1$1.run(ConcurrentUtils.java:62)
01-15 23:05:14.203  1862  1862 I OemLock : OemLock HAL not present on device
01-15 23:05:14.203  1862  1862 I OemLock : Using persistent data block based lock
01-15 23:05:14.205  1862  1862 D SystemServerTiming: StartOemLockService took to complete: 3ms
01-15 23:05:14.205  1862  1862 I SystemServer: StartDeviceIdleController
01-15 23:05:14.205  1862  1862 I SystemServiceManager: Starting com.android.server.DeviceIdleController
01-15 23:05:14.208  1862  1862 D SystemServerTiming: StartDeviceIdleController took to complete: 3ms
01-15 23:05:14.209  1862  1862 I SystemServer: StartDevicePolicyManager
01-15 23:05:14.209  1862  1862 I SystemServiceManager: Starting com.android.server.devicepolicy.DevicePolicyManagerService$Lifecycle
01-15 23:05:14.213  1862  1862 D SystemServerTiming: StartDevicePolicyManager took to complete: 4ms
01-15 23:05:14.213  1862  1862 I SystemServer: StartStatusBarManagerService
01-15 23:05:14.216  1862  1862 D SystemServerTiming: StartStatusBarManagerService took to complete: 4ms
01-15 23:05:14.217  1862  1862 D SystemServer: ContentCaptureService disabled because resource is not overlaid
01-15 23:05:14.217  1862  1862 D SystemServer: AttentionService is not configured on this device
01-15 23:05:14.217  1862  1862 D SystemServer: SystemCaptionsManagerService disabled because resource is not overlaid
01-15 23:05:14.217  1862  1862 D SystemServer: AppPredictionService not defined by OEM
01-15 23:05:14.217  1862  1862 D SystemServer: ContentSuggestionsService not defined by OEM
01-15 23:05:14.217  1862  1862 I SystemServer: InitNetworkStackClient
01-15 23:05:14.218  1862  1862 D SystemServerTiming: InitNetworkStackClient took to complete: 1ms
01-15 23:05:14.218  1862  1862 I SystemServer: StartNetworkManagementService
01-15 23:05:14.224  1862  1862 D SystemServerTiming: StartNetworkManagementService took to complete: 5ms
01-15 23:05:14.224  1862  1862 I SystemServer: StartIpSecService
01-15 23:05:14.226  1862  1862 D SystemServerTiming: StartIpSecService took to complete: 2ms
01-15 23:05:14.226  1862  1862 I SystemServer: StartTextServicesManager
01-15 23:05:14.226  1862  1862 I SystemServiceManager: Starting com.android.server.textservices.TextServicesManagerService$Lifecycle
01-15 23:05:14.227  1862  2072 D SystemServerInitThreadPool: Finished executing PersistentDataBlockService.onStart
01-15 23:05:14.228  1862  1862 D SystemServerTiming: StartTextServicesManager took to complete: 2ms
01-15 23:05:14.228  1862  1862 I SystemServer: StartTextClassificationManagerService
01-15 23:05:14.228  1862  1862 I SystemServiceManager: Starting com.android.server.textclassifier.TextClassificationManagerService$Lifecycle
01-15 23:05:14.230  1862  1862 D SystemServerTiming: StartTextClassificationManagerService took to complete: 1ms
01-15 23:05:14.230  1862  1862 I SystemServer: StartNetworkScoreService
01-15 23:05:14.230  1862  1862 I SystemServiceManager: Starting com.android.server.NetworkScoreService$Lifecycle
01-15 23:05:14.233  1862  1862 D SystemServerTiming: StartNetworkScoreService took to complete: 3ms
01-15 23:05:14.233  1862  1862 I SystemServer: StartNetworkStatsService
01-15 23:05:14.237  1862  1862 D SystemServerTiming: StartNetworkStatsService took to complete: 5ms
01-15 23:05:14.237  1862  1862 I SystemServer: StartNetworkPolicyManagerService
01-15 23:05:14.242  1862  1862 D SystemServerTiming: StartNetworkPolicyManagerService took to complete: 5ms
01-15 23:05:14.242  1862  1862 I SystemServer: StartWifi
01-15 23:05:14.268  1862  1862 I SystemServiceManager: Starting com.android.server.wifi.WifiService
01-15 23:05:14.293  1862  1862 E TelephonyManager: IMSI error: Subscriber Info is null
01-15 23:05:14.332     0     0 E ipa-wan ipa_wwan_ioctl: 1582 dev(rmnet_data6) register to IPA
01-15 23:05:14.379  1862  1862 I auditd  : type=1400 audit(0.0:78): avc: denied { read } for comm="system_server" name="u:object_r:vendor_default_prop:s0" dev="tmpf
s" ino=15606 scontext=u:r:system_server:s0 tcontext=u:object_r:vendor_default_prop:s0 tclass=file permissive=0
01-15 23:05:14.398  1328  1328 D TelephonyManager: No /proc/cmdline exception=java.io.FileNotFoundException: /proc/cmdline: open failed: EACCES (Permission denied)
01-15 23:05:14.398  1328  1328 D TelephonyManager: /proc/cmdline=
01-15 23:05:14.401  1862  1862 D SystemServerTiming: StartWifi took to complete: 159ms
01-15 23:05:14.401  1862  1862 I SystemServer: StartWifiScanning
01-15 23:05:14.402  1862  1862 I SystemServiceManager: Starting com.android.server.wifi.scanner.WifiScanningService
01-15 23:05:14.405  1862  1862 D SystemServerTiming: StartWifiScanning took to complete: 3ms
01-15 23:05:14.405  1862  1862 I SystemServer: StartWifiP2P
01-15 23:05:14.405  1862  1862 I SystemServiceManager: Starting com.android.server.wifi.p2p.WifiP2pService
01-15 23:05:14.412  1862  1862 D SystemServerTiming: StartWifiP2P took to complete: 8ms
01-15 23:05:14.412  1862  1862 I SystemServer: StartEthernet
01-15 23:05:14.413  1862  1862 I SystemServiceManager: Starting com.android.server.ethernet.EthernetService
01-15 23:05:14.415  1862  1862 D SystemServerTiming: StartEthernet took to complete: 2ms
01-15 23:05:14.415  1862  1862 I SystemServer: StartConnectivityService
01-15 23:05:14.418  1862  1862 D ConnectivityService: ConnectivityService starting up
01-15 23:05:14.424  1862  1862 D ConnectivityService: wifiOnly=false
01-15 23:05:14.424  1862  1862 E ConnectivityService: Ignoring protectedNetwork 14
01-15 23:05:14.439  1862  1862 D SystemServerTiming: StartConnectivityService took to complete: 24ms
01-15 23:05:14.439  1862  1862 I SystemServer: StartNsdService
01-15 23:05:14.440  1862  1862 D NsdService: Network service discovery is enabled
01-15 23:05:14.444  1862  1862 D SystemServerTiming: StartNsdService took to complete: 5ms
01-15 23:05:14.444  1862  1862 I SystemServer: StartSystemUpdateManagerService
01-15 23:05:14.444  1862  1862 I SystemUpdateManagerService: No existing info file /data/system/system-update-info.xml
01-15 23:05:14.446  1862  1862 D SystemServerTiming: StartSystemUpdateManagerService took to complete: 2ms
01-15 23:05:14.446  1862  1862 I SystemServer: StartUpdateLockService
01-15 23:05:14.447  1862  1862 D SystemServerTiming: StartUpdateLockService took to complete: 2ms
01-15 23:05:14.447  1862  1862 I SystemServer: StartNotificationManager
01-15 23:05:14.447  1862  1862 I SystemServiceManager: Starting com.android.server.notification.NotificationManagerService
01-15 23:05:14.454  1862  1862 D ConditionProviders.SCP: new ScheduleConditionProvider()
01-15 23:05:14.465  1862  1862 I NotificationListeners: Read notification listener permissions from xml
01-15 23:05:14.465  1862  1862 I NotificationAssistants: Read notification assistant permissions from xml
01-15 23:05:14.466  1862  1862 I ConditionProviders: Read condition provider permissions from xml
01-15 23:05:14.466  1862  1862 I ConditionProviders: Read condition provider permissions from xml
01-15 23:05:14.466  1862  1862 D NotificationAssistants: Approving default notification assistant for user 0
01-15 23:05:14.466  1862  1862 I ConditionProviders:  Allowing condition provider android.ext.services/android.ext.services.notification.Assistant
01-15 23:05:14.467  1862  1862 D NotificationService: Set default NAS to be android.ext.services/android.ext.services.notification.Assistant in 0
01-15 23:05:14.473  1862  1862 D SystemServerTiming: StartNotificationManager took to complete: 26ms
01-15 23:05:14.473  1862  1862 I SystemServer: StartDeviceMonitor
01-15 23:05:14.473  1862  1862 I SystemServiceManager: Starting com.android.server.storage.DeviceStorageMonitorService
01-15 23:05:14.477  1862  1862 D SystemServerTiming: StartDeviceMonitor took to complete: 4ms
01-15 23:05:14.477  1862  1862 I SystemServer: StartLocationManagerService
01-15 23:05:14.478  1862  1926 I commit_sys_config_file: [notification-policy,12]
01-15 23:05:14.479  1862  1862 D SystemServerTiming: StartLocationManagerService took to complete: 2ms
01-15 23:05:14.479  1862  1862 I SystemServer: StartCountryDetectorService
01-15 23:05:14.479  1862  2091 I storage_state: [41217664-9172-527a-b3d5-edabb50a7d69,0,0,20413702144,20726800384]
01-15 23:05:14.480  1862  1862 D SystemServerTiming: StartCountryDetectorService took to complete: 1ms
01-15 23:05:14.481  1862  1862 I SystemServer: StartTimeDetectorService
01-15 23:05:14.481  1862  1862 I SystemServiceManager: Starting com.android.server.timedetector.TimeDetectorService$Lifecycle
01-15 23:05:14.482  1862  1862 D SystemServerTiming: StartTimeDetectorService took to complete: 2ms
01-15 23:05:14.482  1862  1862 I SystemServer: StartSearchManagerService
01-15 23:05:14.482  1862  1862 I SystemServiceManager: Starting com.android.server.search.SearchManagerService$Lifecycle
01-15 23:05:14.485  1862  1862 D SystemServerTiming: StartSearchManagerService took to complete: 2ms
01-15 23:05:14.485  1862  1862 I SystemServer: StartWallpaperManagerService
01-15 23:05:14.485  1862  1862 I SystemServiceManager: Starting com.android.server.wallpaper.WallpaperManagerService$Lifecycle
01-15 23:05:14.489  1862  1862 D SystemServerTiming: StartWallpaperManagerService took to complete: 4ms
01-15 23:05:14.489  1862  1862 I SystemServer: StartAudioService
01-15 23:05:14.489  1862  1862 I SystemServiceManager: Starting com.android.server.audio.AudioService$Lifecycle
01-15 23:05:14.492  1862  1926 I commit_sys_config_file: [notification-policy,12]
01-15 23:05:14.516  1328  1328 D ZygoteInitTiming_lazy: PreloadClasses took to complete: 566ms
01-15 23:05:14.539  1328  1328 D ZygoteInitTiming_lazy: CacheNonBootClasspathClassLoaders took to complete: 23ms
01-15 23:05:14.600  1862  1862 I stream_devices_changed: [0,0,1]
01-15 23:05:14.600  1862  1862 I stream_devices_changed: [2,0,2]
01-15 23:05:14.601  1862  1862 I stream_devices_changed: [3,0,2]
01-15 23:05:14.601  1862  1862 I stream_devices_changed: [4,0,2]
01-15 23:05:14.602  1862  1862 I stream_devices_changed: [6,0,1]
01-15 23:05:14.631  1862  1862 D SystemServerTiming: StartAudioService took to complete: 142ms
01-15 23:05:14.631  1862  1862 I SystemServer: StartDockObserver
01-15 23:05:14.631  1862  1862 I SystemServiceManager: Starting com.android.server.DockObserver
01-15 23:05:14.632  1862  1862 W DockObserver: This kernel does not have dock station support
01-15 23:05:14.634  1862  1862 D SystemServerTiming: StartDockObserver took to complete: 3ms
01-15 23:05:14.634  1862  1862 I SystemServer: StartWiredAccessoryManager
01-15 23:05:14.636  1862  1862 W WiredAccessoryManager: This kernel does not have usb audio support
01-15 23:05:14.637  1862  1862 E WiredAccessoryManager: file /sys/devices/platform/soc/soc:qcom,msm-ext-disp/extcon/extcon0/name not found
01-15 23:05:14.637  1862  1862 W WiredAccessoryManager: Conn soc:qcom,msm-ext-disp/1/0 does not have DP audio support
01-15 23:05:14.637  1862  1862 E WiredAccessoryManager: file /sys/devices/platform/soc/soc:qcom,msm-ext-disp/extcon/extcon0/name not found
01-15 23:05:14.638  1862  1862 W WiredAccessoryManager: Conn soc:qcom,msm-ext-disp/0/0 does not have DP audio support
01-15 23:05:14.638  1862  1862 D SystemServerTiming: StartWiredAccessoryManager took to complete: 3ms
01-15 23:05:14.638  1862  1862 I SystemServer: StartMidiManager
01-15 23:05:14.638  1862  1862 I SystemServiceManager: Starting com.android.server.midi.MidiService$Lifecycle
01-15 23:05:14.640  1862  1862 D SystemServerTiming: StartMidiManager took to complete: 2ms
01-15 23:05:14.640  1862  1862 I SystemServer: StartAdbService
01-15 23:05:14.640  1862  1862 I SystemServiceManager: Starting com.android.server.adb.AdbService$Lifecycle
01-15 23:05:14.642  1862  1862 D SystemServerTiming: StartAdbService took to complete: 2ms
01-15 23:05:14.642  1862  1862 I SystemServer: StartUsbService
01-15 23:05:14.642  1862  1862 I SystemServiceManager: Starting com.android.server.usb.UsbService$Lifecycle
01-15 23:05:14.644  1862  1862 E UsbDeviceManager: failed to write to /sys/class/android_usb/android0/f_rndis/ethaddr
01-15 23:05:14.646  1862  1862 I UsbDeviceManager: USB GADGET HAL not present in the device
01-15 23:05:14.646  1862  1862 I UsbDeviceManager: java.util.NoSuchElementException
01-15 23:05:14.646  1862  1862 I UsbDeviceManager:      at android.os.HwBinder.getService(Native Method)
01-15 23:05:14.646  1862  1862 I UsbDeviceManager:      at android.hardware.usb.gadget.V1_0.IUsbGadget.getService(IUsbGadget.java:55)
01-15 23:05:14.646  1862  1862 I UsbDeviceManager:      at android.hardware.usb.gadget.V1_0.IUsbGadget.getService(IUsbGadget.java:62)
01-15 23:05:14.646  1862  1862 I UsbDeviceManager:      at com.android.server.usb.UsbDeviceManager.<init>(UsbDeviceManager.java:264)
01-15 23:05:14.646  1862  1862 I UsbDeviceManager:      at com.android.server.usb.UsbService.<init>(UsbService.java:150)
01-15 23:05:14.646  1862  1862 I UsbDeviceManager:      at com.android.server.usb.UsbService$Lifecycle.onStart(UsbService.java:84)
01-15 23:05:14.646  1862  1862 I UsbDeviceManager:      at com.android.server.SystemServiceManager.startService(SystemServiceManager.java:129)
01-15 23:05:14.646  1862  1862 I UsbDeviceManager:      at com.android.server.SystemServiceManager.startService(SystemServiceManager.java:116)
01-15 23:05:14.646  1862  1862 I UsbDeviceManager:      at com.android.server.SystemServiceManager.startService(SystemServiceManager.java:75)
01-15 23:05:14.646  1862  1862 I UsbDeviceManager:      at com.android.server.SystemServer.startOtherServices(SystemServer.java:1580)
01-15 23:05:14.646  1862  1862 I UsbDeviceManager:      at com.android.server.SystemServer.run(SystemServer.java:517)
01-15 23:05:14.646  1862  1862 I UsbDeviceManager:      at com.android.server.SystemServer.main(SystemServer.java:354)
01-15 23:05:14.646  1862  1862 I UsbDeviceManager:      at java.lang.reflect.Method.invoke(Native Method)
01-15 23:05:14.646  1862  1862 I UsbDeviceManager:      at com.android.internal.os.RuntimeInit$MethodAndArgsCaller.run(RuntimeInit.java:492)
01-15 23:05:14.646  1862  1862 I UsbDeviceManager:      at com.android.internal.os.ZygoteInit.main(ZygoteInit.java:913)
01-15 23:05:14.646  1862  1862 E UsbDeviceManager: Failed to open control for mtp
01-15 23:05:14.647  1862  1862 E UsbDeviceManager: Failed to open control for ptp
01-15 23:05:14.656  1862  1862 W StorageManagerService: No primary storage defined yet; hacking together a stub
01-15 23:05:14.663  1862  1934 I UsbPortManager: Usb hal service started android.hardware.usb@1.0::IUsb default
01-15 23:05:14.668     0     0 I         : acc_open
01-15 23:05:14.668     0     0 I         : acc_release
01-15 23:05:14.669  1862  1862 D SystemServerTiming: StartUsbService took to complete: 27ms
01-15 23:05:14.669  1862  1862 I SystemServer: StartSerialService
01-15 23:05:14.671  1862  1862 D SystemServerTiming: StartSerialService took to complete: 1ms
01-15 23:05:14.671  1862  1862 I SystemServer: StartHardwarePropertiesManagerService
01-15 23:05:14.674  1862  1862 D SystemServerTiming: StartHardwarePropertiesManagerService took to complete: 4ms
01-15 23:05:14.674  1862  1862 I SystemServer: StartTwilightService
01-15 23:05:14.675  1862  1862 I SystemServiceManager: Starting com.android.server.twilight.TwilightService
01-15 23:05:14.675  1862  1862 D SystemServerTiming: StartTwilightService took to complete: 0ms
01-15 23:05:14.675  1862  1862 I SystemServer: StartColorDisplay
01-15 23:05:14.675  1862  1862 I SystemServiceManager: Starting com.android.server.display.color.ColorDisplayService
01-15 23:05:14.676  1862  1862 D SystemServerTiming: StartColorDisplay took to complete: 2ms
01-15 23:05:14.676  1862  1862 I SystemServer: StartJobScheduler
01-15 23:05:14.676  1862  1862 I SystemServiceManager: Starting com.android.server.job.JobSchedulerService
01-15 23:05:14.681  1862  1862 D JobStore: Start tag: job-info
01-15 23:05:14.682  1862  1862 I JobStore: Read 4 jobs
01-15 23:05:14.689  1862  1862 D SystemServerTiming: StartJobScheduler took to complete: 12ms
01-15 23:05:14.689  1862  1862 I SystemServer: StartSoundTrigger
01-15 23:05:14.689  1862  1862 I SystemServiceManager: Starting com.android.server.soundtrigger.SoundTriggerService
01-15 23:05:14.690  1862  1862 D SystemServerTiming: StartSoundTrigger took to complete: 2ms
01-15 23:05:14.691  1862  1862 I SystemServer: StartTrustManager
01-15 23:05:14.691  1862  1862 I SystemServiceManager: Starting com.android.server.trust.TrustManagerService
01-15 23:05:14.693  1862  1862 D SystemServerTiming: StartTrustManager took to complete: 2ms
01-15 23:05:14.693  1862  1862 I SystemServer: StartBackupManager
01-15 23:05:14.693  1862  1862 I SystemServiceManager: Starting com.android.server.backup.BackupManagerService$Lifecycle
01-15 23:05:14.695  1862  1862 D SystemServerTiming: StartBackupManager took to complete: 3ms
01-15 23:05:14.695  1862  1862 I SystemServer: StartAppWidgetService
01-15 23:05:14.695  1862  1862 I SystemServiceManager: Starting com.android.server.appwidget.AppWidgetService
01-15 23:05:14.699  1862  1862 I auditd  : type=1400 audit(0.0:79): avc: denied { read } for comm="system_server" name="u:object_r:vendor_default_prop:s0" dev="tmpf
s" ino=15606 scontext=u:r:system_server:s0 tcontext=u:object_r:vendor_default_prop:s0 tclass=file permissive=0
01-15 23:05:14.700  1862  1862 D SystemServerTiming: StartAppWidgetService took to complete: 5ms
01-15 23:05:14.700  1862  1862 I SystemServer: StartRoleManagerService
01-15 23:05:14.703  1862  1862 D SystemServerTiming: StartRoleManagerService took to complete: 3ms
01-15 23:05:14.703  1862  1862 I SystemServer: StartVoiceRecognitionManager
01-15 23:05:14.703  1862  1862 I SystemServiceManager: Starting com.android.server.voiceinteraction.VoiceInteractionManagerService
01-15 23:05:14.704  1862  2052 I commit_sys_config_file: [settings-2-0,12]
01-15 23:05:14.707  1862  1862 I RoleUserState: Read roles.xml successfully
01-15 23:05:14.708  1862  1862 D SystemServerTiming: StartVoiceRecognitionManager took to complete: 5ms
01-15 23:05:14.708  1862  1862 I SystemServer: StartGestureLauncher
01-15 23:05:14.709  1862  1862 I SystemServiceManager: Starting com.android.server.GestureLauncherService
01-15 23:05:14.709  1862  1862 D SystemServerTiming: StartGestureLauncher took to complete: 0ms
01-15 23:05:14.709  1862  1862 I SystemServer: StartSensorNotification
01-15 23:05:14.709  1862  1862 I SystemServiceManager: Starting com.android.server.SensorNotificationService
01-15 23:05:14.709  1862  1862 D SystemServerTiming: StartSensorNotification took to complete: 0ms
01-15 23:05:14.709  1862  1862 I SystemServer: StartContextHubSystemService
01-15 23:05:14.709  1862  1862 I SystemServiceManager: Starting com.android.server.ContextHubSystemService
01-15 23:05:14.709  1862  1862 D SystemServerTiming: StartContextHubSystemService took to complete: 0ms
01-15 23:05:14.709  1862  1862 I SystemServer: StartDiskStatsService
01-15 23:05:14.709  1862  1933 D SystemServerInitThreadPool: Started executing Init ContextHubSystemService
01-15 23:05:14.711  1862  1933 D SystemServerInitThreadPool: Finished executing Init ContextHubSystemService
01-15 23:05:14.712  1862  1862 D SystemServerTiming: StartDiskStatsService took to complete: 4ms
01-15 23:05:14.713  1862  1862 I SystemServer: RuntimeService
01-15 23:05:14.714  1862  1862 D SystemServerTiming: RuntimeService took to complete: 1ms
01-15 23:05:14.714  1862  1862 I SystemServer: StartNetworkTimeUpdateService
01-15 23:05:14.715  1862  1862 D SystemServer: Using networkTimeUpdater class=class com.android.server.NewNetworkTimeUpdateService
01-15 23:05:14.717  1862  1862 D SystemServerTiming: StartNetworkTimeUpdateService took to complete: 3ms
01-15 23:05:14.717  1862  1862 I SystemServer: CertBlacklister
01-15 23:05:14.718  1862  1862 D SystemServerTiming: CertBlacklister took to complete: 0ms
01-15 23:05:14.718  1862  1862 I SystemServer: StartEmergencyAffordanceService
01-15 23:05:14.718  1862  1862 I SystemServiceManager: Starting com.android.server.emergency.EmergencyAffordanceService
01-15 23:05:14.718  1862  1862 D SystemServerTiming: StartEmergencyAffordanceService took to complete: 1ms
01-15 23:05:14.718  1862  1862 I SystemServer: StartDreamManager
01-15 23:05:14.718  1862  1862 I SystemServiceManager: Starting com.android.server.dreams.DreamManagerService
01-15 23:05:14.720  1862  1862 D SystemServerTiming: StartDreamManager took to complete: 2ms
01-15 23:05:14.720  1862  1862 I SystemServer: AddGraphicsStatsService
01-15 23:05:14.723  1862  1862 D SystemServerTiming: AddGraphicsStatsService took to complete: 3ms
01-15 23:05:14.724  1862  1862 I SystemServer: StartPrintManager
01-15 23:05:14.724  1862  1862 I SystemServiceManager: Starting com.android.server.print.PrintManagerService
01-15 23:05:14.725  1862  1862 D SystemServerTiming: StartPrintManager took to complete: 2ms
01-15 23:05:14.725  1862  1862 I SystemServer: StartCompanionDeviceManager
01-15 23:05:14.726  1862  1862 I SystemServiceManager: Starting com.android.server.companion.CompanionDeviceManagerService
01-15 23:05:14.727  1862  1862 I service_manager_stats: [100,61,62347]
01-15 23:05:14.728  1862  1862 D SystemServerTiming: StartCompanionDeviceManager took to complete: 3ms
01-15 23:05:14.728  1862  1862 I SystemServer: StartRestrictionManager
01-15 23:05:14.728  1862  1862 I SystemServiceManager: Starting com.android.server.restrictions.RestrictionsManagerService
01-15 23:05:14.730  1862  1862 D SystemServerTiming: StartRestrictionManager took to complete: 2ms
01-15 23:05:14.731  1862  1862 I SystemServer: StartMediaSessionService
01-15 23:05:14.731  1862  1862 I SystemServiceManager: Starting com.android.server.media.MediaSessionService
01-15 23:05:14.741  1862  1862 D SystemServerTiming: StartMediaSessionService took to complete: 11ms
01-15 23:05:14.741  1862  1862 I SystemServer: StartMediaResourceMonitor
01-15 23:05:14.741  1862  1862 I SystemServiceManager: Starting com.android.server.media.MediaResourceMonitorService
01-15 23:05:14.743  1862  1862 D SystemServerTiming: StartMediaResourceMonitor took to complete: 1ms
01-15 23:05:14.743  1862  1862 I SystemServer: StartMediaRouterService
01-15 23:05:14.745  1862  1862 D SystemServerTiming: StartMediaRouterService took to complete: 2ms
01-15 23:05:14.745  1862  1862 I SystemServer: StartBackgroundDexOptService
01-15 23:05:14.746  1862  1862 D SystemServerTiming: StartBackgroundDexOptService took to complete: 1ms
01-15 23:05:14.747  1862  1862 I SystemServer: StartDynamicCodeLoggingService
01-15 23:05:14.748  1862  1862 D SystemServerTiming: StartDynamicCodeLoggingService took to complete: 1ms
01-15 23:05:14.748  1862  1862 I SystemServer: StartPruneInstantAppsJobService
01-15 23:05:14.748  1862  1862 D SystemServerTiming: StartPruneInstantAppsJobService took to complete: 1ms
01-15 23:05:14.748  1862  1862 I SystemServer: StartShortcutServiceLifecycle
01-15 23:05:14.748  1862  1862 I SystemServiceManager: Starting com.android.server.pm.ShortcutService$Lifecycle
01-15 23:05:14.751  1862  1862 D SystemServerTiming: StartShortcutServiceLifecycle took to complete: 2ms
01-15 23:05:14.751  1862  1862 I SystemServer: StartLauncherAppsService
01-15 23:05:14.751  1862  1862 I SystemServiceManager: Starting com.android.server.pm.LauncherAppsService
01-15 23:05:14.753  1862  1862 D SystemServerTiming: StartLauncherAppsService took to complete: 2ms
01-15 23:05:14.753  1862  1862 I SystemServer: StartCrossProfileAppsService
01-15 23:05:14.753  1862  1862 I SystemServiceManager: Starting com.android.server.pm.CrossProfileAppsService
01-15 23:05:14.754  1862  1862 D SystemServerTiming: StartCrossProfileAppsService took to complete: 2ms
01-15 23:05:14.754  1862  1862 I SystemServer: StartMediaProjectionManager
01-15 23:05:14.754  1862  1862 I SystemServiceManager: Starting com.android.server.media.projection.MediaProjectionManagerService
01-15 23:05:14.758  1862  1862 D SystemServerTiming: StartMediaProjectionManager took to complete: 3ms
01-15 23:05:14.758  1862  1862 I SystemServer: StartSliceManagerService
01-15 23:05:14.758  1862  1862 I SystemServiceManager: Starting com.android.server.slice.SliceManagerService$Lifecycle
01-15 23:05:14.761  1328  1328 D ZygoteInitTiming_lazy: PreloadResources took to complete: 223ms
01-15 23:05:14.761  1862  1862 D SystemServerTiming: StartSliceManagerService took to complete: 3ms
01-15 23:05:14.762  1862  1862 I SystemServer: StartCameraServiceProxy
01-15 23:05:14.762  1862  1862 I SystemServiceManager: Starting com.android.server.camera.CameraServiceProxy
01-15 23:05:14.765  1862  1862 D SystemServerTiming: StartCameraServiceProxy took to complete: 3ms
01-15 23:05:14.765  1862  1862 I SystemServer: StartStatsCompanionService
01-15 23:05:14.765  1862  1862 I SystemServiceManager: Starting com.android.server.stats.StatsCompanionService$Lifecycle
01-15 23:05:14.767  1862  1862 I StatsCompanionService: register thermal listener successfully
01-15 23:05:14.772  1862  1862 D SystemServerTiming: StartStatsCompanionService took to complete: 7ms
01-15 23:05:14.772  1862  1862 I SystemServer: StartIncidentCompanionService
01-15 23:05:14.772  1862  1862 I SystemServiceManager: Starting com.android.server.incident.IncidentCompanionService
01-15 23:05:14.773  1862  1862 D SystemServerTiming: StartIncidentCompanionService took to complete: 1ms
01-15 23:05:14.774  1862  1862 I SystemServer: StartMmsService
01-15 23:05:14.774  1862  1862 I SystemServiceManager: Starting com.android.server.MmsServiceBroker
01-15 23:05:14.775  1862  1862 D SystemServerTiming: StartMmsService took to complete: 1ms
01-15 23:05:14.775  1862  1862 I SystemServer: StartAutoFillService
01-15 23:05:14.775  1862  1862 I SystemServiceManager: Starting com.android.server.autofill.AutofillManagerService
01-15 23:05:14.777  1862  1862 D AutofillManagerService: setLogLevelFromSettings(): level=2, debug=true, verbose=false
01-15 23:05:14.777  1862  1862 D AutofillManagerService: setMaxPartitionsFromSettings(): 10
01-15 23:05:14.777  1862  1862 D AutofillManagerService: setMaxVisibleDatasetsFromSettings(): 0
01-15 23:05:14.778  1862  1862 D AutofillManagerServiceImpl: Reset component for user 0:
01-15 23:05:14.778  1862  1925 D AutofillUI: destroySaveUiUiThread(): already destroyed
01-15 23:05:14.780  1862  1862 D SystemServerTiming: StartAutoFillService took to complete: 4ms
01-15 23:05:14.780  1862  1862 I SystemServer: StartClipboardService
01-15 23:05:14.780  1862  1862 I SystemServiceManager: Starting com.android.server.clipboard.ClipboardService
01-15 23:05:14.782  1862  1862 D SystemServerTiming: StartClipboardService took to complete: 2ms
01-15 23:05:14.782  1862  1862 I SystemServer: AppServiceManager
01-15 23:05:14.782  1862  1862 I SystemServiceManager: Starting com.android.server.appbinding.AppBindingService$Lifecycle
01-15 23:05:14.783  1862  1862 D SystemServerTiming: AppServiceManager took to complete: 2ms
01-15 23:05:14.783  1862  1862 I SystemServer: MakeVibratorServiceReady
01-15 23:05:14.785  1862  1862 D SystemServerTiming: MakeVibratorServiceReady took to complete: 2ms
01-15 23:05:14.786  1862  1862 I SystemServer: MakeLockSettingsServiceReady
01-15 23:05:14.813  1862  1862 I SyntheticPasswordManager: Device does not support weaver
01-15 23:05:14.815  1862  1862 I LockSettingsService: Device doesn't implement AuthSecret HAL
01-15 23:05:14.817  1862  1862 E LockSettingsStorage: Cannot read file java.io.FileNotFoundException: /data/system/gatekeeper.password.key: open failed: ENOENT (No
such file or directory)
01-15 23:05:14.818  1862  1862 E LockSettingsStorage: Cannot read file java.io.FileNotFoundException: /data/system/password.key: open failed: ENOENT (No such file o
r directory)
01-15 23:05:14.818  1862  1862 E LockSettingsStorage: Cannot read file java.io.FileNotFoundException: /data/system/gatekeeper.pattern.key: open failed: ENOENT (No s
uch file or directory)
01-15 23:05:14.818  1862  1862 E LockSettingsStorage: Cannot read file java.io.FileNotFoundException: /data/system/gatekeeper.gesture.key: open failed: ENOENT (No s
uch file or directory)
01-15 23:05:14.818  1862  1862 E LockSettingsStorage: Cannot read file java.io.FileNotFoundException: /data/system/gesture.key: open failed: ENOENT (No such file or
 directory)
01-15 23:05:14.819  1862  1862 D SystemServerTiming: MakeLockSettingsServiceReady took to complete: 33ms
01-15 23:05:14.819  1862  1862 I SystemServer: StartBootPhaseLockSettingsReady
01-15 23:05:14.819  1862  1862 I SystemServiceManager: Starting phase 480
01-15 23:05:14.827  1862  1862 I DevicePolicyManager: Set ro.device_owner property to false
01-15 23:05:14.829  1862  2038 D SystemServerInitThreadPool: Started executing DevicePolicyManager
01-15 23:05:14.829  1862  2038 D SystemServerInitThreadPool: Finished executing DevicePolicyManager
01-15 23:05:14.836  1862  1862 D SystemServerTiming: StartBootPhaseLockSettingsReady took to complete: 18ms
01-15 23:05:14.836  1862  1862 I SystemServer: StartBootPhaseSystemServicesReady
01-15 23:05:14.836  1862  1862 I SystemServiceManager: Starting phase 500
01-15 23:05:14.838  1862  1862 D AppStandbyController: Setting app idle enabled state
01-15 23:05:14.843     0     0 E ipa-wan ipa_wwan_ioctl: 1582 dev(rmnet_data7) register to IPA
01-15 23:05:14.852  1862  1862 D TestHarnessModeService: Setting up test harness mode
01-15 23:05:14.852  1862  1862 D TestHarnessModeService: Getting PersistentDataBlockManagerInternal from LocalServices
01-15 23:05:14.898  1862  1862 I WifiService: WifiService starting up with Wi-Fi disabled
01-15 23:05:14.926  1862  2084 D ConnectivityService: Got NetworkFactory Messenger for Ethernet
01-15 23:05:14.938  1862  1862 D SystemServerTiming: StartBootPhaseSystemServicesReady took to complete: 102ms
01-15 23:05:14.938  1862  1862 I SystemServer: MakeWindowManagerServiceReady
01-15 23:05:14.954  1862  2052 I commit_sys_config_file: [settings-2-0,14]
01-15 23:05:14.954  1862  1862 D SystemServerTiming: MakeWindowManagerServiceReady took to complete: 16ms
01-15 23:05:14.955  1862  1862 I SystemServer: MakePowerManagerServiceReady
01-15 23:05:14.960  1862  1862 E DisplayPowerController: failed to set up display white-balance: java.lang.IllegalStateException: cannot find sensor com.google.sens
or.color
01-15 23:05:14.983  1862  1862 D SystemServerTiming: MakePowerManagerServiceReady took to complete: 28ms
01-15 23:05:14.983  1862  1862 I SystemServer: StartPermissionPolicyService
01-15 23:05:14.983  1862  1862 I SystemServiceManager: Starting com.android.server.policy.PermissionPolicyService
01-15 23:05:14.986  1862  1862 D SystemServerTiming: StartPermissionPolicyService took to complete: 3ms
01-15 23:05:14.986  1862  1862 I SystemServer: MakePackageManagerServiceReady
01-15 23:05:14.991  1862  1862 I PackageManager: Un-granting permission android.permission.GLOBAL_SEARCH from package com.android.quicksearchbox (protectionLevel=18
 flags=0x3088be45)
01-15 23:05:14.994  1862  1862 I PackageManager: Un-granting permission android.permission.MANAGE_DOCUMENTS from package com.android.mms (protectionLevel=262146 fla
gs=0x28c9be65)
01-15 23:05:14.997     0     0 E FAKE_BATTERY: fake_batt_get_property: batt_mv=7626
01-15 23:05:14.999     0     0 W healthd : battery l=57 v=7 t=0.0 h=2 st=3 chg=
01-15 23:05:15.002  1862  1862 I PackageManager: Un-granting permission android.permission.INTERACT_ACROSS_USERS_FULL from package org.codeaurora.snapcam (protectio
nLevel=258 flags=0x20d8bc45)
01-15 23:05:15.002  1862  1862 I PackageManager: Un-granting permission android.permission.SET_ORIENTATION from package org.codeaurora.snapcam (protectionLevel=2 fl
ags=0x20d8bc45)
01-15 23:05:15.006  1862  1941 E KernelCpuSpeedReader: Failed to read cpu-freq: /sys/devices/system/cpu/cpu0/cpufreq/stats/time_in_state: open failed: ENOENT (No su
ch file or directory)
01-15 23:05:15.006  1862  1941 E KernelCpuSpeedReader: Failed to read cpu-freq: /sys/devices/system/cpu/cpu4/cpufreq/stats/time_in_state: open failed: ENOENT (No su
ch file or directory)
01-15 23:05:15.007  1862  1946 W KeyguardServiceDelegate: onScreenTurningOn(): no keyguard service!
01-15 23:05:15.017  1862  1946 V DisplayPowerController: Brightness [102] reason changing to: 'override', previous reason: '0'.
01-15 23:05:15.019  1862  1862 I commit_sys_config_file: [package-session,9]
01-15 23:05:15.021  1862  1862 V UserDataPreparer: Found /data/user_de/0 with serial number 0
01-15 23:05:15.022  1862  1862 V UserDataPreparer: Found /data/user/0 with serial number 0
01-15 23:05:15.022  1862  1862 V UserDataPreparer: Found /data/system_de/0 with serial number 0
01-15 23:05:15.022  1862  1862 V UserDataPreparer: Found /data/system_ce/0 with serial number 0
01-15 23:05:15.023  1862  1862 V UserDataPreparer: Found /data/misc_ce/0 with serial number 0
01-15 23:05:15.027  1862  1862 D SystemServerTiming: MakePackageManagerServiceReady took to complete: 40ms
01-15 23:05:15.027  1862  1862 I SystemServer: MakeDisplayManagerServiceReady
01-15 23:05:15.036  1862  1862 D SystemServerTiming: MakeDisplayManagerServiceReady took to complete: 8ms
01-15 23:05:15.036  1862  1862 I SystemServer: StartDeviceSpecificServices
01-15 23:05:15.036  1862  1862 D SystemServerTiming: StartDeviceSpecificServices took to complete: 0ms
01-15 23:05:15.036  1862  1862 I SystemServer: StartBootPhaseDeviceSpecificServicesReady
01-15 23:05:15.036  1862  1862 I SystemServiceManager: Starting phase 520
01-15 23:05:15.037  1862  1862 D SystemServerTiming: StartBootPhaseDeviceSpecificServicesReady took to complete: 0ms
01-15 23:05:15.040  1862  2049 D SystemServerTimingAsync: SecondaryZygotePreload took to complete: 1178ms
01-15 23:05:15.040  1862  2049 D SystemServerInitThreadPool: Finished executing SecondaryZygotePreload
01-15 23:05:15.040  1862  1862 W UsageStatsService: Event reported without a package name, eventType:15
01-15 23:05:15.042  1862  1862 I AppOps  : Pruning old package system/com.android.server.appop.AppOpsService$UidState@d55a193: new uid=-1
01-15 23:05:15.043  1862  1862 I ActivityManager: System now ready
01-15 23:05:15.043  1862  1862 I boot_progress_ams_ready: 62664
01-15 23:05:15.096  1862  1862 I SystemServer: Making services ready
01-15 23:05:15.096  1862  1862 I SystemServer: StartActivityManagerReadyPhase
01-15 23:05:15.096  1862  1862 I SystemServiceManager: Starting phase 550
01-15 23:05:15.099  1862  1862 E ThermalHalWrapper: Thermal HAL 2.0 service not connected.
01-15 23:05:15.101  1862  1862 E ThermalHalWrapper: Thermal HAL 1.1 service not connected.
01-15 23:05:15.103  1862  1862 I ThermalHalWrapper: Thermal HAL 1.0 service connected, no thermal call back will be called due to legacy API.
01-15 23:05:15.221  1862  2052 I commit_sys_config_file: [settings-0-0,11]
01-15 23:05:15.542  1862  1862 W SystemServiceManager: Service com.android.server.power.ThermalManagerService took 446 ms in onBootPhase
01-15 23:05:15.543  1862  1862 E BatteryService: breath leds update!
01-15 23:05:15.548  1862  1862 W ActivityManager: Too early to start/bind service in system_server: Phase=550 ComponentInfo{com.android.server.telecom/com.android.s
erver.telecom.components.TelecomService}
01-15 23:05:15.550  1862  1862 W ActivityManager: Too early to start/bind service in system_server: Phase=550 ComponentInfo{com.android.server.telecom/com.android.s
erver.telecom.components.TelecomService}
01-15 23:05:15.559  1862  1862 I SyncManager: No initial accounts
01-15 23:05:15.560  1862  1862 I SyncManager: No initial status
01-15 23:05:15.560  1862  1862 I SyncManager: No initial statistics
01-15 23:05:15.566  1862  1862 D BluetoothManagerService: Bluetooth boot completed
01-15 23:05:15.566  1862  1862 D BluetoothManagerService: Auto-enabling Bluetooth.
01-15 23:05:15.567  1862  1926 D BluetoothManagerService: MESSAGE_ENABLE(0): mBluetooth = null
01-15 23:05:15.569  1862  1926 I am_uid_running: 1002
01-15 23:05:15.612  1862  1937 I am_proc_start: [0,2154,1002,com.android.bluetooth,service,{com.android.bluetooth/com.android.bluetooth.btservice.AdapterService}]
01-15 23:05:15.612  1862  1937 I ActivityManager: Start proc 2154:com.android.bluetooth/1002 for service {com.android.bluetooth/com.android.bluetooth.btservice.Adap
terService}
01-15 23:05:15.661  1862  2069 I am_proc_bound: [0,2154,com.android.bluetooth]
01-15 23:05:15.672  1862  2069 I am_uid_active: 1002
01-15 23:05:15.746  1862  1862 W SystemServiceManager: Service com.android.server.inputmethod.InputMethodManagerService$Lifecycle took 175 ms in onBootPhase
01-15 23:05:15.748  1862  2068 D StorageManagerService: Isolated storage local flag 0 and remote flag 0 resolved to true
01-15 23:05:15.750  1862  1862 I WallpaperManagerService: No static wallpaper imagery; defaults will be shown
01-15 23:05:15.750  1862  1862 V WallpaperManagerService: bindWallpaperComponentLocked: componentName=ComponentInfo{com.android.systemui/com.android.systemui.ImageW
allpaper}
01-15 23:05:15.752  1862  1862 I am_uid_running: 10090
01-15 23:05:15.755  1862  1862 W WallpaperManagerService: Invalid wallpaper data
01-15 23:05:15.755  1862  1862 E WallpaperManagerService: Unable to apply new wallpaper
01-15 23:05:15.759  1862  1862 I AppBindingService: Updating constants with: null
01-15 23:05:15.763  1862  2096 W BluetoothManagerService: bindBluetoothProfileService:Trying to bind to profile: 1, while Bluetooth is disabled
01-15 23:05:15.777  1862  1862 I PackageManager: Un-granting permission android.permission.GLOBAL_SEARCH from package com.android.quicksearchbox (protectionLevel=18
 flags=0x3088be45)
01-15 23:05:15.778     0     0 I msm-dwc3 c200000.hsusb: DWC3 exited from low power mode
01-15 23:05:15.780  1862  1862 I PackageManager: Un-granting permission android.permission.MANAGE_DOCUMENTS from package com.android.mms (protectionLevel=262146 fla
gs=0x28c9be65)
01-15 23:05:15.787  1862  1862 I PackageManager: Un-granting permission android.permission.INTERACT_ACROSS_USERS_FULL from package org.codeaurora.snapcam (protectio
nLevel=258 flags=0x20d8bc45)
01-15 23:05:15.787  1862  1862 I PackageManager: Un-granting permission android.permission.SET_ORIENTATION from package org.codeaurora.snapcam (protectionLevel=2 fl
ags=0x20d8bc45)
01-15 23:05:15.790  1862  1862 D SystemServerTiming: StartActivityManagerReadyPhase took to complete: 693ms
01-15 23:05:15.790  1862  1862 I SystemServer: StartObservingNativeCrashes
01-15 23:05:15.791  1862  1862 D SystemServerTiming: StartObservingNativeCrashes took to complete: 1ms
01-15 23:05:15.791  1862  1862 I SystemServer: StartSystemUI
01-15 23:05:15.791  1862  2050 D SystemServerInitThreadPool: Started executing WebViewFactoryPreparation
01-15 23:05:15.791  1862  2050 I SystemServer: WebViewFactoryPreparation
01-15 23:05:15.798  1862  1862 D SystemServerTiming: StartSystemUI took to complete: 6ms
01-15 23:05:15.798  1862  1862 I SystemServer: MakeNetworkManagementServiceReady
01-15 23:05:15.798  1862  1937 I am_proc_start: [0,2185,10090,com.android.systemui,service,{com.android.systemui/com.android.systemui.ImageWallpaper}]
01-15 23:05:15.798  1862  1937 I ActivityManager: Start proc 2185:com.android.systemui/u0a90 for service {com.android.systemui/com.android.systemui.ImageWallpaper}
01-15 23:05:15.799  1862  2050 I am_uid_running: 1037
01-15 23:05:15.802  1862  2050 D SystemServerTimingAsync: WebViewFactoryPreparation took to complete: 11ms
01-15 23:05:15.802  1862  2050 D SystemServerInitThreadPool: Finished executing WebViewFactoryPreparation
01-15 23:05:15.805  1862  1862 D SystemServerTiming: MakeNetworkManagementServiceReady took to complete: 7ms
01-15 23:05:15.806  1862  1862 I SystemServer: MakeIpSecServiceReady
01-15 23:05:15.808  1862  1862 D IpSecService: IpSecService is ready
01-15 23:05:15.808  1862  1862 D SystemServerTiming: MakeIpSecServiceReady took to complete: 3ms
01-15 23:05:15.808  1862  1941 E BatteryExternalStatsWorker: no controller energy info supplied for telephony
01-15 23:05:15.808  1862  1862 I SystemServer: MakeNetworkStatsServiceReady
01-15 23:05:15.822  1862  2075 I commit_sys_config_file: [net-policy,13]
01-15 23:05:15.823  1862  2075 W NetworkPolicy: setRestrictBackgroundUL: already false
01-15 23:05:15.829   603   603 I auditd  : avc:  denied  { find } for interface=vendor.qti.hardware.perf::IPerf sid=u:r:bluetooth:s0 pid=2154 scontext=u:r:bluetooth
:s0 tcontext=u:object_r:hal_perf_hwservice:s0 tclass=hwservice_manager permissive=0
01-15 23:05:15.830   603   603 I auditd  : avc:  denied  { find } for interface=vendor.qti.hardware.perf::IPerf sid=u:r:bluetooth:s0 pid=2154 scontext=u:r:bluetooth
:s0 tcontext=u:object_r:hal_perf_hwservice:s0 tclass=hwservice_manager permissive=0
01-15 23:05:15.848  1862  1862 D SystemServerTiming: MakeNetworkStatsServiceReady took to complete: 39ms
01-15 23:05:15.848  1862  1862 I SystemServer: MakeConnectivityServiceReady
01-15 23:05:15.848  1862  2075 D TelephonyRegistry: listen oscl: mHasNotifySubscriptionInfoChangedOccurred==false no callback
01-15 23:05:15.849  1862  1862 D ConnectivityService: requestNetwork for uid/pid:1000/1862 NetworkRequest [ REQUEST id=7, [ Capabilities: INTERNET&NOT_RESTRICTED&TR
USTED&NOT_VPN] ]
01-15 23:05:15.863  1862  2084 V NetPluginDelegate: registerHandler
01-15 23:05:15.863  1862  2084 V NetPluginDelegate: loading ConnectivityExt jar
01-15 23:05:15.867  1862  1862 D SystemServerTiming: MakeConnectivityServiceReady took to complete: 20ms
01-15 23:05:15.867  1862  1862 I SystemServer: MakeNetworkPolicyServiceReady
01-15 23:05:15.867  1862  1862 D SystemServerTiming: MakeNetworkPolicyServiceReady took to complete: 0ms
01-15 23:05:15.869  1862  2069 I am_proc_bound: [0,2185,com.android.systemui]
01-15 23:05:15.874  1862  2084 V NetPluginDelegate: ConnectivityExt jar loaded
01-15 23:05:15.875  1862  2069 I am_uid_active: 10090
01-15 23:05:15.915  1862  1937 W ActivityManager: Slow operation: 117ms so far, now at startProcess: returned from zygote!
01-15 23:05:15.916  1862  1937 W ActivityManager: Slow operation: 117ms so far, now at startProcess: done updating battery stats
01-15 23:05:15.916  1862  1937 I am_proc_start: [0,2222,1037,WebViewLoader-armeabi-v7a,NULL,]
01-15 23:05:15.916  1862  1937 W ActivityManager: Slow operation: 117ms so far, now at startProcess: building log message
01-15 23:05:15.916  1862  1937 I ActivityManager: Start proc 2222:WebViewLoader-armeabi-v7a/1037 [android.webkit.WebViewLibraryLoader$RelroFileCreator] for null
01-15 23:05:15.916  1862  1937 W ActivityManager: Slow operation: 117ms so far, now at startProcess: starting to update pids map
01-15 23:05:15.916  1862  1937 W ActivityManager: Slow operation: 117ms so far, now at startProcess: done updating pids map
01-15 23:05:15.916  1862  1937 W ActivityManager: Slow operation: 117ms so far, now at startProcess: asking zygote to start proc
01-15 23:05:15.950  1862  1937 W ActivityManager: Slow operation: 152ms so far, now at startProcess: returned from zygote!
01-15 23:05:15.950  1862  1937 W ActivityManager: Slow operation: 152ms so far, now at startProcess: done updating battery stats
01-15 23:05:15.950  1862  1937 I am_proc_start: [0,2235,1037,WebViewLoader-arm64-v8a,NULL,]
01-15 23:05:15.950  1862  1937 W ActivityManager: Slow operation: 152ms so far, now at startProcess: building log message
01-15 23:05:15.950  1862  1937 I ActivityManager: Start proc 2235:WebViewLoader-arm64-v8a/1037 [android.webkit.WebViewLibraryLoader$RelroFileCreator] for null
01-15 23:05:15.950  1862  1937 W ActivityManager: Slow operation: 152ms so far, now at startProcess: starting to update pids map
01-15 23:05:15.951  1862  1937 W ActivityManager: Slow operation: 152ms so far, now at startProcess: done updating pids map
01-15 23:05:15.982  1862  1914 I am_proc_bound: [0,2222,WebViewLoader-armeabi-v7a]
01-15 23:05:15.985  1862  1914 I am_uid_active: 1037
01-15 23:05:15.986   603   603 I auditd  : avc:  denied  { find } for interface=vendor.qti.hardware.perf::IPerf sid=u:r:bluetooth:s0 pid=2154 scontext=u:r:bluetooth
:s0 tcontext=u:object_r:hal_perf_hwservice:s0 tclass=hwservice_manager permissive=0
01-15 23:05:16.020  2154  2266 I bt_config_source: 1
01-15 23:05:16.028  1862  2069 W StorageManagerService: No primary storage defined yet; hacking together a stub
01-15 23:05:16.035  1862  2069 I am_proc_bound: [0,2235,WebViewLoader-arm64-v8a]
01-15 23:05:16.075  1862  1915 D TelephonyRegistry: listen oscl: mHasNotifySubscriptionInfoChangedOccurred==false no callback
01-15 23:05:16.123  2185  2185 D SystemUIBootTiming: DependencyInjection took to complete: 16ms
01-15 23:05:16.142  2185  2185 D SystemUIBootTiming: StartServicescom.android.systemui.util.NotificationChannels took to complete: 7ms
01-15 23:05:16.144  2185  2185 D SystemUIBootTiming: StartServicescom.android.systemui.statusbar.CommandQueue$CommandQueueStart took to complete: 1ms
01-15 23:05:16.188  1862  1926 I commit_sys_config_file: [notification-policy,46]
01-15 23:05:16.263  2185  2185 D SystemUIBootTiming: StartServicescom.android.systemui.keyguard.KeyguardViewMediator took to complete: 118ms
01-15 23:05:16.274  1862  2290 I am_uid_running: 10091
01-15 23:05:16.278  2185  2185 D SystemUIBootTiming: StartServicescom.android.systemui.recents.Recents took to complete: 16ms
01-15 23:05:16.316     0     0 I msm_vidc: info: Opening video instance: ffffffe062b8e000, 1
01-15 23:05:16.344     0     0 I subsys-restart: __subsystem_get(): Changing subsys fw_name to venus
01-15 23:05:16.350  1862  2337 I ActivityManager: Process WebViewLoader-armeabi-v7a (pid 2222) has died: psvc PER
01-15 23:05:16.352  1862  2337 I am_proc_died: [0,2222,WebViewLoader-armeabi-v7a,-700,0]
01-15 23:05:16.354  1862  2337 I am_mem_factor: [3,0]
01-15 23:05:16.369  1862  1941 E KernelCpuSpeedReader: Failed to read cpu-freq: /sys/devices/system/cpu/cpu0/cpufreq/stats/time_in_state: open failed: ENOENT (No su
ch file or directory)
01-15 23:05:16.369     0     0 I ueventd : firmware: loading 'venus.mdt' for '/devices/soc/cce0000.qcom,venus/firmware/venus.mdt'
01-15 23:05:16.369  1862  1941 E KernelCpuSpeedReader: Failed to read cpu-freq: /sys/devices/system/cpu/cpu4/cpufreq/stats/time_in_state: open failed: ENOENT (No su
ch file or directory)
01-15 23:05:16.381  1862  1937 W ActivityManager: Slow operation: 106ms so far, now at startProcess: returned from zygote!
