01-14 00:18:32.307  3247  3425 I libnfc_nci: [INFO:nfa_rw_act.cc(1496)] nfa_rw_cback: event=0xc7
01-14 00:18:32.307  3247  3425 I libnfc_nci: [INFO:nfa_rw_act.cc(1408)] nfa_rw_handle_mfc_evt() event = 0xC7
01-14 00:18:32.307  3247  3425 I libnfc_nci: [INFO:nfa_rw_act.cc(119)] nfa_rw_send_data_to_upper: Len [0x2] Status [OK]
01-14 00:18:32.307  3247  3425 I libnfc_nci: [INFO:nfa_dm_act.cc(1378)] event:0x9
01-14 00:18:32.307  3247  3425 I libnfc_nci: [INFO:NativeNfcManager.cpp(276)] nfaConnectionCallback: event= 9
01-14 00:18:32.307  3247  3425 I libnfc_nci: [INFO:NativeNfcManager.cpp(516)] nfaConnectionCallback: NFA_DATA_EVT: status = 0x0, len = 2
01-14 00:18:32.307  3247  3425 I libnfc_nci: [INFO:NativeNfcTag.cpp(870)] nativeNfcTag_doTransceiveStatus: data len=2
01-14 00:18:32.307  3247  3425 I libnfc_nci: [INFO:nfa_dm_api.cc(936)] data_len:3
01-14 00:18:32.307  3247  3425 I libnfc_nci: [INFO:nfa_sys_main.cc(77)] NFA got event 0x010C
01-14 00:18:32.308   764  3435 D NxpTml  : PN54X - Read requested.....
01-14 00:18:32.308   764  3435 D NxpTml  : PN54X - Invoking I2C Read.....
01-14 00:18:32.309  3247  3425 I libnfc_nci: [INFO:nfa_dm_main.cc(122)] event: NFA_DM_API_RAW_FRAME_EVT (0x0c)
01-14 00:18:32.309  3247  3425 I libnfc_nci: [INFO:nfa_dm_act.cc(1160)] nfa_dm_act_send_raw_frame
01-14 00:18:32.309  3247  3425 I libnfc_nci: [INFO:nfc_ncif.cc(152)] nfc_ncif_send_data :0, num_buff:1 qc:0
01-14 00:18:32.309  3247  3425 I libnfc_nci: [INFO:NfcAdaptation.cc(751)] NfcAdaptation::HalWrite
01-14 00:18:32.309   764   764 D NxpExtns: find found MIFARE_READER_ENABLE=(0x1)
01-14 00:18:32.309   764   764 D NfccPowerTracker: NfccPowerTracker::ProcessCmd: Enter,Recieved len :6
01-14 00:18:32.309   764  3436 D NxpTml  : PN54X - Write requested.....
01-14 00:18:32.309   764  3436 D NxpTml  : PN54X - Invoking I2C Write.....
01-14 00:18:32.319     0     0 E nq-nci 6-0028: nfc_read : reading 3 bytes.
01-14 00:18:32.316   764  3436 D NxpNciX : len =   6 > 000003103007
01-14 00:18:32.316   764  3436 D NxpTml  : PN54X - I2C Write successful.....
01-14 00:18:32.316   764  3436 D NxpTml  : PN54X - Posting Fresh Write message.....
01-14 00:18:32.316   764  3435 D NxpTml  : PN54X - I2C Read successful.....
01-14 00:18:32.316   764  3436 D NxpTml  : PN54X - Tml Writer Thread Running................
01-14 00:18:32.317   764  3435 D NxpNciR : len =   6 > 600603010001
01-14 00:18:32.317   764  3435 D NxpTml  : PN54X - Posting read message.....
01-14 00:18:32.316   764  3438 D NxpHal  : write successful status = 0x0
01-14 00:18:32.317   764  3438 D NxpHal  : read successful status = 0x0
01-14 00:18:32.317   764  3438 D NfccPowerTracker: NfccPowerTracker::ProcessNtf: Enter
01-14 00:18:32.317  3247  3425 I libnfc_nci: [INFO:nfc_ncif.cc(440)] NFC received ntf gid:0
01-14 00:18:32.318  3247  3425 I libnfc_nci: [INFO:nci_hrcv.cc(127)] nci_proc_core_ntf opcode:0x6
01-14 00:18:32.318  3247  3425 I libnfc_nci: [INFO:nfc_ncif.cc(152)] nfc_ncif_send_data :0, num_buff:1 qc:0
01-14 00:18:32.318   764  3435 D NxpTml  : PN54X - Read requested.....
01-14 00:18:32.318   764  3435 D NxpTml  : PN54X - Invoking I2C Read.....
01-14 00:18:32.329     0     0 E nq-nci 6-0028: nfc_read : reading 3 bytes.
01-14 00:18:32.332     0     0 E nq-nci 6-0028: nfc_read : reading 18 bytes.
01-14 00:18:32.327   764  3435 D NxpTml  : PN54X - I2C Read successful.....
01-14 00:18:32.327   764  3435 D NxpNciR : len =  21 > 000012100000000000007F07884000000000000000
01-14 00:18:32.327   764  3435 D NxpTml  : PN54X - Posting read message.....
01-14 00:18:32.327   764  3438 D NxpHal  : read successful status = 0x0
01-14 00:18:32.328  3247  3425 I libnfc_nci: [INFO:nfc_ncif.cc(393)] NFC received data
01-14 00:18:32.328  3247  3425 I libnfc_nci: [INFO:nfc_ncif.cc(1652)] nfc_ncif_proc_data 0x000012
01-14 00:18:32.328  3247  3425 I libnfc_nci: [INFO:nfc_ncif.cc(1657)] nfc_ncif_proc_data len:18
01-14 00:18:32.328  3247  3425 I libnfc_nci: [INFO:rw_mfc.cc(640)] rw_mfc_conn_cback conn_id=0, evt=0x6003
01-14 00:18:32.328  3247  3425 I libnfc_nci: [INFO:nfa_rw_act.cc(1496)] nfa_rw_cback: event=0xc7
01-14 00:18:32.328  3247  3425 I libnfc_nci: [INFO:nfa_rw_act.cc(1408)] nfa_rw_handle_mfc_evt() event = 0xC7
01-14 00:18:32.328  3247  3425 I libnfc_nci: [INFO:nfa_rw_act.cc(119)] nfa_rw_send_data_to_upper: Len [0x12] Status [OK]
01-14 00:18:32.329  3247  3425 I libnfc_nci: [INFO:nfa_dm_act.cc(1378)] event:0x9
01-14 00:18:32.329  3247  3425 I libnfc_nci: [INFO:NativeNfcManager.cpp(276)] nfaConnectionCallback: event= 9
01-14 00:18:32.329  3247  3425 I libnfc_nci: [INFO:NativeNfcManager.cpp(516)] nfaConnectionCallback: NFA_DATA_EVT: status = 0x0, len = 18
01-14 00:18:32.329   764  3435 D NxpTml  : PN54X - Read requested.....
01-14 00:18:32.329   764  3435 D NxpTml  : PN54X - Invoking I2C Read.....
01-14 00:18:32.329  3247  3425 I libnfc_nci: [INFO:NativeNfcTag.cpp(870)] nativeNfcTag_doTransceiveStatus: data len=18
01-14 00:18:32.329  3247  3425 I libnfc_nci: [INFO:nfa_dm_api.cc(936)] data_len:3
01-14 00:18:32.329  3247  3425 I libnfc_nci: [INFO:nfa_sys_main.cc(77)] NFA got event 0x010C
01-14 00:18:32.329  3247  3425 I libnfc_nci: [INFO:nfa_dm_main.cc(122)] event: NFA_DM_API_RAW_FRAME_EVT (0x0c)
01-14 00:18:32.329  3247  3425 I libnfc_nci: [INFO:nfa_dm_act.cc(1160)] nfa_dm_act_send_raw_frame
01-14 00:18:32.329  3247  3425 I libnfc_nci: [INFO:nfc_ncif.cc(152)] nfc_ncif_send_data :0, num_buff:1 qc:0
01-14 00:18:32.329  3247  3425 I libnfc_nci: [INFO:NfcAdaptation.cc(751)] NfcAdaptation::HalWrite
01-14 00:18:32.339     0     0 E nq-nci 6-0028: nfc_read : reading 3 bytes.
01-14 00:18:32.329   764   764 D NxpExtns: find found MIFARE_READER_ENABLE=(0x1)
01-14 00:18:32.329   764   764 D NfccPowerTracker: NfccPowerTracker::ProcessCmd: Enter,Recieved len :6
01-14 00:18:32.329   764  3436 D NxpTml  : PN54X - Write requested.....
01-14 00:18:32.329   764  3436 D NxpTml  : PN54X - Invoking I2C Write.....
01-14 00:18:32.332   764  3436 D NxpNciX : len =   6 > 000003103004
01-14 00:18:32.332   764  3436 D NxpTml  : PN54X - I2C Write successful.....
01-14 00:18:32.332   764  3436 D NxpTml  : PN54X - Posting Fresh Write message.....
01-14 00:18:32.332   764  3436 D NxpTml  : PN54X - Tml Writer Thread Running................
01-14 00:18:32.332   764  3438 D NxpHal  : write successful status = 0x0
01-14 00:18:32.338   764  3435 D NxpTml  : PN54X - I2C Read successful.....
01-14 00:18:32.338   764  3435 D NxpNciR : len =   6 > 600603010001
01-14 00:18:32.338   764  3435 D NxpTml  : PN54X - Posting read message.....
01-14 00:18:32.338   764  3438 D NxpHal  : read successful status = 0x0
01-14 00:18:32.339   764  3438 D NfccPowerTracker: NfccPowerTracker::ProcessNtf: Enter
01-14 00:18:32.340  3247  3425 I libnfc_nci: [INFO:nfc_ncif.cc(440)] NFC received ntf gid:0
01-14 00:18:32.340  3247  3425 I libnfc_nci: [INFO:nci_hrcv.cc(127)] nci_proc_core_ntf opcode:0x6
01-14 00:18:32.340  3247  3425 I libnfc_nci: [INFO:nfc_ncif.cc(152)] nfc_ncif_send_data :0, num_buff:1 qc:0
01-14 00:18:32.341   764  3435 D NxpTml  : PN54X - Read requested.....
01-14 00:18:32.341   764  3435 D NxpTml  : PN54X - Invoking I2C Read.....
01-14 00:18:32.352     0     0 E nq-nci 6-0028: nfc_read : reading 3 bytes.
01-14 00:18:32.353     0     0 E nq-nci 6-0028: nfc_read : reading 18 bytes.
01-14 00:18:32.347   764  3435 D NxpTml  : PN54X - I2C Read successful.....
01-14 00:18:32.347   764  3435 D NxpNciR : len =  21 > 0000121000000312D1010E5402656E303039716400
01-14 00:18:32.347   764  3435 D NxpTml  : PN54X - Posting read message.....
01-14 00:18:32.347   764  3438 D NxpHal  : read successful status = 0x0
01-14 00:18:32.349  3247  3425 I libnfc_nci: [INFO:nfc_ncif.cc(393)] NFC received data
01-14 00:18:32.349  3247  3425 I libnfc_nci: [INFO:nfc_ncif.cc(1652)] nfc_ncif_proc_data 0x000012
01-14 00:18:32.349  3247  3425 I libnfc_nci: [INFO:nfc_ncif.cc(1657)] nfc_ncif_proc_data len:18
01-14 00:18:32.349  3247  3425 I libnfc_nci: [INFO:rw_mfc.cc(640)] rw_mfc_conn_cback conn_id=0, evt=0x6003
01-14 00:18:32.350  3247  3425 I libnfc_nci: [INFO:nfa_rw_act.cc(1496)] nfa_rw_cback: event=0xc7
01-14 00:18:32.350  3247  3425 I libnfc_nci: [INFO:nfa_rw_act.cc(1408)] nfa_rw_handle_mfc_evt() event = 0xC7
01-14 00:18:32.350  3247  3425 I libnfc_nci: [INFO:nfa_rw_act.cc(119)] nfa_rw_send_data_to_upper: Len [0x12] Status [OK]
01-14 00:18:32.350  3247  3425 I libnfc_nci: [INFO:nfa_dm_act.cc(1378)] event:0x9
01-14 00:18:32.350  3247  3425 I libnfc_nci: [INFO:NativeNfcManager.cpp(276)] nfaConnectionCallback: event= 9
01-14 00:18:32.350  3247  3425 I libnfc_nci: [INFO:NativeNfcManager.cpp(516)] nfaConnectionCallback: NFA_DATA_EVT: status = 0x0, len = 18
01-14 00:18:32.350  3247  3425 I libnfc_nci: [INFO:NativeNfcTag.cpp(870)] nativeNfcTag_doTransceiveStatus: data len=18
01-14 00:18:32.361     0     0 E nq-nci 6-0028: nfc_read : reading 3 bytes.
01-14 00:18:32.350  3247  3425 I libnfc_nci: [INFO:nfa_dm_api.cc(936)] data_len:3
01-14 00:18:32.350  3247  3425 I libnfc_nci: [INFO:nfa_sys_main.cc(77)] NFA got event 0x010C
01-14 00:18:32.350   764  3435 D NxpTml  : PN54X - Read requested.....
01-14 00:18:32.350  3247  3425 I libnfc_nci: [INFO:nfa_dm_main.cc(122)] event: NFA_DM_API_RAW_FRAME_EVT (0x0c)
01-14 00:18:32.350   764  3435 D NxpTml  : PN54X - Invoking I2C Read.....
01-14 00:18:32.350  3247  3425 I libnfc_nci: [INFO:nfa_dm_act.cc(1160)] nfa_dm_act_send_raw_frame
01-14 00:18:32.350  3247  3425 I libnfc_nci: [INFO:nfc_ncif.cc(152)] nfc_ncif_send_data :0, num_buff:1 qc:0
01-14 00:18:32.350  3247  3425 I libnfc_nci: [INFO:NfcAdaptation.cc(751)] NfcAdaptation::HalWrite
01-14 00:18:32.351   764   764 D NxpExtns: find found MIFARE_READER_ENABLE=(0x1)
01-14 00:18:32.351   764   764 D NfccPowerTracker: NfccPowerTracker::ProcessCmd: Enter,Recieved len :6
01-14 00:18:32.351   764  3436 D NxpTml  : PN54X - Write requested.....
01-14 00:18:32.351   764  3436 D NxpTml  : PN54X - Invoking I2C Write.....
01-14 00:18:32.355   764  3436 D NxpNciX : len =   6 > 000003103004
01-14 00:18:32.355   764  3436 D NxpTml  : PN54X - I2C Write successful.....
01-14 00:18:32.355   764  3436 D NxpTml  : PN54X - Posting Fresh Write message.....
01-14 00:18:32.355   764  3436 D NxpTml  : PN54X - Tml Writer Thread Running................
01-14 00:18:32.356   764  3438 D NxpHal  : write successful status = 0x0
01-14 00:18:32.357   764  3435 D NxpTml  : PN54X - I2C Read successful.....
01-14 00:18:32.357   764  3435 D NxpNciR : len =   6 > 600603010001
01-14 00:18:32.357   764  3435 D NxpTml  : PN54X - Posting read message.....
01-14 00:18:32.357   764  3438 D NxpHal  : read successful status = 0x0
01-14 00:18:32.357   764  3438 D NfccPowerTracker: NfccPowerTracker::ProcessNtf: Enter
01-14 00:18:32.358  3247  3425 I libnfc_nci: [INFO:nfc_ncif.cc(440)] NFC received ntf gid:0
01-14 00:18:32.358  3247  3425 I libnfc_nci: [INFO:nci_hrcv.cc(127)] nci_proc_core_ntf opcode:0x6
01-14 00:18:32.358  3247  3425 I libnfc_nci: [INFO:nfc_ncif.cc(152)] nfc_ncif_send_data :0, num_buff:1 qc:0
01-14 00:18:32.358   764  3435 D NxpTml  : PN54X - Read requested.....
01-14 00:18:32.358   764  3435 D NxpTml  : PN54X - Invoking I2C Read.....
01-14 00:18:32.369     0     0 E nq-nci 6-0028: nfc_read : reading 3 bytes.
01-14 00:18:32.373     0     0 E nq-nci 6-0028: nfc_read : reading 18 bytes.
01-14 00:18:32.368   764  3435 D NxpTml  : PN54X - I2C Read successful.....
01-14 00:18:32.368   764  3435 D NxpNciR : len =  21 > 0000121000000312D1010E5402656E303039716400
01-14 00:18:32.368   764  3435 D NxpTml  : PN54X - Posting read message.....
01-14 00:18:32.368   764  3438 D NxpHal  : read successful status = 0x0
01-14 00:18:32.369  3247  3425 I libnfc_nci: [INFO:nfc_ncif.cc(393)] NFC received data
01-14 00:18:32.369  3247  3425 I libnfc_nci: [INFO:nfc_ncif.cc(1652)] nfc_ncif_proc_data 0x000012
01-14 00:18:32.369  3247  3425 I libnfc_nci: [INFO:nfc_ncif.cc(1657)] nfc_ncif_proc_data len:18
01-14 00:18:32.369  3247  3425 I libnfc_nci: [INFO:rw_mfc.cc(640)] rw_mfc_conn_cback conn_id=0, evt=0x6003
01-14 00:18:32.369  3247  3425 I libnfc_nci: [INFO:nfa_rw_act.cc(1496)] nfa_rw_cback: event=0xc7
01-14 00:18:32.369  3247  3425 I libnfc_nci: [INFO:nfa_rw_act.cc(1408)] nfa_rw_handle_mfc_evt() event = 0xC7
01-14 00:18:32.369  3247  3425 I libnfc_nci: [INFO:nfa_rw_act.cc(119)] nfa_rw_send_data_to_upper: Len [0x12] Status [OK]
01-14 00:18:32.369  3247  3425 I libnfc_nci: [INFO:nfa_dm_act.cc(1378)] event:0x9
01-14 00:18:32.369  3247  3425 I libnfc_nci: [INFO:NativeNfcManager.cpp(276)] nfaConnectionCallback: event= 9
01-14 00:18:32.369  3247  3425 I libnfc_nci: [INFO:NativeNfcManager.cpp(516)] nfaConnectionCallback: NFA_DATA_EVT: status = 0x0, len = 18
01-14 00:18:32.369  3247  3425 I libnfc_nci: [INFO:NativeNfcTag.cpp(870)] nativeNfcTag_doTransceiveStatus: data len=18
01-14 00:18:32.369  3247  3425 I libnfc_nci: [INFO:nfa_dm_api.cc(936)] data_len:3
01-14 00:18:32.381     0     0 E nq-nci 6-0028: nfc_read : reading 3 bytes.
01-14 00:18:32.369  3247  3425 I libnfc_nci: [INFO:nfa_sys_main.cc(77)] NFA got event 0x010C
01-14 00:18:32.369  3247  3425 I libnfc_nci: [INFO:nfa_dm_main.cc(122)] event: NFA_DM_API_RAW_FRAME_EVT (0x0c)
01-14 00:18:32.369  3247  3425 I libnfc_nci: [INFO:nfa_dm_act.cc(1160)] nfa_dm_act_send_raw_frame
01-14 00:18:32.369  3247  3425 I libnfc_nci: [INFO:nfc_ncif.cc(152)] nfc_ncif_send_data :0, num_buff:1 qc:0
01-14 00:18:32.369  3247  3425 I libnfc_nci: [INFO:NfcAdaptation.cc(751)] NfcAdaptation::HalWrite
01-14 00:18:32.370   764   764 D NxpExtns: find found MIFARE_READER_ENABLE=(0x1)
01-14 00:18:32.370   764   764 D NfccPowerTracker: NfccPowerTracker::ProcessCmd: Enter,Recieved len :6
01-14 00:18:32.370   764  3436 D NxpTml  : PN54X - Write requested.....
01-14 00:18:32.370   764  3435 D NxpTml  : PN54X - Read requested.....
01-14 00:18:32.370   764  3436 D NxpTml  : PN54X - Invoking I2C Write.....
01-14 00:18:32.370   764  3435 D NxpTml  : PN54X - Invoking I2C Read.....
01-14 00:18:32.372   764  3436 D NxpNciX : len =   6 > 000003103005
01-14 00:18:32.372   764  3436 D NxpTml  : PN54X - I2C Write successful.....
01-14 00:18:32.372   764  3436 D NxpTml  : PN54X - Posting Fresh Write message.....
01-14 00:18:32.372   764  3436 D NxpTml  : PN54X - Tml Writer Thread Running................
01-14 00:18:32.372   764  3438 D NxpHal  : write successful status = 0x0
01-14 00:18:32.378   764  3435 D NxpTml  : PN54X - I2C Read successful.....
01-14 00:18:32.378   764  3435 D NxpNciR : len =   6 > 600603010001
01-14 00:18:32.378   764  3435 D NxpTml  : PN54X - Posting read message.....
01-14 00:18:32.378   764  3438 D NxpHal  : read successful status = 0x0
01-14 00:18:32.378   764  3438 D NfccPowerTracker: NfccPowerTracker::ProcessNtf: Enter
01-14 00:18:32.379  3247  3425 I libnfc_nci: [INFO:nfc_ncif.cc(440)] NFC received ntf gid:0
01-14 00:18:32.379  3247  3425 I libnfc_nci: [INFO:nci_hrcv.cc(127)] nci_proc_core_ntf opcode:0x6
01-14 00:18:32.379  3247  3425 I libnfc_nci: [INFO:nfc_ncif.cc(152)] nfc_ncif_send_data :0, num_buff:1 qc:0
01-14 00:18:32.379   764  3435 D NxpTml  : PN54X - Read requested.....
01-14 00:18:32.379   764  3435 D NxpTml  : PN54X - Invoking I2C Read.....
01-14 00:18:32.390     0     0 E nq-nci 6-0028: nfc_read : reading 3 bytes.
01-14 00:18:32.394     0     0 E nq-nci 6-0028: nfc_read : reading 18 bytes.
01-14 00:18:32.389   764  3435 D NxpTml  : PN54X - I2C Read successful.....
01-14 00:18:32.389   764  3435 D NxpNciR : len =  21 > 0000121076686866686AFE00000000000000000000
01-14 00:18:32.389   764  3435 D NxpTml  : PN54X - Posting read message.....
01-14 00:18:32.389   764  3438 D NxpHal  : read successful status = 0x0
01-14 00:18:32.390  3247  3425 I libnfc_nci: [INFO:nfc_ncif.cc(393)] NFC received data
01-14 00:18:32.390  3247  3425 I libnfc_nci: [INFO:nfc_ncif.cc(1652)] nfc_ncif_proc_data 0x000012
01-14 00:18:32.390  3247  3425 I libnfc_nci: [INFO:nfc_ncif.cc(1657)] nfc_ncif_proc_data len:18
01-14 00:18:32.390  3247  3425 I libnfc_nci: [INFO:rw_mfc.cc(640)] rw_mfc_conn_cback conn_id=0, evt=0x6003
01-14 00:18:32.390  3247  3425 I libnfc_nci: [INFO:nfa_rw_act.cc(1496)] nfa_rw_cback: event=0xc7
01-14 00:18:32.403     0     0 E nq-nci 6-0028: nfc_read : reading 3 bytes.
01-14 00:18:32.390  3247  3425 I libnfc_nci: [INFO:nfa_rw_act.cc(1408)] nfa_rw_handle_mfc_evt() event = 0xC7
01-14 00:18:32.390  3247  3425 I libnfc_nci: [INFO:nfa_rw_act.cc(119)] nfa_rw_send_data_to_upper: Len [0x12] Status [OK]
01-14 00:18:32.390  3247  3425 I libnfc_nci: [INFO:nfa_dm_act.cc(1378)] event:0x9
01-14 00:18:32.390  3247  3425 I libnfc_nci: [INFO:NativeNfcManager.cpp(276)] nfaConnectionCallback: event= 9
01-14 00:18:32.390  3247  3425 I libnfc_nci: [INFO:NativeNfcManager.cpp(516)] nfaConnectionCallback: NFA_DATA_EVT: status = 0x0, len = 18
01-14 00:18:32.390  3247  3425 I libnfc_nci: [INFO:NativeNfcTag.cpp(870)] nativeNfcTag_doTransceiveStatus: data len=18
01-14 00:18:32.390  3247  3425 I libnfc_nci: [INFO:NativeNfcTag.cpp(236)] ndefHandlerCallback: event=1, eventData=0x78d43b12e0
01-14 00:18:32.390  3247  3425 I libnfc_nci: [INFO:NativeNfcTag.cpp(249)] ndefHandlerCallback: NFA_NDEF_DATA_EVT; data_len = 18
01-14 00:18:32.390  3247  3425 I libnfc_nci: [INFO:NativeNfcManager.cpp(276)] nfaConnectionCallback: event= 11
01-14 00:18:32.390  3247  3425 I libnfc_nci: [INFO:NativeNfcManager.cpp(539)] nfaConnectionCallback: NFA_READ_CPLT_EVT: status = 0x0
01-14 00:18:32.390  3247  3425 I libnfc_nci: [INFO:NativeNfcTag.cpp(194)] nativeNfcTag_doReadCompleted: status=0x0; is reading=1
01-14 00:18:32.390  3247  3247 I libnfc_nci: [INFO:NativeNfcTag.cpp(300)] nativeNfcTag_doRead: read 18 bytes
01-14 00:18:32.391  3247  3247 I libnfc_nci: [INFO:NativeNfcTag.cpp(320)] nativeNfcTag_doRead: exit
01-14 00:18:32.392   764  3435 D NxpTml  : PN54X - Read requested.....
01-14 00:18:32.392   764  3435 D NxpTml  : PN54X - Invoking I2C Read.....
01-14 00:18:32.393  3247  3247 I libnfc_nci: [INFO:NativeNfcTag.cpp(1073)] nativeNfcTag_doGetNdefType: enter; libnfc type=128; java type=1
01-14 00:18:32.393  3247  3247 I libnfc_nci: [INFO:NativeNfcTag.cpp(1094)] nativeNfcTag_doGetNdefType: exit; ndef type=101
01-14 00:18:32.394  3247  3247 I libnfc_nci: [INFO:NativeNfcTag.cpp(773)] nativeNfcTag_doReconnect: enter
01-14 00:18:32.394  3247  3247 I libnfc_nci: [INFO:NativeNfcTag.cpp(609)] reSelect: enter; rf intf = 128, current intf = 128
01-14 00:18:32.394  3247  3247 I libnfc_nci: [INFO:NativeNfcTag.cpp(656)] reSelect: deactivate to sleep
01-14 00:18:32.394  3247  3247 I libnfc_nci: [INFO:nfa_dm_api.cc(895)] sleep_mode:1
01-14 00:18:32.394  3247  3425 I libnfc_nci: [INFO:nfa_sys_main.cc(77)] NFA got event 0x0113
01-14 00:18:32.394  3247  3425 I libnfc_nci: [INFO:nfa_dm_main.cc(122)] event: NFA_DM_API_DEACTIVATE_EVT (0x13)
01-14 00:18:32.394  3247  3425 I libnfc_nci: [INFO:nfa_dm_act.cc(755)] nfa_dm_act_deactivate
01-14 00:18:32.394  3247  3425 I libnfc_nci: [INFO:nfa_dm_discover.cc(2752)] deactivate_type:0x1
01-14 00:18:32.394  3247  3425 I libnfc_nci: [INFO:nfa_dm_discover.cc(2518)] state: POLL_ACTIVE (4), event: DEACTIVATE_CMD(6) disc_flags: 0x1
01-14 00:18:32.394  3247  3425 I libnfc_nci: [INFO:nfc_main.cc(1127)] NFC_Deactivate 5 (OPEN) deactivate_type:1
01-14 00:18:32.394  3247  3425 I libnfc_nci: [INFO:nfc_main.cc(326)] nfc_set_state 5 (OPEN)->6 (CLOSING)
01-14 00:18:32.394  3247  3425 I libnfc_nci: [INFO:nfc_main.cc(1145)] act_protocol 128 credits:1/1
01-14 00:18:32.394  3247  3425 I libnfc_nci: [INFO:NfcAdaptation.cc(751)] NfcAdaptation::HalWrite
01-14 00:18:32.395   764   764 D NxpExtns: find found MIFARE_READER_ENABLE=(0x1)
01-14 00:18:32.395   764   764 D NfccPowerTracker: NfccPowerTracker::ProcessCmd: Enter,Recieved len :4
01-14 00:18:32.396   764  3436 D NxpTml  : PN54X - Write requested.....
01-14 00:18:32.396   764  3436 D NxpTml  : PN54X - Invoking I2C Write.....
01-14 00:18:32.399   764  3436 D NxpNciX : len =   4 > 21060101
01-14 00:18:32.399   764  3436 D NxpTml  : PN54X - I2C Write successful.....
01-14 00:18:32.399   764  3436 D NxpTml  : PN54X - Posting Fresh Write message.....
01-14 00:18:32.399   764  3436 D NxpTml  : PN54X - Tml Writer Thread Running................
01-14 00:18:32.399   764  3438 D NxpHal  : write successful status = 0x0
01-14 00:18:32.400   764  3435 D NxpTml  : PN54X - I2C Read successful.....
01-14 00:18:32.400   764  3435 D NxpNciR : len =   4 > 41060100
01-14 00:18:32.400   764  3435 D NxpTml  : PN54X - Posting read message.....
01-14 00:18:32.400   764  3438 D NxpHal  : read successful status = 0x0
01-14 00:18:32.401  3247  3425 I libnfc_nci: [INFO:nfa_sys_ptim.cc(128)] nfa_sys_ptim_start_timer 0x78d9ce04e0
01-14 00:18:32.401  3247  3425 I libnfc_nci: [INFO:nfa_sys_ptim.cc(133)] ptim timer start
01-14 00:18:32.401  3247  3425 I libnfc_nci: [INFO:nfa_dm_discover.cc(2571)] new state: POLL_ACTIVE (4), disc_flags: 0x61
01-14 00:18:32.401  3247  3425 I libnfc_nci: [INFO:nfa_sys_ptim.cc(156)] nfa_sys_ptim_stop_timer 0x78d9ce14f8
01-14 00:18:32.410     0     0 E nq-nci 6-0028: nfc_read : reading 1 bytes.
01-14 00:18:32.412     0     0 E nq-nci 6-0028: nfc_read : reading 3 bytes.
01-14 00:18:32.414     0     0 E nq-nci 6-0028: nfc_read : reading 2 bytes.
01-14 00:18:32.401  3247  3425 I libnfc_nci: [INFO:nfa_rw_act.cc(192)] Stopped presence check timer (if started)
01-14 00:18:32.401  3247  3425 I libnfc_nci: [INFO:nfc_ncif.cc(399)] NFC received rsp gid:1
01-14 00:18:32.401  3247  3425 I libnfc_nci: [INFO:nfa_dm_discover.cc(3030)] returning TRUE
01-14 00:18:32.401  3247  3425 I libnfc_nci: [INFO:nfc_main.cc(326)] nfc_set_state 6 (CLOSING)->4 (IDLE)
01-14 00:18:32.401  3247  3425 I libnfc_nci: [INFO:rw_mfc.cc(640)] rw_mfc_conn_cback conn_id=0, evt=0x6002
01-14 00:18:32.401  3247  3425 I libnfc_nci: [INFO:rw_mfc.cc(723)] rw_mfc_conn_cback RW_MFC_STATE_NOT_ACTIVATED
01-14 00:18:32.401  3247  3425 I libnfc_nci: [INFO:nfa_dm_discover.cc(694)] event:0x4005
01-14 00:18:32.401  3247  3425 I libnfc_nci: [INFO:nfa_dm_discover.cc(2518)] state: POLL_ACTIVE (4), event: DEACTIVATE_RSP(7) disc_flags: 0x61
01-14 00:18:32.401  3247  3425 I libnfc_nci: [INFO:nfa_dm_discover.cc(2571)] new state: POLL_ACTIVE (4), disc_flags: 0x41
01-14 00:18:32.401   764  3435 D NxpTml  : PN54X - Read requested.....
01-14 00:18:32.401   764  3435 D NxpTml  : PN54X - Invoking I2C Read.....
01-14 00:18:32.409   764  3435 D NxpTml  : PN54X - I2C Read successful.....
01-14 00:18:32.409   764  3435 D NxpNciR : len =   5 > 6106020100
01-14 00:18:32.409   764  3435 D NxpTml  : PN54X - Posting read message.....
01-14 00:18:32.409   764  3438 D NxpHal  : read successful status = 0x0
01-14 00:18:32.409   764  3438 D NfccPowerTracker: NfccPowerTracker::ProcessNtf: Enter
01-14 00:18:32.409   764  3438 D NfccPowerTracker: mActiveDurationFromLastScreenUpdate: 341
01-14 00:18:32.421     0     0 E nq-nci 6-0028: nfc_read : reading 3 bytes.
01-14 00:18:32.410  3247  3425 I libnfc_nci: [INFO:nfc_ncif.cc(440)] NFC received ntf gid:1
01-14 00:18:32.410  3247  3425 I libnfc_nci: [INFO:nfa_dm_discover.cc(3030)] returning TRUE
01-14 00:18:32.410  3247  3425 I libnfc_nci: [INFO:nfc_main.cc(326)] nfc_set_state 4 (IDLE)->4 (IDLE)
01-14 00:18:32.410  3247  3425 I libnfc_nci: [INFO:nfa_dm_discover.cc(1662)] nfa_dm_disc_data_cback
01-14 00:18:32.410  3247  3425 I libnfc_nci: [INFO:nfa_dm_discover.cc(694)] event:0x4005
01-14 00:18:32.410  3247  3425 I libnfc_nci: [INFO:nfa_dm_discover.cc(2518)] state: POLL_ACTIVE (4), event: DEACTIVATE_NTF(8) disc_flags: 0x41
01-14 00:18:32.410  3247  3425 I libnfc_nci: [INFO:nfa_sys_ptim.cc(156)] nfa_sys_ptim_stop_timer 0x78d9ce04e0
01-14 00:18:32.410  3247  3425 I libnfc_nci: [INFO:nfa_sys_ptim.cc(163)] ptim timer stop
01-14 00:18:32.410  3247  3425 I libnfc_nci: [INFO:nfa_dm_discover.cc(1361)] activated_handle=1
01-14 00:18:32.410  3247  3425 I libnfc_nci: [INFO:nfa_dm_act.cc(1557)] event:0x02
01-14 00:18:32.410  3247  3425 I libnfc_nci: [INFO:nfa_rw_main.cc(179)] nfa_rw_handle_event event: NFA_RW_DEACTIVATE_NTF_EVT (0x502), flags: 00000021
01-14 00:18:32.410  3247  3425 I libnfc_nci: [INFO:nfa_sys_ptim.cc(156)] nfa_sys_ptim_stop_timer 0x78d9ce14f8
01-14 00:18:32.410  3247  3425 I libnfc_nci: [INFO:nfa_sys_ptim.cc(163)] ptim timer stop
01-14 00:18:32.410  3247  3425 I libnfc_nci: [INFO:nfa_rw_act.cc(192)] Stopped presence check timer (if started)
01-14 00:18:32.410  3247  3425 I libnfc_nci: [INFO:NativeNfcManager.cpp(276)] nfaConnectionCallback: event= 6
01-14 00:18:32.410  3247  3425 I libnfc_nci: [INFO:NativeNfcManager.cpp(429)] nfaConnectionCallback: NFA_DEACTIVATED_EVT   Type: 1, gIsTagDeactivating: 1
01-14 00:18:32.410  3247  3425 I libnfc_nci: [INFO:NfcTag.cpp(148)] NfcTag::setDeactivationState: state=1
01-14 00:18:32.410  3247  3425 I libnfc_nci: [INFO:nfa_dm_discover.cc(1685)] old_state: POLL_ACTIVE (4), new_state: W4_HOST_SELECT (3) disc_flags: 0x1
01-14 00:18:32.411  3247  3425 I libnfc_nci: [INFO:nfa_dm_discover.cc(2571)] new state: W4_HOST_SELECT (3), disc_flags: 0x1
01-14 00:18:32.411   764  3435 D NxpTml  : PN54X - Read requested.....
01-14 00:18:32.411   764  3435 D NxpTml  : PN54X - Invoking I2C Read.....
01-14 00:18:32.411  3247  3247 I libnfc_nci: [INFO:NativeNfcTag.cpp(690)] reSelect: select interface 128
01-14 00:18:32.411  3247  3247 I libnfc_nci: [INFO:nfa_dm_api.cc(800)] rf_disc_id:0x1, protocol:0x80, rf_interface:0x80
01-14 00:18:32.414  3247  3425 I libnfc_nci: [INFO:nfa_sys_main.cc(77)] NFA got event 0x0111
01-14 00:18:32.414  3247  3425 I libnfc_nci: [INFO:nfa_dm_main.cc(122)] event: NFA_DM_API_SELECT_EVT (0x11)
01-14 00:18:32.414  3247  3425 I libnfc_nci: [INFO:nfa_dm_act.cc(1322)] nfa_dm_act_select
01-14 00:18:32.414  3247  3425 I libnfc_nci: [INFO:nfa_dm_discover.cc(2721)] rf_disc_id:0x1, protocol:0x80, rf_interface:0x80
01-14 00:18:32.414  3247  3425 I libnfc_nci: [INFO:nfa_dm_discover.cc(2518)] state: W4_HOST_SELECT (3), event: SELECT_CMD(3) disc_flags: 0x11
01-14 00:18:32.414  3247  3425 I libnfc_nci: [INFO:NfcAdaptation.cc(751)] NfcAdaptation::HalWrite
01-14 00:18:32.414   764   764 D NxpExtns: find found MIFARE_READER_ENABLE=(0x1)
01-14 00:18:32.414   764   764 D NfccPowerTracker: NfccPowerTracker::ProcessCmd: Enter,Recieved len :6
01-14 00:18:32.415   764  3436 D NxpTml  : PN54X - Write requested.....
01-14 00:18:32.415   764  3436 D NxpTml  : PN54X - Invoking I2C Write.....
01-14 00:18:32.418   764  3436 D NxpNciX : len =   6 > 210403018080
01-14 00:18:32.418   764  3436 D NxpTml  : PN54X - I2C Write successful.....
01-14 00:18:32.418   764  3436 D NxpTml  : PN54X - Posting Fresh Write message.....
01-14 00:18:32.418   764  3436 D NxpTml  : PN54X - Tml Writer Thread Running................
01-14 00:18:32.419   764  3438 D NxpHal  : write successful status = 0x0
01-14 00:18:32.419   764  3435 D NxpTml  : PN54X - I2C Read successful.....
01-14 00:18:32.428     0     0 E nq-nci 6-0028: nfc_read : reading 1 bytes.
01-14 00:18:32.431     0     0 E nq-nci 6-0028: nfc_read : reading 3 bytes.
01-14 00:18:32.419   764  3435 D NxpNciR : len =   4 > 41040100
01-14 00:18:32.419   764  3435 D NxpTml  : PN54X - Posting read message.....
01-14 00:18:32.419   764  3438 D NxpHal  : read successful status = 0x0
01-14 00:18:32.420  3247  3425 I libnfc_nci: [INFO:nfa_dm_discover.cc(2571)] new state: W4_HOST_SELECT (3), disc_flags: 0x11
01-14 00:18:32.420  3247  3425 I libnfc_nci: [INFO:nfc_ncif.cc(399)] NFC received rsp gid:1
01-14 00:18:32.420  3247  3425 I libnfc_nci: [INFO:nfa_dm_discover.cc(694)] event:0x4003
01-14 00:18:32.420   764  3435 D NxpTml  : PN54X - Read requested.....
01-14 00:18:32.420   764  3435 D NxpTml  : PN54X - Invoking I2C Read.....
01-14 00:18:32.420  3247  3425 I libnfc_nci: [INFO:nfa_dm_discover.cc(2518)] state: W4_HOST_SELECT (3), event: SELECT_RSP(4) disc_flags: 0x11
01-14 00:18:32.420  3247  3425 I libnfc_nci: [INFO:NativeNfcManager.cpp(276)] nfaConnectionCallback: event= 3
01-14 00:18:32.420  3247  3425 I libnfc_nci: [INFO:NativeNfcManager.cpp(333)] nfaConnectionCallback: NFA_SELECT_RESULT_EVT: status = 0, gIsSelectingRfInterface = 1,
 sIsDisabling=0
01-14 00:18:32.420  3247  3425 I libnfc_nci: [INFO:nfa_dm_discover.cc(2571)] new state: W4_HOST_SELECT (3), disc_flags: 0x1
01-14 00:18:32.436     0     0 E nq-nci 6-0028: nfc_read : reading 20 bytes.
01-14 00:18:32.430   764  3435 D NxpTml  : PN54X - I2C Read successful.....
01-14 00:18:32.430   764  3435 D NxpNciR : len =  23 > 61051401808000FF010904000442C48A92010800000000
01-14 00:18:32.430   764  3435 D NxpTml  : PN54X - Posting read message.....
01-14 00:18:32.430   764  3438 D NxpHal  : read successful status = 0x0
01-14 00:18:32.430   764  3438 D NxpHal  : NxpNci: RF Interface = MIFARE
01-14 00:18:32.430   764  3438 D NxpHal  : NxpNci: Protocol = MIFARE
01-14 00:18:32.430   764  3438 D NxpHal  : NxpNci: Mode = A Passive Poll
01-14 00:18:32.430   764  3438 D NfccPowerTracker: NfccPowerTracker::ProcessNtf: Enter
01-14 00:18:32.431  3247  3425 I libnfc_nci: [INFO:nfc_ncif.cc(440)] NFC received ntf gid:1
01-14 00:18:32.431  3247  3425 I libnfc_nci: [INFO:nfa_dm_discover.cc(3030)] returning TRUE
01-14 00:18:32.431  3247  3425 I libnfc_nci: [INFO:nfc_main.cc(326)] nfc_set_state 4 (IDLE)->5 (OPEN)
01-14 00:18:32.431  3247  3425 I libnfc_nci: [INFO:nfc_ncif.cc(907)] nfc_ncif_proc_activate:20 0, mode:0x00
01-14 00:18:32.431  3247  3425 I libnfc_nci: [INFO:nfa_dm_discover.cc(694)] event:0x4004
01-14 00:18:32.431  3247  3425 I libnfc_nci: [INFO:nfa_dm_discover.cc(2518)] state: W4_HOST_SELECT (3), event: ACTIVATED_NTF(5) disc_flags: 0x1
01-14 00:18:32.431  3247  3425 I libnfc_nci: [INFO:nfa_dm_discover.cc(1685)] old_state: W4_HOST_SELECT (3), new_state: POLL_ACTIVE (4) disc_flags: 0x1
01-14 00:18:32.431  3247  3425 I libnfc_nci: [INFO:nfa_dm_discover.cc(1192)] tech_n_mode:0x0, proto:0x80
01-14 00:18:32.431  3247  3425 I libnfc_nci: [INFO:nfa_dm_discover.cc(674)] tech_n_mode:0x0, protocol:0x80, disc_mask:0x2000
01-14 00:18:32.431  3247  3425 I libnfc_nci: [INFO:nfa_dm_discover.cc(1320)] activated_protocol:0x80, activated_handle: 0x1
01-14 00:18:32.431  3247  3425 I libnfc_nci: [INFO:nfa_dm_act.cc(1557)] event:0x01
01-14 00:18:32.431  3247  3425 I libnfc_nci: [INFO:nfa_rw_main.cc(179)] nfa_rw_handle_event event: NFA_RW_ACTIVATE_NTF_EVT (0x501), flags: 00000001
01-14 00:18:32.431  3247  3425 I libnfc_nci: [INFO:nfa_rw_act.cc(2538)] nfa_rw_activate_ntf
01-14 00:18:32.431  3247  3425 I libnfc_nci: [INFO:rw_main.cc(206)] RW_SetActivatedTagType protocol:128, technology:0, SAK:8
01-14 00:18:32.444     0     0 E nq-nci 6-0028: nfc_read : reading 3 bytes.
01-14 00:18:32.431  3247  3425 I libnfc_nci: [INFO:rw_mfc.cc(551)] rw_mfc_select
01-14 00:18:32.431  3247  3425 I libnfc_nci: [INFO:nfa_dm_act.cc(1709)] status:0x0
01-14 00:18:32.432  3247  3425 I libnfc_nci: [INFO:NativeNfcManager.cpp(276)] nfaConnectionCallback: event= 5
01-14 00:18:32.432  3247  3425 I libnfc_nci: [INFO:NativeNfcManager.cpp(360)] nfaConnectionCallback: NFA_ACTIVATED_EVT: gIsSelectingRfInterface=1, sIsDisabling=0
01-14 00:18:32.432  3247  3425 I libnfc_nci: [INFO:NfcTag.cpp(165)] NfcTag::setActivationState: state=2
01-14 00:18:32.433  3247  3425 I libnfc_nci: [INFO:nfa_dm_discover.cc(2571)] new state: POLL_ACTIVE (4), disc_flags: 0x1
01-14 00:18:32.433  3247  3247 I libnfc_nci: [INFO:NativeNfcTag.cpp(709)] reSelect: select completed; sConnectOk=1
01-14 00:18:32.433  3247  3247 I libnfc_nci: [INFO:NativeNfcTag.cpp(728)] reSelect: exit; status=0
01-14 00:18:32.433   764  3435 D NxpTml  : PN54X - Read requested.....
01-14 00:18:32.433   764  3435 D NxpTml  : PN54X - Invoking I2C Read.....
01-14 00:18:32.433  3247  3247 I libnfc_nci: [INFO:NativeNfcTag.cpp(799)] nativeNfcTag_doReconnect: exit 0x0
01-14 00:18:32.440  3247  4688 D NativeNfcTag: Starting background presence check
01-14 00:18:32.461  1869  3246 I ActivityTaskManager: START u0 {flg=0x10008000 cmp=com.android.nfc/.NfcRootActivity (has extras)} from uid 1027
01-14 00:18:32.482  1869  3246 I am_create_activity: [0,136927496,42,com.android.nfc/.NfcRootActivity,NULL,NULL,NULL,276856832]
01-14 00:18:32.496  1869  3264 I ActivityTaskManager: The Process com.android.nfc Already Exists in BG. So sending its PID: 3247
01-14 00:18:32.498  1869  3264 I am_restart_activity: [0,136927496,42,com.android.nfc/.NfcRootActivity]
01-14 00:18:32.500  1869  3264 I am_set_resumed_activity: [0,com.android.nfc/.NfcRootActivity,minimalResumeActivityLocked]
01-14 00:18:32.546  1869  3264 I ActivityTaskManager: START u0 {cmp=com.android.nfc/.TechListChooserActivity (has extras)} from uid 1027
01-14 00:18:32.549  1869  3264 I am_create_activity: [0,100775971,42,com.android.nfc/.TechListChooserActivity,NULL,NULL,NULL,8388608]
01-14 00:18:32.553  1869  3264 I am_pause_activity: [0,136927496,com.android.nfc/.NfcRootActivity,userLeaving=true]
01-14 00:18:32.556  1869  3246 I am_finish_activity: [0,136927496,42,com.android.nfc/.NfcRootActivity,app-request]
01-14 00:18:32.558  3247  3247 I am_on_create_called: [0,com.android.nfc.NfcRootActivity,performCreate]
01-14 00:18:32.562  1869  3264 I am_add_to_stopping: [0,136927496,com.android.nfc/.NfcRootActivity,finishCurrentActivityLocked]
01-14 00:18:32.528  3247  3247 I auditd  : type=1400 audit(0.0:126): avc: denied { call } for comm="com.android.nfc" scontext=u:r:nfc:s0 tcontext=u:r:gpuservice:s0
tclass=binder permissive=0
01-14 00:18:32.528  3247  3247 W com.android.nfc: type=1400 audit(0.0:126): avc: denied { call } for scontext=u:r:nfc:s0 tcontext=u:r:gpuservice:s0 tclass=binder pe
rmissive=0
01-14 00:18:32.564  1869  3264 I ActivityTaskManager: The Process com.android.nfc Already Exists in BG. So sending its PID: 3247
01-14 00:18:32.565  3247  4688 I libnfc_nci: [INFO:NativeNfcTag.cpp(1334)] nativeNfcTag_doPresenceCheck
01-14 00:18:32.565  1869  3264 I am_restart_activity: [0,100775971,42,com.android.nfc/.TechListChooserActivity]
01-14 00:18:32.566  3247  4688 I libnfc_nci: [INFO:nfa_dm_api.cc(936)] data_len:3
01-14 00:18:32.566  3247  4688 I libnfc_nci: [INFO:phNxpExtns_MifareStd.cpp(709)] Mfc_PresenceCheck status = 0x0
01-14 00:18:32.566  3247  3425 I libnfc_nci: [INFO:nfa_sys_main.cc(77)] NFA got event 0x010C
01-14 00:18:32.566  3247  3425 I libnfc_nci: [INFO:nfa_dm_main.cc(122)] event: NFA_DM_API_RAW_FRAME_EVT (0x0c)
01-14 00:18:32.566  3247  3425 I libnfc_nci: [INFO:nfa_dm_act.cc(1160)] nfa_dm_act_send_raw_frame
01-14 00:18:32.566  3247  3425 I libnfc_nci: [INFO:nfc_ncif.cc(152)] nfc_ncif_send_data :0, num_buff:1 qc:0
01-14 00:18:32.566  3247  3425 I libnfc_nci: [INFO:NfcAdaptation.cc(751)] NfcAdaptation::HalWrite
01-14 00:18:32.566   764   764 D NxpExtns: find found MIFARE_READER_ENABLE=(0x1)
01-14 00:18:32.566   764   764 D NfccPowerTracker: NfccPowerTracker::ProcessCmd: Enter,Recieved len :6
01-14 00:18:32.566   764  3436 D NxpTml  : PN54X - Write requested.....
01-14 00:18:32.566   764  3436 D NxpTml  : PN54X - Invoking I2C Write.....
01-14 00:18:32.566  1869  3264 I am_set_resumed_activity: [0,com.android.nfc/.TechListChooserActivity,minimalResumeActivityLocked]
01-14 00:18:32.568   764  3436 D NxpNciX : len =   6 > 000003400101
01-14 00:18:32.568   764  3436 D NxpTml  : PN54X - I2C Write successful.....
01-14 00:18:32.568   764  3436 D NxpTml  : PN54X - Posting Fresh Write message.....
01-14 00:18:32.568   764  3436 D NxpTml  : PN54X - Tml Writer Thread Running................
01-14 00:18:32.568   764  3438 D NxpHal  : write successful status = 0x0
01-14 00:18:32.579   764  3435 D NxpTml  : PN54X - I2C Read successful.....
01-14 00:18:32.579   764  3435 D NxpNciR : len =   6 > 600603010001
01-14 00:18:32.579   764  3435 D NxpTml  : PN54X - Posting read message.....
01-14 00:18:32.579   764  3438 D NxpHal  : read successful status = 0x0
01-14 00:18:32.579   764  3438 D NfccPowerTracker: NfccPowerTracker::ProcessNtf: Enter
01-14 00:18:32.579  3247  3425 I libnfc_nci: [INFO:nfc_ncif.cc(440)] NFC received ntf gid:0
01-14 00:18:32.579  3247  3425 I libnfc_nci: [INFO:nci_hrcv.cc(127)] nci_proc_core_ntf opcode:0x6
01-14 00:18:32.579  3247  3425 I libnfc_nci: [INFO:nfc_ncif.cc(152)] nfc_ncif_send_data :0, num_buff:1 qc:0
01-14 00:18:32.582   764  3435 D NxpTml  : PN54X - Read requested.....
01-14 00:18:32.582   764  3435 D NxpTml  : PN54X - Invoking I2C Read.....
01-14 00:18:32.578     0     0 E nq-nci 6-0028: nfc_read : reading 3 bytes.
01-14 00:18:32.592     0     0 E nq-nci 6-0028: nfc_read : reading 3 bytes.
01-14 00:18:32.595     0     0 E nq-nci 6-0028: nfc_read : reading 2 bytes.
01-14 00:18:32.589   764  3435 D NxpTml  : PN54X - I2C Read successful.....
01-14 00:18:32.589   764  3435 D NxpNciR : len =   5 > 0000024000
01-14 00:18:32.589   764  3435 D NxpTml  : PN54X - Posting read message.....
01-14 00:18:32.589   764  3438 D NxpHal  : read successful status = 0x0
01-14 00:18:32.590  3247  3425 I libnfc_nci: [INFO:nfc_ncif.cc(393)] NFC received data
01-14 00:18:32.590  3247  3425 I libnfc_nci: [INFO:nfc_ncif.cc(1652)] nfc_ncif_proc_data 0x000002
01-14 00:18:32.590  3247  3425 I libnfc_nci: [INFO:nfc_ncif.cc(1657)] nfc_ncif_proc_data len:2
01-14 00:18:32.590  3247  3425 I libnfc_nci: [INFO:rw_mfc.cc(640)] rw_mfc_conn_cback conn_id=0, evt=0x6003
01-14 00:18:32.590  3247  3425 I libnfc_nci: [INFO:nfa_rw_act.cc(1496)] nfa_rw_cback: event=0xc7
01-14 00:18:32.590  3247  3425 I libnfc_nci: [INFO:nfa_rw_act.cc(1408)] nfa_rw_handle_mfc_evt() event = 0xC7
01-14 00:18:32.590  3247  3425 I libnfc_nci: [INFO:nfa_rw_act.cc(119)] nfa_rw_send_data_to_upper: Len [0x2] Status [OK]
01-14 00:18:32.590  3247  3425 I libnfc_nci: [INFO:nfa_dm_act.cc(1378)] event:0x9
01-14 00:18:32.590  3247  3425 I libnfc_nci: [INFO:NativeNfcManager.cpp(276)] nfaConnectionCallback: event= 9
01-14 00:18:32.590  3247  3425 I libnfc_nci: [INFO:NativeNfcManager.cpp(516)] nfaConnectionCallback: NFA_DATA_EVT: status = 0x0, len = 2
01-14 00:18:32.590  3247  3425 I libnfc_nci: [INFO:NativeNfcTag.cpp(870)] nativeNfcTag_doTransceiveStatus: data len=2
01-14 00:18:32.590  3247  3425 I libnfc_nci: [INFO:phNxpExtns_MifareStd.cpp(1307)] Mfc_RecvPacket Mfc Check Presence in progress
01-14 00:18:32.593   764  3435 D NxpTml  : PN54X - Read requested.....
01-14 00:18:32.593   764  3435 D NxpTml  : PN54X - Invoking I2C Read.....
01-14 00:18:32.604     0     0 E nq-nci 6-0028: nfc_read : reading 3 bytes.
01-14 00:18:32.612  3247  3247 I sysui_multi_action: [757,453,758,4,806,android.nfc.action.TECH_DISCOVERED:null:]
01-14 00:18:32.613  3247  3247 I am_on_create_called: [0,com.android.nfc.TechListChooserActivity,performCreate]
01-14 00:18:32.615  3247  3247 I am_on_start_called: [0,com.android.nfc.TechListChooserActivity,handleStartActivity]
01-14 00:18:32.616  3247  3247 I am_on_resume_called: [0,com.android.nfc.TechListChooserActivity,RESUME_ACTIVITY]
01-14 00:18:32.630  3247  3247 I am_on_top_resumed_gained_called: [0,com.android.nfc.TechListChooserActivity,topStateChangedWhenResumed]
01-14 00:18:32.678  3247  3247 I auditd  : type=1400 audit(0.0:127): avc: denied { search } for comm="com.android.nfc" name="gpu" dev="dm-1" ino=819253 scontext=u:r
:nfc:s0 tcontext=u:object_r:vendor_gles_data_file:s0 tclass=dir permissive=0
01-14 00:18:32.678  3247  3247 W com.android.nfc: type=1400 audit(0.0:127): avc: denied { search } for name="gpu" dev="dm-1" ino=819253 scontext=u:r:nfc:s0 tcontext
=u:object_r:vendor_gles_data_file:s0 tclass=dir permissive=0
01-14 00:18:32.678  3247  3247 W com.android.nfc: type=1400 audit(0.0:128): avc: denied { search } for name="gpu" dev="dm-1" ino=819253 scontext=u:r:nfc:s0 tcontext
=u:object_r:vendor_gles_data_file:s0 tclass=dir permissive=0
01-14 00:18:32.716  3247  4688 I libnfc_nci: [INFO:NativeNfcTag.cpp(1334)] nativeNfcTag_doPresenceCheck
01-14 00:18:32.716  3247  4688 I libnfc_nci: [INFO:nfa_dm_api.cc(936)] data_len:3
01-14 00:18:32.716  3247  4688 I libnfc_nci: [INFO:phNxpExtns_MifareStd.cpp(709)] Mfc_PresenceCheck status = 0x0
01-14 00:18:32.716  3247  3425 I libnfc_nci: [INFO:nfa_sys_main.cc(77)] NFA got event 0x010C
01-14 00:18:32.716  3247  3425 I libnfc_nci: [INFO:nfa_dm_main.cc(122)] event: NFA_DM_API_RAW_FRAME_EVT (0x0c)
01-14 00:18:32.716  3247  3425 I libnfc_nci: [INFO:nfa_dm_act.cc(1160)] nfa_dm_act_send_raw_frame
01-14 00:18:32.716  3247  3425 I libnfc_nci: [INFO:nfc_ncif.cc(152)] nfc_ncif_send_data :0, num_buff:1 qc:0
01-14 00:18:32.716  3247  3425 I libnfc_nci: [INFO:NfcAdaptation.cc(751)] NfcAdaptation::HalWrite
01-14 00:18:32.716   764   764 D NxpExtns: find found MIFARE_READER_ENABLE=(0x1)
01-14 00:18:32.717   764   764 D NfccPowerTracker: NfccPowerTracker::ProcessCmd: Enter,Recieved len :6
01-14 00:18:32.717   764  3436 D NxpTml  : PN54X - Write requested.....
01-14 00:18:32.717   764  3436 D NxpTml  : PN54X - Invoking I2C Write.....
01-14 00:18:32.723   764  3435 D NxpTml  : PN54X - I2C Read successful.....
01-14 00:18:32.723   764  3435 D NxpTml  : Delay Read if write thread is busy
01-14 00:18:32.732     0     0 E nq-nci 6-0028: nfc_read : reading 3 bytes.
01-14 00:18:32.725   764  3436 D NxpNciX : len =   6 > 000003400101
01-14 00:18:32.725   764  3436 D NxpTml  : PN54X - I2C Write successful.....
01-14 00:18:32.725   764  3436 D NxpTml  : PN54X - Posting Fresh Write message.....
01-14 00:18:32.725   764  3436 D NxpTml  : PN54X - Tml Writer Thread Running................
01-14 00:18:32.725   764  3435 D NxpNciR : len =   6 > 600603010001
01-14 00:18:32.737     0     0 E nq-nci 6-0028: nfc_read : reading 3 bytes.
01-14 00:18:32.737     0     0 E nq-nci 6-0028: nfc_read : reading 2 bytes.
01-14 00:18:32.725   764  3435 D NxpTml  : PN54X - Posting read message.....
01-14 00:18:32.725   764  3438 D NxpHal  : write successful status = 0x0
01-14 00:18:32.725   764  3438 D NxpHal  : read successful status = 0x0
01-14 00:18:32.725   764  3438 D NfccPowerTracker: NfccPowerTracker::ProcessNtf: Enter
01-14 00:18:32.726   764  3435 D NxpTml  : PN54X - Read requested.....
01-14 00:18:32.726   764  3435 D NxpTml  : PN54X - Invoking I2C Read.....
01-14 00:18:32.726  3247  3425 I libnfc_nci: [INFO:nfc_ncif.cc(440)] NFC received ntf gid:0
01-14 00:18:32.726  3247  3425 I libnfc_nci: [INFO:nci_hrcv.cc(127)] nci_proc_core_ntf opcode:0x6
01-14 00:18:32.726  3247  3425 I libnfc_nci: [INFO:nfc_ncif.cc(152)] nfc_ncif_send_data :0, num_buff:1 qc:0
01-14 00:18:32.731   764  3435 D NxpTml  : PN54X - I2C Read successful.....
01-14 00:18:32.731   764  3435 D NxpNciR : len =   5 > 0000024000
01-14 00:18:32.732   764  3435 D NxpTml  : PN54X - Posting read message.....
01-14 00:18:32.732   764  3438 D NxpHal  : read successful status = 0x0
01-14 00:18:32.732  3247  3425 I libnfc_nci: [INFO:nfc_ncif.cc(393)] NFC received data
01-14 00:18:32.732  3247  3425 I libnfc_nci: [INFO:nfc_ncif.cc(1652)] nfc_ncif_proc_data 0x000002
01-14 00:18:32.732  3247  3425 I libnfc_nci: [INFO:nfc_ncif.cc(1657)] nfc_ncif_proc_data len:2
01-14 00:18:32.732  3247  3425 I libnfc_nci: [INFO:rw_mfc.cc(640)] rw_mfc_conn_cback conn_id=0, evt=0x6003
01-14 00:18:32.732  3247  3425 I libnfc_nci: [INFO:nfa_rw_act.cc(1496)] nfa_rw_cback: event=0xc7
01-14 00:18:32.732  3247  3425 I libnfc_nci: [INFO:nfa_rw_act.cc(1408)] nfa_rw_handle_mfc_evt() event = 0xC7
01-14 00:18:32.732  3247  3425 I libnfc_nci: [INFO:nfa_rw_act.cc(119)] nfa_rw_send_data_to_upper: Len [0x2] Status [OK]
01-14 00:18:32.732  3247  3425 I libnfc_nci: [INFO:nfa_dm_act.cc(1378)] event:0x9
01-14 00:18:32.732  3247  3425 I libnfc_nci: [INFO:NativeNfcManager.cpp(276)] nfaConnectionCallback: event= 9
01-14 00:18:32.732  3247  3425 I libnfc_nci: [INFO:NativeNfcManager.cpp(516)] nfaConnectionCallback: NFA_DATA_EVT: status = 0x0, len = 2
01-14 00:18:32.732  3247  3425 I libnfc_nci: [INFO:NativeNfcTag.cpp(870)] nativeNfcTag_doTransceiveStatus: data len=2
01-14 00:18:32.743     0     0 E nq-nci 6-0028: nfc_read : reading 3 bytes.
01-14 00:18:32.732   764  3435 D NxpTml  : PN54X - Read requested.....
01-14 00:18:32.732   764  3435 D NxpTml  : PN54X - Invoking I2C Read.....
01-14 00:18:32.732  3247  3425 I libnfc_nci: [INFO:phNxpExtns_MifareStd.cpp(1307)] Mfc_RecvPacket Mfc Check Presence in progress
01-14 00:18:32.678  3247  3247 I auditd  : type=1400 audit(0.0:128): avc: denied { search } for comm="com.android.nfc" name="gpu" dev="dm-1" ino=819253 scontext=u:r
:nfc:s0 tcontext=u:object_r:vendor_gles_data_file:s0 tclass=dir permissive=0
01-14 00:18:32.733  1869  1929 I am_destroy_activity: [0,136927496,42,com.android.nfc/.NfcRootActivity,finish-imm:activityIdleInternalLocked]
01-14 00:18:32.738  1869  1937 I sysui_multi_action: [319,257,322,254,325,249,757,761,758,8,759,2,806,com.android.nfc,871,com.android.nfc.TechListChooserActivity,90
4,com.android.nfc,905,0,1320,5,1321,1]
01-14 00:18:32.741  1869  1937 I am_activity_launch_time: [0,100775971,com.android.nfc/.TechListChooserActivity,254]
01-14 00:18:32.745  1869  1937 I ActivityTaskManager: Displayed com.android.nfc/.TechListChooserActivity: +254ms
01-14 00:18:32.760  3247  3247 I am_on_destroy_called: [0,com.android.nfc.NfcRootActivity,performDestroy]
01-14 00:18:32.859  3247  4688 I libnfc_nci: [INFO:NativeNfcTag.cpp(1334)] nativeNfcTag_doPresenceCheck
01-14 00:18:32.859  3247  4688 I libnfc_nci: [INFO:nfa_dm_api.cc(936)] data_len:3
01-14 00:18:32.859  3247  4688 I libnfc_nci: [INFO:phNxpExtns_MifareStd.cpp(709)] Mfc_PresenceCheck status = 0x0
01-14 00:18:32.859  3247  3425 I libnfc_nci: [INFO:nfa_sys_main.cc(77)] NFA got event 0x010C
01-14 00:18:32.860  3247  3425 I libnfc_nci: [INFO:nfa_dm_main.cc(122)] event: NFA_DM_API_RAW_FRAME_EVT (0x0c)
01-14 00:18:32.860  3247  3425 I libnfc_nci: [INFO:nfa_dm_act.cc(1160)] nfa_dm_act_send_raw_frame
01-14 00:18:32.860  3247  3425 I libnfc_nci: [INFO:nfc_ncif.cc(152)] nfc_ncif_send_data :0, num_buff:1 qc:0
01-14 00:18:32.860  3247  3425 I libnfc_nci: [INFO:NfcAdaptation.cc(751)] NfcAdaptation::HalWrite
01-14 00:18:32.860   764   764 D NxpExtns: find found MIFARE_READER_ENABLE=(0x1)
01-14 00:18:32.860   764   764 D NfccPowerTracker: NfccPowerTracker::ProcessCmd: Enter,Recieved len :6
01-14 00:18:32.860   764  3436 D NxpTml  : PN54X - Write requested.....
01-14 00:18:32.860   764  3436 D NxpTml  : PN54X - Invoking I2C Write.....
01-14 00:18:32.862   764  3435 D NxpTml  : PN54X - I2C Read successful.....
01-14 00:18:32.862   764  3435 D NxpTml  : Delay Read if write thread is busy
01-14 00:18:32.863   764  3436 D NxpNciX : len =   6 > 000003400101
01-14 00:18:32.863   764  3436 D NxpTml  : PN54X - I2C Write successful.....
01-14 00:18:32.863   764  3436 D NxpTml  : PN54X - Posting Fresh Write message.....
01-14 00:18:32.863   764  3436 D NxpTml  : PN54X - Tml Writer Thread Running................
01-14 00:18:32.863   764  3438 D NxpHal  : write successful status = 0x0
01-14 00:18:32.865   764  3435 D NxpNciR : len =   6 > 600603010001
01-14 00:18:32.865   764  3435 D NxpTml  : PN54X - Posting read message.....
01-14 00:18:32.865   764  3438 D NxpHal  : read successful status = 0x0
01-14 00:18:32.865   764  3438 D NfccPowerTracker: NfccPowerTracker::ProcessNtf: Enter
01-14 00:18:32.866  3247  3425 I libnfc_nci: [INFO:nfc_ncif.cc(440)] NFC received ntf gid:0
01-14 00:18:32.866  3247  3425 I libnfc_nci: [INFO:nci_hrcv.cc(127)] nci_proc_core_ntf opcode:0x6
01-14 00:18:32.866   764  3435 D NxpTml  : PN54X - Read requested.....
01-14 00:18:32.866   764  3435 D NxpTml  : PN54X - Invoking I2C Read.....
01-14 00:18:32.866  3247  3425 I libnfc_nci: [INFO:nfc_ncif.cc(152)] nfc_ncif_send_data :0, num_buff:1 qc:0
01-14 00:18:32.871   764  3435 D NxpTml  : PN54X - I2C Read successful.....
01-14 00:18:32.871   764  3435 D NxpNciR : len =   5 > 0000024003
01-14 00:18:32.871   764  3435 D NxpTml  : PN54X - Posting read message.....
01-14 00:18:32.871   764  3438 D NxpHal  : read successful status = 0x0
01-14 00:18:32.872  3247  3425 I libnfc_nci: [INFO:nfc_ncif.cc(393)] NFC received data
01-14 00:18:32.872  3247  3425 I libnfc_nci: [INFO:nfc_ncif.cc(1652)] nfc_ncif_proc_data 0x000002
01-14 00:18:32.872  3247  3425 I libnfc_nci: [INFO:nfc_ncif.cc(1657)] nfc_ncif_proc_data len:2
01-14 00:18:32.872  3247  3425 I libnfc_nci: [INFO:rw_mfc.cc(640)] rw_mfc_conn_cback conn_id=0, evt=0x6003
01-14 00:18:32.872  3247  3425 I libnfc_nci: [INFO:nfa_rw_act.cc(1496)] nfa_rw_cback: event=0xc7
01-14 00:18:32.877     0     0 E nq-nci 6-0028: nfc_read : reading 3 bytes.
01-14 00:18:32.877     0     0 E nq-nci 6-0028: nfc_read : reading 2 bytes.
01-14 00:18:32.883     0     0 E nq-nci 6-0028: nfc_read : reading 3 bytes.
01-14 00:18:32.872  3247  3425 I libnfc_nci: [INFO:nfa_rw_act.cc(1408)] nfa_rw_handle_mfc_evt() event = 0xC7
01-14 00:18:32.872  3247  3425 I libnfc_nci: [INFO:nfa_rw_act.cc(119)] nfa_rw_send_data_to_upper: Len [0x2] Status [OK]
01-14 00:18:32.872  3247  3425 I libnfc_nci: [INFO:nfa_dm_act.cc(1378)] event:0x9
01-14 00:18:32.872   764  3435 D NxpTml  : PN54X - Read requested.....
01-14 00:18:32.872   764  3435 D NxpTml  : PN54X - Invoking I2C Read.....
01-14 00:18:32.872  3247  3425 I libnfc_nci: [INFO:NativeNfcManager.cpp(276)] nfaConnectionCallback: event= 9
01-14 00:18:32.872  3247  3425 I libnfc_nci: [INFO:NativeNfcManager.cpp(516)] nfaConnectionCallback: NFA_DATA_EVT: status = 0x0, len = 2
01-14 00:18:32.872  3247  3425 I libnfc_nci: [INFO:NativeNfcTag.cpp(870)] nativeNfcTag_doTransceiveStatus: data len=2
01-14 00:18:32.872  3247  3425 I libnfc_nci: [INFO:phNxpExtns_MifareStd.cpp(1307)] Mfc_RecvPacket Mfc Check Presence in progress
01-14 00:18:32.872  3247  4688 D NativeNfcTag: Tag lost, restarting polling loop
01-14 00:18:32.872  3247  4688 I libnfc_nci: [INFO:NativeNfcTag.cpp(835)] nativeNfcTag_doDisconnect: enter
01-14 00:18:32.872  3247  4688 I libnfc_nci: [INFO:nfa_dm_api.cc(895)] sleep_mode:0
01-14 00:18:32.872  3247  4688 I libnfc_nci: [INFO:NativeNfcTag.cpp(851)] nativeNfcTag_doDisconnect: exit
01-14 00:18:32.872  3247  3425 I libnfc_nci: [INFO:nfa_sys_main.cc(77)] NFA got event 0x0113
01-14 00:18:32.872  3247  3425 I libnfc_nci: [INFO:nfa_dm_main.cc(122)] event: NFA_DM_API_DEACTIVATE_EVT (0x13)
01-14 00:18:32.872  3247  3425 I libnfc_nci: [INFO:nfa_dm_act.cc(755)] nfa_dm_act_deactivate
01-14 00:18:32.872  3247  3425 I libnfc_nci: [INFO:nfa_dm_discover.cc(2752)] deactivate_type:0x3
