01-14 00:18:32.872  3247  3425 I libnfc_nci: [INFO:nfa_dm_discover.cc(2518)] state: POLL_ACTIVE (4), event: DEACTIVATE_CMD(6) disc_flags: 0x1
01-14 00:18:32.872  3247  3425 I libnfc_nci: [INFO:nfc_main.cc(1127)] NFC_Deactivate 5 (OPEN) deactivate_type:3
01-14 00:18:32.872  3247  3425 I libnfc_nci: [INFO:nfc_main.cc(326)] nfc_set_state 5 (OPEN)->6 (CLOSING)
01-14 00:18:32.873  3247  4688 D NfcService: Discovery configuration equal, not updating.
01-14 00:18:32.873  3247  4688 D NativeNfcTag: Stopping background presence check
01-14 00:18:32.873  3247  3425 I libnfc_nci: [INFO:nfc_main.cc(1145)] act_protocol 128 credits:1/1
01-14 00:18:32.873  3247  3425 I libnfc_nci: [INFO:NfcAdaptation.cc(751)] NfcAdaptation::HalWrite
01-14 00:18:32.874   764   764 D NxpExtns: find found MIFARE_READER_ENABLE=(0x1)
01-14 00:18:32.874   764   764 D NfccPowerTracker: NfccPowerTracker::ProcessCmd: Enter,Recieved len :4
01-14 00:18:32.874   764  3436 D NxpTml  : PN54X - Write requested.....
01-14 00:18:32.874   764  3436 D NxpTml  : PN54X - Invoking I2C Write.....
01-14 00:18:32.876   764  3436 D NxpNciX : len =   4 > 21060103
01-14 00:18:32.876   764  3436 D NxpTml  : PN54X - I2C Write successful.....
01-14 00:18:32.887     0     0 E nq-nci 6-0028: nfc_read : reading 1 bytes.
01-14 00:18:32.876   764  3436 D NxpTml  : PN54X - Posting Fresh Write message.....
01-14 00:18:32.876   764  3436 D NxpTml  : PN54X - Tml Writer Thread Running................
01-14 00:18:32.876   764  3438 D NxpHal  : write successful status = 0x0
01-14 00:18:32.877  3247  3425 I libnfc_nci: [INFO:nfa_sys_ptim.cc(128)] nfa_sys_ptim_start_timer 0x78d9ce04e0
01-14 00:18:32.877  3247  3425 I libnfc_nci: [INFO:nfa_sys_ptim.cc(133)] ptim timer start
01-14 00:18:32.877  3247  3425 I libnfc_nci: [INFO:nfa_dm_discover.cc(2571)] new state: POLL_ACTIVE (4), disc_flags: 0x61
01-14 00:18:32.877  3247  3425 I libnfc_nci: [INFO:nfa_sys_ptim.cc(156)] nfa_sys_ptim_stop_timer 0x78d9ce14f8
01-14 00:18:32.877  3247  3425 I libnfc_nci: [INFO:nfa_rw_act.cc(192)] Stopped presence check timer (if started)
01-14 00:18:32.883   764  3435 D NxpTml  : PN54X - I2C Read successful.....
01-14 00:18:32.884   764  3435 D NxpNciR : len =   4 > 41060100
01-14 00:18:32.884   764  3435 D NxpTml  : PN54X - Posting read message.....
01-14 00:18:32.884   764  3438 D NxpHal  : read successful status = 0x0
01-14 00:18:32.885  3247  3425 I libnfc_nci: [INFO:nfc_ncif.cc(399)] NFC received rsp gid:1
01-14 00:18:32.885  3247  3425 I libnfc_nci: [INFO:nfa_dm_discover.cc(3030)] returning TRUE
01-14 00:18:32.885  3247  3425 I libnfc_nci: [INFO:nfc_main.cc(326)] nfc_set_state 6 (CLOSING)->4 (IDLE)
01-14 00:18:32.885  3247  3425 I libnfc_nci: [INFO:rw_mfc.cc(640)] rw_mfc_conn_cback conn_id=0, evt=0x6002
01-14 00:18:32.885  3247  3425 I libnfc_nci: [INFO:rw_mfc.cc(723)] rw_mfc_conn_cback RW_MFC_STATE_NOT_ACTIVATED
01-14 00:18:32.885  3247  3425 I libnfc_nci: [INFO:nfa_dm_discover.cc(694)] event:0x4005
01-14 00:18:32.885  3247  3425 I libnfc_nci: [INFO:nfa_dm_discover.cc(2518)] state: POLL_ACTIVE (4), event: DEACTIVATE_RSP(7) disc_flags: 0x61
01-14 00:18:32.885  3247  3425 I libnfc_nci: [INFO:nfa_dm_discover.cc(2571)] new state: POLL_ACTIVE (4), disc_flags: 0x41
01-14 00:18:32.885   764  3435 D NxpTml  : PN54X - Read requested.....
01-14 00:18:32.885   764  3435 D NxpTml  : PN54X - Invoking I2C Read.....
01-14 00:18:32.892   764  3435 D NxpTml  : PN54X - I2C Read successful.....
01-14 00:18:32.892   764  3435 D NxpNciR : len =   5 > 6106020300
01-14 00:18:32.892   764  3435 D NxpTml  : PN54X - Posting read message.....
01-14 00:18:32.892   764  3438 D NxpHal  : read successful status = 0x0
01-14 00:18:32.892   764  3438 D NfccPowerTracker: NfccPowerTracker::ProcessNtf: Enter
01-14 00:18:32.892   764  3438 D NfccPowerTracker: mActiveDurationFromLastScreenUpdate: 803
01-14 00:18:32.892  3247  3425 I libnfc_nci: [INFO:nfc_ncif.cc(440)] NFC received ntf gid:1
01-14 00:18:32.892  3247  3425 I libnfc_nci: [INFO:nfa_dm_discover.cc(3030)] returning TRUE
01-14 00:18:32.892   764  3435 D NxpTml  : PN54X - Read requested.....
01-14 00:18:32.896     0     0 E nq-nci 6-0028: nfc_read : reading 3 bytes.
01-14 00:18:32.898     0     0 E nq-nci 6-0028: nfc_read : reading 2 bytes.
01-14 00:18:32.903     0     0 E nq-nci 6-0028: nfc_read : reading 3 bytes.
01-14 00:18:32.893   764  3435 D NxpTml  : PN54X - Invoking I2C Read.....
01-14 00:18:32.893  3247  3425 I libnfc_nci: [INFO:nfc_main.cc(326)] nfc_set_state 4 (IDLE)->4 (IDLE)
01-14 00:18:32.893  3247  3425 I libnfc_nci: [INFO:nfa_dm_discover.cc(1662)] nfa_dm_disc_data_cback
01-14 00:18:32.893  3247  3425 I libnfc_nci: [INFO:nfa_dm_discover.cc(694)] event:0x4005
01-14 00:18:32.893  3247  3425 I libnfc_nci: [INFO:nfa_dm_discover.cc(2518)] state: POLL_ACTIVE (4), event: DEACTIVATE_NTF(8) disc_flags: 0x41
01-14 00:18:32.893  3247  3425 I libnfc_nci: [INFO:nfa_sys_ptim.cc(156)] nfa_sys_ptim_stop_timer 0x78d9ce04e0
01-14 00:18:32.893  3247  3425 I libnfc_nci: [INFO:nfa_sys_ptim.cc(163)] ptim timer stop
01-14 00:18:32.893  3247  3425 I libnfc_nci: [INFO:nfa_dm_discover.cc(1361)] activated_handle=1
01-14 00:18:32.893  3247  3425 I libnfc_nci: [INFO:nfa_dm_act.cc(1557)] event:0x02
01-14 00:18:32.893  3247  3425 I libnfc_nci: [INFO:nfa_rw_main.cc(179)] nfa_rw_handle_event event: NFA_RW_DEACTIVATE_NTF_EVT (0x502), flags: 00000021
01-14 00:18:32.893  3247  3425 I libnfc_nci: [INFO:nfa_sys_ptim.cc(156)] nfa_sys_ptim_stop_timer 0x78d9ce14f8
01-14 00:18:32.893  3247  3425 I libnfc_nci: [INFO:nfa_sys_ptim.cc(163)] ptim timer stop
01-14 00:18:32.893  3247  3425 I libnfc_nci: [INFO:nfa_rw_act.cc(192)] Stopped presence check timer (if started)
01-14 00:18:32.893  3247  3425 I libnfc_nci: [INFO:NativeNfcManager.cpp(276)] nfaConnectionCallback: event= 6
01-14 00:18:32.893  3247  3425 I libnfc_nci: [INFO:NativeNfcManager.cpp(429)] nfaConnectionCallback: NFA_DEACTIVATED_EVT   Type: 0, gIsTagDeactivating: 0
01-14 00:18:32.893  3247  3425 I libnfc_nci: [INFO:NfcTag.cpp(148)] NfcTag::setDeactivationState: state=0
01-14 00:18:32.893  3247  3425 I libnfc_nci: [INFO:NfcTag.cpp(1077)] NfcTag::resetTechnologies
01-14 00:18:32.893  3247  3425 I libnfc_nci: [INFO:NativeNfcTag.cpp(155)] nativeNfcTag_abortWaits
01-14 00:18:32.893  3247  3425 I libnfc_nci: [INFO:nfa_dm_discover.cc(1685)] old_state: POLL_ACTIVE (4), new_state: DISCOVERY (1) disc_flags: 0x1
01-14 00:18:32.893  3247  3425 I libnfc_nci: [INFO:nfa_dm_discover.cc(2571)] new state: DISCOVERY (1), disc_flags: 0x1
01-14 00:18:34.594  1869  2954 I ActivityTaskManager: START u0 {act=android.nfc.action.TECH_DISCOVERED flg=0x3000000 cmp=com.android.apps.tag/.TagViewer (has extras
)} from uid 1027
01-14 00:18:34.607  1869  2954 I am_create_activity: [0,247664280,42,com.android.apps.tag/.TagViewer,android.nfc.action.TECH_DISCOVERED,NULL,NULL,50331648]
01-14 00:18:34.613  1869  2954 I am_pause_activity: [0,100775971,com.android.nfc/.TechListChooserActivity,userLeaving=true]
01-14 00:18:34.618  1869  2954 I am_finish_activity: [0,100775971,42,com.android.nfc/.TechListChooserActivity,app-request]
01-14 00:18:34.634  3247  3247 I am_on_top_resumed_lost_called: [0,com.android.nfc.TechListChooserActivity,topStateChangedWhenResumed]
01-14 00:18:34.635  3247  3247 I am_on_paused_called: [0,com.android.nfc.TechListChooserActivity,performPause]
01-14 00:18:34.635  1869  2954 I am_add_to_stopping: [0,100775971,com.android.nfc/.TechListChooserActivity,finishCurrentActivityLocked]
01-14 00:18:35.117  1869  1937 I sysui_multi_action: [319,219,321,146,322,510,325,251,757,761,758,7,759,1,806,com.android.apps.tag,871,com.android.apps.tag.TagViewe
r,904,com.android.nfc,905,0,945,190,1320,5,1321,1]
01-14 00:18:35.222  1869  1929 I am_destroy_activity: [0,100775971,42,com.android.nfc/.TechListChooserActivity,finish-imm:activityIdleInternalLocked]
01-14 00:18:35.249  3247  3247 I am_on_stop_called: [0,com.android.nfc.TechListChooserActivity,LIFECYCLER_STOP_ACTIVITY]
01-14 00:18:35.276  3247  3247 I am_on_destroy_called: [0,com.android.nfc.TechListChooserActivity,performDestroy]
