01-14 18:23:56.494  4525  5821 D NxpTml  : PN54X - Tml Writer Thread Running................
01-14 18:23:56.495  4525  5823 D NxpHal  : write successful status = 0x0
01-14 18:23:56.499  4525  5820 D NxpTml  : PN54X - I2C Read successful.....
01-14 18:23:56.499  4525  5820 D NxpNciR : len =   7 > 40040400FF0103
01-14 18:23:56.499  4525  5820 D NxpTml  : PN54X - Posting read message.....
01-14 18:23:56.500  4525  5823 D NxpHal  : read successful status = 0x0
01-14 18:23:56.500  4525  5820 D NxpTml  : PN54X - Read requested.....
01-14 18:23:56.501  4135  5818 I libnfc_nci: [INFO:nfc_ncif.cc(399)] NFC received rsp gid:0
01-14 18:23:56.501  4135  5818 I libnfc_nci: [INFO:nci_hrcv.cc(62)] nci_proc_core_rsp opcode:0x4
01-14 18:23:56.501  4135  5818 I libnfc_nci: [INFO:nfc_utils.cc(82)] nfc_set_conn_id conn_id:3, handle:2
01-14 18:23:56.501  4135  5818 I libnfc_nci: [INFO:nfa_hci_main.cc(703)] nfa_hci_conn_cback State: 1  Cmd: 24576
01-14 18:23:56.501  4135  5818 I libnfc_nci: [INFO:nfa_hci_utils.cc(312)] nfa_hciu_send_msg pipe_id:1   Type: COMMAND [0x00] Inst: ANY_GET_PARAMETER [0x02]   len:1
01-14 18:23:56.508     0     0 E nq-nci 6-0028: nfc_read : reading 4 bytes.
01-14 18:23:56.514     0     0 E nq-nci 6-0028: nfc_read : reading 3 bytes.
01-14 18:23:56.501  4135  5818 I libnfc_nci: [INFO:nfc_ncif.cc(152)] nfc_ncif_send_data :3, num_buff:1 qc:0
01-14 18:23:56.501  4135  5818 I libnfc_nci: [INFO:NfcAdaptation.cc(751)] NfcAdaptation::HalWrite
01-14 18:23:56.502  4525  4525 D NxpExtns: find found MIFARE_READER_ENABLE=(0x1)
01-14 18:23:56.502  4525  4525 D NfccPowerTracker: NfccPowerTracker::ProcessCmd: Enter,Recieved len :6
01-14 18:23:56.502  4525  5821 D NxpTml  : PN54X - Write requested.....
01-14 18:23:56.502  4525  5821 D NxpTml  : PN54X - Invoking I2C Write.....
01-14 18:23:56.503  4525  5820 D NxpTml  : PN54X - Invoking I2C Read.....
01-14 18:23:56.508  4525  5821 D NxpNciX : len =   6 > 030003810201
01-14 18:23:56.508  4525  5820 D NxpTml  : PN54X - I2C Read successful.....
01-14 18:23:56.508  4525  5820 D NxpTml  : Delay Read if write thread is busy
01-14 18:23:56.508  4525  5821 D NxpTml  : PN54X - I2C Write successful.....
01-14 18:23:56.508  4525  5821 D NxpTml  : PN54X - Posting Fresh Write message.....
01-14 18:23:56.508  4525  5821 D NxpTml  : PN54X - Tml Writer Thread Running................
01-14 18:23:56.508  4525  5823 D NxpHal  : write successful status = 0x0
01-14 18:23:56.510  4135  5818 I libnfc_nci: [INFO:nfa_sys_ptim.cc(128)] nfa_sys_ptim_start_timer 0x768e6b1b20
01-14 18:23:56.511  4525  5820 D NxpNciR : len =   6 > 600603010301
01-14 18:23:56.511  4525  5820 D NxpTml  : PN54X - Posting read message.....
01-14 18:23:56.511  4525  5823 D NxpHal  : read successful status = 0x0
01-14 18:23:56.511  4525  5823 D NfccPowerTracker: NfccPowerTracker::ProcessNtf: Enter
01-14 18:23:56.512  4135  5818 I libnfc_nci: [INFO:nfc_ncif.cc(440)] NFC received ntf gid:0
01-14 18:23:56.512  4135  5818 I libnfc_nci: [INFO:nci_hrcv.cc(127)] nci_proc_core_ntf opcode:0x6
01-14 18:23:56.512  4135  5818 I libnfc_nci: [INFO:nfc_ncif.cc(152)] nfc_ncif_send_data :3, num_buff:1 qc:0
01-14 18:23:56.513  4525  5820 D NxpTml  : PN54X - Read requested.....
01-14 18:23:56.513  4525  5820 D NxpTml  : PN54X - Invoking I2C Read.....
01-14 18:23:56.518  4525  5820 D NxpTml  : PN54X - I2C Read successful.....
01-14 18:23:56.519  4525  5820 D NxpNciR : len =  13 > 03000A818050B1FFFF42B1FFFF
01-14 18:23:56.519  4525  5820 D NxpTml  : PN54X - Posting read message.....
01-14 18:23:56.519  4525  5823 D NxpHal  : read successful status = 0x0
01-14 18:23:56.519  4135  5818 I libnfc_nci: [INFO:nfc_ncif.cc(393)] NFC received data
01-14 18:23:56.520  4135  5818 I libnfc_nci: [INFO:nfc_ncif.cc(1652)] nfc_ncif_proc_data 0x03000a
01-14 18:23:56.521  4135  5818 I libnfc_nci: [INFO:nfc_ncif.cc(1657)] nfc_ncif_proc_data len:10
01-14 18:23:56.521  4135  5818 I libnfc_nci: [INFO:nfa_hci_main.cc(703)] nfa_hci_conn_cback State: 1  Cmd: 24579
01-14 18:23:56.521  4135  5818 I libnfc_nci: [INFO:nfa_hci_main.cc(789)] nfa_hci_conn_cback Recvd data pipe:1  Type: RESPONSE [0x02] Resp: ANY_OK [0x00]   chain:1
assmbl:0  len:10
01-14 18:23:56.521  4135  5818 I libnfc_nci: [INFO:nfa_hci_act.cc(1330)] nfa_hci_handle_admin_gate_rsp - LastCmdSent: ANY_GET_PARAMETER  App: 0x0000  Gate: 0x00  Pi
pe: 0x00
01-14 18:23:56.521  4135  5818 I libnfc_nci: [INFO:nfa_hci_utils.cc(312)] nfa_hciu_send_msg pipe_id:1   Type: COMMAND [0x00] Inst: ANY_SET_PARAMETER [0x01]   len:4
01-14 18:23:56.521  4135  5818 I libnfc_nci: [INFO:nfc_ncif.cc(152)] nfc_ncif_send_data :3, num_buff:1 qc:0
01-14 18:23:56.521  4135  5818 I libnfc_nci: [INFO:NfcAdaptation.cc(751)] NfcAdaptation::HalWrite
01-14 18:23:56.522  4525  4525 D NxpExtns: find found MIFARE_READER_ENABLE=(0x1)
01-14 18:23:56.522  4525  4525 D NxpHal  : > Going through workaround - set host list
01-14 18:23:56.524     0     0 E nq-nci 6-0028: nfc_read : reading 3 bytes.
01-14 18:23:56.527     0     0 E nq-nci 6-0028: nfc_read : reading 10 bytes.
01-14 18:23:56.533     0     0 E nq-nci 6-0028: nfc_read : reading 3 bytes.
01-14 18:23:56.522  4525  4525 D NxpHal  : > Going through workaround - set host list - END
01-14 18:23:56.522  4525  4525 D NfccPowerTracker: NfccPowerTracker::ProcessCmd: Enter,Recieved len :8
01-14 18:23:56.522  4525  5820 D NxpTml  : PN54X - Read requested.....
01-14 18:23:56.522  4525  5820 D NxpTml  : PN54X - Invoking I2C Read.....
01-14 18:23:56.523  4525  5821 D NxpTml  : PN54X - Write requested.....
01-14 18:23:56.523  4525  5821 D NxpTml  : PN54X - Invoking I2C Write.....
01-14 18:23:56.527  4525  5821 D NxpNciX : len =   8 > 03000581010302C0
01-14 18:23:56.527  4525  5821 D NxpTml  : PN54X - I2C Write successful.....
01-14 18:23:56.527  4525  5821 D NxpTml  : PN54X - Posting Fresh Write message.....
01-14 18:23:56.527  4525  5821 D NxpTml  : PN54X - Tml Writer Thread Running................
01-14 18:23:56.527  4525  5823 D NxpHal  : write successful status = 0x0
01-14 18:23:56.528  4135  5818 I libnfc_nci: [INFO:nfa_sys_ptim.cc(128)] nfa_sys_ptim_start_timer 0x768e6b1b20
01-14 18:23:56.528  4135  5818 I libnfc_nci: [INFO:nfa_sys_main.cc(77)] NFA got event 0x0713
01-14 18:23:56.528  4135  5818 I libnfc_nci: [INFO:nfa_hci_main.cc(1120)] nfa_hci_evt_hdlr state: STARTUP (1) event: CHECK_QUEUE (0x0713)
01-14 18:23:56.529  4525  5820 D NxpTml  : PN54X - I2C Read successful.....
01-14 18:23:56.529  4525  5820 D NxpNciR : len =   6 > 600603010301
01-14 18:23:56.529  4525  5820 D NxpTml  : PN54X - Posting read message.....
01-14 18:23:56.529  4525  5823 D NxpHal  : read successful status = 0x0
01-14 18:23:56.530  4525  5823 D NfccPowerTracker: NfccPowerTracker::ProcessNtf: Enter
01-14 18:23:56.530  4135  5818 I libnfc_nci: [INFO:nfc_ncif.cc(440)] NFC received ntf gid:0
01-14 18:23:56.531  4135  5818 I libnfc_nci: [INFO:nci_hrcv.cc(127)] nci_proc_core_ntf opcode:0x6
01-14 18:23:56.531  4135  5818 I libnfc_nci: [INFO:nfc_ncif.cc(152)] nfc_ncif_send_data :3, num_buff:1 qc:0
01-14 18:23:56.531  4525  5820 D NxpTml  : PN54X - Read requested.....
01-14 18:23:56.531  4525  5820 D NxpTml  : PN54X - Invoking I2C Read.....
01-14 18:23:56.539  4525  5820 D NxpTml  : PN54X - I2C Read successful.....
01-14 18:23:56.539  4525  5820 D NxpNciR : len =   5 > 0300028180
01-14 18:23:56.539  4525  5820 D NxpTml  : PN54X - Posting read message.....
01-14 18:23:56.539  4525  5823 D NxpHal  : read successful status = 0x0
01-14 18:23:56.540  4135  5818 I libnfc_nci: [INFO:nfc_ncif.cc(393)] NFC received data
01-14 18:23:56.540  4135  5818 I libnfc_nci: [INFO:nfc_ncif.cc(1652)] nfc_ncif_proc_data 0x030002
01-14 18:23:56.540  4135  5818 I libnfc_nci: [INFO:nfc_ncif.cc(1657)] nfc_ncif_proc_data len:2
01-14 18:23:56.540  4135  5818 I libnfc_nci: [INFO:nfa_hci_main.cc(703)] nfa_hci_conn_cback State: 1  Cmd: 24579
01-14 18:23:56.540  4135  5818 I libnfc_nci: [INFO:nfa_hci_main.cc(789)] nfa_hci_conn_cback Recvd data pipe:1  Type: RESPONSE [0x02] Resp: ANY_OK [0x00]   chain:1
assmbl:0  len:2
01-14 18:23:56.540  4135  5818 I libnfc_nci: [INFO:nfa_hci_act.cc(1330)] nfa_hci_handle_admin_gate_rsp - LastCmdSent: ANY_SET_PARAMETER  App: 0x0000  Gate: 0x00  Pi
pe: 0x00
01-14 18:23:56.540  4135  5818 I libnfc_nci: [INFO:nfa_sys_ptim.cc(128)] nfa_sys_ptim_start_timer 0x768e6b1b20
01-14 18:23:56.540  4135  5818 I libnfc_nci: [INFO:nfa_sys_main.cc(77)] NFA got event 0x0713
01-14 18:23:56.540  4135  5818 I libnfc_nci: [INFO:nfa_hci_main.cc(1120)] nfa_hci_evt_hdlr state: WAIT_NETWK_ENABLE (2) event: CHECK_QUEUE (0x0713)
01-14 18:23:56.541  4525  5820 D NxpTml  : PN54X - Read requested.....
01-14 18:23:56.541  4525  5820 D NxpTml  : PN54X - Invoking I2C Read.....
01-14 18:23:56.542     0     0 E nq-nci 6-0028: nfc_read : reading 3 bytes.
01-14 18:23:56.545     0     0 E nq-nci 6-0028: nfc_read : reading 2 bytes.
01-14 18:23:56.552     0     0 E nq-nci 6-0028: nfc_read : reading 3 bytes.
01-14 18:23:56.555     0     0 E nq-nci 6-0028: nfc_read : reading 5 bytes.
01-14 18:23:56.551  4525  5820 D NxpTml  : PN54X - I2C Read successful.....
01-14 18:23:56.551  4525  5820 D NxpNciR : len =   8 > 620005C002018000
01-14 18:23:56.551  4525  5820 D NxpTml  : PN54X - Posting read message.....
01-14 18:23:56.552  4525  5823 D NxpHal  : read successful status = 0x0
01-14 18:23:56.552  4525  5823 D NfccPowerTracker: NfccPowerTracker::ProcessNtf: Enter
01-14 18:23:56.555  4525  5820 D NxpTml  : PN54X - Read requested.....
01-14 18:23:56.555  4135  5818 I libnfc_nci: [INFO:nfc_ncif.cc(440)] NFC received ntf gid:2
01-14 18:23:56.555  4525  5820 D NxpTml  : PN54X - Invoking I2C Read.....
01-14 18:23:56.556  4135  5818 I libnfc_nci: [INFO:nci_hrcv.cc(394)] nci_proc_ee_management_ntf opcode:0x0
01-14 18:23:56.556  4135  5818 I libnfc_nci: [INFO:nci_hrcv.cc(415)] nfcee_id: 0xc0 num_interface:0x1/0x1, num_tlvs:0x0
01-14 18:23:56.556  4135  5818 I libnfc_nci: [INFO:nfa_dm_act.cc(268)] NFC_NFCEE_INFO_REVT(0x5005)
01-14 18:23:56.556  4135  5818 I libnfc_nci: [INFO:nfa_ee_main.cc(359)] nfa_ee_proc_evt: event=0x5005 int_event:0x212
01-14 18:23:56.556  4135  5818 I libnfc_nci: [INFO:nfa_ee_main.cc(641)] Event NCI_DISC_NTF(0x212), State: INIT_DONE(1)
01-14 18:23:56.556  4135  5818 I libnfc_nci: [INFO:nfa_ee_act.cc(1852)] em_state:1 ee_flags:0x0 cur_ee:1 num_ee_expecting:0
01-14 18:23:56.558  4135  5818 I libnfc_nci: [INFO:nfa_ee_main.cc(403)] nfa_ee_find_ecb
01-14 18:23:56.558  4135  5818 I libnfc_nci: [INFO:nfa_ee_main.cc(403)] nfa_ee_find_ecb
01-14 18:23:56.558  4135  5818 I libnfc_nci: [INFO:nfa_ee_act.cc(1919)] nfa_ee_nci_disc_ntf cur_ee:2
01-14 18:23:56.558  4135  5818 I libnfc_nci: [INFO:nfa_dm_main.cc(194)] flags:0x21
01-14 18:23:56.566     0     0 E nq-nci 6-0028: nfc_read : reading 3 bytes.
01-14 18:23:58.550  4135  5818 I libnfc_nci: [INFO:nfa_sys_ptim.cc(92)] nfa_sys_ptim_timer_update expired: 0x768e6b1a20
01-14 18:23:58.551  4135  5818 I libnfc_nci: [INFO:nfa_sys_main.cc(77)] NFA got event 0x021A
01-14 18:23:58.551  4135  5818 I libnfc_nci: [INFO:nfa_ee_main.cc(641)] Event NFA_EE_DISCV_TIMEOUT_EVT(0x21a), State: INIT_DONE(1)
01-14 18:23:58.551  4135  5818 I libnfc_nci: [INFO:NfcAdaptation.cc(751)] NfcAdaptation::HalWrite
01-14 18:23:58.552  4525  4525 D NxpExtns: find found MIFARE_READER_ENABLE=(0x1)
01-14 18:23:58.553  4525  4525 D NxpNciR : len =   5 > 4200020000
01-14 18:23:58.555  4135  5818 I libnfc_nci: [INFO:nfa_hci_main.cc(88)] 1
01-14 18:23:58.555  4135  5818 I libnfc_nci: [INFO:nfa_sys_ptim.cc(156)] nfa_sys_ptim_stop_timer 0x768e6b1b20
01-14 18:23:58.556  4135  5818 I libnfc_nci: [INFO:nfa_sys_ptim.cc(163)] ptim timer stop
01-14 18:23:58.556  4135  5818 I libnfc_nci: [INFO:nfa_hci_utils.cc(312)] nfa_hciu_send_msg pipe_id:1   Type: COMMAND [0x00] Inst: ANY_GET_PARAMETER [0x02]   len:1
01-14 18:23:58.556  4135  5818 I libnfc_nci: [INFO:nfc_ncif.cc(152)] nfc_ncif_send_data :3, num_buff:1 qc:0
01-14 18:23:58.562  4135  5818 I libnfc_nci: [INFO:NfcAdaptation.cc(751)] NfcAdaptation::HalWrite
01-14 18:23:58.564  4525  4525 D NxpExtns: find found MIFARE_READER_ENABLE=(0x1)
01-14 18:23:58.566  4525  4525 D NfccPowerTracker: NfccPowerTracker::ProcessCmd: Enter,Recieved len :6
01-14 18:23:58.580     0     0 E nq-nci 6-0028: nfc_write: failed to write -107
01-14 18:23:58.567  4525  5821 D NxpTml  : PN54X - Write requested.....
01-14 18:23:58.567  4525  5821 D NxpTml  : PN54X - Invoking I2C Write.....
01-14 18:23:58.585  4525  5821 D NxpTml  : _i2c_write() errno : 5
01-14 18:23:58.586  4525  5821 D NxpTml  : PN54X - Error in I2C Write.....
01-14 18:23:58.586  4525  5821 D NxpTml  : PN54X - Posting Fresh Write message.....
01-14 18:23:58.586  4525  5823 D NxpHal  : write error status = 0x1ff
01-14 18:23:58.586  4525  4525 D NxpHal  : write_unlocked failed - PN54X Maybe in Standby Mode - Retry
01-14 18:23:58.586  4525  5821 D NxpTml  : PN54X - Tml Writer Thread Running................
01-14 18:23:58.596  4525  5821 D NxpTml  : PN54X - Write requested.....
01-14 18:23:58.596  4525  5821 D NxpTml  : PN54X - Invoking I2C Write.....
01-14 18:23:58.599  4525  5821 D NxpNciX : len =   6 > 030003810204
01-14 18:23:58.599  4525  5821 D NxpTml  : PN54X - I2C Write successful.....
01-14 18:23:58.599  4525  5821 D NxpTml  : PN54X - Posting Fresh Write message.....
01-14 18:23:58.600  4525  5821 D NxpTml  : PN54X - Tml Writer Thread Running................
01-14 18:23:58.600  4525  5823 D NxpHal  : write successful status = 0x0
01-14 18:23:58.600  4525  5820 D NxpTml  : PN54X - I2C Read successful.....
01-14 18:23:58.610     0     0 E nq-nci 6-0028: nfc_read : reading 3 bytes.
01-14 18:23:58.600  4525  5820 D NxpNciR : len =   6 > 600603010301
01-14 18:23:58.600  4525  5820 D NxpTml  : PN54X - Posting read message.....
01-14 18:23:58.600  4135  5818 I libnfc_nci: [INFO:nfa_sys_ptim.cc(128)] nfa_sys_ptim_start_timer 0x768e6b1b20
01-14 18:23:58.600  4135  5818 I libnfc_nci: [INFO:nfa_sys_ptim.cc(133)] ptim timer start
01-14 18:23:58.600  4135  5818 I libnfc_nci: [INFO:nfc_ncif.cc(399)] NFC received rsp gid:2
01-14 18:23:58.600  4135  5818 I libnfc_nci: [INFO:nci_hrcv.cc(328)] nci_proc_ee_management_rsp opcode:0x0
01-14 18:23:58.601  4135  5818 I libnfc_nci: [INFO:nfa_dm_act.cc(268)] NFC_NFCEE_DISCOVER_REVT(0x5004)
01-14 18:23:58.601  4135  5818 I libnfc_nci: [INFO:nfa_ee_main.cc(359)] nfa_ee_proc_evt: event=0x5004 int_event:0x211
01-14 18:23:58.601  4135  5818 I libnfc_nci: [INFO:nfa_ee_main.cc(641)] Event NCI_DISC_RSP(0x211), State: INIT_DONE(1)
01-14 18:23:58.601  4135  5818 I libnfc_nci: [INFO:nfa_ee_act.cc(1774)] em_state:1 cur_ee:2, num_nfcee:0
01-14 18:23:58.601  4135  5818 I libnfc_nci: [INFO:nfa_ee_act.cc(1652)] em_state:1 num_ee_expecting:0 notify_enable_done:0
01-14 18:23:58.601  4135  5818 I libnfc_nci: [INFO:nfa_ee_act.cc(1829)] em_state:1 cur_ee:2 num_ee_expecting:0
01-14 18:23:58.601  4525  5823 D NxpHal  : read successful status = 0x0
01-14 18:23:58.601  4525  5823 D NfccPowerTracker: NfccPowerTracker::ProcessNtf: Enter
01-14 18:23:58.601  4135  5818 I libnfc_nci: [INFO:nfc_ncif.cc(440)] NFC received ntf gid:0
01-14 18:23:58.602  4135  5818 I libnfc_nci: [INFO:nci_hrcv.cc(127)] nci_proc_core_ntf opcode:0x6
01-14 18:23:58.602  4135  5818 I libnfc_nci: [INFO:nfc_ncif.cc(152)] nfc_ncif_send_data :3, num_buff:1 qc:0
01-14 18:23:58.602  4525  5820 D NxpTml  : PN54X - Read requested.....
01-14 18:23:58.602  4525  5820 D NxpTml  : PN54X - Invoking I2C Read.....
01-14 18:23:58.610  4525  5820 D NxpTml  : PN54X - I2C Read successful.....
01-14 18:23:58.610  4525  5820 D NxpNciR : len =   6 > 030003818000
01-14 18:23:58.610  4525  5820 D NxpTml  : PN54X - Posting read message.....
01-14 18:23:58.611  4525  5823 D NxpHal  : read successful status = 0x0
01-14 18:23:58.612  4135  5818 I libnfc_nci: [INFO:nfc_ncif.cc(393)] NFC received data
01-14 18:23:58.612  4135  5818 I libnfc_nci: [INFO:nfc_ncif.cc(1652)] nfc_ncif_proc_data 0x030003
01-14 18:23:58.612  4135  5818 I libnfc_nci: [INFO:nfc_ncif.cc(1657)] nfc_ncif_proc_data len:3
01-14 18:23:58.612  4135  5818 I libnfc_nci: [INFO:nfa_hci_main.cc(703)] nfa_hci_conn_cback State: 2  Cmd: 24579
01-14 18:23:58.613  4135  5818 I libnfc_nci: [INFO:nfa_sys_ptim.cc(156)] nfa_sys_ptim_stop_timer 0x768e6b1b20
01-14 18:23:58.613  4135  5818 I libnfc_nci: [INFO:nfa_sys_ptim.cc(163)] ptim timer stop
01-14 18:23:58.613  4135  5818 I libnfc_nci: [INFO:nfa_hci_main.cc(789)] nfa_hci_conn_cback Recvd data pipe:1  Type: RESPONSE [0x02] Resp: ANY_OK [0x00]   chain:1
assmbl:0  len:3
01-14 18:23:58.613  4135  5818 I libnfc_nci: [INFO:nfa_hci_act.cc(1330)] nfa_hci_handle_admin_gate_rsp - LastCmdSent: ANY_GET_PARAMETER  App: 0x0000  Gate: 0x00  Pi
pe: 0x00
01-14 18:23:58.613  4135  5818 I libnfc_nci: [INFO:nfa_hci_main.cc(513)] Status: 0
01-14 18:23:58.613  4525  5820 D NxpTml  : PN54X - Read requested.....
01-14 18:23:58.613  4525  5820 D NxpTml  : PN54X - Invoking I2C Read.....
01-14 18:23:58.613  4135  5818 I libnfc_nci: [INFO:nfa_sys_ptim.cc(156)] nfa_sys_ptim_stop_timer 0x768e6b1b20
01-14 18:23:58.613  4135  5818 I libnfc_nci: [INFO:nfa_sys_ptim.cc(163)] ptim timer stop
01-14 18:23:58.613  4135  5818 I libnfc_nci: [INFO:nfa_sys_cback.cc(62)] enable_cplt_flags=0xec, enable_cplt_mask=0xec
01-14 18:23:58.613  4135  5818 I libnfc_nci: [INFO:NativeNfcManager.cpp(729)] nfaDeviceManagementCallback: enter; event=0x0
01-14 18:23:58.613  4135  5818 I libnfc_nci: [INFO:NativeNfcManager.cpp(736)] nfaDeviceManagementCallback: NFA_DM_ENABLE_EVT; status=0x0
01-14 18:23:58.613  4135  5818 I libnfc_nci: [INFO:nfa_sys_main.cc(77)] NFA got event 0x0713
01-14 18:23:58.614  4135  4802 I libnfc_nci: [INFO:RoutingManager.cpp(130)] RoutingManager::initialize(): try ee register
01-14 18:23:58.614  4135  4802 I libnfc_nci: [INFO:nfa_ee_api.cc(157)] NFA_EeRegister
01-14 18:23:58.614  4135  5818 I libnfc_nci: [INFO:nfa_hci_main.cc(1120)] nfa_hci_evt_hdlr state: IDLE (3) event: CHECK_QUEUE (0x0713)
01-14 18:23:58.614  4135  5818 I libnfc_nci: [INFO:nfa_sys_main.cc(77)] NFA got event 0x0201
01-14 18:23:58.615  4135  5818 I libnfc_nci: [INFO:nfa_ee_main.cc(641)] Event API_REGISTER(0x201), State: INIT_DONE(1)
01-14 18:23:58.615  4135  5818 I libnfc_nci: [INFO:nfa_ee_act.cc(821)] max_aid_cfg_length: 660 and max_aid_entries: 133
01-14 18:23:58.615  4135  5818 I libnfc_nci: [INFO:RoutingManager.cpp(700)] RoutingManager::nfaEeCallback: NFA_EE_REGISTER_EVT; status=0
01-14 18:23:58.615  4135  5818 I libnfc_nci: [INFO:RoutingManager.cpp(776)] nfaEeCallback: NFA_EE_DISCOVER_REQ_EVT; status=0x0; num ee=0
01-14 18:23:58.615  4135  4802 I libnfc_nci: [INFO:nfa_ce_api.cc(412)] 0x1
01-14 18:23:58.615  4135  4802 I libnfc_nci: [INFO:nfa_ce_api.cc(334)] NFA_CeRegisterAidOnDH
01-14 18:23:58.615  4135  5818 I libnfc_nci: [INFO:nfa_sys_main.cc(77)] NFA got event 0x0603
01-14 18:23:58.624     0     0 E nq-nci 6-0028: nfc_read : reading 3 bytes.
01-14 18:23:58.633     0     0 E nq-nci 6-0028: nfc_read : reading 5 bytes.
01-14 18:23:58.615  4135  4802 I libnfc_nci: [INFO:nfa_ee_api.cc(495)] handle:<0x0>clear protocol_mask:<0x8>
01-14 18:23:58.615  4135  5818 I libnfc_nci: [INFO:nfa_ce_main.cc(176)] nfa_ce_handle_event event: NFA_CE_API_CFG_ISODEP_TECH_EVT (0x603), flags: 00000000
01-14 18:23:58.615  4135  4802 I libnfc_nci: [INFO:nfa_ee_main.cc(403)] nfa_ee_find_ecb
01-14 18:23:58.615  4135  5818 I libnfc_nci: [INFO:nfa_sys_main.cc(77)] NFA got event 0x0601
01-14 18:23:58.615  4135  4802 I libnfc_nci: [INFO:nfa_ee_api.cc(434)] handle:<0x0>protocol_mask:<0x8>/<0x0>/<0x0><0x8><0x0><0x0>
01-14 18:23:58.615  4135  5818 I libnfc_nci: [INFO:nfa_ce_main.cc(176)] nfa_ce_handle_event event: NFA_CE_API_REG_LISTEN_EVT (0x601), flags: 00000000
01-14 18:23:58.615  4135  4802 I libnfc_nci: [INFO:nfa_ee_main.cc(403)] nfa_ee_find_ecb
01-14 18:23:58.615  4135  5818 I libnfc_nci: [INFO:nfa_ce_act.cc(1277)] Registering UICC/Felica/Type-4 tag listener. Type=0
01-14 18:23:58.615  4135  4802 I libnfc_nci: [INFO:RoutingManager.cpp(539)] RoutingManager::updateDefaultProtocolRoute: Succeed to register default ISO-DEP route
01-14 18:23:58.615  4135  5818 I libnfc_nci: [INFO:nfa_ce_act.cc(1329)] NFA_CE: adding listen_info entry 1
01-14 18:23:58.615  4135  4802 I libnfc_nci: [INFO:nfa_ee_api.cc(434)] handle:<0x0>protocol_mask:<0x4>/<0x0>/<0x0><0x0><0x0><0x0>
01-14 18:23:58.615  4135  5818 I libnfc_nci: [INFO:ce_t4t.cc(892)] registering callback for wildcard AID
01-14 18:23:58.615  4135  5818 I libnfc_nci: [INFO:ce_t4t.cc(904)] handle 0x04 registered (for wildcard AID)
01-14 18:23:58.616  4135  5818 I libnfc_nci: [INFO:nfa_dm_discover.cc(2591)] disc_mask=0x40000
01-14 18:23:58.616  4135  4802 I libnfc_nci: [INFO:nfa_ee_main.cc(403)] nfa_ee_find_ecb
01-14 18:23:58.616  4135  5818 I libnfc_nci: [INFO:nfa_ce_act.cc(1417)] nfa_ce_api_reg_listen: registered handle 0x0301
01-14 18:23:58.616  4135  5818 I libnfc_nci: [INFO:RoutingManager.cpp(473)] RoutingManager::stackCallback: event=0x15
01-14 18:23:58.616  4135  5818 I libnfc_nci: [INFO:RoutingManager.cpp(479)] RoutingManager::stackCallback: NFA_CE_REGISTERED_EVT; status=0x0; h=0x301
01-14 18:23:58.616  4135  5818 I libnfc_nci: [INFO:nfa_sys_main.cc(77)] NFA got event 0x0207
01-14 18:23:58.616  4135  5818 I libnfc_nci: [INFO:nfa_ee_main.cc(641)] Event API_CLEAR_PROTO_CFG(0x207), State: INIT_DONE(1)
01-14 18:23:58.616  4135  5818 I libnfc_nci: [INFO:RoutingManager.cpp(742)] RoutingManager::nfaEeCallback: NFA_EE_CLEAR_PROTO_CFG_EVT; status=0x0
01-14 18:23:58.616  4135  5818 I libnfc_nci: [INFO:nfa_sys_main.cc(77)] NFA got event 0x0206
01-14 18:23:58.616  4135  4802 I libnfc_nci: [INFO:NativeNfcTag.cpp(1767)] nativeNfcTag_registerNdefTypeHandler
01-14 18:23:58.616  4135  5818 I libnfc_nci: [INFO:nfa_ee_main.cc(641)] Event API_SET_PROTO_CFG(0x206), State: INIT_DONE(1)
01-14 18:23:58.616  4135  4802 I libnfc_nci: [INFO:nfa_dm_api.cc(1000)] handle whole ndef message: 1, tnf=0xff
01-14 18:23:58.616  4135  5818 I libnfc_nci: [INFO:nfa_ee_act.cc(208)] nfa_ee_update_route_size nfcee_id:0x0 size_mask_proto:10 size_mask_tech:0
01-14 18:23:58.616  4135  5818 I libnfc_nci: [INFO:nfa_ee_act.cc(304)] nfa_ee_total_lmrt_size size:10
01-14 18:23:58.616  4135  5818 I libnfc_nci: [INFO:nfa_dm_main.cc(194)] flags:0x1
01-14 18:23:58.616  4135  4802 I libnfc_nci: [INFO:NfcTag.cpp(1077)] NfcTag::resetTechnologies
01-14 18:23:58.616  4135  5818 I libnfc_nci: [INFO:nfa_sys_ptim.cc(128)] nfa_sys_ptim_start_timer 0x768e6b19f0
01-14 18:23:58.639     0     0 E nq-nci 6-0028: nfc_read : reading 3 bytes.
01-14 18:23:58.616  4135  5818 I libnfc_nci: [INFO:nfa_sys_ptim.cc(133)] ptim timer start
01-14 18:23:58.616  4135  4802 I libnfc_nci: [INFO:PeerToPeer.cpp(108)] PeerToPeer::initialize
01-14 18:23:58.616  4135  5818 I libnfc_nci: [INFO:RoutingManager.cpp(735)] RoutingManager::nfaEeCallback: NFA_EE_SET_PROTO_CFG_EVT; status=0x0
01-14 18:23:58.616  4135  4802 I libnfc_nci: [INFO:PeerToPeer.cpp(1159)] PeerToPeer::handleNfcOnOff: enter; is on=1
01-14 18:23:58.616  4135  5818 I libnfc_nci: [INFO:nfa_sys_main.cc(77)] NFA got event 0x0206
01-14 18:23:58.617  4135  4802 I libnfc_nci: [INFO:PeerToPeer.cpp(1199)] PeerToPeer::handleNfcOnOff: exit
01-14 18:23:58.617  4135  5818 I libnfc_nci: [INFO:nfa_ee_main.cc(641)] Event API_SET_PROTO_CFG(0x206), State: INIT_DONE(1)
01-14 18:23:58.617  4135  4802 I libnfc_nci: [INFO:nfa_hci_api.cc(70)] Application Name: NfcNci
01-14 18:23:58.617  4135  5818 I libnfc_nci: [INFO:nfa_ee_act.cc(208)] nfa_ee_update_route_size nfcee_id:0x0 size_mask_proto:15 size_mask_tech:0
01-14 18:23:58.617  4135  4802 I libnfc_nci: [INFO:NativeNfcManager.cpp(1117)] nfcManager_doInitialize: tag polling tech mask=0xEF
01-14 18:23:58.617  4135  4802 I libnfc_nci: [INFO:nfa_dm_api.cc(760)] NFA_SetRfDiscoveryDuration
01-14 18:23:58.617  4135  4802 I libnfc_nci: [INFO:nfa_dm_api.cc(282)] num_ids: 1
01-14 18:23:58.618  4135  5818 I libnfc_nci: [INFO:nfa_ee_act.cc(304)] nfa_ee_total_lmrt_size size:15
01-14 18:23:58.618  4135  5818 I libnfc_nci: [INFO:nfa_dm_main.cc(194)] flags:0x1
01-14 18:23:58.618  4135  5818 I libnfc_nci: [INFO:nfa_sys_ptim.cc(128)] nfa_sys_ptim_start_timer 0x768e6b19f0
01-14 18:23:58.618  4135  5818 I libnfc_nci: [INFO:RoutingManager.cpp(735)] RoutingManager::nfaEeCallback: NFA_EE_SET_PROTO_CFG_EVT; status=0x0
01-14 18:23:58.618  4135  5818 I libnfc_nci: [INFO:nfa_sys_main.cc(77)] NFA got event 0x0115
01-14 18:23:58.618  4135  5818 I libnfc_nci: [INFO:nfa_dm_main.cc(122)] event: NFA_DM_API_REG_NDEF_HDLR_EVT (0x15)
01-14 18:23:58.618  4135  5818 I libnfc_nci: [INFO:nfa_dm_ndef.cc(150)] Default NDEF handler successfully registered.
01-14 18:23:58.618  4135  5818 I libnfc_nci: [INFO:nfa_dm_ndef.cc(180)] NDEF handler successfully registered. Handle=0x00000200
01-14 18:23:58.618  4135  5818 I libnfc_nci: [INFO:NativeNfcTag.cpp(236)] ndefHandlerCallback: event=0, eventData=0x76e3cef500
01-14 18:23:58.618  4135  5818 I libnfc_nci: [INFO:NativeNfcTag.cpp(242)] ndefHandlerCallback: NFA_NDEF_REGISTER_EVT; status=0x0; h=0x200
01-14 18:23:58.618  4135  5818 I libnfc_nci: [INFO:nfa_sys_main.cc(77)] NFA got event 0x0700
01-14 18:23:58.618  4135  5818 I libnfc_nci: [INFO:nfa_hci_main.cc(1120)] nfa_hci_evt_hdlr state: IDLE (3) event: API_REGISTER (0x0700)
01-14 18:23:58.618  4135  5818 I libnfc_nci: [INFO:nfa_hci_act.cc(242)] nfa_hci_api_register (NfcNci)  Reusing: 0
01-14 18:23:58.619  4135  5818 I libnfc_nci: [INFO:HciEventManager.cpp(141)] event=0 code=0 pipe=0 len=0
01-14 18:23:58.619  4135  5818 I libnfc_nci: [INFO:nfa_sys_main.cc(77)] NFA got event 0x0110
01-14 18:23:58.619  4135  5818 I libnfc_nci: [INFO:nfa_dm_main.cc(122)] event: NFA_DM_API_SET_RF_DISC_DURATION_EVT (0x10)
01-14 18:23:58.619  4135  5818 I libnfc_nci: [INFO:nfa_sys_main.cc(77)] NFA got event 0x0103
01-14 18:23:58.619  4135  5818 I libnfc_nci: [INFO:nfa_dm_main.cc(122)] event: NFA_DM_API_GET_CONFIG_EVT (0x03)
01-14 18:23:58.619  4135  5818 I libnfc_nci: [INFO:NfcAdaptation.cc(751)] NfcAdaptation::HalWrite
01-14 18:23:58.619  4525  4525 D NxpExtns: find found MIFARE_READER_ENABLE=(0x1)
01-14 18:23:58.619  4525  4525 D NfccPowerTracker: NfccPowerTracker::ProcessCmd: Enter,Recieved len :5
01-14 18:23:58.619  4525  5821 D NxpTml  : PN54X - Write requested.....
01-14 18:23:58.620  4525  5821 D NxpTml  : PN54X - Invoking I2C Write.....
01-14 18:23:58.622  4525  5821 D NxpNciX : len =   5 > 2003020152
01-14 18:23:58.622  4525  5821 D NxpTml  : PN54X - I2C Write successful.....
01-14 18:23:58.622  4525  5821 D NxpTml  : PN54X - Posting Fresh Write message.....
01-14 18:23:58.622  4525  5821 D NxpTml  : PN54X - Tml Writer Thread Running................
01-14 18:23:58.622  4525  5823 D NxpHal  : write successful status = 0x0
01-14 18:23:58.626  4525  5820 D NxpTml  : PN54X - I2C Read successful.....
01-14 18:23:58.627  4525  5820 D NxpNciR : len =   8 > 4003050001520104
01-14 18:23:58.627  4525  5820 D NxpTml  : PN54X - Posting read message.....
01-14 18:23:58.627  4525  5823 D NxpHal  : read successful status = 0x0
01-14 18:23:58.627  4525  5823 D NxpHal  : phNxpNciHal_print_res_status: response status =STATUS_OK
01-14 18:23:58.628  4135  5818 I libnfc_nci: [INFO:nfc_ncif.cc(399)] NFC received rsp gid:0
01-14 18:23:58.628  4135  5818 I libnfc_nci: [INFO:nci_hrcv.cc(62)] nci_proc_core_rsp opcode:0x3
01-14 18:23:58.628  4135  5818 I libnfc_nci: [INFO:nfa_dm_act.cc(268)] NFC_GET_CONFIG_REVT(0x5003)
01-14 18:23:58.628  4135  5818 I libnfc_nci: [INFO:NativeNfcManager.cpp(729)] nfaDeviceManagementCallback: enter; event=0x3
01-14 18:23:58.628  4135  5818 I libnfc_nci: [INFO:NativeNfcManager.cpp(763)] nfaDeviceManagementCallback: NFA_DM_GET_CONFIG_EVT
01-14 18:23:58.628  4525  5820 D NxpTml  : PN54X - Read requested.....
01-14 18:23:58.628  4525  5820 D NxpTml  : PN54X - Invoking I2C Read.....
01-14 18:23:58.630  4135  4802 I libnfc_nci: [INFO:NativeNfcManager.cpp(1136)] nfcManager_doInitialize: lfT3tMax=4
01-14 18:23:58.630  4135  4802 I libnfc_nci: [INFO:PowerSwitch.cpp(154)] PowerSwitch::setLevel: level=PS-LOW-POWER (2)
01-14 18:23:58.630  4135  4802 I libnfc_nci: [INFO:PowerSwitch.cpp(201)] PowerSwitch::setLevel: actual power level=PS-FULL
01-14 18:23:58.630  4135  4802 I libnfc_nci: [INFO:NativeNfcManager.cpp(1165)] nfcManager_doInitialize: exit
01-14 18:23:58.632  4135  4802 D NfcService: NCI_Version: 16
01-14 18:23:58.637  4135  5826 I libnfc_nci: [INFO:NativeNfcManager.cpp(1370)] nfcManager_doCreateLlcpServiceSocket: enter: sap=4; name=urn:nfc:sn:snep; miu=1980; r
w=2; buffLen=1024
01-14 18:23:58.637  4135  5826 I libnfc_nci: [INFO:PeerToPeer.cpp(195)] PeerToPeer::registerServer: enter; service name: urn:nfc:sn:snep  JNI handle: 31
01-14 18:23:58.637  4135  5826 I libnfc_nci: [INFO:PeerToPeer.cpp(217)] PeerToPeer::registerServer: added new p2p server  index: 0  handle: 31  name: urn:nfc:sn:sne
p
01-14 18:23:58.637  4135  5826 I libnfc_nci: [INFO:PeerToPeer.cpp(1606)] P2pServer::registerWithStack: enter; service name: urn:nfc:sn:snep  JNI handle: 31
01-14 18:23:58.637  4135  5826 I libnfc_nci: [INFO:nfa_p2p_api.cc(973)] link_miu:2175, opt:0x03, wt:8, link_timeout:1000
01-14 18:23:58.637  4135  5826 I libnfc_nci: [INFO:nfa_p2p_api.cc(976)]                        inact_timeout(init:0, target:0), symm_delay:20, data_link_timeout:200
0
01-14 18:23:58.637  4135  5826 I libnfc_nci: [INFO:nfa_p2p_api.cc(980)]                        delay_first_pdu_timeout:50
01-14 18:23:58.638  4135  5818 I libnfc_nci: [INFO:nfa_sys_main.cc(77)] NFA got event 0x030C
01-14 18:23:58.638  4135  5818 I libnfc_nci: [INFO:nfa_p2p_main.cc(735)] LLCP State [Link IDLE], Event [API_SET_LLCP_CFG_EVT]
01-14 18:23:58.638  4135  5818 I libnfc_nci: [INFO:llcp_api.cc(101)] link_miu:2175, opt:0x03, wt:8, link_timeout:1000
01-14 18:23:58.638  4135  5818 I libnfc_nci: [INFO:llcp_api.cc(104)]                  inact_timeout (init:0,target:0), symm_delay:20, data_link_timeout:2000
01-14 18:23:58.638  4135  5818 I libnfc_nci: [INFO:llcp_api.cc(108)]                  delay_first_pdu_timeout:50
01-14 18:23:58.639  4135  5826 I libnfc_nci: [INFO:nfa_p2p_api.cc(69)] server_sap:0x04, link_type:0x2, SN:<urn:nfc:sn:snep>
01-14 18:23:58.639  4135  5826 I libnfc_nci: [INFO:PeerToPeer.cpp(1650)] P2pServer::registerWithStack: wait for listen-completion event
01-14 18:23:58.639  4135  5818 I libnfc_nci: [INFO:nfa_sys_main.cc(77)] NFA got event 0x0300
01-14 18:23:58.639  4135  5818 I libnfc_nci: [INFO:nfa_p2p_main.cc(735)] LLCP State [Link IDLE], Event [API_REG_SERVER]
01-14 18:23:58.639  4135  5818 I libnfc_nci: [INFO:nfa_p2p_act.cc(617)] nfa_p2p_reg_server
01-14 18:23:58.639  4135  5818 I libnfc_nci: [INFO:llcp_api.cc(369)] SAP:0x4, link_type:0x2, ServiceName:<urn:nfc:sn:snep>
01-14 18:23:58.640  4135  5818 I libnfc_nci: [INFO:llcp_api.cc(453)] Registered SAP = 0x04
01-14 18:23:58.640  4135  5818 I libnfc_nci: [INFO:nfa_p2p_main.cc(587)] sys_id = 3, update_wks = 1
01-14 18:23:58.640  4135  5818 I libnfc_nci: [INFO:PeerToPeer.cpp(1219)] PeerToPeer::nfaServerCallback: enter; event=0x0
01-14 18:23:58.640  4135  5818 I libnfc_nci: [INFO:PeerToPeer.cpp(1225)] PeerToPeer::nfaServerCallback: NFA_P2P_REG_SERVER_EVT; handle: 0x0504; service sap=0x04  na
me: urn:nfc:sn:snep
01-14 18:23:58.640  4135  5818 I libnfc_nci: [INFO:PeerToPeer.cpp(1377)] PeerToPeer::nfaServerCallback: exit
01-14 18:23:58.641  4135  5826 I libnfc_nci: [INFO:PeerToPeer.cpp(232)] PeerToPeer::registerServer: got new p2p server h=0x504
01-14 18:23:58.641  4135  5826 I libnfc_nci: [INFO:NativeNfcManager.cpp(1404)] nfcManager_doCreateLlcpServiceSocket: socket Handle = 0x1F
01-14 18:23:58.641  4135  5826 I libnfc_nci: [INFO:NativeNfcManager.cpp(1411)] nfcManager_doCreateLlcpServiceSocket: buffer length = 1024
01-14 18:23:58.641  4135  5826 I libnfc_nci: [INFO:NativeNfcManager.cpp(1417)] nfcManager_doCreateLlcpServiceSocket: MIU = 1980
01-14 18:23:58.641  4135  5826 I libnfc_nci: [INFO:NativeNfcManager.cpp(1423)] nfcManager_doCreateLlcpServiceSocket:  RW = 2
01-14 18:23:58.641  4135  5826 I libnfc_nci: [INFO:NativeNfcManager.cpp(1427)] nfcManager_doCreateLlcpServiceSocket: exit
01-14 18:23:58.641  4135  5826 I libnfc_nci: [INFO:NativeLlcpServiceSocket.cpp(59)] nativeLlcpServiceSocket_doAccept: enter
01-14 18:23:58.641  4135  5826 I libnfc_nci: [INFO:PeerToPeer.cpp(433)] PeerToPeer::accept: enter; server jni handle: 31; conn jni handle: 32; maxInfoUnit: 1980; re
cvWindow: 2
01-14 18:23:58.641  4135  5826 I libnfc_nci: [INFO:PeerToPeer.cpp(1676)] P2pServer::accept: serverJniHandle: 31; connJniHandle: 32; wait for incoming connection
01-14 18:23:58.647  4135  5828 I libnfc_nci: [INFO:NativeNfcManager.cpp(1370)] nfcManager_doCreateLlcpServiceSocket: enter: sap=20; name=urn:nfc:sn:handover; miu=12
8; rw=1; buffLen=1024
01-14 18:23:58.651  4135  5828 I libnfc_nci: [INFO:PeerToPeer.cpp(195)] PeerToPeer::registerServer: enter; service name: urn:nfc:sn:handover  JNI handle: 33
01-14 18:23:58.651  4135  5828 I libnfc_nci: [INFO:PeerToPeer.cpp(217)] PeerToPeer::registerServer: added new p2p server  index: 1  handle: 33  name: urn:nfc:sn:han
dover
01-14 18:23:58.651  4135  5828 I libnfc_nci: [INFO:PeerToPeer.cpp(1606)] P2pServer::registerWithStack: enter; service name: urn:nfc:sn:handover  JNI handle: 33
01-14 18:23:58.652  4135  5828 I libnfc_nci: [INFO:nfa_p2p_api.cc(973)] link_miu:2175, opt:0x03, wt:8, link_timeout:1000
01-14 18:23:58.652  4135  5828 I libnfc_nci: [INFO:nfa_p2p_api.cc(976)]                        inact_timeout(init:0, target:0), symm_delay:20, data_link_timeout:200
0
01-14 18:23:58.652  4135  5828 I libnfc_nci: [INFO:nfa_p2p_api.cc(980)]                        delay_first_pdu_timeout:50
01-14 18:23:58.652  4135  5828 I libnfc_nci: [INFO:nfa_p2p_api.cc(69)] server_sap:0xff, link_type:0x2, SN:<urn:nfc:sn:handover>
01-14 18:23:58.652  4135  5818 I libnfc_nci: [INFO:nfa_sys_main.cc(77)] NFA got event 0x030C
01-14 18:23:58.652  4135  5828 I libnfc_nci: [INFO:PeerToPeer.cpp(1650)] P2pServer::registerWithStack: wait for listen-completion event
01-14 18:23:58.652  4135  5818 I libnfc_nci: [INFO:nfa_p2p_main.cc(735)] LLCP State [Link IDLE], Event [API_SET_LLCP_CFG_EVT]
01-14 18:23:58.652  4135  5818 I libnfc_nci: [INFO:llcp_api.cc(101)] link_miu:2175, opt:0x03, wt:8, link_timeout:1000
01-14 18:23:58.652  4135  5818 I libnfc_nci: [INFO:llcp_api.cc(104)]                  inact_timeout (init:0,target:0), symm_delay:20, data_link_timeout:2000
01-14 18:23:58.652  4135  5818 I libnfc_nci: [INFO:llcp_api.cc(108)]                  delay_first_pdu_timeout:50
01-14 18:23:58.652  4135  5818 I libnfc_nci: [INFO:nfa_sys_main.cc(77)] NFA got event 0x0300
01-14 18:23:58.652  4135  5818 I libnfc_nci: [INFO:nfa_p2p_main.cc(735)] LLCP State [Link IDLE], Event [API_REG_SERVER]
01-14 18:23:58.652  4135  5818 I libnfc_nci: [INFO:nfa_p2p_act.cc(617)] nfa_p2p_reg_server
01-14 18:23:58.652  4135  5818 I libnfc_nci: [INFO:llcp_api.cc(369)] SAP:0xff, link_type:0x2, ServiceName:<urn:nfc:sn:handover>
01-14 18:23:58.652  4135  5827 I libnfc_nci: [INFO:NativeNfcManager.cpp(1370)] nfcManager_doCreateLlcpServiceSocket: enter: sap=16; name=com.android.npp; miu=248; r
w=1; buffLen=1024
01-14 18:23:58.652  4135  5818 I libnfc_nci: [INFO:llcp_api.cc(453)] Registered SAP = 0x10
01-14 18:23:58.652  4135  5818 I libnfc_nci: [INFO:PeerToPeer.cpp(1219)] PeerToPeer::nfaServerCallback: enter; event=0x0
01-14 18:23:58.652  4135  5818 I libnfc_nci: [INFO:PeerToPeer.cpp(1225)] PeerToPeer::nfaServerCallback: NFA_P2P_REG_SERVER_EVT; handle: 0x0510; service sap=0x10  na
me: urn:nfc:sn:handover
01-14 18:23:58.652  4135  5818 I libnfc_nci: [INFO:PeerToPeer.cpp(1377)] PeerToPeer::nfaServerCallback: exit
01-14 18:23:58.652  4135  5828 I libnfc_nci: [INFO:PeerToPeer.cpp(232)] PeerToPeer::registerServer: got new p2p server h=0x510
01-14 18:23:58.652  4135  5828 I libnfc_nci: [INFO:NativeNfcManager.cpp(1404)] nfcManager_doCreateLlcpServiceSocket: socket Handle = 0x21
01-14 18:23:58.652  4135  5828 I libnfc_nci: [INFO:NativeNfcManager.cpp(1411)] nfcManager_doCreateLlcpServiceSocket: buffer length = 1024
01-14 18:23:58.652  4135  5828 I libnfc_nci: [INFO:NativeNfcManager.cpp(1417)] nfcManager_doCreateLlcpServiceSocket: MIU = 128
01-14 18:23:58.653  4135  5828 I libnfc_nci: [INFO:NativeNfcManager.cpp(1423)] nfcManager_doCreateLlcpServiceSocket:  RW = 1
01-14 18:23:58.653  4135  5828 I libnfc_nci: [INFO:NativeNfcManager.cpp(1427)] nfcManager_doCreateLlcpServiceSocket: exit
01-14 18:23:58.653  4135  5828 I libnfc_nci: [INFO:NativeLlcpServiceSocket.cpp(59)] nativeLlcpServiceSocket_doAccept: enter
01-14 18:23:58.653  4135  5828 I libnfc_nci: [INFO:PeerToPeer.cpp(433)] PeerToPeer::accept: enter; server jni handle: 33; conn jni handle: 35; maxInfoUnit: 128; rec
vWindow: 1
01-14 18:23:58.653  4135  5828 I libnfc_nci: [INFO:PeerToPeer.cpp(1676)] P2pServer::accept: serverJniHandle: 33; connJniHandle: 35; wait for incoming connection
01-14 18:23:58.657  4135  5827 I libnfc_nci: [INFO:PeerToPeer.cpp(195)] PeerToPeer::registerServer: enter; service name: com.android.npp  JNI handle: 34
01-14 18:23:58.657  4135  4802 I libnfc_nci: [INFO:NativeNfcManager.cpp(1788)] nfcManager_doSetScreenState: state = 8 prevScreenState= 2, discovry_param = 1
01-14 18:23:58.658  4135  5827 I libnfc_nci: [INFO:PeerToPeer.cpp(217)] PeerToPeer::registerServer: added new p2p server  index: 2  handle: 34  name: com.android.np
p
01-14 18:23:58.658  4135  5827 I libnfc_nci: [INFO:PeerToPeer.cpp(1606)] P2pServer::registerWithStack: enter; service name: com.android.npp  JNI handle: 34
01-14 18:23:58.658  4135  5827 I libnfc_nci: [INFO:nfa_p2p_api.cc(973)] link_miu:2175, opt:0x03, wt:8, link_timeout:1000
01-14 18:23:58.658  4135  5827 I libnfc_nci: [INFO:nfa_p2p_api.cc(976)]                        inact_timeout(init:0, target:0), symm_delay:20, data_link_timeout:200
0
01-14 18:23:58.658  4135  4802 I libnfc_nci: [INFO:NativeNfcManager.cpp(1231)] nfcManager_enableDiscovery: enter; tech_mask = ef
01-14 18:23:58.658  4135  5827 I libnfc_nci: [INFO:nfa_p2p_api.cc(980)]                        delay_first_pdu_timeout:50
01-14 18:23:58.658  4135  4802 I libnfc_nci: [INFO:PowerSwitch.cpp(154)] PowerSwitch::setLevel: level=PS-FULL (1)
01-14 18:23:58.658  4135  4802 I libnfc_nci: [INFO:NativeNfcManager.cpp(2103)] startRfDiscovery: is start=0
01-14 18:23:58.658  4135  5827 I libnfc_nci: [INFO:nfa_p2p_api.cc(69)] server_sap:0xff, link_type:0x2, SN:<com.android.npp>
01-14 18:23:58.658  4135  5818 I libnfc_nci: [INFO:nfa_sys_main.cc(77)] NFA got event 0x030C
01-14 18:23:58.658  4135  5818 I libnfc_nci: [INFO:nfa_p2p_main.cc(735)] LLCP State [Link IDLE], Event [API_SET_LLCP_CFG_EVT]
01-14 18:23:58.658  4135  5818 I libnfc_nci: [INFO:llcp_api.cc(101)] link_miu:2175, opt:0x03, wt:8, link_timeout:1000
01-14 18:23:58.658  4135  5818 I libnfc_nci: [INFO:llcp_api.cc(104)]                  inact_timeout (init:0,target:0), symm_delay:20, data_link_timeout:2000
01-14 18:23:58.658  4135  5827 I libnfc_nci: [INFO:PeerToPeer.cpp(1650)] P2pServer::registerWithStack: wait for listen-completion event
01-14 18:23:58.658  4135  5818 I libnfc_nci: [INFO:llcp_api.cc(108)]                  delay_first_pdu_timeout:50
01-14 18:23:58.658  4135  5818 I libnfc_nci: [INFO:nfa_sys_main.cc(77)] NFA got event 0x0300
01-14 18:23:58.658  4135  5818 I libnfc_nci: [INFO:nfa_p2p_main.cc(735)] LLCP State [Link IDLE], Event [API_REG_SERVER]
01-14 18:23:58.658  4135  5818 I libnfc_nci: [INFO:nfa_p2p_act.cc(617)] nfa_p2p_reg_server
01-14 18:23:58.658  4135  5818 I libnfc_nci: [INFO:llcp_api.cc(369)] SAP:0xff, link_type:0x2, ServiceName:<com.android.npp>
01-14 18:23:58.658  4135  5818 I libnfc_nci: [INFO:llcp_api.cc(453)] Registered SAP = 0x11
01-14 18:23:58.658  4135  5818 I libnfc_nci: [INFO:PeerToPeer.cpp(1219)] PeerToPeer::nfaServerCallback: enter; event=0x0
01-14 18:23:58.658  4135  5818 I libnfc_nci: [INFO:PeerToPeer.cpp(1225)] PeerToPeer::nfaServerCallback: NFA_P2P_REG_SERVER_EVT; handle: 0x0511; service sap=0x11  na
me: com.android.npp
01-14 18:23:58.659  4135  5818 I libnfc_nci: [INFO:PeerToPeer.cpp(1377)] PeerToPeer::nfaServerCallback: exit
01-14 18:23:58.660  4135  5827 I libnfc_nci: [INFO:PeerToPeer.cpp(232)] PeerToPeer::registerServer: got new p2p server h=0x511
01-14 18:23:58.660  4135  5827 I libnfc_nci: [INFO:NativeNfcManager.cpp(1404)] nfcManager_doCreateLlcpServiceSocket: socket Handle = 0x22
01-14 18:23:58.660  4135  5827 I libnfc_nci: [INFO:NativeNfcManager.cpp(1411)] nfcManager_doCreateLlcpServiceSocket: buffer length = 1024
01-14 18:23:58.660  4135  5827 I libnfc_nci: [INFO:NativeNfcManager.cpp(1417)] nfcManager_doCreateLlcpServiceSocket: MIU = 248
01-14 18:23:58.660  4135  5827 I libnfc_nci: [INFO:NativeNfcManager.cpp(1423)] nfcManager_doCreateLlcpServiceSocket:  RW = 1
01-14 18:23:58.660  4135  5827 I libnfc_nci: [INFO:NativeNfcManager.cpp(1427)] nfcManager_doCreateLlcpServiceSocket: exit
01-14 18:23:58.660  4135  5827 I libnfc_nci: [INFO:NativeLlcpServiceSocket.cpp(59)] nativeLlcpServiceSocket_doAccept: enter
01-14 18:23:58.660  4135  5827 I libnfc_nci: [INFO:PeerToPeer.cpp(433)] PeerToPeer::accept: enter; server jni handle: 34; conn jni handle: 36; maxInfoUnit: 248; rec
vWindow: 1
01-14 18:23:58.660  4135  5827 I libnfc_nci: [INFO:PeerToPeer.cpp(1676)] P2pServer::accept: serverJniHandle: 34; connJniHandle: 36; wait for incoming connection
01-14 18:23:58.661  4135  4802 I libnfc_nci: [INFO:NativeNfcTag.cpp(1801)] nativeNfcTag_acquireRfInterfaceMutexLock: try to acquire lock
01-14 18:23:58.661  4135  4802 I libnfc_nci: [INFO:NativeNfcTag.cpp(1804)] nativeNfcTag_acquireRfInterfaceMutexLock: sRfInterfaceMutex lock
01-14 18:23:58.661  4135  4802 I libnfc_nci: [INFO:nfa_dm_api.cc(721)] NFA_StopRfDiscovery
01-14 18:23:58.661  4135  5818 I libnfc_nci: [INFO:nfa_sys_main.cc(77)] NFA got event 0x010F
01-14 18:23:58.661  4135  5818 I libnfc_nci: [INFO:nfa_dm_main.cc(122)] event: NFA_DM_API_STOP_RF_DISCOVERY_EVT (0x0f)
01-14 18:23:58.661  4135  5818 I libnfc_nci: [INFO:nfa_dm_act.cc(1259)] nfa_dm_act_stop_rf_discovery
01-14 18:23:58.661  4135  5818 I libnfc_nci: [INFO:NativeNfcManager.cpp(276)] nfaConnectionCallback: event= 31
01-14 18:23:58.661  4135  5818 I libnfc_nci: [INFO:NativeNfcManager.cpp(311)] nfaConnectionCallback: NFA_RF_DISCOVERY_STOPPED_EVT: status = 0
01-14 18:23:58.661  4135  4802 I libnfc_nci: [INFO:NativeNfcTag.cpp(1819)] nativeNfcTag_releaseRfInterfaceMutexLock: sRfInterfaceMutex unlock
01-14 18:23:58.661  4135  4802 I libnfc_nci: [INFO:NativeNfcTag.cpp(1801)] nativeNfcTag_acquireRfInterfaceMutexLock: try to acquire lock
01-14 18:23:58.661  4135  4802 I libnfc_nci: [INFO:NativeNfcTag.cpp(1804)] nativeNfcTag_acquireRfInterfaceMutexLock: sRfInterfaceMutex lock
01-14 18:23:58.662  4135  4802 I libnfc_nci: [INFO:NativeNfcManager.cpp(2233)] stopPolling_rfDiscoveryDisabled: disable polling
01-14 18:23:58.662  4135  4802 I libnfc_nci: [INFO:nfa_dm_api.cc(477)] NFA_DisablePolling
01-14 18:23:58.662  4135  5818 I libnfc_nci: [INFO:nfa_sys_main.cc(77)] NFA got event 0x0107
01-14 18:23:58.662  4135  5818 I libnfc_nci: [INFO:nfa_dm_main.cc(122)] event: NFA_DM_API_DISABLE_POLLING_EVT (0x07)
01-14 18:23:58.662  4135  5818 I libnfc_nci: [INFO:nfa_dm_act.cc(1042)] nfa_dm_act_disable_polling
01-14 18:23:58.662  4135  5818 I libnfc_nci: [INFO:NativeNfcManager.cpp(276)] nfaConnectionCallback: event= 1
01-14 18:23:58.663  4135  5818 I libnfc_nci: [INFO:NativeNfcManager.cpp(291)] nfaConnectionCallback: NFA_POLL_DISABLED_EVT: status = 3
01-14 18:23:58.663  4135  4802 I libnfc_nci: [INFO:NativeNfcTag.cpp(1819)] nativeNfcTag_releaseRfInterfaceMutexLock: sRfInterfaceMutex unlock
01-14 18:23:58.663  4135  4802 I libnfc_nci: [INFO:NativeNfcTag.cpp(1801)] nativeNfcTag_acquireRfInterfaceMutexLock: try to acquire lock
01-14 18:23:58.663  4135  4802 I libnfc_nci: [INFO:NativeNfcTag.cpp(1804)] nativeNfcTag_acquireRfInterfaceMutexLock: sRfInterfaceMutex lock
01-14 18:23:58.663  4135  4802 I libnfc_nci: [INFO:NativeNfcManager.cpp(2211)] startPolling_rfDiscoveryDisabled: enable polling
01-14 18:23:58.663  4135  4802 I libnfc_nci: [INFO:nfa_dm_api.cc(443)] 0xEF
01-14 18:23:58.663  4135  4802 I libnfc_nci: [INFO:NativeNfcManager.cpp(2215)] startPolling_rfDiscoveryDisabled: wait for enable event
01-14 18:23:58.664  4135  5818 I libnfc_nci: [INFO:nfa_sys_main.cc(77)] NFA got event 0x0106
01-14 18:23:58.664  4135  5818 I libnfc_nci: [INFO:nfa_dm_main.cc(122)] event: NFA_DM_API_ENABLE_POLLING_EVT (0x06)
01-14 18:23:58.665  4135  5818 I libnfc_nci: [INFO:nfa_dm_act.cc(977)] nfa_dm_act_enable_polling
01-14 18:23:58.665  4135  5818 I libnfc_nci: [INFO:nfa_dm_act.cc(908)] nfa_dm_start_polling
01-14 18:23:58.665  4135  5818 I libnfc_nci: [INFO:nfa_dm_discover.cc(2591)] disc_mask=0x7d7f
01-14 18:23:58.666  4135  5818 I libnfc_nci: [INFO:NativeNfcManager.cpp(276)] nfaConnectionCallback: event= 0
01-14 18:23:58.666  4135  5818 I libnfc_nci: [INFO:NativeNfcManager.cpp(282)] nfaConnectionCallback: NFA_POLL_ENABLED_EVT: status = 0
01-14 18:23:58.667  4135  4802 I libnfc_nci: [INFO:NativeNfcTag.cpp(1819)] nativeNfcTag_releaseRfInterfaceMutexLock: sRfInterfaceMutex unlock
01-14 18:23:58.667  4135  4802 I libnfc_nci: [INFO:NativeNfcManager.cpp(1253)] nfcManager_enableDiscovery: Enable p2pListening
01-14 18:23:58.667  4135  4802 I libnfc_nci: [INFO:PeerToPeer.cpp(1119)] PeerToPeer::enableP2pListening: enter isEnable: 1  mIsP2pListening: 0
01-14 18:23:58.667  4135  4802 I libnfc_nci: [INFO:nfa_dm_api.cc(658)] tech_mask:0xC5
01-14 18:23:58.667  4135  5818 I libnfc_nci: [INFO:nfa_sys_main.cc(77)] NFA got event 0x010D
01-14 18:23:58.667  4135  5818 I libnfc_nci: [INFO:nfa_dm_main.cc(122)] event: NFA_DM_API_SET_P2P_LISTEN_TECH_EVT (0x0d)
01-14 18:23:58.667  4135  5818 I libnfc_nci: [INFO:nfa_dm_act.cc(1208)] tech_mask = 197
01-14 18:23:58.667  4135  5818 I libnfc_nci: [INFO:nfa_p2p_main.cc(695)] tech_mask = 0xc5
01-14 18:23:58.667  4135  5818 I libnfc_nci: [INFO:nfa_p2p_main.cc(587)] sys_id = 3, update_wks = 0
01-14 18:23:58.667  4135  5818 I libnfc_nci: [INFO:nfa_dm_discover.cc(2591)] disc_mask=0xc480000
01-14 18:23:58.668  4135  5818 I libnfc_nci: [INFO:NativeNfcManager.cpp(276)] nfaConnectionCallback: event= 33
01-14 18:23:58.668  4135  5818 I libnfc_nci: [INFO:NativeNfcManager.cpp(622)] nfaConnectionCallback: NFA_SET_P2P_LISTEN_TECH_EVT
01-14 18:23:58.668  4135  4802 I libnfc_nci: [INFO:PeerToPeer.cpp(1143)] PeerToPeer::enableP2pListening: exit; mIsP2pListening: 1
01-14 18:23:58.668  4135  4802 I libnfc_nci: [INFO:nfa_dm_api.cc(621)] NFA_ResumeP2p
01-14 18:23:58.668  4135  4802 I libnfc_nci: [INFO:nfa_ee_api.cc(434)] handle:<0x0>protocol_mask:<0x4>/<0x0>/<0x0><0x0><0x0><0x0>
01-14 18:23:58.668  4135  4802 I libnfc_nci: [INFO:nfa_ee_main.cc(403)] nfa_ee_find_ecb
01-14 18:23:58.669  4135  5818 I libnfc_nci: [INFO:nfa_sys_main.cc(77)] NFA got event 0x010B
01-14 18:23:58.669  4135  5818 I libnfc_nci: [INFO:nfa_dm_main.cc(122)] event: NFA_DM_API_RESUME_P2P_EVT (0x0b)
01-14 18:23:58.669  4135  5818 I libnfc_nci: [INFO:nfa_dm_act.cc(1139)] nfa_dm_act_resume_p2p
01-14 18:23:58.669  4135  5818 I libnfc_nci: [INFO:NativeNfcManager.cpp(276)] nfaConnectionCallback: event= 39
01-14 18:23:58.669  4135  5818 I libnfc_nci: [INFO:NativeNfcManager.cpp(628)] nfaConnectionCallback: unknown event ????
01-14 18:23:58.669  4135  5818 I libnfc_nci: [INFO:nfa_sys_main.cc(77)] NFA got event 0x0206
01-14 18:23:58.669  4135  5818 I libnfc_nci: [INFO:nfa_ee_main.cc(641)] Event API_SET_PROTO_CFG(0x206), State: INIT_DONE(1)
01-14 18:23:58.669  4135  5818 I libnfc_nci: [INFO:nfa_ee_act.cc(208)] nfa_ee_update_route_size nfcee_id:0x0 size_mask_proto:15 size_mask_tech:0
01-14 18:23:58.671  4135  5818 I libnfc_nci: [INFO:nfa_ee_act.cc(304)] nfa_ee_total_lmrt_size size:15
01-14 18:23:58.715     0     0 E nq-nci 6-0028: nfc_read : reading 1 bytes.
01-14 18:23:58.671  4135  5818 I libnfc_nci: [INFO:nfa_dm_main.cc(194)] flags:0x5
01-14 18:23:58.671  4135  5818 I libnfc_nci: [INFO:nfa_sys_ptim.cc(128)] nfa_sys_ptim_start_timer 0x768e6b19f0
01-14 18:23:58.671  4135  5818 I libnfc_nci: [INFO:RoutingManager.cpp(735)] RoutingManager::nfaEeCallback: NFA_EE_SET_PROTO_CFG_EVT; status=0x0
01-14 18:23:58.671  4135  4802 I libnfc_nci: [INFO:nfa_ee_api.cc(434)] handle:<0x0>protocol_mask:<0x8>/<0x0>/<0x0><0x8><0x0><0x0>
01-14 18:23:58.671  4135  4802 I libnfc_nci: [INFO:nfa_ee_main.cc(403)] nfa_ee_find_ecb
01-14 18:23:58.671  4135  5818 I libnfc_nci: [INFO:nfa_sys_main.cc(77)] NFA got event 0x0206
01-14 18:23:58.671  4135  5818 I libnfc_nci: [INFO:nfa_ee_main.cc(641)] Event API_SET_PROTO_CFG(0x206), State: INIT_DONE(1)
01-14 18:23:58.671  4135  5818 I libnfc_nci: [INFO:nfa_ee_act.cc(208)] nfa_ee_update_route_size nfcee_id:0x0 size_mask_proto:15 size_mask_tech:0
01-14 18:23:58.671  4135  5818 I libnfc_nci: [INFO:nfa_ee_act.cc(304)] nfa_ee_total_lmrt_size size:15
01-14 18:23:58.671  4135  5818 I libnfc_nci: [INFO:nfa_dm_main.cc(194)] flags:0x5
01-14 18:23:58.671  4135  5818 I libnfc_nci: [INFO:nfa_sys_ptim.cc(128)] nfa_sys_ptim_start_timer 0x768e6b19f0
01-14 18:23:58.672  4135  5818 I libnfc_nci: [INFO:RoutingManager.cpp(735)] RoutingManager::nfaEeCallback: NFA_EE_SET_PROTO_CFG_EVT; status=0x0
01-14 18:23:58.672  4135  4802 I libnfc_nci: [INFO:nfa_ee_api.cc(303)] handle:<0x0>technology_mask:<0x1>/<0x0>/<0x0><0x1><0x1><0x1>
01-14 18:23:58.672  4135  4802 I libnfc_nci: [INFO:nfa_ee_main.cc(403)] nfa_ee_find_ecb
01-14 18:23:58.672  4135  5818 I libnfc_nci: [INFO:nfa_sys_main.cc(77)] NFA got event 0x0204
01-14 18:23:58.674  4135  5818 I libnfc_nci: [INFO:nfa_ee_main.cc(641)] Event API_SET_TECH_CFG(0x204), State: INIT_DONE(1)
01-14 18:23:58.675  4135  5818 I libnfc_nci: [INFO:nfa_ee_act.cc(208)] nfa_ee_update_route_size nfcee_id:0x0 size_mask_proto:15 size_mask_tech:5
01-14 18:23:58.675  4135  5818 I libnfc_nci: [INFO:nfa_ee_act.cc(304)] nfa_ee_total_lmrt_size size:20
01-14 18:23:58.683  4135  5818 I libnfc_nci: [INFO:nfa_dm_main.cc(194)] flags:0x5
01-14 18:23:58.683  4135  5818 I libnfc_nci: [INFO:nfa_sys_ptim.cc(128)] nfa_sys_ptim_start_timer 0x768e6b19f0
01-14 18:23:58.683  4135  5818 I libnfc_nci: [INFO:RoutingManager.cpp(721)] RoutingManager::nfaEeCallback: NFA_EE_SET_TECH_CFG_EVT; status=0x0
