01-15 23:38:23.096  1658  1658 I Diag_Lib: StartImsService
01-15 23:38:23.096  1658  1658 I imsrcsd : ImsServiceMain startService[1]
01-15 23:38:23.108  1869  1869 D SystemServerTiming: StartLockSettingsService took to complete: 28ms
01-15 23:38:23.108  1869  1869 I SystemServer: StartPersistentDataBlock
01-15 23:38:23.108  1869  1869 I SystemServiceManager: Starting com.android.server.PersistentDataBlockService
01-15 23:38:23.109  1869  1869 D SystemServerTiming: StartPersistentDataBlock took to complete: 0ms
01-15 23:38:23.109  1869  1869 I SystemServer: StartTestHarnessMode
01-15 23:38:23.109  1869  1869 I SystemServiceManager: Starting com.android.server.testharness.TestHarnessModeService
01-15 23:38:23.110  1869  2066 D SystemServerInitThreadPool: Started executing PersistentDataBlockService.onStart
01-15 23:38:23.111  1869  1869 D SystemServerTiming: StartTestHarnessMode took to complete: 2ms
01-15 23:38:23.111  1869  1869 I SystemServer: StartOemLockService
01-15 23:38:23.111  1869  1869 I SystemServiceManager: Starting com.android.server.oemlock.OemLockService
01-15 23:38:23.111  1658  2064 I ServiceManagement: Registered vendor.qti.ims.callinfo@1.0::IService/default (start delay of 5156ms)
01-15 23:38:23.111  1869  2066 E PersistentDataBlockService: not able to find package com.google.android.gms
01-15 23:38:23.111  1869  2066 E PersistentDataBlockService: android.content.pm.PackageManager$NameNotFoundException: com.google.android.gms
01-15 23:38:23.111  1869  2066 E PersistentDataBlockService:    at android.app.ApplicationPackageManager.getPackageUidAsUser(ApplicationPackageManager.java:311)
01-15 23:38:23.111  1869  2066 E PersistentDataBlockService:    at com.android.server.PersistentDataBlockService.getAllowedUid(PersistentDataBlockService.java:153)
01-15 23:38:23.111  1869  2066 E PersistentDataBlockService:    at com.android.server.PersistentDataBlockService.lambda$onStart$0$PersistentDataBlockService(Persist
entDataBlockService.java:166)
01-15 23:38:23.111  1869  2066 E PersistentDataBlockService:    at com.android.server.-$$Lambda$PersistentDataBlockService$EZl9OYaT2eNL7kfSr2nKUBjxidk.run(Unknown S
ource:2)
01-15 23:38:23.111  1869  2066 E PersistentDataBlockService:    at com.android.server.SystemServerInitThreadPool.lambda$submit$0$SystemServerInitThreadPool(SystemSe
rverInitThreadPool.java:72)
01-15 23:38:23.111  1869  2066 E PersistentDataBlockService:    at com.android.server.-$$Lambda$SystemServerInitThreadPool$jLyL3DFmbjsFesU5SGktD3NoWSc.run(Unknown S
ource:6)
01-15 23:38:23.111  1869  2066 E PersistentDataBlockService:    at java.util.concurrent.Executors$RunnableAdapter.call(Executors.java:462)
01-15 23:38:23.111  1869  2066 E PersistentDataBlockService:    at java.util.concurrent.FutureTask.run(FutureTask.java:266)
01-15 23:38:23.111  1869  2066 E PersistentDataBlockService:    at java.util.concurrent.ThreadPoolExecutor.runWorker(ThreadPoolExecutor.java:1167)
01-15 23:38:23.111  1869  2066 E PersistentDataBlockService:    at java.util.concurrent.ThreadPoolExecutor$Worker.run(ThreadPoolExecutor.java:641)
01-15 23:38:23.111  1869  2066 E PersistentDataBlockService:    at com.android.internal.util.ConcurrentUtils$1$1.run(ConcurrentUtils.java:62)
01-15 23:38:23.112  1658  2064 I imsrcsd : ImsServiceMain Running..
01-15 23:38:23.114  1869  1869 I OemLock : OemLock HAL not present on device
01-15 23:38:23.114  1869  1869 I OemLock : Using persistent data block based lock
01-15 23:38:23.116  1869  1869 D SystemServerTiming: StartOemLockService took to complete: 5ms
01-15 23:38:23.116  1869  1869 I SystemServer: StartDeviceIdleController
01-15 23:38:23.116  1869  1869 I SystemServiceManager: Starting com.android.server.DeviceIdleController
01-15 23:38:23.125  1869  1869 D SystemServerTiming: StartDeviceIdleController took to complete: 9ms
01-15 23:38:23.125  1869  1869 I SystemServer: StartDevicePolicyManager
01-15 23:38:23.125  1869  1869 I SystemServiceManager: Starting com.android.server.devicepolicy.DevicePolicyManagerService$Lifecycle
01-15 23:38:23.131  1869  1869 D SystemServerTiming: StartDevicePolicyManager took to complete: 5ms
01-15 23:38:23.131  1869  1869 I SystemServer: StartStatusBarManagerService
01-15 23:38:23.133  1869  1869 D SystemServerTiming: StartStatusBarManagerService took to complete: 3ms
01-15 23:38:23.134  1869  1869 D SystemServer: ContentCaptureService disabled because resource is not overlaid
01-15 23:38:23.135  1869  1869 D SystemServer: AttentionService is not configured on this device
01-15 23:38:23.135  1869  1869 D SystemServer: SystemCaptionsManagerService disabled because resource is not overlaid
01-15 23:38:23.135  1869  1869 D SystemServer: AppPredictionService not defined by OEM
01-15 23:38:23.135  1869  1869 D SystemServer: ContentSuggestionsService not defined by OEM
01-15 23:38:23.135  1869  1869 I SystemServer: InitNetworkStackClient
01-15 23:38:23.136  1869  1869 D SystemServerTiming: InitNetworkStackClient took to complete: 2ms
01-15 23:38:23.136  1869  1869 I SystemServer: StartNetworkManagementService
01-15 23:38:23.142  1869  1869 D SystemServerTiming: StartNetworkManagementService took to complete: 5ms
01-15 23:38:23.142  1869  1869 I SystemServer: StartIpSecService
01-15 23:38:23.143  1869  2066 D SystemServerInitThreadPool: Finished executing PersistentDataBlockService.onStart
01-15 23:38:23.144  1869  1869 D SystemServerTiming: StartIpSecService took to complete: 3ms
01-15 23:38:23.145  1869  1869 I SystemServer: StartTextServicesManager
01-15 23:38:23.145  1869  1869 I SystemServiceManager: Starting com.android.server.textservices.TextServicesManagerService$Lifecycle
01-15 23:38:23.148  1869  1869 D SystemServerTiming: StartTextServicesManager took to complete: 3ms
01-15 23:38:23.148  1869  1869 I SystemServer: StartTextClassificationManagerService
01-15 23:38:23.148  1869  1869 I SystemServiceManager: Starting com.android.server.textclassifier.TextClassificationManagerService$Lifecycle
01-15 23:38:23.150  1869  1869 D SystemServerTiming: StartTextClassificationManagerService took to complete: 2ms
01-15 23:38:23.150  1869  1869 I SystemServer: StartNetworkScoreService
01-15 23:38:23.150  1869  1869 I SystemServiceManager: Starting com.android.server.NetworkScoreService$Lifecycle
01-15 23:38:23.152  1869  1869 D SystemServerTiming: StartNetworkScoreService took to complete: 2ms
01-15 23:38:23.152  1869  1869 I SystemServer: StartNetworkStatsService
01-15 23:38:23.157  1869  1869 D SystemServerTiming: StartNetworkStatsService took to complete: 5ms
01-15 23:38:23.157  1869  1869 I SystemServer: StartNetworkPolicyManagerService
01-15 23:38:23.162  1869  1869 D SystemServerTiming: StartNetworkPolicyManagerService took to complete: 5ms
01-15 23:38:23.162  1869  1869 I SystemServer: StartWifi
01-15 23:38:23.186  1869  1869 I SystemServiceManager: Starting com.android.server.wifi.WifiService
01-15 23:38:23.210  1869  1869 E TelephonyManager: IMSI error: Subscriber Info is null
01-15 23:38:23.306  1320  1320 D TelephonyManager: No /proc/cmdline exception=java.io.FileNotFoundException: /proc/cmdline: open failed: EACCES (Permission denied)
01-15 23:38:23.306  1320  1320 D TelephonyManager: /proc/cmdline=
01-15 23:38:23.309  1869  1869 I auditd  : type=1400 audit(0.0:78): avc: denied { read } for comm="system_server" name="u:object_r:vendor_default_prop:s0" dev="tmpf
s" ino=4880 scontext=u:r:system_server:s0 tcontext=u:object_r:vendor_default_prop:s0 tclass=file permissive=0
01-15 23:38:23.325  1869  1869 D SystemServerTiming: StartWifi took to complete: 164ms
01-15 23:38:23.326  1869  1869 I SystemServer: StartWifiScanning
01-15 23:38:23.326  1869  1869 I SystemServiceManager: Starting com.android.server.wifi.scanner.WifiScanningService
01-15 23:38:23.329  1869  1869 D SystemServerTiming: StartWifiScanning took to complete: 3ms
01-15 23:38:23.329  1869  1869 I SystemServer: StartWifiP2P
01-15 23:38:23.330  1869  1869 I SystemServiceManager: Starting com.android.server.wifi.p2p.WifiP2pService
01-15 23:38:23.338  1869  1869 D SystemServerTiming: StartWifiP2P took to complete: 8ms
01-15 23:38:23.338  1869  1869 I SystemServer: StartEthernet
01-15 23:38:23.340  1869  1869 I SystemServiceManager: Starting com.android.server.ethernet.EthernetService
01-15 23:38:23.341  1869  1869 D SystemServerTiming: StartEthernet took to complete: 2ms
01-15 23:38:23.341  1869  1869 I SystemServer: StartConnectivityService
01-15 23:38:23.344  1869  1869 D ConnectivityService: ConnectivityService starting up
01-15 23:38:23.350  1869  1869 D ConnectivityService: wifiOnly=false
01-15 23:38:23.350  1869  1869 E ConnectivityService: Ignoring protectedNetwork 14
01-15 23:38:23.364  1869  1869 D SystemServerTiming: StartConnectivityService took to complete: 24ms
01-15 23:38:23.364  1869  1869 I SystemServer: StartNsdService
01-15 23:38:23.366  1869  1869 D NsdService: Network service discovery is enabled
01-15 23:38:23.369  1869  1869 D SystemServerTiming: StartNsdService took to complete: 4ms
01-15 23:38:23.369  1869  1869 I SystemServer: StartSystemUpdateManagerService
01-15 23:38:23.370  1869  1869 I SystemUpdateManagerService: No existing info file /data/system/system-update-info.xml
01-15 23:38:23.371  1869  1869 D SystemServerTiming: StartSystemUpdateManagerService took to complete: 2ms
01-15 23:38:23.372  1869  1869 I SystemServer: StartUpdateLockService
01-15 23:38:23.373  1869  1869 D SystemServerTiming: StartUpdateLockService took to complete: 2ms
01-15 23:38:23.373  1869  1869 I SystemServer: StartNotificationManager
01-15 23:38:23.373  1869  1869 I SystemServiceManager: Starting com.android.server.notification.NotificationManagerService
01-15 23:38:23.381  1869  1869 D ConditionProviders.SCP: new ScheduleConditionProvider()
01-15 23:38:23.382     0     0 E ipa-wan ipa_wwan_ioctl: 1582 dev(rmnet_data6) register to IPA
01-15 23:38:23.391  1869  1869 I NotificationListeners: Read notification listener permissions from xml
01-15 23:38:23.391  1869  1869 I NotificationAssistants: Read notification assistant permissions from xml
01-15 23:38:23.391  1869  1869 I ConditionProviders: Read condition provider permissions from xml
01-15 23:38:23.391  1869  1869 I ConditionProviders: Read condition provider permissions from xml
01-15 23:38:23.391  1869  1869 D NotificationAssistants: Approving default notification assistant for user 0
01-15 23:38:23.392  1869  1869 I ConditionProviders:  Allowing condition provider android.ext.services/android.ext.services.notification.Assistant
01-15 23:38:23.392  1869  1869 D NotificationService: Set default NAS to be android.ext.services/android.ext.services.notification.Assistant in 0
01-15 23:38:23.400  1869  1869 D SystemServerTiming: StartNotificationManager took to complete: 26ms
01-15 23:38:23.400  1869  1869 I SystemServer: StartDeviceMonitor
01-15 23:38:23.400  1869  1869 I SystemServiceManager: Starting com.android.server.storage.DeviceStorageMonitorService
01-15 23:38:23.403  1869  1869 D SystemServerTiming: StartDeviceMonitor took to complete: 3ms
01-15 23:38:23.403  1869  1869 I SystemServer: StartLocationManagerService
01-15 23:38:23.404  1869  1915 I commit_sys_config_file: [notification-policy,11]
01-15 23:38:23.405  1869  1869 D SystemServerTiming: StartLocationManagerService took to complete: 2ms
01-15 23:38:23.405  1869  1869 I SystemServer: StartCountryDetectorService
01-15 23:38:23.406  1869  1869 D SystemServerTiming: StartCountryDetectorService took to complete: 2ms
01-15 23:38:23.406  1869  1869 I SystemServer: StartTimeDetectorService
01-15 23:38:23.407  1869  1869 I SystemServiceManager: Starting com.android.server.timedetector.TimeDetectorService$Lifecycle
01-15 23:38:23.407  1869  2088 I storage_state: [41217664-9172-527a-b3d5-edabb50a7d69,0,0,20412030976,20726800384]
01-15 23:38:23.408  1869  1869 D SystemServerTiming: StartTimeDetectorService took to complete: 1ms
01-15 23:38:23.408  1869  1869 I SystemServer: StartSearchManagerService
01-15 23:38:23.408  1869  1869 I SystemServiceManager: Starting com.android.server.search.SearchManagerService$Lifecycle
01-15 23:38:23.410  1869  1869 D SystemServerTiming: StartSearchManagerService took to complete: 2ms
01-15 23:38:23.410  1869  1869 I SystemServer: StartWallpaperManagerService
01-15 23:38:23.410  1869  1869 I SystemServiceManager: Starting com.android.server.wallpaper.WallpaperManagerService$Lifecycle
01-15 23:38:23.412  1869  1869 D SystemServerTiming: StartWallpaperManagerService took to complete: 2ms
01-15 23:38:23.412  1869  1869 I SystemServer: StartAudioService
01-15 23:38:23.412  1869  1869 I SystemServiceManager: Starting com.android.server.audio.AudioService$Lifecycle
01-15 23:38:23.417  1869  1915 I commit_sys_config_file: [notification-policy,10]
01-15 23:38:23.426  1320  1320 D ZygoteInitTiming_lazy: PreloadClasses took to complete: 577ms
01-15 23:38:23.454  1320  1320 D ZygoteInitTiming_lazy: CacheNonBootClasspathClassLoaders took to complete: 27ms
01-15 23:38:23.522  1869  1869 I stream_devices_changed: [0,0,1]
01-15 23:38:23.522  1869  1869 I stream_devices_changed: [2,0,2]
01-15 23:38:23.523  1869  1869 I stream_devices_changed: [3,0,2]
01-15 23:38:23.523  1869  1869 I stream_devices_changed: [4,0,2]
01-15 23:38:23.524  1869  1869 I stream_devices_changed: [6,0,1]
01-15 23:38:23.545  1869  1869 D SystemServerTiming: StartAudioService took to complete: 133ms
01-15 23:38:23.545  1869  1869 I SystemServer: StartDockObserver
01-15 23:38:23.545  1869  1869 I SystemServiceManager: Starting com.android.server.DockObserver
01-15 23:38:23.546  1869  1869 W DockObserver: This kernel does not have dock station support
01-15 23:38:23.548  1869  1869 D SystemServerTiming: StartDockObserver took to complete: 4ms
01-15 23:38:23.548  1869  1869 I SystemServer: StartWiredAccessoryManager
01-15 23:38:23.550  1869  1869 W WiredAccessoryManager: This kernel does not have usb audio support
01-15 23:38:23.551  1869  1869 E WiredAccessoryManager: file /sys/devices/platform/soc/soc:qcom,msm-ext-disp/extcon/extcon0/name not found
01-15 23:38:23.551  1869  1869 W WiredAccessoryManager: Conn soc:qcom,msm-ext-disp/1/0 does not have DP audio support
01-15 23:38:23.551  1869  1869 E WiredAccessoryManager: file /sys/devices/platform/soc/soc:qcom,msm-ext-disp/extcon/extcon0/name not found
01-15 23:38:23.552  1869  1869 W WiredAccessoryManager: Conn soc:qcom,msm-ext-disp/0/0 does not have DP audio support
01-15 23:38:23.552  1869  1869 D SystemServerTiming: StartWiredAccessoryManager took to complete: 3ms
01-15 23:38:23.552  1869  1869 I SystemServer: StartMidiManager
01-15 23:38:23.552  1869  1869 I SystemServiceManager: Starting com.android.server.midi.MidiService$Lifecycle
01-15 23:38:23.555  1869  1869 D SystemServerTiming: StartMidiManager took to complete: 3ms
01-15 23:38:23.555  1869  1869 I SystemServer: StartAdbService
01-15 23:38:23.555  1869  1869 I SystemServiceManager: Starting com.android.server.adb.AdbService$Lifecycle
01-15 23:38:23.558  1869  1869 D SystemServerTiming: StartAdbService took to complete: 3ms
01-15 23:38:23.558  1869  1869 I SystemServer: StartUsbService
01-15 23:38:23.558  1869  1869 I SystemServiceManager: Starting com.android.server.usb.UsbService$Lifecycle
01-15 23:38:23.559  1869  1869 E UsbDeviceManager: failed to write to /sys/class/android_usb/android0/f_rndis/ethaddr
01-15 23:38:23.561  1869  1869 I UsbDeviceManager: USB GADGET HAL not present in the device
01-15 23:38:23.561  1869  1869 I UsbDeviceManager: java.util.NoSuchElementException
01-15 23:38:23.561  1869  1869 I UsbDeviceManager:      at android.os.HwBinder.getService(Native Method)
01-15 23:38:23.561  1869  1869 I UsbDeviceManager:      at android.hardware.usb.gadget.V1_0.IUsbGadget.getService(IUsbGadget.java:55)
01-15 23:38:23.561  1869  1869 I UsbDeviceManager:      at android.hardware.usb.gadget.V1_0.IUsbGadget.getService(IUsbGadget.java:62)
01-15 23:38:23.561  1869  1869 I UsbDeviceManager:      at com.android.server.usb.UsbDeviceManager.<init>(UsbDeviceManager.java:264)
01-15 23:38:23.561  1869  1869 I UsbDeviceManager:      at com.android.server.usb.UsbService.<init>(UsbService.java:150)
01-15 23:38:23.561  1869  1869 I UsbDeviceManager:      at com.android.server.usb.UsbService$Lifecycle.onStart(UsbService.java:84)
01-15 23:38:23.561  1869  1869 I UsbDeviceManager:      at com.android.server.SystemServiceManager.startService(SystemServiceManager.java:129)
01-15 23:38:23.561  1869  1869 I UsbDeviceManager:      at com.android.server.SystemServiceManager.startService(SystemServiceManager.java:116)
01-15 23:38:23.561  1869  1869 I UsbDeviceManager:      at com.android.server.SystemServiceManager.startService(SystemServiceManager.java:75)
01-15 23:38:23.561  1869  1869 I UsbDeviceManager:      at com.android.server.SystemServer.startOtherServices(SystemServer.java:1580)
01-15 23:38:23.561  1869  1869 I UsbDeviceManager:      at com.android.server.SystemServer.run(SystemServer.java:517)
01-15 23:38:23.561  1869  1869 I UsbDeviceManager:      at com.android.server.SystemServer.main(SystemServer.java:354)
01-15 23:38:23.561  1869  1869 I UsbDeviceManager:      at java.lang.reflect.Method.invoke(Native Method)
01-15 23:38:23.561  1869  1869 I UsbDeviceManager:      at com.android.internal.os.RuntimeInit$MethodAndArgsCaller.run(RuntimeInit.java:492)
01-15 23:38:23.561  1869  1869 I UsbDeviceManager:      at com.android.internal.os.ZygoteInit.main(ZygoteInit.java:913)
01-15 23:38:23.562  1869  1869 E UsbDeviceManager: Failed to open control for mtp
01-15 23:38:23.562  1869  1869 E UsbDeviceManager: Failed to open control for ptp
01-15 23:38:23.571  1869  1869 W StorageManagerService: No primary storage defined yet; hacking together a stub
01-15 23:38:23.579  1869  1922 I UsbPortManager: Usb hal service started android.hardware.usb@1.0::IUsb default
01-15 23:38:23.584     0     0 I         : acc_open
01-15 23:38:23.584     0     0 I         : acc_release
01-15 23:38:23.584  1869  1869 D SystemServerTiming: StartUsbService took to complete: 26ms
01-15 23:38:23.584  1869  1869 I SystemServer: StartSerialService
01-15 23:38:23.585  1869  1869 D SystemServerTiming: StartSerialService took to complete: 2ms
01-15 23:38:23.585  1869  1869 I SystemServer: StartHardwarePropertiesManagerService
01-15 23:38:23.590  1869  1869 D SystemServerTiming: StartHardwarePropertiesManagerService took to complete: 5ms
01-15 23:38:23.591  1869  1869 I SystemServer: StartTwilightService
01-15 23:38:23.591  1869  1869 I SystemServiceManager: Starting com.android.server.twilight.TwilightService
01-15 23:38:23.591  1869  1869 D SystemServerTiming: StartTwilightService took to complete: 0ms
01-15 23:38:23.591  1869  1869 I SystemServer: StartColorDisplay
01-15 23:38:23.591  1869  1869 I SystemServiceManager: Starting com.android.server.display.color.ColorDisplayService
01-15 23:38:23.592  1869  1869 D SystemServerTiming: StartColorDisplay took to complete: 2ms
01-15 23:38:23.592  1869  1869 I SystemServer: StartJobScheduler
01-15 23:38:23.593  1869  1869 I SystemServiceManager: Starting com.android.server.job.JobSchedulerService
01-15 23:38:23.597  1869  1869 D JobStore: Start tag: job-info
01-15 23:38:23.598  1869  1869 I JobStore: Read 4 jobs
01-15 23:38:23.605  1869  1869 D SystemServerTiming: StartJobScheduler took to complete: 12ms
01-15 23:38:23.605  1869  1869 I SystemServer: StartSoundTrigger
01-15 23:38:23.605  1869  1869 I SystemServiceManager: Starting com.android.server.soundtrigger.SoundTriggerService
01-15 23:38:23.606  1869  1869 D SystemServerTiming: StartSoundTrigger took to complete: 2ms
01-15 23:38:23.606  1869  1869 I SystemServer: StartTrustManager
01-15 23:38:23.606  1869  1869 I SystemServiceManager: Starting com.android.server.trust.TrustManagerService
01-15 23:38:23.609  1869  1869 D SystemServerTiming: StartTrustManager took to complete: 2ms
01-15 23:38:23.609  1869  1869 I SystemServer: StartBackupManager
01-15 23:38:23.609  1869  1869 I SystemServiceManager: Starting com.android.server.backup.BackupManagerService$Lifecycle
01-15 23:38:23.612  1869  1869 D SystemServerTiming: StartBackupManager took to complete: 3ms
01-15 23:38:23.612  1869  1869 I SystemServer: StartAppWidgetService
01-15 23:38:23.612  1869  1869 I SystemServiceManager: Starting com.android.server.appwidget.AppWidgetService
01-15 23:38:23.615  1869  1869 D SystemServerTiming: StartAppWidgetService took to complete: 4ms
01-15 23:38:23.616  1869  1869 I SystemServer: StartRoleManagerService
01-15 23:38:23.618  1869  1869 D SystemServerTiming: StartRoleManagerService took to complete: 2ms
01-15 23:38:23.618  1869  1869 I SystemServer: StartVoiceRecognitionManager
01-15 23:38:23.618  1869  1869 I SystemServiceManager: Starting com.android.server.voiceinteraction.VoiceInteractionManagerService
01-15 23:38:23.619  1869  1869 I auditd  : type=1400 audit(0.0:79): avc: denied { read } for comm="system_server" name="u:object_r:vendor_default_prop:s0" dev="tmpf
s" ino=4880 scontext=u:r:system_server:s0 tcontext=u:object_r:vendor_default_prop:s0 tclass=file permissive=0
01-15 23:38:23.622  1869  1869 I RoleUserState: Read roles.xml successfully
01-15 23:38:23.624  1869  1869 D SystemServerTiming: StartVoiceRecognitionManager took to complete: 6ms
01-15 23:38:23.624  1869  1869 I SystemServer: StartGestureLauncher
01-15 23:38:23.624  1869  1869 I SystemServiceManager: Starting com.android.server.GestureLauncherService
01-15 23:38:23.624  1869  1869 D SystemServerTiming: StartGestureLauncher took to complete: 0ms
01-15 23:38:23.624  1869  1869 I SystemServer: StartSensorNotification
01-15 23:38:23.624  1869  1869 I SystemServiceManager: Starting com.android.server.SensorNotificationService
01-15 23:38:23.624  1869  1869 D SystemServerTiming: StartSensorNotification took to complete: 0ms
01-15 23:38:23.624  1869  1869 I SystemServer: StartContextHubSystemService
01-15 23:38:23.624  1869  1869 I SystemServiceManager: Starting com.android.server.ContextHubSystemService
01-15 23:38:23.624  1869  1869 D SystemServerTiming: StartContextHubSystemService took to complete: 1ms
01-15 23:38:23.624  1869  1869 I SystemServer: StartDiskStatsService
01-15 23:38:23.624  1869  1920 D SystemServerInitThreadPool: Started executing Init ContextHubSystemService
01-15 23:38:23.628  1869  1920 D SystemServerInitThreadPool: Finished executing Init ContextHubSystemService
01-15 23:38:23.628  1869  1869 D SystemServerTiming: StartDiskStatsService took to complete: 3ms
01-15 23:38:23.628  1869  1869 I SystemServer: RuntimeService
01-15 23:38:23.629  1869  1869 D SystemServerTiming: RuntimeService took to complete: 1ms
01-15 23:38:23.629  1869  1869 I SystemServer: StartNetworkTimeUpdateService
01-15 23:38:23.630  1869  1869 D SystemServer: Using networkTimeUpdater class=class com.android.server.NewNetworkTimeUpdateService
01-15 23:38:23.635  1869  1869 D SystemServerTiming: StartNetworkTimeUpdateService took to complete: 6ms
01-15 23:38:23.635  1869  1869 I SystemServer: CertBlacklister
01-15 23:38:23.636  1869  1869 D SystemServerTiming: CertBlacklister took to complete: 1ms
01-15 23:38:23.636  1869  1869 I SystemServer: StartEmergencyAffordanceService
01-15 23:38:23.636  1869  1869 I SystemServiceManager: Starting com.android.server.emergency.EmergencyAffordanceService
01-15 23:38:23.636  1869  1869 D SystemServerTiming: StartEmergencyAffordanceService took to complete: 0ms
01-15 23:38:23.636  1869  1869 I SystemServer: StartDreamManager
01-15 23:38:23.636  1869  1869 I SystemServiceManager: Starting com.android.server.dreams.DreamManagerService
01-15 23:38:23.638  1869  1869 D SystemServerTiming: StartDreamManager took to complete: 2ms
01-15 23:38:23.638  1869  1869 I SystemServer: AddGraphicsStatsService
01-15 23:38:23.641  1869  1869 D SystemServerTiming: AddGraphicsStatsService took to complete: 3ms
01-15 23:38:23.641  1869  1869 I SystemServer: StartPrintManager
01-15 23:38:23.641  1869  1869 I SystemServiceManager: Starting com.android.server.print.PrintManagerService
01-15 23:38:23.643  1869  1869 D SystemServerTiming: StartPrintManager took to complete: 2ms
01-15 23:38:23.643  1869  1869 I SystemServer: StartCompanionDeviceManager
01-15 23:38:23.643  1869  1869 I SystemServiceManager: Starting com.android.server.companion.CompanionDeviceManagerService
01-15 23:38:23.644  1869  1869 I service_manager_stats: [100,64,60839]
01-15 23:38:23.646  1869  1869 D SystemServerTiming: StartCompanionDeviceManager took to complete: 3ms
01-15 23:38:23.646  1869  1869 I SystemServer: StartRestrictionManager
01-15 23:38:23.646  1869  1869 I SystemServiceManager: Starting com.android.server.restrictions.RestrictionsManagerService
01-15 23:38:23.648  1869  1869 D SystemServerTiming: StartRestrictionManager took to complete: 3ms
01-15 23:38:23.649  1869  1869 I SystemServer: StartMediaSessionService
01-15 23:38:23.649  1869  1869 I SystemServiceManager: Starting com.android.server.media.MediaSessionService
01-15 23:38:23.659  1869  1869 D SystemServerTiming: StartMediaSessionService took to complete: 11ms
01-15 23:38:23.659  1869  1869 I SystemServer: StartMediaResourceMonitor
01-15 23:38:23.660  1869  1869 I SystemServiceManager: Starting com.android.server.media.MediaResourceMonitorService
01-15 23:38:23.660  1869  1869 D SystemServerTiming: StartMediaResourceMonitor took to complete: 0ms
01-15 23:38:23.660  1869  1869 I SystemServer: StartMediaRouterService
01-15 23:38:23.663  1869  1869 D SystemServerTiming: StartMediaRouterService took to complete: 2ms
01-15 23:38:23.663  1869  1869 I SystemServer: StartBackgroundDexOptService
01-15 23:38:23.665  1869  1869 D SystemServerTiming: StartBackgroundDexOptService took to complete: 1ms
01-15 23:38:23.665  1869  1869 I SystemServer: StartDynamicCodeLoggingService
01-15 23:38:23.666  1869  1869 D SystemServerTiming: StartDynamicCodeLoggingService took to complete: 1ms
01-15 23:38:23.666  1869  1869 I SystemServer: StartPruneInstantAppsJobService
01-15 23:38:23.667  1869  1869 D SystemServerTiming: StartPruneInstantAppsJobService took to complete: 1ms
01-15 23:38:23.667  1869  1869 I SystemServer: StartShortcutServiceLifecycle
01-15 23:38:23.667  1869  1869 I SystemServiceManager: Starting com.android.server.pm.ShortcutService$Lifecycle
01-15 23:38:23.669  1869  1869 D SystemServerTiming: StartShortcutServiceLifecycle took to complete: 2ms
01-15 23:38:23.669  1869  1869 I SystemServer: StartLauncherAppsService
01-15 23:38:23.669  1869  1869 I SystemServiceManager: Starting com.android.server.pm.LauncherAppsService
01-15 23:38:23.671  1869  1869 D SystemServerTiming: StartLauncherAppsService took to complete: 1ms
01-15 23:38:23.671  1869  1869 I SystemServer: StartCrossProfileAppsService
01-15 23:38:23.671  1869  1869 I SystemServiceManager: Starting com.android.server.pm.CrossProfileAppsService
01-15 23:38:23.673  1869  1869 D SystemServerTiming: StartCrossProfileAppsService took to complete: 1ms
01-15 23:38:23.673  1869  1869 I SystemServer: StartMediaProjectionManager
01-15 23:38:23.673  1869  1869 I SystemServiceManager: Starting com.android.server.media.projection.MediaProjectionManagerService
01-15 23:38:23.673  1320  1320 D ZygoteInitTiming_lazy: PreloadResources took to complete: 220ms
01-15 23:38:23.676  1869  1869 D SystemServerTiming: StartMediaProjectionManager took to complete: 4ms
01-15 23:38:23.676  1869  1869 I SystemServer: StartSliceManagerService
01-15 23:38:23.676  1869  1869 I SystemServiceManager: Starting com.android.server.slice.SliceManagerService$Lifecycle
01-15 23:38:23.681  1869  1869 D SystemServerTiming: StartSliceManagerService took to complete: 5ms
01-15 23:38:23.682  1869  1869 I SystemServer: StartCameraServiceProxy
01-15 23:38:23.682  1869  1869 I SystemServiceManager: Starting com.android.server.camera.CameraServiceProxy
01-15 23:38:23.685  1869  1869 D SystemServerTiming: StartCameraServiceProxy took to complete: 3ms
01-15 23:38:23.685  1869  1869 I SystemServer: StartStatsCompanionService
01-15 23:38:23.685  1869  1869 I SystemServiceManager: Starting com.android.server.stats.StatsCompanionService$Lifecycle
01-15 23:38:23.687  1869  1869 I StatsCompanionService: register thermal listener successfully
01-15 23:38:23.692  1869  1869 D SystemServerTiming: StartStatsCompanionService took to complete: 7ms
01-15 23:38:23.692  1869  1869 I SystemServer: StartIncidentCompanionService
01-15 23:38:23.692  1869  1869 I SystemServiceManager: Starting com.android.server.incident.IncidentCompanionService
01-15 23:38:23.693  1869  1869 D SystemServerTiming: StartIncidentCompanionService took to complete: 2ms
01-15 23:38:23.694  1869  1869 I SystemServer: StartMmsService
01-15 23:38:23.694  1869  1869 I SystemServiceManager: Starting com.android.server.MmsServiceBroker
01-15 23:38:23.695  1869  1869 D SystemServerTiming: StartMmsService took to complete: 1ms
01-15 23:38:23.695  1869  1869 I SystemServer: StartAutoFillService
01-15 23:38:23.695  1869  1869 I SystemServiceManager: Starting com.android.server.autofill.AutofillManagerService
01-15 23:38:23.697  1869  1869 D AutofillManagerService: setLogLevelFromSettings(): level=2, debug=true, verbose=false
01-15 23:38:23.697  1869  1869 D AutofillManagerService: setMaxPartitionsFromSettings(): 10
01-15 23:38:23.697  1869  1869 D AutofillManagerService: setMaxVisibleDatasetsFromSettings(): 0
01-15 23:38:23.698  1869  1869 D AutofillManagerServiceImpl: Reset component for user 0:
01-15 23:38:23.698  1869  1914 D AutofillUI: destroySaveUiUiThread(): already destroyed
01-15 23:38:23.700  1869  1869 D SystemServerTiming: StartAutoFillService took to complete: 5ms
01-15 23:38:23.700  1869  1869 I SystemServer: StartClipboardService
01-15 23:38:23.700  1869  1869 I SystemServiceManager: Starting com.android.server.clipboard.ClipboardService
01-15 23:38:23.702  1869  1869 D SystemServerTiming: StartClipboardService took to complete: 2ms
01-15 23:38:23.702  1869  1869 I SystemServer: AppServiceManager
01-15 23:38:23.702  1869  1869 I SystemServiceManager: Starting com.android.server.appbinding.AppBindingService$Lifecycle
01-15 23:38:23.703  1869  1869 D SystemServerTiming: AppServiceManager took to complete: 2ms
01-15 23:38:23.703  1869  1869 I SystemServer: MakeVibratorServiceReady
01-15 23:38:23.707  1869  1869 D SystemServerTiming: MakeVibratorServiceReady took to complete: 3ms
01-15 23:38:23.707  1869  1869 I SystemServer: MakeLockSettingsServiceReady
01-15 23:38:23.740  1869  1869 I SyntheticPasswordManager: Device does not support weaver
01-15 23:38:23.742  1869  1869 I LockSettingsService: Device doesn't implement AuthSecret HAL
01-15 23:38:23.744  1869  1869 E LockSettingsStorage: Cannot read file java.io.FileNotFoundException: /data/system/gatekeeper.password.key: open failed: ENOENT (No
such file or directory)
01-15 23:38:23.744  1869  1869 E LockSettingsStorage: Cannot read file java.io.FileNotFoundException: /data/system/password.key: open failed: ENOENT (No such file o
r directory)
01-15 23:38:23.745  1869  1869 E LockSettingsStorage: Cannot read file java.io.FileNotFoundException: /data/system/gatekeeper.pattern.key: open failed: ENOENT (No s
uch file or directory)
01-15 23:38:23.745  1869  1869 E LockSettingsStorage: Cannot read file java.io.FileNotFoundException: /data/system/gatekeeper.gesture.key: open failed: ENOENT (No s
uch file or directory)
01-15 23:38:23.745  1869  1869 E LockSettingsStorage: Cannot read file java.io.FileNotFoundException: /data/system/gesture.key: open failed: ENOENT (No such file or
 directory)
01-15 23:38:23.745  1869  1869 D SystemServerTiming: MakeLockSettingsServiceReady took to complete: 38ms
01-15 23:38:23.745  1869  1869 I SystemServer: StartBootPhaseLockSettingsReady
01-15 23:38:23.745  1869  1869 I SystemServiceManager: Starting phase 480
01-15 23:38:23.753  1869  1869 I DevicePolicyManager: Set ro.device_owner property to false
01-15 23:38:23.754  1869  2028 D SystemServerInitThreadPool: Started executing DevicePolicyManager
01-15 23:38:23.754  1869  2028 D SystemServerInitThreadPool: Finished executing DevicePolicyManager
01-15 23:38:23.774  1869  1869 D SystemServerTiming: StartBootPhaseLockSettingsReady took to complete: 28ms
01-15 23:38:23.774  1869  1869 I SystemServer: StartBootPhaseSystemServicesReady
01-15 23:38:23.774  1869  1869 I SystemServiceManager: Starting phase 500
01-15 23:38:23.777  1869  1869 D AppStandbyController: Setting app idle enabled state
01-15 23:38:23.789  1869  1869 D TestHarnessModeService: Setting up test harness mode
01-15 23:38:23.789  1869  1869 D TestHarnessModeService: Getting PersistentDataBlockManagerInternal from LocalServices
01-15 23:38:23.810  1869  1869 I WifiService: WifiService starting up with Wi-Fi disabled
01-15 23:38:23.839  1869  2080 D ConnectivityService: Got NetworkFactory Messenger for Ethernet
01-15 23:38:23.852  1869  1869 D SystemServerTiming: StartBootPhaseSystemServicesReady took to complete: 78ms
01-15 23:38:23.852  1869  1869 I SystemServer: MakeWindowManagerServiceReady
01-15 23:38:23.872  1869  2044 I commit_sys_config_file: [settings-2-0,12]
01-15 23:38:23.872  1869  1869 D SystemServerTiming: MakeWindowManagerServiceReady took to complete: 20ms
01-15 23:38:23.876  1869  1869 I SystemServer: MakePowerManagerServiceReady
01-15 23:38:23.882  1869  1869 E DisplayPowerController: failed to set up display white-balance: java.lang.IllegalStateException: cannot find sensor com.google.sens
or.color
01-15 23:38:23.889     0     0 E ipa-wan ipa_wwan_ioctl: 1582 dev(rmnet_data7) register to IPA
01-15 23:38:23.890  1869  1869 D SystemServerTiming: MakePowerManagerServiceReady took to complete: 14ms
01-15 23:38:23.890  1869  1869 I SystemServer: StartPermissionPolicyService
01-15 23:38:23.890  1869  1869 I SystemServiceManager: Starting com.android.server.policy.PermissionPolicyService
01-15 23:38:23.892  1869  1869 D SystemServerTiming: StartPermissionPolicyService took to complete: 2ms
01-15 23:38:23.892  1869  1869 I SystemServer: MakePackageManagerServiceReady
01-15 23:38:23.896  1869  1869 I PackageManager: Un-granting permission android.permission.GLOBAL_SEARCH from package com.android.quicksearchbox (protectionLevel=18
 flags=0x3088be45)
01-15 23:38:23.899  1869  1869 I PackageManager: Un-granting permission android.permission.MANAGE_DOCUMENTS from package com.android.mms (protectionLevel=262146 fla
gs=0x28c9be65)
01-15 23:38:23.900  1869  1869 I PackageManager: Un-granting permission android.permission.MOUNT_UNMOUNT_FILESYSTEMS from package com.ksxy.nfc.demo.sdk (protectionL
evel=18 flags=0x3888be44)
01-15 23:38:23.906  1869  1869 I PackageManager: Un-granting permission android.permission.INTERACT_ACROSS_USERS_FULL from package org.codeaurora.snapcam (protectio
nLevel=258 flags=0x20d8bc45)
01-15 23:38:23.906  1869  1869 I PackageManager: Un-granting permission android.permission.SET_ORIENTATION from package org.codeaurora.snapcam (protectionLevel=2 fl
ags=0x20d8bc45)
01-15 23:38:23.921  1869  1937 W KeyguardServiceDelegate: onScreenTurningOn(): no keyguard service!
01-15 23:38:23.922  1869  1937 V DisplayPowerController: Brightness [102] reason changing to: 'override', previous reason: '0'.
01-15 23:38:23.922  1869  1869 I commit_sys_config_file: [package-session,9]
01-15 23:38:23.923     0     0 E FAKE_BATTERY: fake_batt_get_property: batt_mv=7608
01-15 23:38:23.925  1869  1869 V UserDataPreparer: Found /data/user_de/0 with serial number 0
01-15 23:38:23.925  1869  1869 V UserDataPreparer: Found /data/user/0 with serial number 0
01-15 23:38:23.925  1869  1869 V UserDataPreparer: Found /data/system_de/0 with serial number 0
01-15 23:38:23.926  1869  1869 V UserDataPreparer: Found /data/system_ce/0 with serial number 0
01-15 23:38:23.926  1869  1869 V UserDataPreparer: Found /data/misc_ce/0 with serial number 0
01-15 23:38:23.926     0     0 W healthd : battery l=56 v=7 t=0.0 h=2 st=3 chg=
01-15 23:38:23.931  1869  1869 D SystemServerTiming: MakePackageManagerServiceReady took to complete: 39ms
01-15 23:38:23.931  1869  1928 E KernelCpuSpeedReader: Failed to read cpu-freq: /sys/devices/system/cpu/cpu0/cpufreq/stats/time_in_state: open failed: ENOENT (No su
ch file or directory)
01-15 23:38:23.932  1869  1928 E KernelCpuSpeedReader: Failed to read cpu-freq: /sys/devices/system/cpu/cpu4/cpufreq/stats/time_in_state: open failed: ENOENT (No su
ch file or directory)
01-15 23:38:23.934  1869  1869 I SystemServer: MakeDisplayManagerServiceReady
01-15 23:38:23.937  1869  1869 D SystemServerTiming: MakeDisplayManagerServiceReady took to complete: 3ms
01-15 23:38:23.937  1869  1869 I SystemServer: StartDeviceSpecificServices
01-15 23:38:23.937  1869  1869 D SystemServerTiming: StartDeviceSpecificServices took to complete: 0ms
01-15 23:38:23.937  1869  1869 I SystemServer: StartBootPhaseDeviceSpecificServicesReady
01-15 23:38:23.937  1869  1869 I SystemServiceManager: Starting phase 520
01-15 23:38:23.938  1869  1869 D SystemServerTiming: StartBootPhaseDeviceSpecificServicesReady took to complete: 1ms
01-15 23:38:23.940  1869  1869 W UsageStatsService: Event reported without a package name, eventType:15
01-15 23:38:23.941  1869  1869 I AppOps  : Pruning old package system/com.android.server.appop.AppOpsService$UidState@a32f5f7: new uid=-1
01-15 23:38:23.941  1869  2040 D SystemServerTimingAsync: SecondaryZygotePreload took to complete: 1187ms
01-15 23:38:23.941  1869  2040 D SystemServerInitThreadPool: Finished executing SecondaryZygotePreload
01-15 23:38:23.942  1869  1869 I ActivityManager: System now ready
01-15 23:38:23.942  1869  1869 I boot_progress_ams_ready: 61137
01-15 23:38:24.004  1869  1869 I SystemServer: Making services ready
01-15 23:38:24.004  1869  1869 I SystemServer: StartActivityManagerReadyPhase
01-15 23:38:24.004  1869  1869 I SystemServiceManager: Starting phase 550
01-15 23:38:24.007  1869  1869 E ThermalHalWrapper: Thermal HAL 2.0 service not connected.
01-15 23:38:24.009  1869  1869 E ThermalHalWrapper: Thermal HAL 1.1 service not connected.
01-15 23:38:24.011  1869  1869 I ThermalHalWrapper: Thermal HAL 1.0 service connected, no thermal call back will be called due to legacy API.
01-15 23:38:24.140  1869  2044 I commit_sys_config_file: [settings-0-0,12]
01-15 23:38:24.434  1869  1869 W SystemServiceManager: Service com.android.server.power.ThermalManagerService took 429 ms in onBootPhase
01-15 23:38:24.434  1869  1869 E BatteryService: breath leds update!
01-15 23:38:24.440  1869  1869 W ActivityManager: Too early to start/bind service in system_server: Phase=550 ComponentInfo{com.android.server.telecom/com.android.s
erver.telecom.components.TelecomService}
01-15 23:38:24.442  1869  1869 W ActivityManager: Too early to start/bind service in system_server: Phase=550 ComponentInfo{com.android.server.telecom/com.android.s
erver.telecom.components.TelecomService}
01-15 23:38:24.450  1869  1869 I SyncManager: No initial accounts
01-15 23:38:24.451  1869  1869 I SyncManager: No initial status
01-15 23:38:24.451  1869  1869 I SyncManager: No initial statistics
01-15 23:38:24.458  1869  1869 D BluetoothManagerService: Bluetooth boot completed
01-15 23:38:24.458  1869  1869 D BluetoothManagerService: Auto-enabling Bluetooth.
01-15 23:38:24.459  1869  1915 D BluetoothManagerService: MESSAGE_ENABLE(0): mBluetooth = null
01-15 23:38:24.461  1869  1915 I am_uid_running: 1002
01-15 23:38:24.506  1869  1925 I am_proc_start: [0,2140,1002,com.android.bluetooth,service,{com.android.bluetooth/com.android.bluetooth.btservice.AdapterService}]
01-15 23:38:24.506  1869  1925 I ActivityManager: Start proc 2140:com.android.bluetooth/1002 for service {com.android.bluetooth/com.android.bluetooth.btservice.Adap
terService}
01-15 23:38:24.560  1869  1899 I am_proc_bound: [0,2140,com.android.bluetooth]
01-15 23:38:24.570  1869  1899 I am_uid_active: 1002
01-15 23:38:24.637  1869  1869 W SystemServiceManager: Service com.android.server.inputmethod.InputMethodManagerService$Lifecycle took 173 ms in onBootPhase
01-15 23:38:24.639  1869  2059 D StorageManagerService: Isolated storage local flag 0 and remote flag 0 resolved to true
01-15 23:38:24.640  1869  1869 I WallpaperManagerService: No static wallpaper imagery; defaults will be shown
01-15 23:38:24.641  1869  1869 V WallpaperManagerService: bindWallpaperComponentLocked: componentName=ComponentInfo{com.android.systemui/com.android.systemui.ImageW
allpaper}
01-15 23:38:24.642  1869  1869 I am_uid_running: 10090
01-15 23:38:24.646  1869  1869 W WallpaperManagerService: Invalid wallpaper data
01-15 23:38:24.646  1869  1869 E WallpaperManagerService: Unable to apply new wallpaper
01-15 23:38:24.649  1869  1869 I AppBindingService: Updating constants with: null
01-15 23:38:24.652  1869  2090 W BluetoothManagerService: bindBluetoothProfileService:Trying to bind to profile: 1, while Bluetooth is disabled
01-15 23:38:24.666   615   668 D vold    : Remounting 10124 as mode write
01-15 23:38:24.667     0     0 I msm-dwc3 c200000.hsusb: DWC3 exited from low power mode
01-15 23:38:24.668  1869  1869 I PackageManager: Un-granting permission android.permission.GLOBAL_SEARCH from package com.android.quicksearchbox (protectionLevel=18
 flags=0x3088be45)
01-15 23:38:24.671  1869  1869 I PackageManager: Un-granting permission android.permission.MANAGE_DOCUMENTS from package com.android.mms (protectionLevel=262146 fla
gs=0x28c9be65)
01-15 23:38:24.672  1869  1869 I PackageManager: Un-granting permission android.permission.MOUNT_UNMOUNT_FILESYSTEMS from package com.ksxy.nfc.demo.sdk (protectionL
evel=18 flags=0x3888be44)
01-15 23:38:24.678  1869  1869 I PackageManager: Un-granting permission android.permission.INTERACT_ACROSS_USERS_FULL from package org.codeaurora.snapcam (protectio
nLevel=258 flags=0x20d8bc45)
01-15 23:38:24.678  1869  1869 I PackageManager: Un-granting permission android.permission.SET_ORIENTATION from package org.codeaurora.snapcam (protectionLevel=2 fl
ags=0x20d8bc45)
01-15 23:38:24.681  1869  1869 D SystemServerTiming: StartActivityManagerReadyPhase took to complete: 676ms
01-15 23:38:24.681  1869  1869 I SystemServer: StartObservingNativeCrashes
01-15 23:38:24.681  1869  1869 D SystemServerTiming: StartObservingNativeCrashes took to complete: 0ms
01-15 23:38:24.681  1869  1869 I SystemServer: StartSystemUI
01-15 23:38:24.682  1869  2041 D SystemServerInitThreadPool: Started executing WebViewFactoryPreparation
01-15 23:38:24.682  1869  2041 I SystemServer: WebViewFactoryPreparation
01-15 23:38:24.686  1869  1869 D SystemServerTiming: StartSystemUI took to complete: 4ms
01-15 23:38:24.686  1869  1869 I SystemServer: MakeNetworkManagementServiceReady
01-15 23:38:24.686  1869  2041 I am_uid_running: 1037
01-15 23:38:24.688  1869  2041 D SystemServerTimingAsync: WebViewFactoryPreparation took to complete: 6ms
01-15 23:38:24.688  1869  1925 I am_proc_start: [0,2171,10090,com.android.systemui,service,{com.android.systemui/com.android.systemui.ImageWallpaper}]
01-15 23:38:24.688  1869  2041 D SystemServerInitThreadPool: Finished executing WebViewFactoryPreparation
01-15 23:38:24.688  1869  1925 I ActivityManager: Start proc 2171:com.android.systemui/u0a90 for service {com.android.systemui/com.android.systemui.ImageWallpaper}
01-15 23:38:24.691  1869  1869 D SystemServerTiming: MakeNetworkManagementServiceReady took to complete: 5ms
01-15 23:38:24.691  1869  1869 I SystemServer: MakeIpSecServiceReady
01-15 23:38:24.694  1869  1869 D IpSecService: IpSecService is ready
01-15 23:38:24.694  1869  1869 D SystemServerTiming: MakeIpSecServiceReady took to complete: 3ms
01-15 23:38:24.694  1869  1869 I SystemServer: MakeNetworkStatsServiceReady
01-15 23:38:24.695  1869  1928 E BatteryExternalStatsWorker: no controller energy info supplied for telephony
01-15 23:38:24.711  1869  2071 I commit_sys_config_file: [net-policy,16]
01-15 23:38:24.711  1869  2071 W NetworkPolicy: setRestrictBackgroundUL: already false
01-15 23:38:24.719   603   603 I auditd  : avc:  denied  { find } for interface=vendor.qti.hardware.perf::IPerf sid=u:r:bluetooth:s0 pid=2140 scontext=u:r:bluetooth
:s0 tcontext=u:object_r:hal_perf_hwservice:s0 tclass=hwservice_manager permissive=0
01-15 23:38:24.721   603   603 I auditd  : avc:  denied  { find } for interface=vendor.qti.hardware.perf::IPerf sid=u:r:bluetooth:s0 pid=2140 scontext=u:r:bluetooth
:s0 tcontext=u:object_r:hal_perf_hwservice:s0 tclass=hwservice_manager permissive=0
01-15 23:38:24.739  1869  2071 D TelephonyRegistry: listen oscl: mHasNotifySubscriptionInfoChangedOccurred==false no callback
01-15 23:38:24.770  1869  1869 D SystemServerTiming: MakeNetworkStatsServiceReady took to complete: 76ms
01-15 23:38:24.770  1869  1869 I SystemServer: MakeConnectivityServiceReady
01-15 23:38:24.771  1869  1869 D ConnectivityService: requestNetwork for uid/pid:1000/1869 NetworkRequest [ REQUEST id=7, [ Capabilities: INTERNET&NOT_RESTRICTED&TR
USTED&NOT_VPN] ]
01-15 23:38:24.783  1869  2080 V NetPluginDelegate: registerHandler
01-15 23:38:24.785  1869  1869 D SystemServerTiming: MakeConnectivityServiceReady took to complete: 14ms
01-15 23:38:24.785  1869  1869 I SystemServer: MakeNetworkPolicyServiceReady
01-15 23:38:24.785  1869  1869 D SystemServerTiming: MakeNetworkPolicyServiceReady took to complete: 0ms
01-15 23:38:24.785  1869  2080 V NetPluginDelegate: loading ConnectivityExt jar
01-15 23:38:24.790  1869  1925 W ActivityManager: Slow operation: 102ms so far, now at startProcess: returned from zygote!
01-15 23:38:24.791  1869  1925 W ActivityManager: Slow operation: 104ms so far, now at startProcess: done updating battery stats
01-15 23:38:24.791  1869  1925 I am_proc_start: [0,2203,1037,WebViewLoader-armeabi-v7a,NULL,]
01-15 23:38:24.791  1869  1925 W ActivityManager: Slow operation: 104ms so far, now at startProcess: building log message
01-15 23:38:24.791  1869  1925 I ActivityManager: Start proc 2203:WebViewLoader-armeabi-v7a/1037 [android.webkit.WebViewLibraryLoader$RelroFileCreator] for null
01-15 23:38:24.791  1869  1925 W ActivityManager: Slow operation: 104ms so far, now at startProcess: starting to update pids map
01-15 23:38:24.793  1869  1925 W ActivityManager: Slow operation: 104ms so far, now at startProcess: done updating pids map
01-15 23:38:24.793  1869  1925 W ActivityManager: Slow operation: 106ms so far, now at startProcess: asking zygote to start proc
01-15 23:38:24.797  1869  2054 I am_proc_bound: [0,2171,com.android.systemui]
01-15 23:38:24.799  1869  2054 I am_uid_active: 10090
01-15 23:38:24.804  1869  2080 V NetPluginDelegate: ConnectivityExt jar loaded
01-15 23:38:24.858  1869  1925 W ActivityManager: Slow operation: 171ms so far, now at startProcess: returned from zygote!
01-15 23:38:24.858  1869  1925 W ActivityManager: Slow operation: 171ms so far, now at startProcess: done updating battery stats
01-15 23:38:24.858  1869  1925 I am_proc_start: [0,2231,1037,WebViewLoader-arm64-v8a,NULL,]
01-15 23:38:24.858  1869  1925 W ActivityManager: Slow operation: 172ms so far, now at startProcess: building log message
01-15 23:38:24.858  1869  1925 I ActivityManager: Start proc 2231:WebViewLoader-arm64-v8a/1037 [android.webkit.WebViewLibraryLoader$RelroFileCreator] for null
01-15 23:38:24.858  1869  1925 W ActivityManager: Slow operation: 172ms so far, now at startProcess: starting to update pids map
01-15 23:38:24.859  1869  1925 W ActivityManager: Slow operation: 172ms so far, now at startProcess: done updating pids map
01-15 23:38:24.865   603   603 I auditd  : avc:  denied  { find } for interface=vendor.qti.hardware.perf::IPerf sid=u:r:bluetooth:s0 pid=2140 scontext=u:r:bluetooth
:s0 tcontext=u:object_r:hal_perf_hwservice:s0 tclass=hwservice_manager permissive=0
01-15 23:38:24.882  1869  2054 I am_proc_bound: [0,2203,WebViewLoader-armeabi-v7a]
01-15 23:38:24.886  1869  2054 I am_uid_active: 1037
01-15 23:38:24.904  1869  2054 I am_proc_bound: [0,2231,WebViewLoader-arm64-v8a]
01-15 23:38:24.904  2140  2256 I bt_config_source: 1
01-15 23:38:24.938  1869  2054 W StorageManagerService: No primary storage defined yet; hacking together a stub
01-15 23:38:24.982  1869  1899 D TelephonyRegistry: listen oscl: mHasNotifySubscriptionInfoChangedOccurred==false no callback
01-15 23:38:25.030  2171  2171 D SystemUIBootTiming: DependencyInjection took to complete: 14ms
01-15 23:38:25.048  2171  2171 D SystemUIBootTiming: StartServicescom.android.systemui.util.NotificationChannels took to complete: 5ms
01-15 23:38:25.049  2171  2171 D SystemUIBootTiming: StartServicescom.android.systemui.statusbar.CommandQueue$CommandQueueStart took to complete: 0ms
01-15 23:38:25.075  1869  1915 I commit_sys_config_file: [notification-policy,27]
01-15 23:38:25.173     0     0 I msm_vidc: info: Opening video instance: ffffffc334f1a000, 1
01-15 23:38:25.177  2171  2171 D SystemUIBootTiming: StartServicescom.android.systemui.keyguard.KeyguardViewMediator took to complete: 127ms
01-15 23:38:25.187  1869  1899 I am_uid_running: 10091
01-15 23:38:25.189  2171  2171 D SystemUIBootTiming: StartServicescom.android.systemui.recents.Recents took to complete: 12ms
01-15 23:38:25.192     0     0 I subsys-restart: __subsystem_get(): Changing subsys fw_name to venus
01-15 23:38:25.211  1869  1899 I ActivityManager: Process WebViewLoader-arm64-v8a (pid 2231) has died: psvc PER
01-15 23:38:25.217  1869  1899 I am_proc_died: [0,2231,WebViewLoader-arm64-v8a,-700,0]
01-15 23:38:25.218     0     0 I ueventd : firmware: loading 'venus.mdt' for '/devices/soc/cce0000.qcom,venus/firmware/venus.mdt'
01-15 23:38:25.222  1869  1899 I am_mem_factor: [3,0]
01-15 23:38:25.231  1869  1928 E KernelCpuSpeedReader: Failed to read cpu-freq: /sys/devices/system/cpu/cpu0/cpufreq/stats/time_in_state: open failed: ENOENT (No su
ch file or directory)
01-15 23:38:25.231  1869  1928 E KernelCpuSpeedReader: Failed to read cpu-freq: /sys/devices/system/cpu/cpu4/cpufreq/stats/time_in_state: open failed: ENOENT (No su
ch file or directory)
01-15 23:38:25.232     0     0 I ueventd : loading /devices/soc/cce0000.qcom,venus/firmware/venus.mdt took 15ms
