03-06 16:38:29.666     0     0 E swr-wcd msm_sdw_swr_ctrl: swrm_get_logical_dev_num: device id 0x0 does not match with 0x20170211
03-06 16:38:29.667     0     0 E swr_get_logical_dev_num: Error -22 to get logical addr for device 20170211
03-06 16:38:29.667     0     0 W wsa881x : probe of wsa881x.20170211 failed with error -22
03-06 16:38:29.669     0     0 E platform soc: wsa_spkr_en2_pinctrl: msm_cdc_pinctrl_get_gpiodata: cannot find cdc gpio info
03-06 16:38:29.671     0     0 E platform soc: wsa_spkr_en2_pinctrl: msm_cdc_pinctrl_get_gpiodata: cannot find cdc gpio info
03-06 16:38:29.671     0     0 E         : (NULL device *): wsa881x_gpio_ctrl: Failed to turn state 1; ret=-22
03-06 16:38:29.674     0     0 E msm-pcm-routing soc: qcom,msm-pcm-routing: ASoC: no sink widget found for MM_UL28
03-06 16:38:29.674     0     0 E msm-pcm-routing soc: qcom,msm-pcm-routing: ASoC: Failed to add route MultiMedia28 Mixer -> direct -> MM_UL28
03-06 16:38:29.674     0     0 E msm-pcm-routing soc: qcom,msm-pcm-routing: ASoC: no sink widget found for MM_UL29
03-06 16:38:29.674     0     0 E msm-pcm-routing soc: qcom,msm-pcm-routing: ASoC: Failed to add route MultiMedia29 Mixer -> direct -> MM_UL29
03-06 16:38:29.677     0     0 E msm-pcm-routing soc: qcom,msm-pcm-routing: ASoC: no sink widget found for AUDIO_REF_EC_UL28 MUX
03-06 16:38:29.677     0     0 E msm-pcm-routing soc: qcom,msm-pcm-routing: ASoC: Failed to add route PRI_MI2S_TX -> PRI_MI2S_TX -> AUDIO_REF_EC_UL28 MUX
03-06 16:38:29.677     0     0 E msm-pcm-routing soc: qcom,msm-pcm-routing: ASoC: no sink widget found for AUDIO_REF_EC_UL28 MUX
03-06 16:38:29.677     0     0 E msm-pcm-routing soc: qcom,msm-pcm-routing: ASoC: Failed to add route SEC_MI2S_TX -> SEC_MI2S_TX -> AUDIO_REF_EC_UL28 MUX
03-06 16:38:29.677     0     0 E msm-pcm-routing soc: qcom,msm-pcm-routing: ASoC: no sink widget found for AUDIO_REF_EC_UL28 MUX
03-06 16:38:29.677     0     0 E msm-pcm-routing soc: qcom,msm-pcm-routing: ASoC: Failed to add route TERT_MI2S_TX -> TERT_MI2S_TX -> AUDIO_REF_EC_UL28 MUX
03-06 16:38:29.677     0     0 E swr-wcd msm_sdw_swr_ctrl: swrm_get_logical_dev_num: device id 0x0 does not match with 0x20170212
03-06 16:38:29.677     0     0 E msm-pcm-routing soc: qcom,msm-pcm-routing: ASoC: no sink widget found for AUDIO_REF_EC_UL28 MUX
03-06 16:38:29.677     0     0 E msm-pcm-routing soc: qcom,msm-pcm-routing: ASoC: Failed to add route QUAT_MI2S_TX -> QUAT_MI2S_TX -> AUDIO_REF_EC_UL28 MUX
03-06 16:38:29.677     0     0 E swr_get_logical_dev_num: Error -22 to get logical addr for device 20170212
03-06 16:38:29.677     0     0 E msm-pcm-routing soc: qcom,msm-pcm-routing: ASoC: no sink widget found for AUDIO_REF_EC_UL29 MUX
03-06 16:38:29.677     0     0 E msm-pcm-routing soc: qcom,msm-pcm-routing: ASoC: Failed to add route PRI_MI2S_TX -> PRI_MI2S_TX -> AUDIO_REF_EC_UL29 MUX
03-06 16:38:29.677     0     0 E msm-pcm-routing soc: qcom,msm-pcm-routing: ASoC: no sink widget found for AUDIO_REF_EC_UL29 MUX
03-06 16:38:29.677     0     0 E msm-pcm-routing soc: qcom,msm-pcm-routing: ASoC: Failed to add route SEC_MI2S_TX -> SEC_MI2S_TX -> AUDIO_REF_EC_UL29 MUX
03-06 16:38:29.677     0     0 E msm-pcm-routing soc: qcom,msm-pcm-routing: ASoC: no sink widget found for AUDIO_REF_EC_UL29 MUX
03-06 16:38:29.677     0     0 W wsa881x : probe of wsa881x.20170212 failed with error -22
03-06 16:38:29.677     0     0 E msm-pcm-routing soc: qcom,msm-pcm-routing: ASoC: Failed to add route TERT_MI2S_TX -> TERT_MI2S_TX -> AUDIO_REF_EC_UL29 MUX
03-06 16:38:29.677     0     0 E msm-pcm-routing soc: qcom,msm-pcm-routing: ASoC: no sink widget found for AUDIO_REF_EC_UL29 MUX
03-06 16:38:29.677     0     0 E msm-pcm-routing soc: qcom,msm-pcm-routing: ASoC: Failed to add route QUAT_MI2S_TX -> QUAT_MI2S_TX -> AUDIO_REF_EC_UL29 MUX
03-06 16:38:29.677     0     0 E msm-pcm-routing soc: qcom,msm-pcm-routing: ASoC: no source widget found for AUDIO_REF_EC_UL28 MUX
03-06 16:38:29.677     0     0 E msm-pcm-routing soc: qcom,msm-pcm-routing: ASoC: Failed to add route AUDIO_REF_EC_UL28 MUX -> direct -> MM_UL28
03-06 16:38:29.677     0     0 E msm-pcm-routing soc: qcom,msm-pcm-routing: ASoC: no source widget found for AUDIO_REF_EC_UL29 MUX
03-06 16:38:29.677     0     0 E msm-pcm-routing soc: qcom,msm-pcm-routing: ASoC: Failed to add route AUDIO_REF_EC_UL29 MUX -> direct -> MM_UL29
03-06 16:38:29.680     0     0 E platform soc: wsa_spkr_en1_pinctrl: msm_cdc_pinctrl_get_gpiodata: cannot find cdc gpio info
03-06 16:38:29.681     0     0 E platform soc: wsa_spkr_en1_pinctrl: msm_cdc_pinctrl_get_gpiodata: cannot find cdc gpio info
03-06 16:38:29.681     0     0 E         : (NULL device *): wsa881x_gpio_ctrl: Failed to turn state 1; ret=-22
03-06 16:38:29.688     0     0 E swr-wcd msm_sdw_swr_ctrl: swrm_get_logical_dev_num: device id 0x0 does not match with 0x21170213
03-06 16:38:29.688     0     0 E swr_get_logical_dev_num: Error -22 to get logical addr for device 21170213
03-06 16:38:29.688     0     0 W wsa881x : probe of wsa881x.21170213 failed with error -22
03-06 16:38:29.691     0     0 E platform soc: wsa_spkr_en2_pinctrl: msm_cdc_pinctrl_get_gpiodata: cannot find cdc gpio info
03-06 16:38:29.692     0     0 E platform soc: wsa_spkr_en2_pinctrl: msm_cdc_pinctrl_get_gpiodata: cannot find cdc gpio info
03-06 16:38:29.692     0     0 E         : (NULL device *): wsa881x_gpio_ctrl: Failed to turn state 1; ret=-22
03-06 16:38:29.697     0     0 W         : msm_digital_codec msm_digital_codec: ASoC: Failed to create AIF2 Capture debugfs file
03-06 16:38:29.709     0     0 E swr-wcd msm_sdw_swr_ctrl: swrm_get_logical_dev_num: device id 0x0 does not match with 0x21170214
03-06 16:38:29.709     0     0 E swr_get_logical_dev_num: Error -22 to get logical addr for device 21170214
03-06 16:38:29.709     0     0 W wsa881x : probe of wsa881x.21170214 failed with error -22
03-06 16:38:29.762     0     0 E sdm660-asoc-snd soc: sound: control 2:0:0:MultiMedia5 Mixer QUAT_MI2S_TX:0 is already present
03-06 16:38:29.762     0     0 E msm-pcm-routing soc: qcom,msm-pcm-routing: ASoC: failed to add widget MultiMedia5 Mixer dapm kcontrol MultiMedia5 Mixer QUAT_MI2S_T
X: -16
03-06 16:38:29.870     0     0 E msm-pcm-routing soc: qcom,msm-pcm-routing: ASoC: mux AUDIO_REF_EC_UL16 MUX has no paths
03-06 16:38:29.994     0     0 I sdm660-asoc-snd soc: sound: wcd_mbhc_start: qcom,msm-mbhc-usbc-audio-supported in dt node is missing or false
03-06 16:38:29.994     0     0 I sdm660-asoc-snd soc: sound: wcd_mbhc_start: skipping USB c analog configuration
03-06 16:38:30.033     0     0 I input   : sdm660-snd-card-mtp Headset Jack as /devices/soc/soc:sound/sound/card0/input3
03-06 16:38:30.034     0     0 I input   : sdm660-snd-card-mtp Button Jack as /devices/soc/soc:sound/sound/card0/input4
03-06 16:38:30.040     0     0 E mdss_dp_usbpd_setup: get_usbpd phandle failed (-517)
03-06 16:38:30.040     0     0 E mdss_dp_probe: Error usbpd setup!
03-06 16:38:30.047     0     0 E qpnp-pdphy 800f000.qcom,spmi: qcom,pm660@0:qcom,usb-pdphy@1700: usbpd_create failed: -517
03-06 16:38:30.219     0     0 E ueventd : selinux_android_restorecon(/sys/devices/soc/800f000.qcom,spmi/spmi-0/spmi0-00/800f000.qcom,spmi:qcom,pm660@0:qcom,usb-pdp
hy@1700/usbpd/usbpd0) failed: No such file or directory
03-06 16:38:30.269   754   754 I auditd  : type=1400 audit(0.0:12): avc: denied { execute } for comm="init" name="init.qti.can.sh" dev="dm-1" ino=263 scontext=u:r:i
nit:s0 tcontext=u:object_r:vendor_file:s0 tclass=file permissive=0
03-06 16:38:30.269     0     0 I init    : Service 'exec 14 (/vendor/bin/init.qcom.early_boot.sh)' (pid 707) exited with status 0 waiting took 1.252000 seconds
03-06 16:38:30.271     0     0 I init    : starting service 'exec 15 (/vendor/bin/init.qti.can.sh)'...
03-06 16:38:30.286     0     0 I init    : SVC_EXEC service 'exec 15 (/vendor/bin/init.qti.can.sh)' pid 754 (uid 0 gid 0+0 context u:r:qti_init_shell:s0) started; w
aiting...
03-06 16:38:30.287     0     0 E init    : cannot execve('/vendor/bin/init.qti.can.sh'): Permission denied
03-06 16:38:30.327     0     0 I init    : Command 'exec u:r:qti_init_shell:s0 -- /vendor/bin/init.qti.can.sh' action=early-boot (/vendor/etc/init/hw/init.qcom.rc:8
5) took 56ms and succeeded
03-06 16:38:30.345     0     0 I init    : Service 'exec 15 (/vendor/bin/init.qti.can.sh)' (pid 754) exited with status 127 waiting took 0.060000 seconds
03-06 16:38:30.373     0     0 I init    : processing action (early-boot) from (/system/etc/init/installd.rc:5)
03-06 16:38:30.399     0     0 I init    : processing action (boot) from (/init.rc:657)
03-06 16:38:30.405     0     0 E init    : property 'dev.mnt.blk.data' doesn't exist while expanding '/sys/fs/f2fs/${dev.mnt.blk.data}/cp_interval'
03-06 16:38:30.405     0     0 I init    : Command 'write /sys/fs/f2fs/${dev.mnt.blk.data}/cp_interval 200' action=boot (/init.rc:690) took 0ms and failed: cannot e
xpand '/sys/fs/f2fs/${dev.mnt.blk.data}/cp_interval'
03-06 16:38:30.416     0     0 E init    : property 'dev.mnt.blk.data' doesn't exist while expanding '/sys/fs/f2fs/${dev.mnt.blk.data}/gc_urgent_sleep_time'
03-06 16:38:30.432     0     0 I init    : Command 'write /sys/fs/f2fs/${dev.mnt.blk.data}/gc_urgent_sleep_time 50' action=boot (/init.rc:691) took 16ms and failed:
 cannot expand '/sys/fs/f2fs/${dev.mnt.blk.data}/gc_urgent_sleep_time'
03-06 16:38:30.457     0     0 I init    : starting service 'vendor.audio-hal-2-0'...
03-06 16:38:30.471     0     0 I init    : starting service 'hidl_memory'...
03-06 16:38:30.478     0     0 I init    : starting service 'system_suspend'...
03-06 16:38:30.485     0     0 I init    : starting service 'healthd'...
03-06 16:38:30.491     0     0 I init    : starting service 'vendor.bluetooth-1-0-qti'...
03-06 16:38:30.498     0     0 I init    : starting service 'vendor.camera-provider-2-4'...
03-06 16:38:30.505     0     0 E init    : couldn't write 760 to /dev/cpuset/camera-daemon/tasks: No such file or directory
03-06 16:38:30.505     0     0 I init    : starting service 'vendor.cas-hal-1-1'...
03-06 16:38:30.520     0     0 I init    : starting service 'vendor.configstore-hal'...
03-06 16:38:30.526     0     0 I init    : starting service 'vendor.drm-hal-1-0'...
03-06 16:38:30.533     0     0 I init    : starting service 'vendor.drm-clearkey-hal-1-2'...
03-06 16:38:30.540     0     0 I init    : starting service 'gnss_service'...
03-06 16:38:30.547     0     0 I init    : starting service 'vendor.gralloc-2-0'...
03-06 16:38:30.553     0     0 I init    : starting service 'vendor.hwcomposer-2-1'...
03-06 16:38:30.560     0     0 I init    : starting service 'health-hal-2-0'...
03-06 16:38:30.561     0     0 I init    : Created socket '/dev/socket/pps', mode 660, user 1000, group 1000
03-06 16:38:30.565     0     0 I init    : Opened file '/dev/kmsg', flags 1
03-06 16:38:30.566     0     0 I init    : starting service 'vendor.light-hal-2-0'...
03-06 16:38:30.573     0     0 I init    : starting service 'vendor.memtrack-hal-1-0'...
03-06 16:38:30.580     0     0 I init    : starting service 'vendor.nfc_hal_service'...
03-06 16:38:30.587     0     0 I init    : starting service 'vendor.power-hal-1-0'...
03-06 16:38:30.594     0     0 I init    : starting service 'vendor.sensors-hal-1-0'...
03-06 16:38:30.597     0     0 W healthd : Unknown power supply type 'BMS'
03-06 16:38:30.598     0     0 W healthd : Unknown power supply type 'Main'
03-06 16:38:30.602     0     0 I init    : starting service 'vendor.thermal-hal-1-0'...
03-06 16:38:30.607     0     0 W healthd : Unknown power supply type 'Parallel'
03-06 16:38:30.611     0     0 I init    : starting service 'vendor.usb-hal-1-0'...
03-06 16:38:30.621     0     0 I init    : starting service 'vendor.vibrator-1-0'...
03-06 16:38:30.622     0     0 W healthd : ignore: usb-ignore
03-06 16:38:30.622     0     0 W healthd : ignore: battery-ignore
03-06 16:38:30.622     0     0 W healthd : BatteryTemperaturePath not found
03-06 16:38:30.622     0     0 W healthd : BatteryTechnologyPath not found
03-06 16:38:30.622     0     0 W healthd : BatteryCurrentNowPath not found
03-06 16:38:30.622     0     0 W healthd : BatteryFullChargePath not found
03-06 16:38:30.622     0     0 W healthd : BatteryCycleCountPath not found
03-06 16:38:30.629     0     0 E FAKE_BATTERY: fake_batt_get_property: batt_mv=7392
03-06 16:38:30.635     0     0 I init    : starting service 'vendor.wifi_hal_legacy'...
03-06 16:38:30.638     0     0 W healthd : battery l=44 v=7 t=0.0 h=2 st=3 chg=
03-06 16:38:30.661     0     0 I init    : starting service 'display-color-hal-1-0'...
03-06 16:38:30.677     0     0 I init    : starting service 'nqnfc_1_2_hal_service'...
03-06 16:38:30.708     0     0 I init    : starting service 'qti_esepowermanager_service'...
03-06 16:38:30.715     0     0 I init    : starting service 'perf-hal-2-0'...
03-06 16:38:30.745     0     0 I init    : starting service 'qdutils_disp-1-0'...
--------- beginning of crash
03-06 16:38:30.757   783   783 F linker  : CANNOT LINK EXECUTABLE "/vendor/bin/hw/vendor.nxp.hardware.nfc@1.2-service": library "nfc_nci.nqx.default.hw.so" not foun
d
03-06 16:38:30.777     0     0 I init    : starting service 'qteeconnector-hal-1-0'...
03-06 16:38:30.794     0     0 I init    : starting service 'soter-1-0'...
03-06 16:38:30.801     0     0 I init    : starting service 'tui_comm-1-0'...
03-06 16:38:30.807     0     0 I init    : Command 'class_start hal' action=boot (/init.rc:762) took 350ms and succeeded
03-06 16:38:30.817     0     0 I init    : starting service 'qcom-c_core-sh'...
03-06 16:38:30.824     0     0 I init    : starting service 'vendor.qrtr-ns'...
03-06 16:38:30.833     0     0 I init    : starting service 'irsc_util'...
03-06 16:38:30.852     0     0 I init    : starting service 'vendor-sensor-sh'...
03-06 16:38:30.863     0     0 E init    : Could not start service 'esepmdaemon' as part of class 'core': Cannot find '/system/vendor/bin/esepmdaemon': No such file
 or directory
03-06 16:38:30.863     0     0 I init    : starting service 'cs-early-boot'...
03-06 16:38:30.905     0     0 I init    : starting service 'vendor.per_mgr'...
03-06 16:38:30.939     0     0 W healthd : Unknown power supply type 'BMS'
03-06 16:38:30.940     0     0 W healthd : Unknown power supply type 'Main'
03-06 16:38:30.945     0     0 W healthd : Unknown power supply type 'Parallel'
03-06 16:38:30.950     0     0 I init    : starting service 'vendor.pd_mapper'...
03-06 16:38:30.956   801   801 I irsc_util: Starting irsc tool
03-06 16:38:30.978   801   801 I irsc_util: Num of entries:297
03-06 16:38:30.985     0     0 I init    : starting service 'ashmemd'...
03-06 16:38:30.987     0     0 W healthd : ignore: usb-ignore
03-06 16:38:30.989     0     0 W healthd : ignore: battery-ignore
03-06 16:38:30.992     0     0 W healthd : BatteryTemperaturePath not found
03-06 16:38:30.995     0     0 I init    : starting service 'audioserver'...
03-06 16:38:31.006   801   801 I irsc_util: Ending irsc tool
03-06 16:38:31.010     0     0 I init    : starting service 'gpu'...
03-06 16:38:31.015     0     0 W healthd : BatteryTechnologyPath not found
03-06 16:38:31.015     0     0 W healthd : BatteryCurrentNowPath not found
03-06 16:38:31.019     0     0 W healthd : BatteryFullChargePath not found
03-06 16:38:31.023     0     0 I init    : starting service 'lmkd'...
03-06 16:38:31.029     0     0 W healthd : BatteryCycleCountPath not found
03-06 16:38:31.037   781   781 I android.hardware.wifi@1.0-service: Wifi Hal is booting up...
03-06 16:38:31.045     0     0 E FAKE_BATTERY: fake_batt_get_property: batt_mv=7392
03-06 16:38:31.048     0     0 W healthd : battery l=44 v=7 t=0.0 h=2 st=3 chg=
03-06 16:38:31.048   781   781 I ServiceManagement: Registered android.hardware.wifi@1.3::IWifi/default (start delay of 403ms)
03-06 16:38:31.051     0     0 I ueventd : firmware: loading 'cmnlib64.mdt' for '/devices/virtual/qseecom/qseecom/cmnlib64.mdt'
03-06 16:38:31.057     0     0 I init    : starting service 'surfaceflinger'...
03-06 16:38:31.068     0     0 I ueventd : loading /devices/virtual/qseecom/qseecom/cmnlib64.mdt took 17ms
03-06 16:38:31.076     0     0 I init    : Created socket '/dev/socket/lmkd', mode 660, user 1000, group 1000
03-06 16:38:31.087     0     0 I ueventd : firmware: loading 'cmnlib64.b00' for '/devices/virtual/qseecom/qseecom/cmnlib64.b00'
03-06 16:38:31.090     0     0 I ueventd : loading /devices/virtual/qseecom/qseecom/cmnlib64.b00 took 4ms
03-06 16:38:31.092     0     0 I init    : starting service 'vendor.rmt_storage'...
03-06 16:38:31.102     0     0 E init    : Failed to bind socket 'pdx/system/vr/display/client': No such file or directory
03-06 16:38:31.105     0     0 E init    : Failed to bind socket 'pdx/system/vr/display/manager': No such file or directory
03-06 16:38:31.114     0     0 I init    : starting service 'vendor.tftp_server'...
03-06 16:38:31.117     0     0 E init    : Failed to bind socket 'pdx/system/vr/display/vsync': No such file or directory
03-06 16:38:31.126     0     0 I init    : Command 'class_start core' action=boot (/init.rc:764) took 310ms and succeeded
03-06 16:38:31.127     0     0 I init    : Service 'nqnfc_1_2_hal_service' (pid 783) exited with status 1
03-06 16:38:31.127     0     0 I init    : Sending signal 9 to service 'nqnfc_1_2_hal_service' (pid 783) process group...
03-06 16:38:31.128     0     0 I libprocessgroup: Successfully killed process cgroup uid 1027 pid 783 in 0ms
03-06 16:38:31.131     0     0 I init    : Service 'irsc_util' (pid 801) exited with status 0
03-06 16:38:31.133     0     0 I init    : processing action (boot) from (/init.usb.rc:21)
03-06 16:38:31.134     0     0 I init    : processing action (persist.sys.usb.config=* && boot) from (/init.usb.rc:102)
03-06 16:38:31.134     0     0 I init    : processing action (boot) from (/vendor/etc/init/hw/init.qcom.rc:113)
03-06 16:38:31.143     0     0 I ueventd : firmware: loading 'cmnlib64.b01' for '/devices/virtual/qseecom/qseecom/cmnlib64.b01'
03-06 16:38:31.164     0     0 E FAKE_BATTERY: fake_batt_get_property: batt_mv=7392
03-06 16:38:31.165     0     0 I ueventd : loading /devices/virtual/qseecom/qseecom/cmnlib64.b01 took 23ms
03-06 16:38:31.176     0     0 W healthd : battery l=44 v=7 t=0.0 h=2 st=3 chg=
03-06 16:38:31.206     0     0 I ueventd : firmware: loading 'cmnlib64.b02' for '/devices/virtual/qseecom/qseecom/cmnlib64.b02'
03-06 16:38:31.214     0     0 I ueventd : loading /devices/virtual/qseecom/qseecom/cmnlib64.b02 took 15ms
03-06 16:38:31.242     0     0 E selinux : avc:  denied  { set } for property=persist.camera.gyro.disable pid=598 uid=0 gid=0 scontext=u:r:vendor_init:s0 tcontext=u
:object_r:default_prop:s0 tclass=property_service permissive=0
03-06 16:38:31.244     0     0 E rmt_storage: INFO:check_support_using_libmdm: Modem subsystem found on target!
03-06 16:38:31.246     0     0 I ueventd : firmware: loading 'cmnlib64.b03' for '/devices/virtual/qseecom/qseecom/cmnlib64.b03'
03-06 16:38:31.254     0     0 I ueventd : loading /devices/virtual/qseecom/qseecom/cmnlib64.b03 took 9ms
03-06 16:38:31.260     0     0 E rmt_storage: INFO:main: Done with init now waiting for messages!
03-06 16:38:31.263     0     0 I servloc : service_locator_svc_arrive: Connection established with the Service locator
03-06 16:38:31.263     0     0 I servloc : init_service_locator: Service locator initialized
03-06 16:38:31.266     0     0 I audio_notifer_reg_service: service PDR_ADSP is in use
03-06 16:38:31.270     0     0 I service-notifier: root_service_service_arrive: Connection established between QMI handle and 74 service
03-06 16:38:31.326     0     0 E init    : Subcontext init could not set 'persist.camera.gyro.disable' to '0': SELinux permission check failed
03-06 16:38:31.329     0     0 I ueventd : firmware: loading 'cmnlib64.b04' for '/devices/virtual/qseecom/qseecom/cmnlib64.b04'
03-06 16:38:31.342     0     0 I init    : Command 'setprop persist.camera.gyro.disable 0' action=boot (/vendor/etc/init/hw/init.qcom.rc:171) took 100ms and succeed
ed
03-06 16:38:31.346     0     0 I ueventd : loading /devices/virtual/qseecom/qseecom/cmnlib64.b04 took 17ms
03-06 16:38:31.366     0     0 I init    : Received control message 'start' for 'vendor.sensors.qti' from pid: 842 (start vendor.sensors.qti)
03-06 16:38:31.366     0     0 I ueventd : firmware: loading 'cmnlib64.b05' for '/devices/virtual/qseecom/qseecom/cmnlib64.b05'
03-06 16:38:31.369     0     0 I ueventd : loading /devices/virtual/qseecom/qseecom/cmnlib64.b05 took 10ms
03-06 16:38:31.380     0     0 I ueventd : firmware: loading 'cmnlib64.b06' for '/devices/virtual/qseecom/qseecom/cmnlib64.b06'
03-06 16:38:31.386     0     0 I ueventd : loading /devices/virtual/qseecom/qseecom/cmnlib64.b06 took 7ms
03-06 16:38:31.409   598   598 I auditd  : type=1400 audit(0.0:13): avc: denied { setattr } for comm="init" name="rawdump" dev="tmpfs" ino=13363 scontext=u:r:vendor
_init:s0 tcontext=u:object_r:block_device:s0 tclass=lnk_file permissive=0
03-06 16:38:31.409   598   598 I auditd  : type=1400 audit(0.0:14): avc: denied { setattr } for comm="init" name="rawdump" dev="tmpfs" ino=13363 scontext=u:r:vendor
_init:s0 tcontext=u:object_r:block_device:s0 tclass=lnk_file permissive=0
03-06 16:38:31.411     0     0 I init    : starting service 'vendor.sensors.qti'...
03-06 16:38:31.419   866   866 I auditd  : type=1400 audit(0.0:15): avc: denied { read } for comm="getprop" name="u:object_r:default_prop:s0" dev="tmpfs" ino=4862 s
context=u:r:qti_init_shell:s0 tcontext=u:object_r:default_prop:s0 tclass=file permissive=0
03-06 16:38:31.421     0     0 E mdss_dsi_event_handler: unhandled event=1
03-06 16:38:31.429     0     0 I init    : Command 'chmod 0755 /system/bin/ip' action=boot (/vendor/etc/init/hw/init.qcom.rc:174) took 0ms and failed: fchmodat() fa
iled: Read-only file system
03-06 16:38:31.434     0     0 I init    : Command 'chown root system /dev/block/bootdevice/by-name/rawdump' action=boot (/vendor/etc/init/hw/init.qcom.rc:200) took
 0ms and failed: lchown() failed: Permission denied
03-06 16:38:31.435     0     0 I init    : Command 'chmod 0660 /dev/block/bootdevice/by-name/rawdump' action=boot (/vendor/etc/init/hw/init.qcom.rc:201) took 0ms an
d failed: fchmodat() failed: Permission denied
03-06 16:38:31.447     0     0 I ueventd : firmware: loading 'cmnlib64.mdt' for '/devices/virtual/qseecom/qseecom/cmnlib64.mdt'
03-06 16:38:31.448     0     0 I ueventd : loading /devices/virtual/qseecom/qseecom/cmnlib64.mdt took 2ms
03-06 16:38:31.456     0     0 I init    : processing action (boot) from (/vendor/etc/init/hw/init.qcom.usb.rc:51)
03-06 16:38:31.458     0     0 I init    : Command 'mount configfs none /config' action=boot (/vendor/etc/init/hw/init.qcom.usb.rc:53) took 0ms and failed: mount()
failed: Device or resource busy
03-06 16:38:31.472     0     0 I         : Mass Storage Function, version: 2009/09/11
03-06 16:38:31.472     0     0 I LUN     : removable file: (no medium)
03-06 16:38:31.479     0     0 I init    : Received control message 'start' for 'vendor.sensors' from pid: 869 (start vendor.sensors)
03-06 16:38:31.479     0     0 E init    : Could not ctl.start for 'vendor.sensors': Cannot find '/vendor/bin/sscrpcd': No such file or directory
03-06 16:38:31.482     0     0 I ueventd : firmware: loading 'cmnlib64.b00' for '/devices/virtual/qseecom/qseecom/cmnlib64.b00'
03-06 16:38:31.485     0     0 I ueventd : loading /devices/virtual/qseecom/qseecom/cmnlib64.b00 took 3ms
03-06 16:38:31.509     0     0 I init    : Service 'vendor-sensor-sh' (pid 803) exited with status 0
03-06 16:38:31.510     0     0 I ueventd : firmware: loading 'cmnlib64.b01' for '/devices/virtual/qseecom/qseecom/cmnlib64.b01'
03-06 16:38:31.512     0     0 I         : file system registered
03-06 16:38:31.515     0     0 I ueventd : loading /devices/virtual/qseecom/qseecom/cmnlib64.b01 took 9ms
03-06 16:38:31.524     0     0 I f_cdev_alloc: port_name:at_usb0 (ffffffcee3f56c00) portno:(0)
03-06 16:38:31.529     0     0 I f_cdev_alloc: port_name:at_usb1 (ffffffcee39cb000) portno:(1)
03-06 16:38:31.533     0     0 I f_cdev_alloc: port_name:at_usb2 (ffffffcedecc4000) portno:(2)
03-06 16:38:31.536     0     0 I ueventd : firmware: loading 'a530_pm4.fw' for '/devices/soc/5000000.qcom,kgsl-3d0/kgsl/kgsl-3d0/a530_pm4.fw'
03-06 16:38:31.539     0     0 I init    : Received control message 'start' for 'console' from pid: 876 (start console)
03-06 16:38:31.540     0     0 I init    : starting service 'console'...
03-06 16:38:31.547     0     0 I ueventd : loading /devices/soc/5000000.qcom,kgsl-3d0/kgsl/kgsl-3d0/a530_pm4.fw took 12ms
03-06 16:38:31.550     0     0 I ueventd : firmware: loading 'cmnlib64.b02' for '/devices/virtual/qseecom/qseecom/cmnlib64.b02'
03-06 16:38:31.551     0     0 E init    : setpgid failed for console: Operation not permitted
03-06 16:38:31.554     0     0 I ueventd : loading /devices/virtual/qseecom/qseecom/cmnlib64.b02 took 3ms
03-06 16:38:31.560     0     0 I init    : Service 'qcom-c_core-sh' (pid 799) exited with status 0
03-06 16:38:31.580     0     0 I ueventd : firmware: loading 'a530_pfp.fw' for '/devices/soc/5000000.qcom,kgsl-3d0/kgsl/kgsl-3d0/a530_pfp.fw'
03-06 16:38:31.586     0     0 I ueventd : loading /devices/soc/5000000.qcom,kgsl-3d0/kgsl/kgsl-3d0/a530_pfp.fw took 6ms
03-06 16:38:31.589   868   868 I auditd  : type=1400 audit(0.0:16): avc: denied { read } for comm="sensors.qti" name="soc0" dev="sysfs" ino=47264 scontext=u:r:senso
rs:s0 tcontext=u:object_r:sysfs:s0 tclass=dir permissive=0
03-06 16:38:31.594     0     0 I ueventd : firmware: loading 'cmnlib64.b03' for '/devices/virtual/qseecom/qseecom/cmnlib64.b03'
03-06 16:38:31.597     0     0 I ueventd : loading /devices/virtual/qseecom/qseecom/cmnlib64.b03 took 12ms
03-06 16:38:31.606     0     0 I ueventd : firmware: loading 'cmnlib64.b04' for '/devices/virtual/qseecom/qseecom/cmnlib64.b04'
03-06 16:38:31.607     0     0 I ueventd : loading /devices/virtual/qseecom/qseecom/cmnlib64.b04 took 2ms
03-06 16:38:31.618     0     0 I ueventd : firmware: loading 'cmnlib64.b05' for '/devices/virtual/qseecom/qseecom/cmnlib64.b05'
03-06 16:38:31.626     0     0 I ueventd : loading /devices/virtual/qseecom/qseecom/cmnlib64.b05 took 9ms
03-06 16:38:31.628     0     0 I ueventd : firmware: loading 'a512_zap.mdt' for '/devices/soc/soc:qcom,kgsl-hyp/firmware/a512_zap.mdt'
03-06 16:38:31.637     0     0 I ueventd : loading /devices/soc/soc:qcom,kgsl-hyp/firmware/a512_zap.mdt took 14ms
03-06 16:38:31.639     0     0 I ueventd : firmware: loading 'cmnlib64.b06' for '/devices/virtual/qseecom/qseecom/cmnlib64.b06'
03-06 16:38:31.640     0     0 I ueventd : loading /devices/virtual/qseecom/qseecom/cmnlib64.b06 took 1ms
03-06 16:38:31.644     0     0 W QSEECOM : qseecom_load_app: App (soter64) does'nt exist, loading apps for first time
03-06 16:38:31.646     0     0 I init    : starting service 'vendor.qcom-usb-sh'...
03-06 16:38:31.648     0     0 I alloc_contig_range: [fc500, fc600) PFNs busy
03-06 16:38:31.652     0     0 I init    : processing action (boot) from (/vendor/etc/init/hw/init.target.rc:64)
03-06 16:38:31.652     0     0 I init    : Command 'start rmt_storage' action=boot (/vendor/etc/init/hw/init.target.rc:65) took 0ms and failed: service rmt_storage
not found
03-06 16:38:31.653     0     0 I init    : Command 'start rfs_access' action=boot (/vendor/etc/init/hw/init.target.rc:66) took 0ms and failed: service rfs_access no
t found
03-06 16:38:31.658     0     0 I subsys-pil-tz soc: qcom,kgsl-hyp: a512_zap: loading from 0x00000000fc600000 to 0x00000000fc602000
03-06 16:38:31.674     0     0 W QSEECOM : qseecom_load_app: App with id 131074 (soter64) now loaded
03-06 16:38:31.696     0     0 I ueventd : firmware: loading 'a512_zap.b02' for '/devices/soc/soc:qcom,kgsl-hyp/firmware/a512_zap.b02'
03-06 16:38:31.700     0     0 I ueventd : loading /devices/soc/soc:qcom,kgsl-hyp/firmware/a512_zap.b02 took 4ms
03-06 16:38:31.708     0     0 I subsys-pil-tz soc: qcom,kgsl-hyp: a512_zap: Brought out of reset
03-06 16:38:31.710     0     0 E devfreq soc: qcom,kgsl-busmon: Couldn't update frequency transition information.
03-06 16:38:31.915     0     0 W wlan    : loading out-of-tree module taints kernel.
03-06 16:38:31.955     0     0 I msm_pm_qos_add_request: add request
03-06 16:38:32.010     0     0 I msm_cci_init: 1439: hw_version = 0x10060000
03-06 16:38:32.010     0     0 E         : ov13850_q13v06k probe succeeded
03-06 16:38:32.089     0     0 I msm_cci_init: 1439: hw_version = 0x10060000
03-06 16:38:32.089     0     0 E         : ov5648 probe succeeded
03-06 16:38:32.115     0     0 I msm_csid_init: CSID_VERSION = 0x30050000
03-06 16:38:32.121     0     0 E         : msm_csid_irq CSID0_IRQ_STATUS_ADDR = 0x800
03-06 16:38:32.125     0     0 I msm_csid_init: CSID_VERSION = 0x30050000
03-06 16:38:32.130     0     0 E         : msm_csid_irq CSID2_IRQ_STATUS_ADDR = 0x800
03-06 16:38:32.207     0     0 E wlan    : Loading driver v5.2.03.20X; 2021-08-04T08:59:41Z; cld:; cmn:; ( +PANIC_ON_BUG)
03-06 16:38:32.207     0     0 I qdf_print_ctrl_register: Allocated print control object 0
03-06 16:38:32.210     0     0 I [init][0x3622c986][16:38:32.199778] wlan: [598:I:tdls] ucfg_tdls_init: 40: tdls module dispatcher init
03-06 16:38:32.210     0     0 I [init][0x3622ce1a][16:38:32.199839] wlan: [598:I:tdls] ucfg_tdls_init: 72: tdls module dispatcher init done
03-06 16:38:32.210     0     0 I [init][0x3622d5d7][16:38:32.199942] wlan: [598:I:POLICY_MGR] policy_mgr_init: 214: Callbacks registered with obj mgr
03-06 16:38:32.211     0     0 I [init][0x3622f9fa][16:38:32.200424] wlan: [598:I:IPA] ipa_init: 125: ipa module dispatcher init
03-06 16:38:32.211     0     0 E ipa2_uc_reg_rdyCB: 1735 bad parm. inout=          (null)
03-06 16:38:32.218     0     0 I         : wlan_hdd_state wlan major(227) initialized
03-06 16:38:32.219   825   825 I auditd  : type=1400 audit(0.0:17): avc: denied { search } for comm="surfaceflinger" name="gpu" dev="tmpfs" ino=13068 scontext=u:r:s
urfaceflinger:s0 tcontext=u:object_r:vendor_gles_data_file:s0 tclass=dir permissive=0
03-06 16:38:32.222     0     0 I wlan    : driver loaded
03-06 16:38:32.222     0     0 I init    : Command 'insmod /vendor/lib/modules/qca_cld3_wlan.ko' action=boot (/vendor/etc/init/hw/init.target.rc:111) took 544ms and
 succeeded
03-06 16:38:32.227     0     0 I init    : processing action (boot) from (/system/etc/init/bootstat.rc:63)
03-06 16:38:32.227     0     0 I init    : processing action (boot) from (/system/etc/init/dumpstate.rc:1)
03-06 16:38:32.228     0     0 I init    : processing action (boot) from (/system/etc/init/gsid.rc:14)
03-06 16:38:32.229     0     0 I init    : starting service 'exec 16 (/system/bin/gsid run-startup-tasks)'...
03-06 16:38:32.235     0     0 I init    : processing action (boot) from (/vendor/etc/init/netmgrd.rc:6)
03-06 16:38:32.238     0     0 I init    : processing action (boot) from (/vendor/etc/init/port-bridge.rc:6)
03-06 16:38:32.240     0     0 I init    : processing action (enable_property_trigger) from (<Builtin Action>:0)
03-06 16:38:32.241     0     0 I init    : processing action (security.perf_harden=1) from (/init.rc:833)
03-06 16:38:32.242     0     0 I init    : processing action (ro.debuggable=1) from (/init.rc:857)
03-06 16:38:32.243     0     0 I init    : processing action (persist.vendor.qcomsysd.enabled=1) from (/vendor/etc/init/hw/init.qcom.rc:432)
03-06 16:38:32.243     0     0 I init    : processing action (vendor.display.lcd_density=*) from (/vendor/etc/init/hw/init.qcom.rc:1007)
03-06 16:38:32.244     0     0 I init    : processing action (vendor.gpu.available_frequencies=*) from (/vendor/etc/init/hw/init.qcom.rc:1080)
03-06 16:38:32.245     0     0 E selinux : avc:  denied  { set } for property=ro.vendor.gpu.available_frequencies pid=598 uid=0 gid=0 scontext=u:r:vendor_init:s0 tc
ontext=u:object_r:freq_prop:s0 tclass=property_service permissive=0
03-06 16:38:32.245     0     0 E init    : Subcontext init could not set 'ro.vendor.gpu.available_frequencies' to '647000000 588000000 465000000 370000000 266000000
 160000000 ': SELinux permission check failed
03-06 16:38:32.245     0     0 I init    : processing action (sys.usb.config=adb && sys.usb.configfs=1) from (/vendor/etc/init/hw/init.msm.usb.configfs.rc:1354)
03-06 16:38:32.247     0     0 I init    : processing action (vendor.usb.controller=*) from (/vendor/etc/init/hw/init.target.rc:126)
03-06 16:38:32.247     0     0 I init    : processing action (init.svc.vendor.per_mgr=running) from (/vendor/etc/init/hw/init.target.rc:142)
03-06 16:38:32.249     0     0 I init    : starting service 'vendor.per_proxy'...
03-06 16:38:32.255     0     0 I init    : processing action (init.svc.surfaceflinger=running) from (/vendor/etc/init/hw/init.target.rc:417)
03-06 16:38:32.257     0     0 I init    : starting service 'ppd'...
03-06 16:38:32.263     0     0 I init    : processing action (sys.usb.config=adb && sys.usb.configfs=1) from (/init.usb.configfs.rc:17)
03-06 16:38:32.264     0     0 I init    : starting service 'adbd'...
03-06 16:38:32.269     0     0 I init    : Created socket '/dev/socket/pps', mode 660, user 1000, group 1000
03-06 16:38:32.274     0     0 I init    : processing action (ro.iorapd.enable=false) from (/system/etc/init/iorapd.rc:24)
03-06 16:38:32.274     0     0 I init    : processing action (ro.boot.slot_suffix=*) from (/system/etc/init/update_engine.rc:8)
03-06 16:38:32.274     0     0 I init    : processing action (defaultcrypto) from (/system/etc/init/vdc.rc:2)
03-06 16:38:32.276     0     0 I init    : starting service 'exec 17 (/system/bin/vdc --wait cryptfs mountdefaultencrypted)'...
03-06 16:38:32.282     0     0 I init    : SVC_EXEC service 'exec 17 (/system/bin/vdc --wait cryptfs mountdefaultencrypted)' pid 954 (uid 0 gid 0+0 context default)
 started; waiting...
03-06 16:38:32.282     0     0 I init    : Created socket '/dev/socket/adbd', mode 660, user 1000, group 1000
03-06 16:38:32.299   825   825 I chatty  : uid=1000(system) /system/bin/surfaceflinger identical 8 lines
03-06 16:38:32.299   825   825 I auditd  : type=1400 audit(0.0:26): avc: denied { search } for comm="surfaceflinger" name="gpu" dev="tmpfs" ino=13068 scontext=u:r:s
urfaceflinger:s0 tcontext=u:object_r:vendor_gles_data_file:s0 tclass=dir permissive=0
03-06 16:38:32.370     0     0 D vdc     : Waited 0ms for vold
03-06 16:38:32.373   627   959 I Cryptfs : cryptfs_check_passwd
03-06 16:38:32.375   627   959 D         : HW based disk encryption is enabled
03-06 16:38:32.377   627   959 D Cryptfs : crypt_ftr->fs_size = 42721215
03-06 16:38:32.377   627   959 D         : HW based disk encryption is enabled
03-06 16:38:32.377   627   959 I Cryptfs : Using scrypt with keymaster for cryptfs KDF
03-06 16:38:32.381     0     0 I subsys-restart: __subsystem_get(): Changing subsys fw_name to modem
03-06 16:38:32.383     0     0 I init    : Service 'exec 16 (/system/bin/gsid run-startup-tasks)' (pid 950) exited with status 0
03-06 16:38:32.385     0     0 I         : IPA received MPSS BEFORE_POWERUP
03-06 16:38:32.385     0     0 E ipa2_uc_state_check: 301 uC is not loaded
03-06 16:38:32.385     0     0 E ipa_sps_irq_control_all: 963 EP (5) not allocated.
03-06 16:38:32.402     0     0 I         : IPA BEFORE_POWERUP handling is complete
03-06 16:38:32.405     0     0 I init    : Service 'exec 17 (/system/bin/vdc --wait cryptfs mountdefaultencrypted)' (pid 954) exited with status 0 waiting took 0.12
4000 seconds
03-06 16:38:32.408     0     0 E         : msm_qti_pp_get_rms_value_control, back not active to query rms be_idx:3
03-06 16:38:32.410     0     0 I init    : processing action (persist.vendor.usb.config=*) from (/vendor/etc/init/hw/init.qcom.usb.rc:116)
03-06 16:38:32.412     0     0 I init    : processing action (persist.vendor.usb.config=*) from (/vendor/etc/init/hw/init.qcom.factory.rc:67)
03-06 16:38:32.418     0     0 I ueventd : firmware: loading 'modem.mdt' for '/devices/soc/4080000.qcom,mss/firmware/modem.mdt'
03-06 16:38:32.421     0     0 I         : read descriptors
03-06 16:38:32.421     0     0 I         : read strings
03-06 16:38:32.423     0     0 I pil-q6v5-mss 4080000.qcom,mss: modem: loading from 0x000000008ac00000 to 0x0000000092200000
03-06 16:38:32.424     0     0 I init    : processing action (sys.usb.config=adb && sys.usb.configfs=1 && sys.usb.ffs.ready=1) from (/init.usb.configfs.rc:20)
03-06 16:38:32.427     0     0 E msm_voice_sound_focus_get: Error getting Sound Focus Params, err=-22
03-06 16:38:32.427     0     0 E msm_voice_source_tracking_get: Error getting Source Tracking Params, err=-22
03-06 16:38:32.429     0     0 I ueventd : loading /devices/soc/4080000.qcom,mss/firmware/modem.mdt took 12ms
03-06 16:38:32.434     0     0 E msm_audio_get_copp_idx_from_port_id: Invalid FE, exiting
03-06 16:38:32.442     0     0 E msm_audio_sound_focus_get: Could not get copp idx for port_id=16385
03-06 16:38:32.444     0     0 I ueventd : firmware: loading 'mba.mbn' for '/devices/soc/4080000.qcom,mss/firmware/mba.mbn'
03-06 16:38:32.449     0     0 E msm_audio_get_copp_idx_from_port_id: Invalid FE, exiting
03-06 16:38:32.455     0     0 E msm_audio_source_tracking_get: Could not get copp idx for port_id=16385
03-06 16:38:32.458     0     0 I ueventd : loading /devices/soc/4080000.qcom,mss/firmware/mba.mbn took 15ms
03-06 16:38:32.459   972   972 I auditd  : type=1400 audit(0.0:27): avc: denied { read } for comm="ueventd" name="mmcblk0p39" dev="tmpfs" ino=14357 scontext=u:r:uev
entd:s0 tcontext=u:object_r:mba_debug_dev:s0 tclass=blk_file permissive=0
03-06 16:38:32.463     0     0 E msm_voice_sound_focus_get: Error getting Sound Focus Params, err=-22
03-06 16:38:32.470     0     0 E msm_voice_source_tracking_get: Error getting Source Tracking Params, err=-22
03-06 16:38:32.475     0     0 I ueventd : firmware: loading 'msadp' for '/devices/soc/4080000.qcom,mss/firmware/msadp'
03-06 16:38:32.478     0     0 E msm_audio_get_copp_idx_from_port_id: Invalid FE, exiting
03-06 16:38:32.481     0     0 E ueventd : firmware: could not find firmware for msadp
03-06 16:38:32.481     0     0 I ueventd : loading /devices/soc/4080000.qcom,mss/firmware/msadp took 6ms
03-06 16:38:32.482     0     0 W pil-q6v5-mss 4080000.qcom,mss: Debug policy not present - msadp. Continue.
03-06 16:38:32.482     0     0 I pil-q6v5-mss 4080000.qcom,mss: Loading MBA and DP (if present) from 0x0000000094800000 to 0x0000000094900000 size 100000
03-06 16:38:32.528     0     0 E msm_audio_sound_focus_get: Could not get copp idx for port_id=4101
03-06 16:38:32.530     0     0 I init    : starting service 'vendor.ipacm'...
03-06 16:38:32.535     0     0 I pil-q6v5-mss 4080000.qcom,mss: MBA boot done
03-06 16:38:32.547     0     0 E msm_audio_get_copp_idx_from_port_id: Invalid FE, exiting
03-06 16:38:32.554     0     0 E msm_audio_source_tracking_get: Could not get copp idx for port_id=4101
03-06 16:38:32.561     0     0 E msm_voice_sound_focus_get: Error getting Sound Focus Params, err=-22
03-06 16:38:32.567     0     0 I ueventd : firmware: loading 'modem.b02' for '/devices/soc/4080000.qcom,mss/firmware/modem.b02'
03-06 16:38:32.568     0     0 E msm_voice_source_tracking_get: Error getting Source Tracking Params, err=-22
03-06 16:38:32.573     0     0 I ueventd : loading /devices/soc/4080000.qcom,mss/firmware/modem.b02 took 7ms
03-06 16:38:32.576     0     0 E msm_audio_get_copp_idx_from_port_id: Invalid FE, exiting
03-06 16:38:32.583     0     0 E msm_audio_sound_focus_get: Could not get copp idx for port_id=4149
03-06 16:38:32.590     0     0 E msm_audio_get_copp_idx_from_port_id: Invalid FE, exiting
03-06 16:38:32.595     0     0 I ueventd : firmware: loading 'modem.b03' for '/devices/soc/4080000.qcom,mss/firmware/modem.b03'
03-06 16:38:32.597     0     0 E msm_audio_source_tracking_get: Could not get copp idx for port_id=4149
03-06 16:38:32.601     0     0 I ueventd : loading /devices/soc/4080000.qcom,mss/firmware/modem.b03 took 6ms
03-06 16:38:32.607     0     0 I core_get_license_status: cmdrsp_license_result.result = 0x15 for module 0x131ff
03-06 16:38:32.609     0     0 E msm-ext-disp-audio-codec-rx soc: qcom,msm_ext_disp:qcom,msm-ext-disp-audio-codec-rx: msm_ext_disp_audio_type_get: codec_data, get_a
udio_edid_blk() or get_intf_id is NULL
03-06 16:38:32.614     0     0 I ueventd : firmware: loading 'modem.b04' for '/devices/soc/4080000.qcom,mss/firmware/modem.b04'
03-06 16:38:32.626     0     0 E msm-dwc3 a800000.ssusb: Could not get usb psy
03-06 16:38:32.641     0     0 I ueventd : loading /devices/soc/4080000.qcom,mss/firmware/modem.b04 took 27ms
03-06 16:38:32.653     0     0 E msm_dai_q6_slim_rx_drift_get: afe port not started. dai_data->status_mask = 0
03-06 16:38:32.655     0     0 E msm_dai_q6_ext_disp_drift_get: afe port not started. status_mask = 0
03-06 16:38:32.661     0     0 I ueventd : firmware: loading 'modem.b05' for '/devices/soc/4080000.qcom,mss/firmware/modem.b05'
03-06 16:38:32.675     0     0 I ueventd : loading /devices/soc/4080000.qcom,mss/firmware/modem.b05 took 13ms
03-06 16:38:32.684     0     0 I ueventd : firmware: loading 'modem.b06' for '/devices/soc/4080000.qcom,mss/firmware/modem.b06'
03-06 16:38:32.699     0     0 I ueventd : loading /devices/soc/4080000.qcom,mss/firmware/modem.b06 took 16ms
03-06 16:38:32.715     0     0 I android_work: sent uevent USB_STATE=CONNECTED
03-06 16:38:32.717     0     0 I ueventd : firmware: loading 'modem.b07' for '/devices/soc/4080000.qcom,mss/firmware/modem.b07'
03-06 16:38:32.733     0     0 E ipa2_nat_del_cmd: 799 Nat table not initialized
03-06 16:38:32.735     0     0 E msm_adsp_stream_callback_get: ASM Stream PP event queue is not initialized.
03-06 16:38:32.736     0     0 I ueventd : loading /devices/soc/4080000.qcom,mss/firmware/modem.b07 took 21ms
03-06 16:38:32.744     0     0 I ueventd : firmware: loading 'modem.b08' for '/devices/soc/4080000.qcom,mss/firmware/modem.b08'
03-06 16:38:32.755     0     0 I ueventd : loading /devices/soc/4080000.qcom,mss/firmware/modem.b08 took 11ms
03-06 16:38:32.783     0     0 I ueventd : firmware: loading 'modem.b09' for '/devices/soc/4080000.qcom,mss/firmware/modem.b09'
03-06 16:38:32.788     0     0 I ueventd : loading /devices/soc/4080000.qcom,mss/firmware/modem.b09 took 6ms
03-06 16:38:32.805     0     0 E msm_adsp_stream_callback_get: ASM Stream PP event queue is not initialized.
03-06 16:38:32.806     0     0 I ueventd : firmware: loading 'modem.b10' for '/devices/soc/4080000.qcom,mss/firmware/modem.b10'
03-06 16:38:32.806     0     0 E msm_adsp_stream_callback_get: ASM Stream PP event queue is not initialized.
03-06 16:38:32.850     0     0 E msm_adsp_stream_callback_get: ASM Stream PP event queue is not initialized.
03-06 16:38:32.851     0     0 E msm_compr_audio_effects_config_get: stream or effects inactive
03-06 16:38:32.852     0     0 I configfs-gadget gadget: high-speed config #1: b
03-06 16:38:32.852     0     0 E msm-dwc3 a800000.ssusb: Could not get usb psy
03-06 16:38:32.853     0     0 I android_work: sent uevent USB_STATE=CONFIGURED
03-06 16:38:32.865     0     0 E msm_adsp_stream_callback_get: ASM Stream PP event queue is not initialized.
03-06 16:38:32.878     0     0 I ueventd : loading /devices/soc/4080000.qcom,mss/firmware/modem.b10 took 75ms
03-06 16:38:32.890     0     0 I ueventd : firmware: loading 'modem.b11' for '/devices/soc/4080000.qcom,mss/firmware/modem.b11'
03-06 16:38:32.919     0     0 I ueventd : loading /devices/soc/4080000.qcom,mss/firmware/modem.b11 took 33ms
03-06 16:38:32.936     0     0 I ueventd : firmware: loading 'modem.b12' for '/devices/soc/4080000.qcom,mss/firmware/modem.b12'
03-06 16:38:32.950     0     0 E msm_adsp_stream_callback_get: ASM Stream PP event queue is not initialized.
03-06 16:38:32.954     0     0 E msm_compr_audio_effects_config_get: stream or effects inactive
03-06 16:38:32.958     0     0 E msm_adsp_stream_callback_get: ASM Stream PP event queue is not initialized.
03-06 16:38:32.973     0     0 E msm_compr_audio_effects_config_get: stream or effects inactive
03-06 16:38:32.975     0     0 E msm_adsp_stream_callback_get: ASM Stream PP event queue is not initialized.
03-06 16:38:33.003     0     0 E msm_adsp_stream_callback_get: ASM Stream PP event queue is not initialized.
03-06 16:38:33.023     0     0 I MSM-CPP cpp_init_hardware: 1141 CPP HW Version: 0x60010002
03-06 16:38:33.023     0     0 E MSM-CPP cpp_init_hardware: 1159 stream_cnt:0
03-06 16:38:33.040     0     0 I ueventd : firmware: loading 'cpp_firmware_v1_12_0.fw' for '/devices/soc/ca04000.qcom,cpp/firmware/cpp_firmware_v1_12_0.fw'
03-06 16:38:33.049     0     0 I ueventd : loading /devices/soc/ca04000.qcom,cpp/firmware/cpp_firmware_v1_12_0.fw took 10ms
03-06 16:38:33.056     0     0 I init    : Service 'vendor.qcom-usb-sh' (pid 911) exited with status 0
03-06 16:38:33.063     0     0 I MSM-CPP cpp_release_hardware: 1222 cpp hw release done
03-06 16:38:33.101     0     0 E msm_adsp_stream_callback_get: ASM Stream PP event queue is not initialized.
03-06 16:38:33.103     0     0 E msm_compr_audio_effects_config_get: stream or effects inactive
03-06 16:38:33.109   627   959 I Cryptfs : Signing safely-padded object
03-06 16:38:33.109     0     0 E msm_adsp_stream_callback_get: ASM Stream PP event queue is not initialized.
03-06 16:38:33.117   627   959 I vold    : List of Keymaster HALs found:
03-06 16:38:33.117   627   959 I vold    : Keymaster HAL #1: Keymaster HAL: 4 from QTI SecurityLevel: TRUSTED_ENVIRONMENT HAL: android.hardware.keymaster@4.0::IKeym
asterDevice/default
03-06 16:38:33.120   627   959 D vold    : Computing HMAC with params { (seed: 19d7def4cacddab76a2891a83b86c2b661b9dbe42c1d33e150ce4e11fc78, nonce: 8bbca38638946449
9ceee214975f2f99481677633a1b9687e9fd543f4145f) }
03-06 16:38:33.120   627   959 D vold    : Computing HMAC for Keymaster HAL: 4 from QTI SecurityLevel: TRUSTED_ENVIRONMENT HAL: android.hardware.keymaster@4.0::IKey
masterDevice/default
03-06 16:38:33.125     0     0 E msm_compr_audio_effects_config_get: stream or effects inactive
03-06 16:38:33.125   627   959 I vold    : Using Keymaster HAL: 4 from QTI for encryption.  Security level: TRUSTED_ENVIRONMENT, HAL: android.hardware.keymaster@4.0
::IKeymasterDevice/default
03-06 16:38:33.126     0     0 E msm_adsp_stream_callback_get: ASM Stream PP event queue is not initialized.
03-06 16:38:33.139     0     0 E msm_compr_audio_effects_config_get: stream or effects inactive
03-06 16:38:33.140     0     0 E msm_adsp_stream_callback_get: ASM Stream PP event queue is not initialized.
03-06 16:38:33.155     0     0 E msm_compr_audio_effects_config_get: stream or effects inactive
03-06 16:38:33.156     0     0 E msm_adsp_stream_callback_get: ASM Stream PP event queue is not initialized.
03-06 16:38:33.170     0     0 E msm_compr_audio_effects_config_get: stream or effects inactive
03-06 16:38:33.171     0     0 E msm_adsp_stream_callback_get: ASM Stream PP event queue is not initialized.
03-06 16:38:33.176     0     0 D goodix-ts 4-005d: ts_resume
03-06 16:38:33.176     0     0 D goodix-ts 4-005d: Already in awake state
03-06 16:38:33.180     0     0 I init    : Received control message 'start' for 'bootanim' from pid: 825 (/system/bin/surfaceflinger)
03-06 16:38:33.187     0     0 I init    : starting service 'bootanim'...
03-06 16:38:33.189     0     0 E         : msm_pcm_volume_ctl_get substream or runtime not found
03-06 16:38:33.209   760   760 I auditd  : type=1400 audit(0.0:28): avc: denied { read } for comm="android.hardwar" name="name" dev="sysfs" ino=52284 scontext=u:r:h
al_camera_default:s0 tcontext=u:object_r:sysfs:s0 tclass=file permissive=0
03-06 16:38:33.269     0     0 E msm_adsp_stream_callback_get: ASM Stream PP event queue is not initialized.
03-06 16:38:33.359     0     0 I msm_pm_qos_update_request: update request 100
03-06 16:38:33.360     0     0 I msm_pm_qos_add_request: add requestmsm_pm_qos_update_request: update request -1
03-06 16:38:33.360     0     0 I msm_pm_qos_add_request: add request
03-06 16:38:33.368     0     0 I msm_csid_init: CSID_VERSION = 0x30050000
03-06 16:38:33.371     0     0 E         : msm_csid_irq CSID0_IRQ_STATUS_ADDR = 0x800
03-06 16:38:33.380     0     0 E platform soc: sdw_clk_data_pinctrl: msm_cdc_pinctrl_get_gpiodata: cannot find cdc gpio info
03-06 16:38:33.391     0     0 I ueventd : loading /devices/soc/4080000.qcom,mss/firmware/modem.b12 took 455ms
03-06 16:38:33.407     0     0 I ueventd : firmware: loading 'modem.b13' for '/devices/soc/4080000.qcom,mss/firmware/modem.b13'
03-06 16:38:33.414     0     0 I MSM-CPP cpp_init_hardware: 1141 CPP HW Version: 0x60010002
03-06 16:38:33.415     0     0 E MSM-CPP cpp_init_hardware: 1159 stream_cnt:0
03-06 16:38:33.418     0     0 I msm_cci_init: 1439: hw_version = 0x10060000
03-06 16:38:33.420     0     0 I ueventd : loading /devices/soc/4080000.qcom,mss/firmware/modem.b13 took 13ms
03-06 16:38:33.428     0     0 I ueventd : firmware: loading 'modem.b14' for '/devices/soc/4080000.qcom,mss/firmware/modem.b14'
03-06 16:38:33.431     0     0 I ueventd : loading /devices/soc/4080000.qcom,mss/firmware/modem.b14 took 4ms
03-06 16:38:33.457     0     0 I ueventd : firmware: loading 'modem.b16' for '/devices/soc/4080000.qcom,mss/firmware/modem.b16'
03-06 16:38:33.474     0     0 I ueventd : loading /devices/soc/4080000.qcom,mss/firmware/modem.b16 took 22ms
03-06 16:38:33.494     0     0 I ueventd : firmware: loading 'modem.b17' for '/devices/soc/4080000.qcom,mss/firmware/modem.b17'
03-06 16:38:33.573     0     0 I MSM-CPP cpp_release_hardware: 1222 cpp hw release done
03-06 16:38:33.628     0     0 I msm_pm_qos_update_request: update request 100
03-06 16:38:33.628     0     0 I msm_pm_qos_add_request: add requestmsm_pm_qos_update_request: update request -1
03-06 16:38:33.628     0     0 I msm_pm_qos_add_request: add request
