01-17 18:17:37.076     0     0 I ueventd : Unable to read config file '/odm/ueventd.rc': open() failed: No such file or directory
01-17 18:17:37.080     0     0 I ueventd : Parsing file /ueventd.qcom.rc...
01-17 18:17:37.086     0     0 I apexd   : Scanning /system/apex for embedded keys
01-17 18:17:37.089     0     0 I apexd   : Scanning /product/apex for embedded keys
01-17 18:17:37.091     0     0 I apexd   : ... does not exist. Skipping
01-17 18:17:37.092     0     0 I apexd   : Scanning /system/apex looking for APEX packages.
01-17 18:17:37.094     0     0 I apexd   : Found /system/apex/com.android.conscrypt
01-17 18:17:37.095     0     0 I apexd   : Skipped when bootstrapping
01-17 18:17:37.096     0     0 I apexd   : Found /system/apex/com.android.media
01-17 18:17:37.098     0     0 I apexd   : Skipped when bootstrapping
01-17 18:17:37.099     0     0 I apexd   : Found /system/apex/com.android.media.swcodec
01-17 18:17:37.101     0     0 I apexd   : Skipped when bootstrapping
01-17 18:17:37.102     0     0 I apexd   : Found /system/apex/com.android.tzdata
01-17 18:17:37.105     0     0 I apexd   : Successfully bind-mounted flattened package /system/apex/com.android.tzdata on /apex/com.android.tzdata@290000000
01-17 18:17:37.106     0     0 I apexd   : Found /system/apex/com.android.resolv
01-17 18:17:37.108     0     0 I apexd   : Skipped when bootstrapping
01-17 18:17:37.109     0     0 I apexd   : Found /system/apex/com.android.runtime.debug
01-17 18:17:37.111     0     0 I apexd   : Successfully bind-mounted flattened package /system/apex/com.android.runtime.debug on /apex/com.android.runtime@1
01-17 18:17:37.113     0     0 I apexd   : Activated 6 packages. Skipped: 0
01-17 18:17:37.114     0     0 I apexd   : Bootstrapping done
01-17 18:17:37.120     0     0 I init    : Service 'apexd-bootstrap' (pid 591) exited with status 0 waiting took 0.139000 seconds
01-17 18:17:37.123     0     0 I init    : processing action (early-init) from (/init.environ.rc:2)
01-17 18:17:37.123     0     0 I init    : processing action (early-init) from (/vendor/etc/init/hw/init.qcom.rc:34)
01-17 18:17:37.129     0     0 I init    : Command 'symlink /vendor/firmware_mnt /firmware' action=early-init (/vendor/etc/init/hw/init.qcom.rc:39) took 3ms and fai
led: symlink() failed: Read-only file system
01-17 18:17:37.129     0     0 I init    : Command 'symlink /vendor/bt_firmware /bt_firmware' action=early-init (/vendor/etc/init/hw/init.qcom.rc:40) took 0ms and f
ailed: symlink() failed: Read-only file system
01-17 18:17:37.130     0     0 I init    : Command 'symlink /vendor/dsp /dsp' action=early-init (/vendor/etc/init/hw/init.qcom.rc:41) took 0ms and failed: symlink()
 failed: Read-only file system
01-17 18:17:37.132     0     0 I init    : Command 'chown system graphics /sys/kernel/debug/sync/sw_sync' action=early-init (/vendor/etc/init/hw/init.qcom.rc:50) to
ok 0ms and failed: lchown() failed: Not a directory
01-17 18:17:37.132     0     0 I init    : Command 'chmod 0666 /sys/kernel/debug/sync/sw_sync' action=early-init (/vendor/etc/init/hw/init.qcom.rc:51) took 0ms and
failed: fchmodat() failed: Not a directory
01-17 18:17:37.135     0     0 I init    : starting service 'exec 1 (/vendor/bin/modprobe -a -d /vendor/lib/modules msm_11ad_proxy)'...
01-17 18:17:37.140     0     0 I init    : SVC_EXEC service 'exec 1 (/vendor/bin/modprobe -a -d /vendor/lib/modules msm_11ad_proxy)' pid 592 (uid 0 gid 0+0 context
u:r:vendor_modprobe:s0) started; waiting...
01-17 18:17:37.314     0     0 I init    : Service 'exec 1 (/vendor/bin/modprobe -a -d /vendor/lib/modules msm_11ad_proxy)' (pid 592) exited with status 1 waiting t
ook 0.175000 seconds
01-17 18:17:37.316     0     0 I init    : processing action (early-init) from (/vendor/etc/init/hw/init.qcom.test.rc:28)
01-17 18:17:37.317     0     0 I init    : processing action (early-init) from (/vendor/etc/init/hw/init.target.rc:33)
01-17 18:17:37.317     0     0 I init    : starting service 'exec 2 (/vendor/bin/modprobe -a -d /vendor/lib/modules audio_apr audio_wglink audio_adsp_loader audio_q
6_pdr audio_q6_notifier audio_q6 audio_usf audio_native audio_pinctrl_wcd audio_pinctrl_lpi audio_swr audio_platform audio_hdmi audio_wcd_spi audio_stub audio_digit
al_cdc audio_analog_cdc audio_msm_sdw audio_wcd_cpe audio_cpe_lsm audio_wcd9335 audio_machine_sdm660 audio_wcd934x audio_mbhc audio_wcd9xxx audio_wcd_core)'...
01-17 18:17:37.323     0     0 I init    : SVC_EXEC service 'exec 2 (/vendor/bin/modprobe -a -d /vendor/lib/modules audio_apr audio_wglink audio_adsp_loader audio_q
6_pdr audio_q6_notifier audio_q6 audio_usf audio_native audio_pinctrl_wcd audio_pinctrl_lpi audio_swr audio_platform audio_hdmi audio_wcd_spi audio_stub audio_digit
al_cdc audio_analog_cdc audio_msm_sdw audio_wcd_cpe audio_cpe_lsm audio_wcd9335 audio_machine_sdm660 audio_wcd934x audio_mbhc audio_wcd9xxx audio_wcd_core)' pid 593
 (uid 0 gid 0+0 context u:r:vendor_modprobe:s0) started; waiting...
01-17 18:17:37.375     0     0 I init    : Service 'exec 2 (/vendor/bin/modprobe -a -d /vendor/lib/modules audio_apr audio_wglink audio_adsp_loader audio_q6_pdr aud
io_q6_notifier audio_q6 audio_usf audio_native audio_pinctrl_wcd audio_pinctrl_lpi audio_swr audio_platform audio_hdmi audio_wcd_spi audio_stub audio_digital_cdc au
dio_analog_cdc audio_msm_sdw audio_wcd_cpe audio_cpe_lsm audio_wcd9335 audio_machine_sdm660 audio_wcd934x audio_mbhc audio_wcd9xxx audio_wcd_core)' (pid 593) exited
 with status 1 waiting took 0.053000 seconds
01-17 18:17:37.377     0     0 I init    : Command 'mkdir /firmware 0771 system system' action=early-init (/vendor/etc/init/hw/init.target.rc:35) took 0ms and faile
d: mkdir() failed: Read-only file system
01-17 18:17:37.377     0     0 I init    : Command 'mkdir /bt_firmware 0771 system system' action=early-init (/vendor/etc/init/hw/init.target.rc:36) took 0ms and fa
iled: mkdir() failed: Read-only file system
01-17 18:17:37.378     0     0 I init    : Command 'mkdir /dsp 0771 media media' action=early-init (/vendor/etc/init/hw/init.target.rc:37) took 0ms and failed: mkdi
r() failed: Read-only file system
01-17 18:17:37.378     0     0 I init    : processing action (wait_for_coldboot_done) from (<Builtin Action>:0)
01-17 18:17:37.543     0     0 I ueventd : Unable to read config file '/ueventd.qcom.rc': open() failed: No such file or directory
01-17 18:17:37.558     0     0 W ueventd : [libfs_mgr]Warning: unknown flag: crashcheck
01-17 18:17:39.516     0     0 E FAKE_BATTERY: fake_batt_get_property: batt_mv=7914
01-17 18:17:43.164     0     0 I ueventd : Coldboot took 5.601 seconds
01-17 18:17:43.173     0     0 I init    : wait for '/dev/.coldboot_done' took 5795ms
01-17 18:17:43.173     0     0 I init    : Command 'wait_for_coldboot_done' action=wait_for_coldboot_done (<Builtin Action>:0) took 5795ms and succeeded
01-17 18:17:43.178     0     0 I init    : processing action (MixHwrngIntoLinuxRng) from (<Builtin Action>:0)
01-17 18:17:43.192     0     0 I init    : Mixed 512 bytes from /dev/hw_random into /dev/urandom
01-17 18:17:43.197     0     0 I init    : processing action (SetMmapRndBits) from (<Builtin Action>:0)
01-17 18:17:43.206     0     0 I init    : processing action (KeychordInit) from (<Builtin Action>:0)
01-17 18:17:43.211     0     0 W init    : EVIOCSMASK not supported: Invalid argument
01-17 18:17:43.219     0     0 I init    : processing action (console_init) from (<Builtin Action>:0)
01-17 18:17:43.224     0     0 I init    : processing action (init) from (/init.rc:37)
01-17 18:17:43.240     0     0 E         : Trying to create more than 5 SchedTune boosting groups
01-17 18:17:43.240     0     0 I init    : Command 'mkdir /dev/stune/audio-app' action=init (/init.rc:62) took 0ms and failed: mkdir() failed: No space left on devi
ce
01-17 18:17:43.303     0     0 I         : Registered swp emulation handler
01-17 18:17:43.309     0     0 I init    : starting service 'logd'...
01-17 18:17:43.316     0     0 I init    : starting service 'servicemanager'...
01-17 18:17:43.319     0     0 I init    : Created socket '/dev/socket/logd', mode 666, user 1036, group 1036
01-17 18:17:43.322     0     0 I init    : Created socket '/dev/socket/logdr', mode 666, user 1036, group 1036
01-17 18:17:43.323     0     0 I init    : starting service 'hwservicemanager'...
01-17 18:17:43.329     0     0 I init    : starting service 'vndservicemanager'...
01-17 18:17:43.335     0     0 I init    : processing action (init) from (/vendor/etc/init/hw/init.qcom.rc:58)
01-17 18:17:43.348     0     0 I init    : Created socket '/dev/socket/logdw', mode 222, user 1036, group 1036
01-17 18:17:43.354     0     0 I init    : Opened file '/proc/kmsg', flags 0
01-17 18:17:43.362     0     0 I init    : Opened file '/dev/kmsg', flags 1
01-17 18:17:43.391     0     0 I init    : Command 'symlink /sdcard /storage/sdcard0' action=init (/vendor/etc/init/hw/init.qcom.rc:62) took 54ms and failed: symlin
k() failed: Read-only file system
01-17 18:17:43.398     0     0 I init    : processing action (init) from (/vendor/etc/init/hw/init.target.rc:39)
01-17 18:17:43.423     0     0 I init    : processing action (init) from (/vendor/etc/init/hw/init.target.rc:53)
01-17 18:17:43.423     0     0 I init    : processing action (init) from (/system/etc/init/audioserver.rc:20)
01-17 18:17:43.431     0     0 I init    : processing action (init) from (/vendor/etc/init/android.hardware.keymaster@4.0-service-qti.rc:1)
01-17 18:17:43.439     0     0 I init    : starting service 'keymaster-4-0'...
01-17 18:17:43.453     0     0 I init    : processing action (init) from (/vendor/etc/init/vendor.qti.hardware.qseecom@1.0-service.rc:8)
01-17 18:17:43.455     0     0 I init    : starting service 'qseecom-service'...
01-17 18:17:43.460     0     0 I logd.auditd: start
01-17 18:17:43.476     0     0 I init    : processing action (StartBoringSslSelfTest) from (<Builtin Action>:0)
01-17 18:17:43.481     0     0 I init    : processing action (MixHwrngIntoLinuxRng) from (<Builtin Action>:0)
01-17 18:17:43.485     0     0 I init    : Mixed 512 bytes from /dev/hw_random into /dev/urandom
01-17 18:17:43.492     0     0 I init    : processing action (InitBinder) from (<Builtin Action>:0)
01-17 18:17:43.498     0     0 I init    : processing action (late-init) from (/init.rc:321)
01-17 18:17:43.505     0     0 I init    : Untracked pid 614 exited with status 0
01-17 18:17:43.511     0     0 I init    : processing action (late-init) from (/system/etc/init/atrace.rc:3)
01-17 18:17:43.551     0     0 I init    : processing action (late-init) from (/vendor/etc/init/android.hardware.atrace@1.0-service.rc:1)
01-17 18:17:43.553     0     0 I init    : processing action (queue_property_triggers) from (<Builtin Action>:0)
01-17 18:17:43.560     0     0 I init    : processing action (early-fs) from (/init.rc:356)
01-17 18:17:43.569     0     0 I init    : starting service 'vold'...
01-17 18:17:43.580     0     0 I init    : processing action (fs) from (/vendor/etc/init/hw/init.target_ota.rc:30)
01-17 18:17:43.581     0     0 I init    : wait for '/dev/block/platform/soc/c0c4000.sdhci' took 0ms
01-17 18:17:43.595     0     0 W init    : [libfs_mgr]Warning: unknown flag: crashcheck
01-17 18:17:43.600     0     0 I init    : [libfs_mgr]Invalid ext4 superblock on '/dev/block/bootdevice/by-name/userdata'
01-17 18:17:43.605     0     0 E init    : [libfs_mgr]mount_with_alternatives(): skipping mount due to invalid magic, mountpoint=/data blk_dev=/dev/block/mmcblk0p65
 rec[1].fs_type=ext4
01-17 18:17:43.611     0     0 E init    : [libfs_mgr]fs_mgr_mount_all(): possibly an encryptable blkdev /dev/block/bootdevice/by-name/userdata for mount /data type
 ext4
01-17 18:17:43.648     0     0 I init    : [libfs_mgr]prepare_fs_for_mount : mount /vendor/firmware_mnt
01-17 18:17:43.688     0     0 I init    : [libfs_mgr]__mount(source=/dev/block/bootdevice/by-name/modem_a,target=/vendor/firmware_mnt,type=vfat)=0: Success
01-17 18:17:43.689     0     0 I init    : [libfs_mgr]prepare_fs_for_mount : mount /vendor/bt_firmware
--------- beginning of system
01-17 18:17:43.695   617   617 I vold    : Vold 3.0 (the awakening) firing up
01-17 18:17:43.696   617   617 D vold    : Detected support for: ext4 vfat
01-17 18:17:43.705   617   617 D vold    : Found unmanaged dm device named system
01-17 18:17:43.709   617   617 W vold    : Failed to LOOP_GET_STATUS64 /dev/block/loop6: No such device or address
01-17 18:17:43.709   617   617 W vold    : Failed to LOOP_GET_STATUS64 /dev/block/loop5: No such device or address
01-17 18:17:43.709   617   617 W vold    : Failed to LOOP_GET_STATUS64 /dev/block/loop0: No such device or address
01-17 18:17:43.709   617   617 W vold    : Failed to LOOP_GET_STATUS64 /dev/block/loop4: No such device or address
01-17 18:17:43.710   617   617 W vold    : Failed to LOOP_GET_STATUS64 /dev/block/loop3: No such device or address
01-17 18:17:43.710   617   617 W vold    : Failed to LOOP_GET_STATUS64 /dev/block/loop7: No such device or address
01-17 18:17:43.710   617   617 W vold    : Failed to LOOP_GET_STATUS64 /dev/block/loop1: No such device or address
01-17 18:17:43.710   617   617 W vold    : Failed to LOOP_GET_STATUS64 /dev/block/loop2: No such device or address
01-17 18:17:43.716   617   617 W vold    : [libfs_mgr]Warning: unknown flag: crashcheck
01-17 18:17:43.721   617   617 D vold    : VoldNativeService::start() completed OK
01-17 18:17:43.727     0     0 I init    : [libfs_mgr]__mount(source=/dev/block/bootdevice/by-name/bluetooth_a,target=/vendor/bt_firmware,type=vfat)=0: Success
01-17 18:17:43.728     0     0 I init    : [libfs_mgr]superblock s_max_mnt_count:65535,/dev/block/bootdevice/by-name/dsp_a
01-17 18:17:43.738     0     0 I init    : [libfs_mgr]prepare_fs_for_mount size: 16777216,/dev/block/bootdevice/by-name/dsp_a
01-17 18:17:43.747     0     0 I init    : [libfs_mgr]prepare_fs_for_mount : mount /vendor/dsp
01-17 18:17:43.788     0     0 I EXT4-fs (mmcblk0p32): mounted filesystem with ordered data mode. Opts: barrier=1
01-17 18:17:43.788     0     0 I init    : [libfs_mgr]__mount(source=/dev/block/bootdevice/by-name/dsp_a,target=/vendor/dsp,type=ext4)=0: Success
01-17 18:17:43.797     0     0 I init    : [libfs_mgr]superblock s_max_mnt_count:65535,/dev/block/bootdevice/by-name/persist
01-17 18:17:43.806     0     0 I init    : [libfs_mgr]prepare_fs_for_mount size: 33554432,/dev/block/bootdevice/by-name/persist
01-17 18:17:43.815     0     0 I init    : [libfs_mgr]prepare_fs_for_mount : mount /mnt/vendor/persist
01-17 18:17:43.854     0     0 I EXT4-fs (mmcblk0p53): mounted filesystem with ordered data mode. Opts: barrier=1
01-17 18:17:43.855     0     0 I init    : [libfs_mgr]__mount(source=/dev/block/bootdevice/by-name/persist,target=/mnt/vendor/persist,type=ext4)=0: Success
01-17 18:17:43.869     0     0 I init    : Parsing file /product_services/etc/init...
01-17 18:17:43.874     0     0 I init    : Unable to read config file '/product_services/etc/init': open() failed: No such file or directory
01-17 18:17:43.879     0     0 I init    : Parsing file /odm/etc/init...
01-17 18:17:43.890     0     0 I init    : Unable to read config file '/odm/etc/init': open() failed: No such file or directory
01-17 18:17:43.894     0     0 I init    : Command 'mount_all /vendor/etc/fstab.qcom' action=fs (/vendor/etc/init/hw/init.target_ota.rc:33) took 305ms and succeeded
01-17 18:17:43.906     0     0 W init    : [libfs_mgr]Warning: unknown flag: crashcheck
01-17 18:17:43.933     0     0 I adsp-loader soc: qcom,msm-adsp-loader: adsp_loader_do: scheduling work to load ADSP fw
01-17 18:17:43.934     0     0 I init    : processing action (fs) from (/system/etc/init/logd.rc:27)
01-17 18:17:43.940     0     0 I ueventd : firmware: loading 'adsp.mdt' for '/devices/soc/15700000.qcom,lpass/firmware/adsp.mdt'
01-17 18:17:43.949     0     0 I init    : processing action (fs) from (/system/etc/init/wifi-events.rc:17)
01-17 18:17:43.958     0     0 I init    : processing action (post-fs) from (/init.rc:360)
01-17 18:17:43.966     0     0 I init    : starting service 'exec 3 (/system/bin/vdc checkpoint markBootAttempt)'...
01-17 18:17:43.967     0     0 I ueventd : loading /devices/soc/15700000.qcom,lpass/firmware/adsp.mdt took 27ms
01-17 18:17:43.967     0     0 I subsys-pil-tz 15700000.qcom,lpass: adsp: loading from 0x0000000092a00000 to 0x0000000094800000
01-17 18:17:43.994     0     0 I init    : SVC_EXEC service 'exec 3 (/system/bin/vdc checkpoint markBootAttempt)' pid 630 (uid 1000 gid 1000+0 context default) star
ted; waiting...
01-17 18:17:44.006     0     0 I ueventd : firmware: loading 'adsp.b02' for '/devices/soc/15700000.qcom,lpass/firmware/adsp.b02'
01-17 18:17:44.015     0     0 I ueventd : loading /devices/soc/15700000.qcom,lpass/firmware/adsp.b02 took 10ms
01-17 18:17:44.024     0     0 I ueventd : firmware: loading 'adsp.b03' for '/devices/soc/15700000.qcom,lpass/firmware/adsp.b03'
01-17 18:17:44.031     0     0 W         : ueventd (631) used greatest stack depth: 11088 bytes left
01-17 18:17:44.043     0     0 D vdc     : Waited 0ms for vold
01-17 18:17:44.043     0     0 I ueventd : loading /devices/soc/15700000.qcom,lpass/firmware/adsp.b03 took 20ms
01-17 18:17:44.049     0     0 I init    : Service 'exec 3 (/system/bin/vdc checkpoint markBootAttempt)' (pid 630) exited with status 0 waiting took 0.056000 second
s
01-17 18:17:44.050     0     0 I ueventd : firmware: loading 'adsp.b04' for '/devices/soc/15700000.qcom,lpass/firmware/adsp.b04'
01-17 18:17:44.097     0     0 I ueventd : loading /devices/soc/15700000.qcom,lpass/firmware/adsp.b04 took 47ms
01-17 18:17:44.111     0     0 I ueventd : firmware: loading 'adsp.b05' for '/devices/soc/15700000.qcom,lpass/firmware/adsp.b05'
01-17 18:17:44.151     0     0 I ueventd : loading /devices/soc/15700000.qcom,lpass/firmware/adsp.b05 took 40ms
01-17 18:17:44.285     0     0 I init    : Command 'restorecon --recursive --cross-filesystems /sys/kernel/debug' action=post-fs (/init.rc:372) took 214ms and succe
eded
01-17 18:17:44.286     0     0 I init    : Command 'chown system cache /cache' action=post-fs (/init.rc:375) took 0ms and failed: lchown() failed: Read-only file sy
stem
01-17 18:17:44.297     0     0 I init    : Command 'chmod 0770 /cache' action=post-fs (/init.rc:376) took 0ms and failed: fchmodat() failed: Read-only file system
01-17 18:17:44.315     0     0 E selinux : SELinux:  Could not stat /metadata: No such file or directory.
01-17 18:17:44.325     0     0 I init    : processing action (post-fs) from (/vendor/etc/init/hw/init.qcom.rc:71)
01-17 18:17:44.332     0     0 I init    : processing action (post-fs) from (/vendor/etc/init/hw/init.target.rc:48)
01-17 18:17:44.341     0     0 I init    : starting service 'vendor.qseecomd'...
01-17 18:17:44.355     0     0 I init    : starting service 'exec 4 (/vendor/bin/init.qti.qseecomd.sh)'...
01-17 18:17:44.361     0     0 I init    : SVC_EXEC service 'exec 4 (/vendor/bin/init.qti.qseecomd.sh)' pid 636 (uid 1000 gid 1000+0 context default) started; waiti
ng...
01-17 18:17:44.405     0     0 I ueventd : firmware: loading 'adsp.b06' for '/devices/soc/15700000.qcom,lpass/firmware/adsp.b06'
01-17 18:17:44.409     0     0 I ueventd : loading /devices/soc/15700000.qcom,lpass/firmware/adsp.b06 took 4ms
01-17 18:17:44.492   635   645 I QISL    : QSEE Interrupt Service Listener Thread is started
01-17 18:17:44.495   635   645 I QISL    : QSEE Interrupt Service Listener was activated successfully
01-17 18:17:44.590     0     0 I init    : Service 'exec 4 (/vendor/bin/init.qti.qseecomd.sh)' (pid 636) exited with status 0 waiting took 0.230000 seconds
01-17 18:17:44.592     0     0 I init    : Command 'write /dev/ipa 1' action=post-fs (/vendor/etc/init/hw/init.target.rc:51) took 1ms and failed: Unable to write to
 file '/dev/ipa': Unable to write file contents: Invalid argument
01-17 18:17:44.600     0     0 I init    : processing action (post-fs) from (/system/etc/init/atrace_userdebug.rc:7)
01-17 18:17:44.621     0     0 I init    : processing action (post-fs) from (/system/etc/init/gsid.rc:6)
01-17 18:17:44.628     0     0 I init    : processing action (post-fs) from (/system/etc/init/recovery-refresh.rc:1)
01-17 18:17:44.635     0     0 I init    : starting service 'exec 5 (/system/bin/recovery-refresh)'...
01-17 18:17:44.648     0     0 I init    : processing action (post-fs) from (/vendor/etc/init/ipacm-diag.rc:18)
01-17 18:17:44.651     0     0 I init    : starting service 'vendor.ipacm-diag'...
01-17 18:17:44.664     0     0 I init    : processing action (post-fs) from (/vendor/etc/init/ipacm.rc:33)
01-17 18:17:44.665     0     0 I init    : starting service 'vendor.ipacm'...
01-17 18:17:44.666     0     0 I init    : Created socket '/dev/socket/ipacm_log_file', mode 660, user 1001, group 1001
01-17 18:17:44.681     0     0 I init    : processing action (late-fs) from (/init.rc:416)
01-17 18:17:44.684     0     0 E init    : Could not start service 'vendor.sensors' as part of class 'early_hal': Cannot find '/vendor/bin/sscrpcd': No such file or
 directory
01-17 18:17:44.691     0     0 I init    : starting service 'vendor.atrace-hal-1-0'...
01-17 18:17:44.710     0     0 I init    : starting service 'vendor.boot-hal-1-0'...
01-17 18:17:44.717     0     0 I init    : starting service 'gatekeeper-1-0'...
01-17 18:17:44.724     0     0 I init    : starting service 'cryptfshw-1-0'...
01-17 18:17:44.730     0     0 I init    : Service 'exec 5 (/system/bin/recovery-refresh)' (pid 648) exited with status 254
01-17 18:17:44.731     0     0 I init    : processing action (post-fs-data) from (/init.rc:424)
01-17 18:17:44.739     0     0 I init    : starting service 'exec 6 (/system/bin/vdc checkpoint prepareCheckpoint)'...
01-17 18:17:44.750     0     0 I init    : SVC_EXEC service 'exec 6 (/system/bin/vdc checkpoint prepareCheckpoint)' pid 656 (uid 1000 gid 1000+0 context default) st
arted; waiting...
01-17 18:17:44.790     0     0 E ipa2_uc_state_check: 301 uC is not loaded
01-17 18:17:44.790     0     0 E ipa_sps_irq_control_all: 963 EP (5) not allocated.
01-17 18:17:44.791   617   617 I Checkpoint: cp_prepareCheckpoint called
01-17 18:17:44.799     0     0 E ipa_sps_irq_control_all: 963 EP (5) not allocated.
01-17 18:17:44.801     0     0 E ipa2_uc_state_check: 301 uC is not loaded
01-17 18:17:44.802     0     0 D vdc     : Waited 0ms for vold
01-17 18:17:44.810     0     0 I init    : Service 'exec 6 (/system/bin/vdc checkpoint prepareCheckpoint)' (pid 656) exited with status 0 waiting took 0.061000 seco
nds
01-17 18:17:44.816     0     0 I init    : starting service 'exec 7 (/system/bin/fsverity_init)'...
01-17 18:17:44.831     0     0 I init    : SVC_EXEC service 'exec 7 (/system/bin/fsverity_init)' pid 657 (uid 0 gid 0+0 context default) started; waiting...
01-17 18:17:44.833     0     0 I init    : Service 'vendor.ipacm' (pid 650) exited with status 0
01-17 18:17:44.843     0     0 I init    : Sending signal 9 to service 'vendor.ipacm' (pid 650) process group...
01-17 18:17:44.851     0     0 I libprocessgroup: Successfully killed process cgroup uid 1001 pid 650 in 0ms
01-17 18:17:45.021     0     0 I init    : Service 'exec 7 (/system/bin/fsverity_init)' (pid 657) exited with status 0 waiting took 0.191000 seconds
01-17 18:17:45.022     0     0 I init    : Switched to default mount namespace
01-17 18:17:45.036     0     0 I init    : starting service 'apexd'...
01-17 18:17:45.075     0     0 I ueventd : firmware: loading 'adsp.b07' for '/devices/soc/15700000.qcom,lpass/firmware/adsp.b07'
01-17 18:17:45.082     0     0 I ueventd : loading /devices/soc/15700000.qcom,lpass/firmware/adsp.b07 took 7ms
01-17 18:17:45.093     0     0 I ueventd : firmware: loading 'adsp.b08' for '/devices/soc/15700000.qcom,lpass/firmware/adsp.b08'
01-17 18:17:45.100     0     0 I ueventd : loading /devices/soc/15700000.qcom,lpass/firmware/adsp.b08 took 8ms
01-17 18:17:45.103     0     0 I apexd   : Marking APEXd as starting
01-17 18:17:45.107     0     0 I ueventd : firmware: loading 'adsp.b09' for '/devices/soc/15700000.qcom,lpass/firmware/adsp.b09'
01-17 18:17:45.115     0     0 I apexd   : Scanning /system/apex for embedded keys
01-17 18:17:45.123     0     0 I ueventd : loading /devices/soc/15700000.qcom,lpass/firmware/adsp.b09 took 15ms
01-17 18:17:45.129     0     0 I ueventd : firmware: loading 'adsp.b10' for '/devices/soc/15700000.qcom,lpass/firmware/adsp.b10'
01-17 18:17:45.133     0     0 I apexd   : Scanning /product/apex for embedded keys
01-17 18:17:45.133     0     0 I apexd   : ... does not exist. Skipping
01-17 18:17:45.133     0     0 I apexd   : Populating APEX database from mounts...
01-17 18:17:45.134     0     0 E apexd   : Failed to walk /product/apex : Can't open /product/apex for reading : No such file or directory
01-17 18:17:45.135     0     0 I apexd   : Found "/apex/com.android.tzdata@290000000"
01-17 18:17:45.135     0     0 I apexd   : Found "/apex/com.android.runtime@1"
01-17 18:17:45.135     0     0 I apexd   : 2 packages restored.
01-17 18:17:45.136     0     0 I apexd   : Scanning /data/apex/sessions looking for sessions to be activated.
01-17 18:17:45.136     0     0 I apexd   : Scanning /data/apex/active looking for APEX packages.
01-17 18:17:45.137     0     0 I apexd   : Activated 0 packages. Skipped: 0
01-17 18:17:45.137     0     0 I apexd   : Scanning /system/apex looking for APEX packages.
01-17 18:17:45.138     0     0 I apexd   : Found /system/apex/com.android.conscrypt
01-17 18:17:45.139     0     0 D apexd   : Creating mount point: /apex/com.android.conscrypt@290000000
01-17 18:17:45.139     0     0 I apexd   : Successfully bind-mounted flattened package /system/apex/com.android.conscrypt on /apex/com.android.conscrypt@290000000
01-17 18:17:45.139     0     0 D apexd   : Creating bind-mount for /apex/com.android.conscrypt for /apex/com.android.conscrypt@290000000
01-17 18:17:45.140     0     0 D apexd   : Creating mountpoint /apex/com.android.conscrypt
01-17 18:17:45.140     0     0 D apexd   : Bind-mounting /apex/com.android.conscrypt@290000000 to /apex/com.android.conscrypt
01-17 18:17:45.140     0     0 D apexd   : Successfully activated /system/apex/com.android.conscrypt package_name: com.android.conscrypt version: 290000000
01-17 18:17:45.140     0     0 I apexd   : Found /system/apex/com.android.media
01-17 18:17:45.140     0     0 D apexd   : Creating mount point: /apex/com.android.media@290000000
01-17 18:17:45.141     0     0 I apexd   : Successfully bind-mounted flattened package /system/apex/com.android.media on /apex/com.android.media@290000000
01-17 18:17:45.141     0     0 D apexd   : Creating bind-mount for /apex/com.android.media for /apex/com.android.media@290000000
01-17 18:17:45.141     0     0 D apexd   : Creating mountpoint /apex/com.android.media
01-17 18:17:45.141     0     0 D apexd   : Bind-mounting /apex/com.android.media@290000000 to /apex/com.android.media
01-17 18:17:45.141     0     0 D apexd   : Successfully activated /system/apex/com.android.media package_name: com.android.media version: 290000000
01-17 18:17:45.141     0     0 I apexd   : Found /system/apex/com.android.media.swcodec
01-17 18:17:45.142     0     0 D apexd   : Creating mount point: /apex/com.android.media.swcodec@290000000
01-17 18:17:45.142     0     0 I apexd   : Successfully bind-mounted flattened package /system/apex/com.android.media.swcodec on /apex/com.android.media.swcodec@290
000000
01-17 18:17:45.142     0     0 D apexd   : Creating bind-mount for /apex/com.android.media.swcodec for /apex/com.android.media.swcodec@290000000
01-17 18:17:45.142     0     0 D apexd   : Creating mountpoint /apex/com.android.media.swcodec
01-17 18:17:45.143     0     0 D apexd   : Bind-mounting /apex/com.android.media.swcodec@290000000 to /apex/com.android.media.swcodec
01-17 18:17:45.143     0     0 D apexd   : Successfully activated /system/apex/com.android.media.swcodec package_name: com.android.media.swcodec version: 290000000
01-17 18:17:45.143     0     0 I apexd   : Found /system/apex/com.android.tzdata
01-17 18:17:45.143     0     0 I apexd   : Skipping activation of /system/apex/com.android.tzdata same package with higher version 290000000 is already active
01-17 18:17:45.143     0     0 I apexd   : Found /system/apex/com.android.resolv
01-17 18:17:45.144     0     0 D apexd   : Creating mount point: /apex/com.android.resolv@290000000
01-17 18:17:45.144     0     0 I apexd   : Successfully bind-mounted flattened package /system/apex/com.android.resolv on /apex/com.android.resolv@290000000
01-17 18:17:45.144     0     0 D apexd   : Creating bind-mount for /apex/com.android.resolv for /apex/com.android.resolv@290000000
01-17 18:17:45.144     0     0 D apexd   : Creating mountpoint /apex/com.android.resolv
01-17 18:17:45.144     0     0 D apexd   : Bind-mounting /apex/com.android.resolv@290000000 to /apex/com.android.resolv
01-17 18:17:45.145     0     0 D apexd   : Successfully activated /system/apex/com.android.resolv package_name: com.android.resolv version: 290000000
01-17 18:17:45.145     0     0 I apexd   : Found /system/apex/com.android.runtime.debug
01-17 18:17:45.145     0     0 I apexd   : Skipping activation of /system/apex/com.android.runtime.debug same package with higher version 1 is already active
01-17 18:17:45.145     0     0 I apexd   : Activated 4 packages. Skipped: 2
01-17 18:17:45.145     0     0 I apexd   : Scanning /product/apex looking for APEX packages.
01-17 18:17:45.145     0     0 E apexd   : Failed to activate packages from /product/apex : Failed to scan /product/apex : Can't open /product/apex for reading : No
 such file or directory
01-17 18:17:45.146     0     0 I apexd   : Marking APEXd as ready
01-17 18:17:45.147     0     0 I init    : Wait for property 'apexd.status=ready' took 37ms
01-17 18:17:45.163     0     0 I init    : Parsing file /apex/com.android.media.swcodec@290000000/etc/init.rc...
01-17 18:17:45.175     0     0 I init    : starting service 'exec 8 (/system/bin/vdc --wait cryptfs init_user0)'...
01-17 18:17:45.185     0     0 I init    : SVC_EXEC service 'exec 8 (/system/bin/vdc --wait cryptfs init_user0)' pid 668 (uid 0 gid 0+0 context default) started; wa
iting...
01-17 18:17:45.213   617   617 D vold    : fscrypt_init_user0
01-17 18:17:45.214   617   617 D vold    : fscrypt_prepare_user_storage for volume null, user 0, serial 0, flags 1
01-17 18:17:45.214   617   617 D vold    : Preparing: /data/system/users/0
01-17 18:17:45.214   617   617 D vold    : Preparing: /data/misc/profiles/cur/0
01-17 18:17:45.215   617   617 D vold    : Preparing: /data/system_de/0
01-17 18:17:45.215   617   617 D vold    : Preparing: /data/misc_de/0
01-17 18:17:45.215   617   617 D vold    : Preparing: /data/vendor_de/0
01-17 18:17:45.216   617   617 D vold    : Preparing: /data/user_de/0
01-17 18:17:45.216   617   617 D vold    : /system/bin/vold_prepare_subdirs
01-17 18:17:45.216   617   617 D vold    :     prepare
01-17 18:17:45.216   617   617 D vold    :
01-17 18:17:45.216   617   617 D vold    :     0
01-17 18:17:45.216   617   617 D vold    :     1
01-17 18:17:45.224     0     0 D vdc     : Waited 0ms for vold
01-17 18:17:45.319   617   617 D vold    : fscrypt_unlock_user_key 0 serial=0 token_present=0
01-17 18:17:45.319   617   617 E vold    : Failed to chmod /data/system_ce/0: No such file or directory
01-17 18:17:45.319   617   617 E vold    : Failed to chmod /data/misc_ce/0: No such file or directory
01-17 18:17:45.320   617   617 E vold    : Failed to chmod /data/media/0: No such file or directory
01-17 18:17:45.336     0     0 I init    : Service 'exec 8 (/system/bin/vdc --wait cryptfs init_user0)' (pid 668) exited with status 0 waiting took 0.153000 seconds
01-17 18:17:45.391     0     0 I init    : Command 'restorecon --recursive --skip-ce /data' action=post-fs-data (/init.rc:614) took 52ms and succeeded
01-17 18:17:45.397     0     0 I ueventd : loading /devices/soc/15700000.qcom,lpass/firmware/adsp.b10 took 268ms
01-17 18:17:45.398     0     0 I init    : starting service 'exec 9 (/system/bin/tzdatacheck /apex/com.android.runtime/etc/tz /data/misc/zoneinfo)'...
01-17 18:17:45.404     0     0 I ueventd : firmware: loading 'adsp.b11' for '/devices/soc/15700000.qcom,lpass/firmware/adsp.b11'
01-17 18:17:45.411     0     0 I init    : SVC_EXEC service 'exec 9 (/system/bin/tzdatacheck /apex/com.android.runtime/etc/tz /data/misc/zoneinfo)' pid 672 (uid 100
0 gid 1000+0 context default) started; waiting...
01-17 18:17:45.418     0     0 I ueventd : loading /devices/soc/15700000.qcom,lpass/firmware/adsp.b11 took 14ms
01-17 18:17:45.462     0     0 I ueventd : firmware: loading 'adsp.b12' for '/devices/soc/15700000.qcom,lpass/firmware/adsp.b12'
01-17 18:17:45.470     0     0 I init    : Service 'exec 9 (/system/bin/tzdatacheck /apex/com.android.runtime/etc/tz /data/misc/zoneinfo)' (pid 672) exited with sta
tus 0 waiting took 0.060000 seconds
01-17 18:17:45.474     0     0 I init    : processing action (post-fs-data) from (/init.usb.rc:6)
01-17 18:17:45.490     0     0 I init    : processing action (post-fs-data) from (/vendor/etc/init/hw/init.qcom.rc:245)
01-17 18:17:45.497     0     0 I ueventd : loading /devices/soc/15700000.qcom,lpass/firmware/adsp.b12 took 36ms
01-17 18:17:45.499   586   586 I auditd  : type=1400 audit(0.0:4): avc: denied { setattr } for comm="init" name="system" dev="tmpfs" ino=21804 scontext=u:r:vendor_i
nit:s0 tcontext=u:object_r:system_data_file:s0 tclass=dir permissive=0
01-17 18:17:45.505     0     0 I ueventd : firmware: loading 'adsp.b13' for '/devices/soc/15700000.qcom,lpass/firmware/adsp.b13'
01-17 18:17:45.516     0     0 I ueventd : loading /devices/soc/15700000.qcom,lpass/firmware/adsp.b13 took 12ms
01-17 18:17:45.521     0     0 I init    : Command 'mkdir /data/system 0775 system system' action=post-fs-data (/vendor/etc/init/hw/init.qcom.rc:326) took 0ms and f
ailed: fchmodat() failed: Permission denied
01-17 18:17:45.538     0     0 I ueventd : firmware: loading 'adsp.b14' for '/devices/soc/15700000.qcom,lpass/firmware/adsp.b14'
01-17 18:17:45.548     0     0 I ueventd : loading /devices/soc/15700000.qcom,lpass/firmware/adsp.b14 took 10ms
01-17 18:17:45.560     0     0 I ueventd : firmware: loading 'adsp.b15' for '/devices/soc/15700000.qcom,lpass/firmware/adsp.b15'
01-17 18:17:45.564     0     0 I ueventd : loading /devices/soc/15700000.qcom,lpass/firmware/adsp.b15 took 5ms
01-17 18:17:45.575     0     0 I ueventd : firmware: loading 'adsp.b16' for '/devices/soc/15700000.qcom,lpass/firmware/adsp.b16'
01-17 18:17:45.585     0     0 I ueventd : loading /devices/soc/15700000.qcom,lpass/firmware/adsp.b16 took 10ms
01-17 18:17:45.597     0     0 I ueventd : firmware: loading 'adsp.b17' for '/devices/soc/15700000.qcom,lpass/firmware/adsp.b17'
01-17 18:17:45.609   586   586 I auditd  : type=1400 audit(0.0:5): avc: denied { write } for comm="init" name="/" dev="tmpfs" ino=19566 scontext=u:r:vendor_init:s0
tcontext=u:object_r:system_data_file:s0 tclass=dir permissive=0
01-17 18:17:45.618     0     0 I ueventd : loading /devices/soc/15700000.qcom,lpass/firmware/adsp.b17 took 21ms
01-17 18:17:45.630     0     0 I init    : Command 'mkdir /data/fota 0771' action=post-fs-data (/vendor/etc/init/hw/init.qcom.rc:342) took 0ms and failed: mkdir() f
ailed: Permission denied
01-17 18:17:45.631     0     0 I ueventd : firmware: loading 'adsp.b18' for '/devices/soc/15700000.qcom,lpass/firmware/adsp.b18'
01-17 18:17:45.669   586   586 I auditd  : type=1400 audit(0.0:6): avc: denied { write } for comm="init" name="/" dev="tmpfs" ino=19566 scontext=u:r:vendor_init:s0
tcontext=u:object_r:system_data_file:s0 tclass=dir permissive=0
01-17 18:17:45.689     0     0 I init    : Command 'mkdir /data/hostapd 0770 system wifi' action=post-fs-data (/vendor/etc/init/hw/init.qcom.rc:346) took 0ms and fa
iled: mkdir() failed: Permission denied
01-17 18:17:45.750     0     0 I init    : Command 'start vendor.move_time_data' action=post-fs-data (/vendor/etc/init/hw/init.qcom.rc:411) took 0ms and failed: Cou
ld not start service: File /system/bin/move_time_data.sh(labeled "u:object_r:system_file:s0") has incorrect label or no domain transition from u:r:init:s0 to anothe
r SELinux domain defined. Have you configured your service correctly? https://source.android.com/security/selinux/device-policy#label_new_services_and_address_denia
ls
01-17 18:17:45.768     0     0 I init    : processing action (post-fs-data) from (/vendor/etc/init/hw/init.qcom.test.rc:32)
01-17 18:17:45.776     0     0 I ueventd : loading /devices/soc/15700000.qcom,lpass/firmware/adsp.b18 took 145ms
01-17 18:17:45.782     0     0 I ueventd : firmware: loading 'adsp.b19' for '/devices/soc/15700000.qcom,lpass/firmware/adsp.b19'
01-17 18:17:45.799     0     0 I ueventd : loading /devices/soc/15700000.qcom,lpass/firmware/adsp.b19 took 17ms
01-17 18:17:45.809   586   586 I auditd  : type=1400 audit(0.0:7): avc: denied { search } for comm="init" name="tombstones" dev="tmpfs" ino=21789 scontext=u:r:vendo
r_init:s0 tcontext=u:object_r:tombstone_data_file:s0 tclass=dir permissive=0
01-17 18:17:45.819     0     0 I init    : processing action (post-fs-data) from (/vendor/etc/init/hw/init.target.rc:56)
01-17 18:17:45.826     0     0 I init    : Command 'mkdir /data/tombstones/modem 0771 system system' action=post-fs-data (/vendor/etc/init/hw/init.target.rc:57) too
k 0ms and failed: mkdir() failed: Permission denied
01-17 18:17:45.854     0     0 I ueventd : firmware: loading 'adsp.b20' for '/devices/soc/15700000.qcom,lpass/firmware/adsp.b20'
01-17 18:17:45.871     0     0 I ueventd : loading /devices/soc/15700000.qcom,lpass/firmware/adsp.b20 took 17ms
01-17 18:17:45.882     0     0 I ueventd : firmware: loading 'adsp.b21' for '/devices/soc/15700000.qcom,lpass/firmware/adsp.b21'
01-17 18:17:45.888     0     0 I ueventd : loading /devices/soc/15700000.qcom,lpass/firmware/adsp.b21 took 6ms
01-17 18:17:45.909   586   586 I chatty  : uid=0(root) /system/bin/init identical 2 lines
01-17 18:17:45.918     0     0 I init    : Command 'mkdir /data/tombstones/lpass 0771 system system' action=post-fs-data (/vendor/etc/init/hw/init.target.rc:58) too
k 0ms and failed: mkdir() failed: Permission denied
01-17 18:17:45.927     0     0 I init    : Command 'mkdir /data/tombstones/wcnss 0771 system system' action=post-fs-data (/vendor/etc/init/hw/init.target.rc:59) too
k 1ms and failed: mkdir() failed: Permission denied
01-17 18:17:45.929   586   586 I auditd  : type=1400 audit(0.0:10): avc: denied { search } for comm="init" name="tombstones" dev="tmpfs" ino=21789 scontext=u:r:vend
or_init:s0 tcontext=u:object_r:tombstone_data_file:s0 tclass=dir permissive=0
01-17 18:17:45.939   586   586 I auditd  : type=1400 audit(0.0:11): avc: denied { write } for comm="init" name="misc" dev="tmpfs" ino=21731 scontext=u:r:vendor_init
:s0 tcontext=u:object_r:system_data_file:s0 tclass=dir permissive=0
01-17 18:17:45.943     0     0 I init    : Command 'mkdir /data/tombstones/dsps 0771 system system' action=post-fs-data (/vendor/etc/init/hw/init.target.rc:60) took
 1ms and failed: mkdir() failed: Permission denied
01-17 18:17:45.962     0     0 I init    : Command 'mkdir /data/misc/seemp 0700 system system' action=post-fs-data (/vendor/etc/init/hw/init.target.rc:62) took 1ms
and failed: mkdir() failed: Permission denied
01-17 18:17:45.962     0     0 I init    : processing action (post-fs-data) from (/system/etc/init/art_apex_boot_integrity.rc:19)
01-17 18:17:45.963     0     0 I init    : starting service 'exec 10 (/system/bin/art_apex_boot_integrity)'...
01-17 18:17:45.968     0     0 I init    : SVC_EXEC service 'exec 10 (/system/bin/art_apex_boot_integrity)' pid 683 (uid 0 gid 0+0 context default) started; waiting
...
01-17 18:17:46.031     0     0 I subsys-pil-tz 15700000.qcom,lpass: adsp: Brought out of reset
01-17 18:17:46.049     0     0 I subsys-pil-tz 15700000.qcom,lpass: adsp: Power/Clock ready interrupt received
01-17 18:17:46.049     0     0 I subsys-pil-tz 15700000.qcom,lpass: Subsystem error monitoring/handling services are up
01-17 18:17:46.049     0     0 I apr_tal_link_state_cb: edge[lpass] link state[0]
01-17 18:17:46.147     0     0 I apr_tal_notify_state: Channel state[0]
01-17 18:17:46.153     0     0 E aprv2_core_fn_q: Invalid cmd rsp[0x1290c][0x16] opcode 69864
01-17 18:17:46.188     0     0 I init    : Service 'exec 10 (/system/bin/art_apex_boot_integrity)' (pid 683) exited with status 0 waiting took 0.221000 seconds
01-17 18:17:46.189     0     0 I init    : processing action (post-fs-data) from (/system/etc/init/bootstat.rc:9)
01-17 18:17:46.203     0     0 I init    : processing action (post-fs-data) from (/system/etc/init/gsid.rc:10)
01-17 18:17:46.209     0     0 I init    : processing action (post-fs-data) from (/system/etc/init/incidentd.rc:21)
01-17 18:17:46.216     0     0 I init    : processing action (post-fs-data) from (/system/etc/init/iorapd.rc:27)
01-17 18:17:46.224     0     0 I init    : processing action (post-fs-data) from (/system/etc/init/logtagd.rc:4)
01-17 18:17:46.229     0     0 I sysmon-qmi: sysmon_clnt_svc_arrive: Connection established between QMI handle and adsp's SSCTL service
01-17 18:17:46.241     0     0 E msm_sdw_codec 152c1000.msm-sdw-codec: Adsp is not loaded yet 2
01-17 18:17:46.242     0     0 I init    : processing action (post-fs-data) from (/system/etc/init/recovery-persist.rc:1)
01-17 18:17:46.243     0     0 I init    : starting service 'exec 11 (/system/bin/recovery-persist)'...
01-17 18:17:46.249     0     0 I init    : processing action (post-fs-data) from (/system/etc/init/statsd.rc:25)
01-17 18:17:46.253     0     0 I init    : processing action (post-fs-data) from (/product/etc/init/dpmd.rc:7)
01-17 18:17:46.254     0     0 I init    : processing action (post-fs-data) from (/vendor/etc/init/dataqti.rc:8)
01-17 18:17:46.254     0     0 E diag    : In diag_send_feature_mask_update, control channel is not open, p: 1, ffffff986f176fe8
01-17 18:17:46.254     0     0 E diag    : In diag_send_peripheral_buffering_mode, buffering flag not set for 1
01-17 18:17:46.255     0     0 E diag    : In diag_send_peripheral_buffering_mode, buffering flag not set for 1
01-17 18:17:46.255     0     0 I init    : processing action (post-fs-data) from (/vendor/etc/init/hostapd.android.rc:9)
01-17 18:17:46.258     0     0 I init    : processing action (post-fs-data) from (/vendor/etc/init/init.qdmastats.rc:6)
01-17 18:17:46.261     0     0 I init    : processing action (post-fs-data) from (/vendor/etc/init/init.sdm660_64.nfc.rc:1)
01-17 18:17:46.262     0     0 E selinux : avc:  denied  { set } for property=ro.nfc.port pid=586 uid=0 gid=0 scontext=u:r:vendor_init:s0 tcontext=u:object_r:defaul
t_prop:s0 tclass=property_service permissive=0
01-17 18:17:46.262     0     0 E init    : Subcontext init could not set 'ro.nfc.port' to 'I2C': SELinux permission check failed
01-17 18:17:46.265     0     0 I init    : processing action (post-fs-data) from (/vendor/etc/init/ipacm-diag.rc:7)
01-17 18:17:46.266     0     0 I init    : processing action (post-fs-data) from (/vendor/etc/init/netmgrd.rc:16)
01-17 18:17:46.269     0     0 I init    : processing action (post-fs-data) from (/vendor/etc/init/port-bridge.rc:11)
01-17 18:17:46.270     0     0 I init    : processing action (post-fs-data) from (/vendor/etc/init/tloc_daemon.rc:8)
01-17 18:17:46.271     0     0 I init    : processing action (load_persist_props_action) from (/init.rc:311)
01-17 18:17:46.272     0     0 I init    : starting service 'logd-reinit'...
01-17 18:17:46.278     0     0 I init    : processing action (load_persist_props_action) from (/system/etc/init/flags_health_check.rc:1)
01-17 18:17:46.280     0     0 I init    : starting service 'exec 12 (/system/bin/flags_health_check BOOT_FAILURE)'...
01-17 18:17:46.281     0     0 I sps     : BAM 0x0000000015204000 (va:0xffffff800bdc0000) enabled: ver:0x19, number of pipes:13
01-17 18:17:46.286     0     0 I sps     : BAM 0x0000000015204000 is registered.
01-17 18:17:46.286     0     0 I init    : SVC_EXEC service 'exec 12 (/system/bin/flags_health_check BOOT_FAILURE)' pid 695 (uid 1000 gid 1000+0 context default) st
arted; waiting...
01-17 18:17:46.297     0     0 I init    : Service 'exec 11 (/system/bin/recovery-persist)' (pid 691) exited with status 0
01-17 18:17:46.318     0     0 I logd.daemon: reinit
01-17 18:17:46.322     0     0 I init    : Service 'logd-reinit' (pid 694) exited with status 0
01-17 18:17:46.332     0     0 I init    : Service 'exec 12 (/system/bin/flags_health_check BOOT_FAILURE)' (pid 695) exited with status 0 waiting took 0.047000 seco
nds
01-17 18:17:46.334     0     0 I init    : processing action (load_persist_props_action) from (/system/etc/init/logcatd.rc:31)
01-17 18:17:46.334     0     0 I init    : processing action (zygote-start) from (/system/etc/init/bootstat.rc:72)
01-17 18:17:46.335     0     0 I init    : starting service 'exec 13 (/system/bin/bootstat --set_system_boot_reason)'...
01-17 18:17:46.341     0     0 I init    : processing action (firmware_mounts_complete) from (/init.rc:317)
01-17 18:17:46.341     0     0 I init    : processing action (early-boot) from (/vendor/etc/init/hw/init.qcom.rc:74)
01-17 18:17:46.343     0     0 I adsp-loader soc: qcom,msm-adsp-loader: adsp_loader_do: scheduling work to load ADSP fw
01-17 18:17:46.343     0     0 I cdsp-loader soc: qcom,msm-cdsp-loader: cdsp_loader_do: scheduling work to load CDSP fw
01-17 18:17:46.345     0     0 I sensors-ssc soc: qcom,msm-ssc-sensors: slpi_loader_do: scheduling work to load SLPI fw
01-17 18:17:46.346     0     0 E         : can't get fw name.
01-17 18:17:46.346     0     0 E sensors-ssc soc: qcom,msm-ssc-sensors: slpi_load_fw: SLPI image loading failed
01-17 18:17:46.347     0     0 I init    : starting service 'exec 14 (/vendor/bin/init.qcom.early_boot.sh)'...
01-17 18:17:46.352     0     0 I init    : SVC_EXEC service 'exec 14 (/vendor/bin/init.qcom.early_boot.sh)' pid 698 (uid 0 gid 0+0 context u:r:qti_init_shell:s0) st
arted; waiting...
01-17 18:17:46.355     0     0 I ueventd : firmware: loading 'cdsp.mdt' for '/devices/soc/1a300000.qcom,turing/firmware/cdsp.mdt'
01-17 18:17:46.359     0     0 I ueventd : loading /devices/soc/1a300000.qcom,turing/firmware/cdsp.mdt took 4ms
01-17 18:17:46.359     0     0 I subsys-pil-tz 1a300000.qcom,turing: cdsp: loading from 0x0000000094a00000 to 0x0000000095000000
01-17 18:17:46.418     0     0 I init    : Service 'exec 13 (/system/bin/bootstat --set_system_boot_reason)' (pid 696) exited with status 0
01-17 18:17:46.638     0     0 I sdm660-asoc-snd soc: sound: msm_internal_init: default codec configured
01-17 18:17:46.639     0     0 E /soc/sound: could not get #gpio-cells for /soc/msm_cdc_pinctrl@75
01-17 18:17:46.649     0     0 I ueventd : firmware: loading 'cdsp.b02' for '/devices/soc/1a300000.qcom,turing/firmware/cdsp.b02'
01-17 18:17:46.654     0     0 E sdm660-asoc-snd soc: sound: ASoC: platform (null) not registered
01-17 18:17:46.664     0     0 I ueventd : loading /devices/soc/1a300000.qcom,turing/firmware/cdsp.b02 took 15ms
01-17 18:17:46.667     0     0 E mdss_dp_usbpd_setup: get_usbpd phandle failed (-517)
01-17 18:17:46.667     0     0 E mdss_dp_probe: Error usbpd setup!
01-17 18:17:46.672     0     0 I ueventd : firmware: loading 'cdsp.b03' for '/devices/soc/1a300000.qcom,turing/firmware/cdsp.b03'
01-17 18:17:46.679     0     0 E qpnp-pdphy 800f000.qcom,spmi: qcom,pm660@0:qcom,usb-pdphy@1700: usbpd_create failed: -517
01-17 18:17:46.680     0     0 E selinux : SELinux: Could not get canonical path for /sys/devices/soc/800f000.qcom,spmi/spmi-0/spmi0-00/800f000.qcom,spmi:qcom,pm660
@0:qcom,usb-pdphy@1700/usbpd/usbpd0 restorecon: No such file or directory.
01-17 18:17:46.680     0     0 E ueventd : selinux_android_restorecon(/sys/devices/soc/800f000.qcom,spmi/spmi-0/spmi0-00/800f000.qcom,spmi:qcom,pm660@0:qcom,usb-pdp
hy@1700/usbpd/usbpd0) failed: No such file or directory
01-17 18:17:46.692     0     0 I ueventd : loading /devices/soc/1a300000.qcom,turing/firmware/cdsp.b03 took 21ms
01-17 18:17:46.699     0     0 E platform soc: sdw_clk_data_pinctrl: msm_cdc_pinctrl_get_gpiodata: cannot find cdc gpio info
01-17 18:17:46.699     0     0 I ueventd : firmware: loading 'cdsp.b04' for '/devices/soc/1a300000.qcom,turing/firmware/cdsp.b04'
01-17 18:17:46.704     0     0 E platform soc: wsa_spkr_en1_pinctrl: msm_cdc_pinctrl_get_gpiodata: cannot find cdc gpio info
01-17 18:17:46.705     0     0 E platform soc: wsa_spkr_en1_pinctrl: msm_cdc_pinctrl_get_gpiodata: cannot find cdc gpio info
01-17 18:17:46.705     0     0 E         : (NULL device *): wsa881x_gpio_ctrl: Failed to turn state 1; ret=-22
01-17 18:17:46.706     0     0 I sdm660-asoc-snd soc: sound: msm_internal_init: default codec configured
01-17 18:17:46.706     0     0 E /soc/sound: could not get #gpio-cells for /soc/msm_cdc_pinctrl@75
01-17 18:17:46.711     0     0 E swr-wcd msm_sdw_swr_ctrl: swrm_get_logical_dev_num: device id 0x0 does not match with 0x20170211
01-17 18:17:46.711     0     0 E swr_get_logical_dev_num: Error -22 to get logical addr for device 20170211
01-17 18:17:46.711     0     0 W wsa881x : probe of wsa881x.20170211 failed with error -22
01-17 18:17:46.714     0     0 E platform soc: wsa_spkr_en2_pinctrl: msm_cdc_pinctrl_get_gpiodata: cannot find cdc gpio info
01-17 18:17:46.715     0     0 E platform soc: wsa_spkr_en2_pinctrl: msm_cdc_pinctrl_get_gpiodata: cannot find cdc gpio info
01-17 18:17:46.715     0     0 E         : (NULL device *): wsa881x_gpio_ctrl: Failed to turn state 1; ret=-22
01-17 18:17:46.722     0     0 E swr-wcd msm_sdw_swr_ctrl: swrm_get_logical_dev_num: device id 0x0 does not match with 0x20170212
01-17 18:17:46.722     0     0 E swr_get_logical_dev_num: Error -22 to get logical addr for device 20170212
