01-14 18:24:58.690  4525  5820 D NxpTml  : PN54X - I2C Read successful.....
01-14 18:24:58.690  4525  5820 D NxpNciR : len =   4 > 41010100
01-14 18:24:58.690  4525  5820 D NxpTml  : PN54X - Posting read message.....
01-14 18:24:58.690  4525  5823 D NxpHal  : read successful status = 0x0
01-14 18:24:58.691  4525  5820 D NxpTml  : PN54X - Read requested.....
01-14 18:24:58.691  4525  5820 D NxpTml  : PN54X - Invoking I2C Read.....
01-14 18:24:58.696  4135  5818 I libnfc_nci: [INFO:nfa_ee_act.cc(2862)] nfa_ee_update_rout ee_cfg_sts:0x10 ee_cfged:0x10
01-14 18:24:58.696  4135  5818 I libnfc_nci: [INFO:nfc_ncif.cc(399)] NFC received rsp gid:1
01-14 18:24:58.696  4135  5818 I libnfc_nci: [INFO:nfa_dm_act.cc(268)] NFC_SET_ROUTING_REVT(0x500a)
01-14 18:24:58.696  4135  5818 I libnfc_nci: [INFO:nfa_ee_main.cc(359)] nfa_ee_proc_evt: event=0x500a int_event:0x218
01-14 18:24:58.696  4135  5818 I libnfc_nci: [INFO:nfa_ee_main.cc(641)] Event NCI_WAIT_RSP(0x218), State: INIT_DONE(1)
01-14 18:24:58.696  4135  5818 I libnfc_nci: [INFO:nfa_ee_act.cc(2248)] ee_wait_evt:0x30 wait_rsp:1
01-14 18:24:58.696  4135  5818 I libnfc_nci: [INFO:nfa_ee_act.cc(2221)] nfa_ee_report_update_evt ee_wait_evt:0x30 wait_rsp:0
01-14 18:24:58.697  4135  5818 I libnfc_nci: [INFO:RoutingManager.cpp(834)] RoutingManager::nfaEeCallback: NFA_EE_UPDATED_EVT
01-14 18:24:58.697  4135  4135 I libnfc_nci: [INFO:NativeNfcManager.cpp(2103)] startRfDiscovery: is start=1
01-14 18:24:58.697  4135  4135 I libnfc_nci: [INFO:NativeNfcTag.cpp(1801)] nativeNfcTag_acquireRfInterfaceMutexLock: try to acquire lock
01-14 18:24:58.697  4135  4135 I libnfc_nci: [INFO:NativeNfcTag.cpp(1804)] nativeNfcTag_acquireRfInterfaceMutexLock: sRfInterfaceMutex lock
01-14 18:24:58.697  4135  4135 I libnfc_nci: [INFO:nfa_dm_api.cc(691)] NFA_StartRfDiscovery
01-14 18:24:58.697  4135  5818 I libnfc_nci: [INFO:nfa_sys_main.cc(77)] NFA got event 0x010E
01-14 18:24:58.697  4135  5818 I libnfc_nci: [INFO:nfa_dm_main.cc(122)] event: NFA_DM_API_START_RF_DISCOVERY_EVT (0x0e)
01-14 18:24:58.697  4135  5818 I libnfc_nci: [INFO:nfa_dm_act.cc(1230)] nfa_dm_act_start_rf_discovery
01-14 18:24:58.697  4135  5818 I libnfc_nci: [INFO:nfa_dm_discover.cc(884)] nfa_dm_start_rf_discover
01-14 18:24:58.697  4135  5818 I libnfc_nci: [INFO:nfa_ee_act.cc(2484)] 1
01-14 18:24:58.697  4135  5818 I libnfc_nci: [INFO:nfa_ee_act.cc(2508)] 0x0, 0x0, 0x0, 0x0
01-14 18:24:58.698  4135  5818 I libnfc_nci: [INFO:nfa_dm_discover.cc(1012)] nfa_dm_cb.disc_cb.entry[0].selected_disc_mask = 0x40000
01-14 18:24:58.698  4135  5818 I libnfc_nci: [INFO:nfa_dm_discover.cc(1012)] nfa_dm_cb.disc_cb.entry[1].selected_disc_mask = 0x7d7f
01-14 18:24:58.698  4135  5818 I libnfc_nci: [INFO:nfa_dm_discover.cc(1012)] nfa_dm_cb.disc_cb.entry[2].selected_disc_mask = 0xc480000
01-14 18:24:58.698  4135  5818 I libnfc_nci: [INFO:nfa_p2p_main.cc(524)] nfa_p2p_set_config
01-14 18:24:58.698  4135  5818 I libnfc_nci: [INFO:llcp_api.cc(231)] LLCP_GetDiscoveryConfig
01-14 18:24:58.698  4135  5818 I libnfc_nci: [INFO:nfa_dm_main.cc(222)] nfa_dm_check_set_config
01-14 18:24:58.698  4135  5818 I chatty  : uid=1027(nfc) AsyncTask #3 identical 1 line
01-14 18:24:58.698  4135  5818 I libnfc_nci: [INFO:nfa_dm_main.cc(222)] nfa_dm_check_set_config
01-14 18:24:58.698  4135  5818 I libnfc_nci: [INFO:nfa_dm_discover.cc(1050)] dm_disc_mask = 0xc4c7d7f
01-14 18:24:58.698  4135  5818 I libnfc_nci: [INFO:nfa_dm_discover.cc(280)] tech_proto_mask = 0x0C4C7D7F
01-14 18:24:58.698  4135  5818 I libnfc_nci: [INFO:nfa_dm_main.cc(222)] nfa_dm_check_set_config
01-14 18:24:58.698  4135  5818 I libnfc_nci: [INFO:nfa_dm_discover.cc(370)] nfa_dm_set_total_duration
01-14 18:24:58.699  4135  5818 I libnfc_nci: [INFO:nfa_dm_main.cc(222)] nfa_dm_check_set_config
01-14 18:24:58.699  4135  5818 I libnfc_nci: [INFO:nfc_main.cc(888)] NFC_DiscoveryStart
01-14 18:24:58.699  4135  5818 I libnfc_nci: [INFO:NfcAdaptation.cc(792)] NfcAdaptation::HalPrediscover
01-14 18:24:58.700  4135  5818 I libnfc_nci: [INFO:NfcAdaptation.cc(751)] NfcAdaptation::HalWrite
01-14 18:24:58.700  4525  4525 D NxpExtns: find found MIFARE_READER_ENABLE=(0x1)
01-14 18:24:58.700  4525  4525 D NxpHal  : > Polling Loop Started
01-14 18:24:58.700  4525  4525 D NxpHal  : phNxpNciHal_discovery_cmd_ext
01-14 18:24:58.700  4525  4525 D NfccPowerTracker: NfccPowerTracker::ProcessCmd: Enter,Recieved len :26
01-14 18:24:58.700  4525  5821 D NxpTml  : PN54X - Write requested.....
01-14 18:24:58.700  4525  5821 D NxpTml  : PN54X - Invoking I2C Write.....
01-14 18:24:58.702  4525  5821 D NxpNciX : len =  26 > 2103170B00010101020103010501800182018301850106017001
01-14 18:24:58.702  4525  5821 D NxpTml  : PN54X - I2C Write successful.....
01-14 18:24:58.702  4525  5821 D NxpTml  : PN54X - Posting Fresh Write message.....
01-14 18:24:58.703  4525  5821 D NxpTml  : PN54X - Tml Writer Thread Running................
01-14 18:24:58.703  4525  5823 D NxpHal  : write successful status = 0x0
01-14 18:24:58.703  4135  5818 I libnfc_nci: [INFO:nfc_main.cc(908)] NFC_DiscoveryStart status: 0xe3
01-14 18:24:58.704  4525  5820 D NxpTml  : PN54X - I2C Read successful.....
01-14 18:24:58.704  4525  5820 D NxpNciR : len =   4 > 41030100
01-14 18:24:58.704  4525  5820 D NxpTml  : PN54X - Posting read message.....
01-14 18:24:58.705  4525  5823 D NxpHal  : read successful status = 0x0
01-14 18:24:58.705  4135  5818 I libnfc_nci: [INFO:nfc_ncif.cc(399)] NFC received rsp gid:1
01-14 18:24:58.705  4135  5818 I libnfc_nci: [INFO:nfa_dm_discover.cc(3030)] returning TRUE
01-14 18:24:58.705  4135  5818 I libnfc_nci: [INFO:nfa_dm_discover.cc(694)] event:0x4000
01-14 18:24:58.705  4135  5818 I libnfc_nci: [INFO:nfa_dm_discover.cc(2518)] state: IDLE (0), event: DISCOVER_RSP(1) disc_flags: 0x31
01-14 18:24:58.705  4135  5818 I libnfc_nci: [INFO:nfa_dm_discover.cc(1685)] old_state: IDLE (0), new_state: DISCOVERY (1) disc_flags: 0x11
01-14 18:24:58.705  4135  5818 I libnfc_nci: [INFO:nfa_dm_act.cc(1557)] event:0x00
01-14 18:24:58.705  4135  5818 I libnfc_nci: [INFO:nfa_p2p_main.cc(104)] event:0x00
01-14 18:24:58.705  4525  5820 D NxpTml  : PN54X - Read requested.....
01-14 18:24:58.705  4525  5820 D NxpTml  : PN54X - Invoking I2C Read.....
01-14 18:24:58.705  4135  5818 I libnfc_nci: [INFO:NativeNfcManager.cpp(276)] nfaConnectionCallback: event= 30
01-14 18:24:58.705  4135  5818 I libnfc_nci: [INFO:NativeNfcManager.cpp(301)] nfaConnectionCallback: NFA_RF_DISCOVERY_STARTED_EVT: status = 0
01-14 18:24:58.705  4135  5818 I libnfc_nci: [INFO:nfa_dm_discover.cc(2571)] new state: DISCOVERY (1), disc_flags: 0x1
01-14 18:24:58.705  4135  4135 I libnfc_nci: [INFO:NativeNfcTag.cpp(1819)] nativeNfcTag_releaseRfInterfaceMutexLock: sRfInterfaceMutex unlock
01-14 18:24:58.705  4135  4135 I libnfc_nci: [INFO:PowerSwitch.cpp(258)] PowerSwitch::setModeOn(activated=0x1) : mCurrActivity=0x1
01-14 18:24:58.706  4135  4135 I libnfc_nci: [INFO:NativeNfcManager.cpp(1306)] nfcManager_enableDiscovery: exit
01-14 18:24:58.706  4135  4135 I libnfc_nci: [INFO:NativeNfcManager.cpp(1788)] nfcManager_doSetScreenState: state = 8 prevScreenState= 1, discovry_param = 1
01-14 18:24:58.709  4135  4802 D NfcService: Discovery configuration equal, not updating.
01-14 18:24:58.700     0     0 E nq-nci 6-0028: nfc_read : reading 1 bytes.
01-14 18:24:58.702     0     0 E nq-nci 6-0028: nfc_read : reading 3 bytes.
01-14 18:24:58.715     0     0 E nq-nci 6-0028: nfc_read : reading 1 bytes.
01-14 18:24:58.716     0     0 E nq-nci 6-0028: nfc_read : reading 3 bytes.
01-14 18:26:01.150  4135  4135 D NfcService: MSG_APPLY_SCREEN_STATE 1
01-14 18:26:01.150  4135  4135 I libnfc_nci: [INFO:NativeNfcManager.cpp(1788)] nfcManager_doSetScreenState: state = 1 prevScreenState= 8, discovry_param = 1
01-14 18:26:01.160  4135  4802 I libnfc_nci: [INFO:NativeNfcManager.cpp(1322)] nfcManager_disableDiscovery: enter;
01-14 18:26:01.160  4135  4802 I libnfc_nci: [INFO:NativeNfcManager.cpp(2103)] startRfDiscovery: is start=0
01-14 18:26:01.160  4135  4802 I libnfc_nci: [INFO:NativeNfcTag.cpp(1801)] nativeNfcTag_acquireRfInterfaceMutexLock: try to acquire lock
01-14 18:26:01.160  4135  4802 I libnfc_nci: [INFO:NativeNfcTag.cpp(1804)] nativeNfcTag_acquireRfInterfaceMutexLock: sRfInterfaceMutex lock
01-14 18:26:01.160  4135  4802 I libnfc_nci: [INFO:nfa_dm_api.cc(721)] NFA_StopRfDiscovery
01-14 18:26:01.161  4135  5818 I libnfc_nci: [INFO:nfa_sys_main.cc(77)] NFA got event 0x010F
01-14 18:26:01.161  4135  5818 I libnfc_nci: [INFO:nfa_dm_main.cc(122)] event: NFA_DM_API_STOP_RF_DISCOVERY_EVT (0x0f)
01-14 18:26:01.161  4135  5818 I libnfc_nci: [INFO:nfa_dm_act.cc(1259)] nfa_dm_act_stop_rf_discovery
01-14 18:26:01.161  4135  5818 I libnfc_nci: [INFO:nfa_dm_discover.cc(2752)] deactivate_type:0x0
01-14 18:26:01.161  4135  5818 I libnfc_nci: [INFO:nfa_dm_discover.cc(2518)] state: DISCOVERY (1), event: DEACTIVATE_CMD(6) disc_flags: 0x2
01-14 18:26:01.161  4135  5818 I libnfc_nci: [INFO:nfc_main.cc(1127)] NFC_Deactivate 4 (IDLE) deactivate_type:0
01-14 18:26:01.161  4135  5818 I libnfc_nci: [INFO:NfcAdaptation.cc(751)] NfcAdaptation::HalWrite
01-14 18:26:01.163  4525  4525 D NxpExtns: find found MIFARE_READER_ENABLE=(0x1)
01-14 18:26:01.164  4525  4525 D NfccPowerTracker: NfccPowerTracker::ProcessCmd: Enter,Recieved len :4
01-14 18:26:01.165  4525  5821 D NxpTml  : PN54X - Write requested.....
01-14 18:26:01.165  4525  5821 D NxpTml  : PN54X - Invoking I2C Write.....
01-14 18:26:01.178     0     0 E nq-nci 6-0028: nfc_write: failed to write -107
01-14 18:26:01.182  4525  5821 D NxpTml  : _i2c_write() errno : 5
01-14 18:26:01.182  4525  5821 D NxpTml  : PN54X - Error in I2C Write.....
01-14 18:26:01.182  4525  5821 D NxpTml  : PN54X - Posting Fresh Write message.....
01-14 18:26:01.183  4525  5823 D NxpHal  : write error status = 0x1ff
01-14 18:26:01.183  4525  5821 D NxpTml  : PN54X - Tml Writer Thread Running................
01-14 18:26:01.183  4525  4525 D NxpHal  : write_unlocked failed - PN54X Maybe in Standby Mode - Retry
01-14 18:26:01.195  4525  5821 D NxpTml  : PN54X - Write requested.....
01-14 18:26:01.195  4525  5821 D NxpTml  : PN54X - Invoking I2C Write.....
01-14 18:26:01.197  4525  5821 D NxpNciX : len =   4 > 21060100
01-14 18:26:01.198  4525  5821 D NxpTml  : PN54X - I2C Write successful.....
01-14 18:26:01.198  4525  5821 D NxpTml  : PN54X - Posting Fresh Write message.....
01-14 18:26:01.198  4525  5821 D NxpTml  : PN54X - Tml Writer Thread Running................
01-14 18:26:01.198  4525  5823 D NxpHal  : write successful status = 0x0
01-14 18:26:01.199  4135  5818 I libnfc_nci: [INFO:nfa_dm_discover.cc(2571)] new state: DISCOVERY (1), disc_flags: 0x22
01-14 18:26:01.199  4135  5818 I libnfc_nci: [INFO:nfa_sys_ptim.cc(156)] nfa_sys_ptim_stop_timer 0x768e6b24f8
01-14 18:26:01.199  4135  5818 I libnfc_nci: [INFO:nfa_sys_ptim.cc(163)] ptim timer stop
01-14 18:26:01.199  4135  5818 I libnfc_nci: [INFO:nfa_rw_act.cc(192)] Stopped presence check timer (if started)
01-14 18:26:01.213     0     0 E nq-nci 6-0028: nfc_read : reading 1 bytes.
01-14 18:26:01.203  4525  5820 D NxpTml  : PN54X - I2C Read successful.....
01-14 18:26:01.203  4525  5820 D NxpNciR : len =   4 > 41060100
01-14 18:26:01.203  4525  5820 D NxpTml  : PN54X - Posting read message.....
01-14 18:26:01.207  4525  5823 D NxpHal  : read successful status = 0x0
01-14 18:26:01.208  4525  5820 D NxpTml  : PN54X - Read requested.....
01-14 18:26:01.208  4525  5820 D NxpTml  : PN54X - Invoking I2C Read.....
01-14 18:26:01.208  4135  5818 I libnfc_nci: [INFO:nfc_ncif.cc(399)] NFC received rsp gid:1
01-14 18:26:01.209  4135  5818 I libnfc_nci: [INFO:nfa_dm_discover.cc(2926)] P2P_Prio_Logic
01-14 18:26:01.209  4135  5818 I libnfc_nci: [INFO:nfa_dm_discover.cc(2934)] nfa_dm_p2p_prio_logic event_type = 0x1
01-14 18:26:01.209  4135  5818 I libnfc_nci: [INFO:nfa_dm_discover.cc(3030)] returning TRUE
01-14 18:26:01.209  4135  5818 I libnfc_nci: [INFO:nfc_main.cc(326)] nfc_set_state 4 (IDLE)->4 (IDLE)
01-14 18:26:01.209  4135  5818 I libnfc_nci: [INFO:nfa_dm_discover.cc(1662)] nfa_dm_disc_data_cback
01-14 18:26:01.209  4135  5818 I libnfc_nci: [INFO:nfa_dm_discover.cc(694)] event:0x4005
01-14 18:26:01.209  4135  5818 I libnfc_nci: [INFO:nfa_dm_discover.cc(2518)] state: DISCOVERY (1), event: DEACTIVATE_RSP(7) disc_flags: 0x22
01-14 18:26:01.209  4135  5818 I libnfc_nci: [INFO:nfa_dm_discover.cc(1685)] old_state: DISCOVERY (1), new_state: IDLE (0) disc_flags: 0x2
01-14 18:26:01.219     0     0 E nq-nci 6-0028: nfc_read : reading 3 bytes.
01-14 18:26:01.209  4135  5818 I libnfc_nci: [INFO:NativeNfcManager.cpp(276)] nfaConnectionCallback: event= 31
01-14 18:26:01.209  4135  5818 I libnfc_nci: [INFO:NativeNfcManager.cpp(311)] nfaConnectionCallback: NFA_RF_DISCOVERY_STOPPED_EVT: status = 0
01-14 18:26:01.209  4135  5818 I libnfc_nci: [INFO:nfa_dm_discover.cc(884)] nfa_dm_start_rf_discover
01-14 18:26:01.209  4135  5818 I libnfc_nci: [INFO:nfa_dm_discover.cc(2571)] new state: IDLE (0), disc_flags: 0x0
01-14 18:26:01.210  4135  4802 I libnfc_nci: [INFO:NativeNfcTag.cpp(1819)] nativeNfcTag_releaseRfInterfaceMutexLock: sRfInterfaceMutex unlock
01-14 18:26:01.210  4135  4802 I libnfc_nci: [INFO:NativeNfcTag.cpp(1801)] nativeNfcTag_acquireRfInterfaceMutexLock: try to acquire lock
01-14 18:26:01.210  4135  4802 I libnfc_nci: [INFO:NativeNfcTag.cpp(1804)] nativeNfcTag_acquireRfInterfaceMutexLock: sRfInterfaceMutex lock
01-14 18:26:01.210  4135  4802 I libnfc_nci: [INFO:NativeNfcManager.cpp(2233)] stopPolling_rfDiscoveryDisabled: disable polling
01-14 18:26:01.210  4135  4802 I libnfc_nci: [INFO:nfa_dm_api.cc(477)] NFA_DisablePolling
01-14 18:26:01.210  4135  5818 I libnfc_nci: [INFO:nfa_sys_main.cc(77)] NFA got event 0x0107
01-14 18:26:01.210  4135  5818 I libnfc_nci: [INFO:nfa_dm_main.cc(122)] event: NFA_DM_API_DISABLE_POLLING_EVT (0x07)
01-14 18:26:01.210  4135  5818 I libnfc_nci: [INFO:nfa_dm_act.cc(1042)] nfa_dm_act_disable_polling
01-14 18:26:01.210  4135  5818 I libnfc_nci: [INFO:nfa_dm_act.cc(1011)] nfa_dm_deactivate_polling
01-14 18:26:01.210  4135  5818 I libnfc_nci: [INFO:nfa_dm_discover.cc(2698)] handle=0x1
01-14 18:26:01.210  4135  5818 I libnfc_nci: [INFO:NativeNfcManager.cpp(276)] nfaConnectionCallback: event= 1
01-14 18:26:01.210  4135  5818 I libnfc_nci: [INFO:NativeNfcManager.cpp(291)] nfaConnectionCallback: NFA_POLL_DISABLED_EVT: status = 0
01-14 18:26:01.211  4135  4802 I libnfc_nci: [INFO:NativeNfcTag.cpp(1819)] nativeNfcTag_releaseRfInterfaceMutexLock: sRfInterfaceMutex unlock
01-14 18:26:01.213  4135  4802 I libnfc_nci: [INFO:PeerToPeer.cpp(1119)] PeerToPeer::enableP2pListening: enter isEnable: 0  mIsP2pListening: 1
01-14 18:26:01.213  4135  4802 I libnfc_nci: [INFO:nfa_dm_api.cc(658)] tech_mask:0x0
01-14 18:26:01.213  4135  5818 I libnfc_nci: [INFO:nfa_sys_main.cc(77)] NFA got event 0x010D
01-14 18:26:01.213  4135  5818 I libnfc_nci: [INFO:nfa_dm_main.cc(122)] event: NFA_DM_API_SET_P2P_LISTEN_TECH_EVT (0x0d)
01-14 18:26:01.213  4135  5818 I libnfc_nci: [INFO:nfa_dm_act.cc(1208)] tech_mask = 0
01-14 18:26:01.213  4135  5818 I libnfc_nci: [INFO:nfa_p2p_main.cc(695)] tech_mask = 0x0
01-14 18:26:01.213  4135  5818 I libnfc_nci: [INFO:nfa_dm_discover.cc(2698)] handle=0x2
01-14 18:26:01.213  4135  5818 I libnfc_nci: [INFO:nfa_p2p_main.cc(587)] sys_id = 3, update_wks = 0
01-14 18:26:01.213  4135  5818 I libnfc_nci: [INFO:NativeNfcManager.cpp(276)] nfaConnectionCallback: event= 33
01-14 18:26:01.213  4135  5818 I libnfc_nci: [INFO:NativeNfcManager.cpp(622)] nfaConnectionCallback: NFA_SET_P2P_LISTEN_TECH_EVT
01-14 18:26:01.213  4135  4802 I libnfc_nci: [INFO:PeerToPeer.cpp(1143)] PeerToPeer::enableP2pListening: exit; mIsP2pListening: 0
01-14 18:26:01.213  4135  4802 I libnfc_nci: [INFO:PowerSwitch.cpp(236)] PowerSwitch::setModeOff(deactivated=0x1) : mCurrActivity=0x0
01-14 18:26:01.214  4135  4802 I libnfc_nci: [INFO:PowerSwitch.cpp(154)] PowerSwitch::setLevel: level=PS-LOW-POWER (2)
01-14 18:26:01.214  4135  4802 I libnfc_nci: [INFO:PowerSwitch.cpp(201)] PowerSwitch::setLevel: actual power level=PS-FULL
01-14 18:26:01.214  4135  4802 I libnfc_nci: [INFO:NativeNfcManager.cpp(1342)] nfcManager_disableDiscovery: exit
01-14 18:29:01.861  4135  4135 D NfcService: MSG_APPLY_SCREEN_STATE 4
01-14 18:29:01.861  4135  4135 I libnfc_nci: [INFO:NativeNfcManager.cpp(1788)] nfcManager_doSetScreenState: state = 4 prevScreenState= 1, discovry_param = 1
01-14 18:29:01.863  4135  4802 I libnfc_nci: [INFO:NativeNfcManager.cpp(1231)] nfcManager_enableDiscovery: enter; tech_mask = 00
01-14 18:29:01.863  4135  4802 I libnfc_nci: [INFO:PowerSwitch.cpp(154)] PowerSwitch::setLevel: level=PS-FULL (1)
01-14 18:29:01.863  4135  4802 I libnfc_nci: [INFO:NativeNfcTag.cpp(1801)] nativeNfcTag_acquireRfInterfaceMutexLock: try to acquire lock
01-14 18:29:01.864  4135  4802 I libnfc_nci: [INFO:NativeNfcTag.cpp(1804)] nativeNfcTag_acquireRfInterfaceMutexLock: sRfInterfaceMutex lock
01-14 18:29:01.864  4135  4802 I libnfc_nci: [INFO:NativeNfcManager.cpp(2233)] stopPolling_rfDiscoveryDisabled: disable polling
01-14 18:29:01.864  4135  4802 I libnfc_nci: [INFO:nfa_dm_api.cc(477)] NFA_DisablePolling
01-14 18:29:01.864  4135  5818 I libnfc_nci: [INFO:nfa_sys_main.cc(77)] NFA got event 0x0107
01-14 18:29:01.864  4135  5818 I libnfc_nci: [INFO:nfa_dm_main.cc(122)] event: NFA_DM_API_DISABLE_POLLING_EVT (0x07)
01-14 18:29:01.864  4135  5818 I libnfc_nci: [INFO:nfa_dm_act.cc(1042)] nfa_dm_act_disable_polling
01-14 18:29:01.864  4135  5818 I libnfc_nci: [INFO:NativeNfcManager.cpp(276)] nfaConnectionCallback: event= 1
01-14 18:29:01.864  4135  5818 I libnfc_nci: [INFO:NativeNfcManager.cpp(291)] nfaConnectionCallback: NFA_POLL_DISABLED_EVT: status = 3
01-14 18:29:01.864  4135  4802 I libnfc_nci: [INFO:NativeNfcTag.cpp(1819)] nativeNfcTag_releaseRfInterfaceMutexLock: sRfInterfaceMutex unlock
01-14 18:29:01.869  4135  4802 I libnfc_nci: [INFO:nfa_ee_api.cc(434)] handle:<0x0>protocol_mask:<0x4>/<0x0>/<0x0><0x0><0x0><0x0>
01-14 18:29:01.869  4135  4802 I libnfc_nci: [INFO:nfa_ee_main.cc(403)] nfa_ee_find_ecb
01-14 18:29:01.874  4135  5818 I libnfc_nci: [INFO:nfa_sys_main.cc(77)] NFA got event 0x0206
01-14 18:29:01.874  4135  5818 I libnfc_nci: [INFO:nfa_ee_main.cc(641)] Event API_SET_PROTO_CFG(0x206), State: INIT_DONE(1)
01-14 18:29:01.874  4135  5818 I libnfc_nci: [INFO:nfa_ee_act.cc(208)] nfa_ee_update_route_size nfcee_id:0x0 size_mask_proto:15 size_mask_tech:10
01-14 18:29:01.874  4135  5818 I libnfc_nci: [INFO:nfa_ee_act.cc(304)] nfa_ee_total_lmrt_size size:25
01-14 18:29:01.874  4135  5818 I libnfc_nci: [INFO:nfa_dm_main.cc(194)] flags:0x1
01-14 18:29:01.874  4135  5818 I libnfc_nci: [INFO:nfa_sys_ptim.cc(128)] nfa_sys_ptim_start_timer 0x768e6b19f0
01-14 18:29:01.874  4135  5818 I libnfc_nci: [INFO:nfa_sys_ptim.cc(133)] ptim timer start
01-14 18:29:01.874  4135  5818 I libnfc_nci: [INFO:RoutingManager.cpp(735)] RoutingManager::nfaEeCallback: NFA_EE_SET_PROTO_CFG_EVT; status=0x0
01-14 18:29:01.875  4135  4802 I libnfc_nci: [INFO:nfa_ee_api.cc(434)] handle:<0x0>protocol_mask:<0x8>/<0x0>/<0x0><0x8><0x0><0x0>
01-14 18:29:01.875  4135  4802 I libnfc_nci: [INFO:nfa_ee_main.cc(403)] nfa_ee_find_ecb
01-14 18:29:01.877  4135  5818 I libnfc_nci: [INFO:nfa_sys_main.cc(77)] NFA got event 0x0206
01-14 18:29:01.877  4135  5818 I libnfc_nci: [INFO:nfa_ee_main.cc(641)] Event API_SET_PROTO_CFG(0x206), State: INIT_DONE(1)
01-14 18:29:01.877  4135  5818 I libnfc_nci: [INFO:nfa_ee_act.cc(208)] nfa_ee_update_route_size nfcee_id:0x0 size_mask_proto:15 size_mask_tech:10
01-14 18:29:01.877  4135  5818 I libnfc_nci: [INFO:nfa_ee_act.cc(304)] nfa_ee_total_lmrt_size size:25
01-14 18:29:01.877  4135  5818 I libnfc_nci: [INFO:nfa_dm_main.cc(194)] flags:0x1
01-14 18:29:01.877  4135  5818 I libnfc_nci: [INFO:nfa_sys_ptim.cc(128)] nfa_sys_ptim_start_timer 0x768e6b19f0
01-14 18:29:01.877  4135  5818 I libnfc_nci: [INFO:RoutingManager.cpp(735)] RoutingManager::nfaEeCallback: NFA_EE_SET_PROTO_CFG_EVT; status=0x0
01-14 18:29:01.877  4135  4802 I libnfc_nci: [INFO:nfa_ee_api.cc(303)] handle:<0x0>technology_mask:<0x1>/<0x0>/<0x0><0x1><0x1><0x1>
01-14 18:29:01.877  4135  4802 I libnfc_nci: [INFO:nfa_ee_main.cc(403)] nfa_ee_find_ecb
01-14 18:29:01.879  4135  5818 I libnfc_nci: [INFO:nfa_sys_main.cc(77)] NFA got event 0x0204
01-14 18:29:01.879  4135  5818 I libnfc_nci: [INFO:nfa_ee_main.cc(641)] Event API_SET_TECH_CFG(0x204), State: INIT_DONE(1)
01-14 18:29:01.879  4135  5818 I libnfc_nci: [INFO:nfa_ee_act.cc(208)] nfa_ee_update_route_size nfcee_id:0x0 size_mask_proto:15 size_mask_tech:10
01-14 18:29:01.879  4135  5818 I libnfc_nci: [INFO:nfa_ee_act.cc(304)] nfa_ee_total_lmrt_size size:25
01-14 18:29:01.879  4135  5818 I libnfc_nci: [INFO:nfa_dm_main.cc(194)] flags:0x1
01-14 18:29:01.879  4135  5818 I libnfc_nci: [INFO:nfa_sys_ptim.cc(128)] nfa_sys_ptim_start_timer 0x768e6b19f0
01-14 18:29:01.879  4135  5818 I libnfc_nci: [INFO:RoutingManager.cpp(721)] RoutingManager::nfaEeCallback: NFA_EE_SET_TECH_CFG_EVT; status=0x0
01-14 18:29:01.880  4135  4802 I libnfc_nci: [INFO:nfa_ee_api.cc(303)] handle:<0x0>technology_mask:<0x4>/<0x0>/<0x0><0x4><0x4><0x4>
01-14 18:29:01.880  4135  4802 I libnfc_nci: [INFO:nfa_ee_main.cc(403)] nfa_ee_find_ecb
01-14 18:29:01.881  4135  5818 I libnfc_nci: [INFO:nfa_sys_main.cc(77)] NFA got event 0x0204
01-14 18:29:01.881  4135  5818 I libnfc_nci: [INFO:nfa_ee_main.cc(641)] Event API_SET_TECH_CFG(0x204), State: INIT_DONE(1)
01-14 18:29:01.881  4135  5818 I libnfc_nci: [INFO:nfa_ee_act.cc(208)] nfa_ee_update_route_size nfcee_id:0x0 size_mask_proto:15 size_mask_tech:10
01-14 18:29:01.881  4135  5818 I libnfc_nci: [INFO:nfa_ee_act.cc(304)] nfa_ee_total_lmrt_size size:25
01-14 18:29:01.881  4135  5818 I libnfc_nci: [INFO:nfa_dm_main.cc(194)] flags:0x1
01-14 18:29:01.881  4135  5818 I libnfc_nci: [INFO:nfa_sys_ptim.cc(128)] nfa_sys_ptim_start_timer 0x768e6b19f0
01-14 18:29:01.881  4135  5818 I libnfc_nci: [INFO:RoutingManager.cpp(721)] RoutingManager::nfaEeCallback: NFA_EE_SET_TECH_CFG_EVT; status=0x0
01-14 18:29:01.881  4135  4802 I libnfc_nci: [INFO:RoutingManager.cpp(310)] RoutingManager::commitRouting
01-14 18:29:01.881  4135  4802 I libnfc_nci: [INFO:nfa_ee_api.cc(803)] NFA_EeUpdateNow
01-14 18:29:01.881  4135  5818 I libnfc_nci: [INFO:nfa_sys_main.cc(77)] NFA got event 0x020D
01-14 18:29:01.881  4135  5818 I libnfc_nci: [INFO:nfa_ee_main.cc(641)] Event API_UPDATE_NOW(0x20d), State: INIT_DONE(1)
01-14 18:29:01.881  4135  5818 I libnfc_nci: [INFO:nfa_sys_ptim.cc(156)] nfa_sys_ptim_stop_timer 0x768e6b19f0
01-14 18:29:01.881  4135  5818 I libnfc_nci: [INFO:nfa_sys_ptim.cc(163)] ptim timer stop
01-14 18:29:01.881  4135  5818 I libnfc_nci: [INFO:nfa_ee_act.cc(2713)] nfa_ee_rout_timeout
01-14 18:29:01.881  4135  5818 I libnfc_nci: [INFO:nfa_ee_act.cc(2673)] ee_cfged: 0x90 ee_cfg_sts: 0x10
01-14 18:29:01.881  4135  5818 I libnfc_nci: [INFO:nfa_ee_act.cc(2684)] 0: ecb_flags  : 0x06, mask: 0x10
01-14 18:29:01.882  4135  5818 I libnfc_nci: [INFO:nfa_ee_act.cc(2840)] nfa_ee_update_rout ee_cfg_sts:0x10
01-14 18:29:01.882  4135  5818 I libnfc_nci: [INFO:nfa_ee_main.cc(641)] Event CFG_TO_NFCC(0x21b), State: INIT_DONE(1)
01-14 18:29:01.882  4135  5818 I libnfc_nci: [INFO:nfa_ee_act.cc(2786)] last_active: 0x1
01-14 18:29:01.882  4135  5818 I libnfc_nci: [INFO:nfa_ee_act.cc(2807)] nfa_ee_lmrt_to_nfcc --add the routing for NFCEEs!!
01-14 18:29:01.882  4135  5818 I libnfc_nci: [INFO:nfa_ee_act.cc(2560)] nfa_ee_route_add_one_ecb_by_route_order - max_len:720, cur_offset:0, more:1, num_tlv:0,rout_
type:- 1
01-14 18:29:01.882  4135  5818 I libnfc_nci: [INFO:nfa_ee_act.cc(463)] nfa_ee_add_aid_route_to_ecb - No AID entries available
01-14 18:29:01.882  4135  5818 I libnfc_nci: [INFO:nfa_ee_act.cc(304)] nfa_ee_total_lmrt_size size:25
01-14 18:29:01.882  4135  5818 I libnfc_nci: [INFO:nfa_ee_act.cc(2606)] ee_cfg_sts:0x10 lmrt_size:25
01-14 18:29:01.883  4135  5818 I libnfc_nci: [INFO:nfa_ee_act.cc(2815)] nfa_ee_lmrt_to_nfcc --add the routing for DH!!
01-14 18:29:01.883  4135  5818 I libnfc_nci: [INFO:nfa_ee_act.cc(2560)] nfa_ee_route_add_one_ecb_by_route_order - max_len:720, cur_offset:0, more:1, num_tlv:0,rout_
type:- 1
01-14 18:29:01.886  4135  5818 I libnfc_nci: [INFO:nfa_ee_act.cc(463)] nfa_ee_add_aid_route_to_ecb - No AID entries available
01-14 18:29:01.887  4135  5818 I libnfc_nci: [INFO:nfa_ee_act.cc(304)] nfa_ee_total_lmrt_size size:25
01-14 18:29:01.887  4135  5818 I libnfc_nci: [INFO:nfa_ee_act.cc(2606)] ee_cfg_sts:0x11 lmrt_size:25
01-14 18:29:01.887  4135  5818 I libnfc_nci: [INFO:nfa_ee_act.cc(2807)] nfa_ee_lmrt_to_nfcc --add the routing for NFCEEs!!
01-14 18:29:01.887  4135  5818 I libnfc_nci: [INFO:nfa_ee_act.cc(2560)] nfa_ee_route_add_one_ecb_by_route_order - max_len:720, cur_offset:0, more:1, num_tlv:0,rout_
type:- 2
01-14 18:29:01.887  4135  5818 I libnfc_nci: [INFO:nfa_ee_act.cc(2591)] nfa_ee_route_add_one_ecb_by_route_order -  Route type - NA:- 2
01-14 18:29:01.887  4135  5818 I libnfc_nci: [INFO:nfa_ee_act.cc(304)] nfa_ee_total_lmrt_size size:25
01-14 18:29:01.887  4135  5818 I libnfc_nci: [INFO:nfa_ee_act.cc(2606)] ee_cfg_sts:0x11 lmrt_size:25
01-14 18:29:01.887  4135  5818 I libnfc_nci: [INFO:nfa_ee_act.cc(2815)] nfa_ee_lmrt_to_nfcc --add the routing for DH!!
01-14 18:29:01.887  4135  5818 I libnfc_nci: [INFO:nfa_ee_act.cc(2560)] nfa_ee_route_add_one_ecb_by_route_order - max_len:720, cur_offset:0, more:1, num_tlv:0,rout_
type:- 2
01-14 18:29:01.887  4135  5818 I libnfc_nci: [INFO:nfa_ee_act.cc(2591)] nfa_ee_route_add_one_ecb_by_route_order -  Route type - NA:- 2
01-14 18:29:01.887  4135  5818 I libnfc_nci: [INFO:nfa_ee_act.cc(304)] nfa_ee_total_lmrt_size size:25
01-14 18:29:01.887  4135  5818 I libnfc_nci: [INFO:nfa_ee_act.cc(2606)] ee_cfg_sts:0x11 lmrt_size:25
01-14 18:29:01.887  4135  5818 I libnfc_nci: [INFO:nfa_ee_act.cc(2807)] nfa_ee_lmrt_to_nfcc --add the routing for NFCEEs!!
01-14 18:29:01.887  4135  5818 I libnfc_nci: [INFO:nfa_ee_act.cc(2560)] nfa_ee_route_add_one_ecb_by_route_order - max_len:720, cur_offset:0, more:1, num_tlv:0,rout_
type:- 3
01-14 18:29:01.887  4135  5818 I libnfc_nci: [INFO:nfa_ee_act.cc(516)] nfa_ee_add_sys_code_route_to_ecb - No SC entries available
01-14 18:29:01.887  4135  5818 I libnfc_nci: [INFO:nfa_ee_act.cc(304)] nfa_ee_total_lmrt_size size:25
01-14 18:29:01.887  4135  5818 I libnfc_nci: [INFO:nfa_ee_act.cc(2606)] ee_cfg_sts:0x11 lmrt_size:25
01-14 18:29:01.887  4135  5818 I libnfc_nci: [INFO:nfa_ee_act.cc(2815)] nfa_ee_lmrt_to_nfcc --add the routing for DH!!
01-14 18:29:01.887  4135  5818 I libnfc_nci: [INFO:nfa_ee_act.cc(2560)] nfa_ee_route_add_one_ecb_by_route_order - max_len:720, cur_offset:0, more:1, num_tlv:0,rout_
type:- 3
01-14 18:29:01.887  4135  5818 I libnfc_nci: [INFO:nfa_ee_act.cc(516)] nfa_ee_add_sys_code_route_to_ecb - No SC entries available
01-14 18:29:01.887  4135  5818 I libnfc_nci: [INFO:nfa_ee_act.cc(304)] nfa_ee_total_lmrt_size size:25
01-14 18:29:01.888  4135  5818 I libnfc_nci: [INFO:nfa_ee_act.cc(2606)] ee_cfg_sts:0x11 lmrt_size:25
01-14 18:29:01.888  4135  5818 I libnfc_nci: [INFO:nfa_ee_act.cc(2807)] nfa_ee_lmrt_to_nfcc --add the routing for NFCEEs!!
01-14 18:29:01.888  4135  5818 I libnfc_nci: [INFO:nfa_ee_act.cc(2560)] nfa_ee_route_add_one_ecb_by_route_order - max_len:720, cur_offset:0, more:1, num_tlv:0,rout_
type:- 4
01-14 18:29:01.888  4135  5818 I libnfc_nci: [INFO:nfa_ee_act.cc(304)] nfa_ee_total_lmrt_size size:25
01-14 18:29:01.888  4135  5818 I libnfc_nci: [INFO:nfa_ee_act.cc(2606)] ee_cfg_sts:0x11 lmrt_size:25
01-14 18:29:01.888  4135  5818 I libnfc_nci: [INFO:nfa_ee_act.cc(2815)] nfa_ee_lmrt_to_nfcc --add the routing for DH!!
01-14 18:29:01.888  4135  5818 I libnfc_nci: [INFO:nfa_ee_act.cc(2560)] nfa_ee_route_add_one_ecb_by_route_order - max_len:720, cur_offset:0, more:1, num_tlv:0,rout_
type:- 4
01-14 18:29:01.888  4135  5818 I libnfc_nci: [INFO:nfa_ee_act.cc(388)] nfa_ee_add_proto_route_to_ecb - NFC DEP added for DH!!!
01-14 18:29:01.888  4135  5818 I libnfc_nci: [INFO:nfa_ee_act.cc(304)] nfa_ee_total_lmrt_size size:25
01-14 18:29:01.888  4135  5818 I libnfc_nci: [INFO:nfa_ee_act.cc(2606)] ee_cfg_sts:0x11 lmrt_size:25
01-14 18:29:01.888  4135  5818 I libnfc_nci: [INFO:nfa_ee_act.cc(2807)] nfa_ee_lmrt_to_nfcc --add the routing for NFCEEs!!
01-14 18:29:01.888  4135  5818 I libnfc_nci: [INFO:nfa_ee_act.cc(2560)] nfa_ee_route_add_one_ecb_by_route_order - max_len:720, cur_offset:15, more:1, num_tlv:3,rout
_type:- 5
01-14 18:29:01.888  4135  5818 I libnfc_nci: [INFO:nfa_ee_act.cc(304)] nfa_ee_total_lmrt_size size:25
01-14 18:29:01.888  4135  5818 I libnfc_nci: [INFO:nfa_ee_act.cc(2606)] ee_cfg_sts:0x11 lmrt_size:25
01-14 18:29:01.888  4135  5818 I libnfc_nci: [INFO:nfa_ee_act.cc(2815)] nfa_ee_lmrt_to_nfcc --add the routing for DH!!
01-14 18:29:01.888  4135  5818 I libnfc_nci: [INFO:nfa_ee_act.cc(2560)] nfa_ee_route_add_one_ecb_by_route_order - max_len:720, cur_offset:15, more:0, num_tlv:3,rout
_type:- 5
01-14 18:29:01.888  4135  5818 I libnfc_nci: [INFO:nfa_ee_act.cc(304)] nfa_ee_total_lmrt_size size:25
01-14 18:29:01.888  4135  5818 I libnfc_nci: [INFO:nfa_ee_act.cc(2606)] ee_cfg_sts:0x11 lmrt_size:25
01-14 18:29:01.888  4135  5818 I libnfc_nci: [INFO:nfa_ee_act.cc(2617)] nfa_ee_route_add_one_ecb_by_route_order : set routing num_tlv:5 tlv_size:25
01-14 18:29:01.888  4135  5818 I libnfc_nci: [INFO:NfcAdaptation.cc(751)] NfcAdaptation::HalWrite
01-14 18:29:01.889  4525  4525 D NxpExtns: find found MIFARE_READER_ENABLE=(0x1)
01-14 18:29:01.889  4525  4525 D NfccPowerTracker: NfccPowerTracker::ProcessCmd: Enter,Recieved len :30
01-14 18:29:01.889  4525  5821 D NxpTml  : PN54X - Write requested.....
01-14 18:29:01.889  4525  5821 D NxpTml  : PN54X - Invoking I2C Write.....
01-14 18:29:01.890  4525  5821 D NxpTml  : _i2c_write() errno : 5
01-14 18:29:01.890  4525  5821 D NxpTml  : PN54X - Error in I2C Write.....
01-14 18:29:01.890  4525  5821 D NxpTml  : PN54X - Posting Fresh Write message.....
01-14 18:29:01.890  4525  5821 D NxpTml  : PN54X - Tml Writer Thread Running................
01-14 18:29:01.890  4525  5823 D NxpHal  : write error status = 0x1ff
01-14 18:29:01.890  4525  4525 D NxpHal  : write_unlocked failed - PN54X Maybe in Standby Mode - Retry
01-14 18:29:01.901  4525  5821 D NxpTml  : PN54X - Write requested.....
01-14 18:29:01.901  4525  5821 D NxpTml  : PN54X - Invoking I2C Write.....
01-14 18:29:01.903  4525  5821 D NxpNciX : len =  30 > 21011B000501030001030103000104010300010500030001000003000102
01-14 18:29:01.903  4525  5821 D NxpTml  : PN54X - I2C Write successful.....
01-14 18:29:01.903  4525  5821 D NxpTml  : PN54X - Posting Fresh Write message.....
01-14 18:29:01.903  4525  5821 D NxpTml  : PN54X - Tml Writer Thread Running................
01-14 18:29:01.903  4525  5823 D NxpHal  : write successful status = 0x0
01-14 18:29:01.904  4135  5818 I libnfc_nci: [INFO:nfa_ee_act.cc(2862)] nfa_ee_update_rout ee_cfg_sts:0x10 ee_cfged:0x10
01-14 18:29:01.904  4525  5820 D NxpTml  : PN54X - I2C Read successful.....
01-14 18:29:01.904  4525  5820 D NxpNciR : len =   4 > 41010100
01-14 18:29:01.904  4525  5820 D NxpTml  : PN54X - Posting read message.....
01-14 18:29:01.905  4525  5823 D NxpHal  : read successful status = 0x0
01-14 18:29:01.905  4135  5818 I libnfc_nci: [INFO:nfc_ncif.cc(399)] NFC received rsp gid:1
01-14 18:29:01.905  4135  5818 I libnfc_nci: [INFO:nfa_dm_act.cc(268)] NFC_SET_ROUTING_REVT(0x500a)
01-14 18:29:01.905  4135  5818 I libnfc_nci: [INFO:nfa_ee_main.cc(359)] nfa_ee_proc_evt: event=0x500a int_event:0x218
01-14 18:29:01.905  4135  5818 I libnfc_nci: [INFO:nfa_ee_main.cc(641)] Event NCI_WAIT_RSP(0x218), State: INIT_DONE(1)
01-14 18:29:01.905  4135  5818 I libnfc_nci: [INFO:nfa_ee_act.cc(2248)] ee_wait_evt:0x30 wait_rsp:1
01-14 18:29:01.905  4135  5818 I libnfc_nci: [INFO:nfa_ee_act.cc(2221)] nfa_ee_report_update_evt ee_wait_evt:0x30 wait_rsp:0
01-14 18:29:01.905  4135  5818 I libnfc_nci: [INFO:RoutingManager.cpp(834)] RoutingManager::nfaEeCallback: NFA_EE_UPDATED_EVT
01-14 18:29:01.905  4525  5820 D NxpTml  : PN54X - Read requested.....
01-14 18:29:01.905  4525  5820 D NxpTml  : PN54X - Invoking I2C Read.....
01-14 18:29:01.905  4135  4802 I libnfc_nci: [INFO:NativeNfcManager.cpp(2103)] startRfDiscovery: is start=1
01-14 18:29:01.905  4135  4802 I libnfc_nci: [INFO:NativeNfcTag.cpp(1801)] nativeNfcTag_acquireRfInterfaceMutexLock: try to acquire lock
01-14 18:29:01.905  4135  4802 I libnfc_nci: [INFO:NativeNfcTag.cpp(1804)] nativeNfcTag_acquireRfInterfaceMutexLock: sRfInterfaceMutex lock
01-14 18:29:01.905  4135  4802 I libnfc_nci: [INFO:nfa_dm_api.cc(691)] NFA_StartRfDiscovery
01-14 18:29:01.906  4135  5818 I libnfc_nci: [INFO:nfa_sys_main.cc(77)] NFA got event 0x010E
01-14 18:29:01.906  4135  5818 I libnfc_nci: [INFO:nfa_dm_main.cc(122)] event: NFA_DM_API_START_RF_DISCOVERY_EVT (0x0e)
01-14 18:29:01.906  4135  5818 I libnfc_nci: [INFO:nfa_dm_act.cc(1230)] nfa_dm_act_start_rf_discovery
01-14 18:29:01.906  4135  5818 I libnfc_nci: [INFO:nfa_dm_discover.cc(884)] nfa_dm_start_rf_discover
01-14 18:29:01.906  4135  5818 I libnfc_nci: [INFO:nfa_ee_act.cc(2484)] 1
01-14 18:29:01.906  4135  5818 I libnfc_nci: [INFO:nfa_ee_act.cc(2508)] 0x0, 0x0, 0x0, 0x0
01-14 18:29:01.906  4135  5818 I libnfc_nci: [INFO:nfa_dm_discover.cc(1012)] nfa_dm_cb.disc_cb.entry[0].selected_disc_mask = 0x40000
01-14 18:29:01.906  4135  5818 I libnfc_nci: [INFO:nfa_dm_discover.cc(1050)] dm_disc_mask = 0x40000
01-14 18:29:01.906  4135  5818 I libnfc_nci: [INFO:nfa_dm_discover.cc(280)] tech_proto_mask = 0x00040000
01-14 18:29:01.906  4135  5818 I libnfc_nci: [INFO:nfa_dm_main.cc(222)] nfa_dm_check_set_config
01-14 18:29:01.906  4135  5818 I libnfc_nci: [INFO:NfcAdaptation.cc(751)] NfcAdaptation::HalWrite
01-14 18:29:01.906  4525  4525 D NxpExtns: find found MIFARE_READER_ENABLE=(0x1)
01-14 18:29:01.906  4525  4525 D NfccPowerTracker: NfccPowerTracker::ProcessCmd: Enter,Recieved len :10
01-14 18:29:01.906  4525  5821 D NxpTml  : PN54X - Write requested.....
01-14 18:29:01.906  4525  5821 D NxpTml  : PN54X - Invoking I2C Write.....
01-14 18:29:01.908  4525  5821 D NxpNciX : len =  10 > 20020702320120500100
01-14 18:29:01.908  4525  5821 D NxpTml  : PN54X - I2C Write successful.....
01-14 18:29:01.908  4525  5821 D NxpTml  : PN54X - Posting Fresh Write message.....
01-14 18:29:01.908  4525  5821 D NxpTml  : PN54X - Tml Writer Thread Running................
01-14 18:29:01.908  4525  5823 D NxpHal  : write successful status = 0x0
01-14 18:29:01.909  4135  5818 I libnfc_nci: [INFO:nfa_dm_discover.cc(370)] nfa_dm_set_total_duration
01-14 18:29:01.909  4135  5818 I libnfc_nci: [INFO:nfa_dm_main.cc(222)] nfa_dm_check_set_config
01-14 18:29:01.909  4135  5818 I libnfc_nci: [INFO:nfc_main.cc(888)] NFC_DiscoveryStart
01-14 18:29:01.909  4135  5818 I libnfc_nci: [INFO:nfc_main.cc(908)] NFC_DiscoveryStart status: 0xe3
01-14 18:29:01.914  4525  5820 D NxpTml  : PN54X - I2C Read successful.....
01-14 18:29:01.914  4525  5820 D NxpNciR : len =   5 > 4002020000
01-14 18:29:01.914  4525  5820 D NxpTml  : PN54X - Posting read message.....
01-14 18:29:01.914  4525  5823 D NxpHal  : read successful status = 0x0
01-14 18:29:01.914  4525  5823 D NxpHal  : phNxpNciHal_print_res_status: response status =STATUS_OK
01-14 18:29:01.915  4135  5818 I libnfc_nci: [INFO:nfc_ncif.cc(399)] NFC received rsp gid:0
01-14 18:29:01.915  4135  5818 I libnfc_nci: [INFO:nci_hrcv.cc(62)] nci_proc_core_rsp opcode:0x2
01-14 18:29:01.915  4135  5818 I libnfc_nci: [INFO:nfa_dm_act.cc(268)] NFC_SET_CONFIG_REVT(0x5002)
01-14 18:29:01.915  4135  5818 I libnfc_nci: [INFO:NfcAdaptation.cc(792)] NfcAdaptation::HalPrediscover
01-14 18:29:01.915  4135  5818 I libnfc_nci: [INFO:NfcAdaptation.cc(751)] NfcAdaptation::HalWrite
01-14 18:29:01.916  4525  4525 D NxpExtns: find found MIFARE_READER_ENABLE=(0x1)
01-14 18:29:01.916  4525  4525 D NxpHal  : > Polling Loop Started
01-14 18:29:01.916  4525  4525 D NxpHal  : phNxpNciHal_discovery_cmd_ext
01-14 18:29:01.916  4525  4525 D NfccPowerTracker: NfccPowerTracker::ProcessCmd: Enter,Recieved len :6
01-14 18:29:01.916  4525  5821 D NxpTml  : PN54X - Write requested.....
01-14 18:29:01.916  4525  5821 D NxpTml  : PN54X - Invoking I2C Write.....
01-14 18:29:01.916  4525  5820 D NxpTml  : PN54X - Read requested.....
01-14 18:29:01.916  4525  5820 D NxpTml  : PN54X - Invoking I2C Read.....
01-14 18:29:01.918  4525  5821 D NxpNciX : len =   6 > 210303018001
01-14 18:29:01.918  4525  5821 D NxpTml  : PN54X - I2C Write successful.....
01-14 18:29:01.918  4525  5821 D NxpTml  : PN54X - Posting Fresh Write message.....
01-14 18:29:01.918  4525  5821 D NxpTml  : PN54X - Tml Writer Thread Running................
01-14 18:29:01.918  4525  5823 D NxpHal  : write successful status = 0x0
01-14 18:29:01.919  4525  5820 D NxpTml  : PN54X - I2C Read successful.....
01-14 18:29:01.919  4525  5820 D NxpNciR : len =   4 > 41030100
01-14 18:29:01.919  4525  5820 D NxpTml  : PN54X - Posting read message.....
01-14 18:29:01.919  4525  5823 D NxpHal  : read successful status = 0x0
01-14 18:29:01.919  4135  5818 I libnfc_nci: [INFO:nfc_ncif.cc(399)] NFC received rsp gid:1
01-14 18:29:01.919  4135  5818 I libnfc_nci: [INFO:nfa_dm_discover.cc(3030)] returning TRUE
01-14 18:29:01.919  4135  5818 I libnfc_nci: [INFO:nfa_dm_discover.cc(694)] event:0x4000
01-14 18:29:01.919  4135  5818 I libnfc_nci: [INFO:nfa_dm_discover.cc(2518)] state: IDLE (0), event: DISCOVER_RSP(1) disc_flags: 0x31
01-14 18:29:01.919  4135  5818 I libnfc_nci: [INFO:nfa_dm_discover.cc(1685)] old_state: IDLE (0), new_state: DISCOVERY (1) disc_flags: 0x11
01-14 18:29:01.919  4135  5818 I libnfc_nci: [INFO:NativeNfcManager.cpp(276)] nfaConnectionCallback: event= 30
01-14 18:29:01.919  4135  5818 I libnfc_nci: [INFO:NativeNfcManager.cpp(301)] nfaConnectionCallback: NFA_RF_DISCOVERY_STARTED_EVT: status = 0
01-14 18:29:01.919  4135  5818 I libnfc_nci: [INFO:nfa_dm_discover.cc(2571)] new state: DISCOVERY (1), disc_flags: 0x1
01-14 18:29:01.919  4135  4802 I libnfc_nci: [INFO:NativeNfcTag.cpp(1819)] nativeNfcTag_releaseRfInterfaceMutexLock: sRfInterfaceMutex unlock
01-14 18:29:01.919  4525  5820 D NxpTml  : PN54X - Read requested.....
01-14 18:29:01.919  4135  4802 I libnfc_nci: [INFO:PowerSwitch.cpp(258)] PowerSwitch::setModeOn(activated=0x1) : mCurrActivity=0x1
01-14 18:29:01.919  4525  5820 D NxpTml  : PN54X - Invoking I2C Read.....
01-14 18:29:01.919  4135  4802 I libnfc_nci: [INFO:NativeNfcManager.cpp(1306)] nfcManager_enableDiscovery: exit
01-14 18:29:01.901     0     0 E nq-nci 6-0028: nfc_write: failed to write -107
01-14 18:29:01.913     0     0 E nq-nci 6-0028: nfc_read : reading 1 bytes.
01-14 18:29:01.916     0     0 E nq-nci 6-0028: nfc_read : reading 3 bytes.
01-14 18:29:01.925     0     0 E nq-nci 6-0028: nfc_read : reading 2 bytes.
01-14 18:29:01.927     0     0 E nq-nci 6-0028: nfc_read : reading 3 bytes.
01-14 18:29:01.929     0     0 E nq-nci 6-0028: nfc_read : reading 1 bytes.
01-14 18:29:01.930     0     0 E nq-nci 6-0028: nfc_read : reading 3 bytes.
01-14 18:29:03.599  4135  4135 D NfcService: MSG_APPLY_SCREEN_STATE 8
01-14 18:29:03.600  4135  4135 I libnfc_nci: [INFO:NativeNfcManager.cpp(1231)] nfcManager_enableDiscovery: enter; tech_mask = ef
01-14 18:29:03.600  4135  4135 I libnfc_nci: [INFO:PowerSwitch.cpp(154)] PowerSwitch::setLevel: level=PS-FULL (1)
01-14 18:29:03.600  4135  4135 I libnfc_nci: [INFO:NativeNfcManager.cpp(2103)] startRfDiscovery: is start=0
01-14 18:29:03.600  4135  4135 I libnfc_nci: [INFO:NativeNfcTag.cpp(1801)] nativeNfcTag_acquireRfInterfaceMutexLock: try to acquire lock
01-14 18:29:03.600  4135  4135 I libnfc_nci: [INFO:NativeNfcTag.cpp(1804)] nativeNfcTag_acquireRfInterfaceMutexLock: sRfInterfaceMutex lock
01-14 18:29:03.600  4135  4135 I libnfc_nci: [INFO:nfa_dm_api.cc(721)] NFA_StopRfDiscovery
01-14 18:29:03.600  4135  5818 I libnfc_nci: [INFO:nfa_sys_main.cc(77)] NFA got event 0x010F
01-14 18:29:03.600  4135  5818 I libnfc_nci: [INFO:nfa_dm_main.cc(122)] event: NFA_DM_API_STOP_RF_DISCOVERY_EVT (0x0f)
01-14 18:29:03.600  4135  5818 I libnfc_nci: [INFO:nfa_dm_act.cc(1259)] nfa_dm_act_stop_rf_discovery
01-14 18:29:03.600  4135  5818 I libnfc_nci: [INFO:nfa_dm_discover.cc(2752)] deactivate_type:0x0
01-14 18:29:03.600  4135  5818 I libnfc_nci: [INFO:nfa_dm_discover.cc(2518)] state: DISCOVERY (1), event: DEACTIVATE_CMD(6) disc_flags: 0x2
01-14 18:29:03.600  4135  5818 I libnfc_nci: [INFO:nfc_main.cc(1127)] NFC_Deactivate 4 (IDLE) deactivate_type:0
01-14 18:29:03.600  4135  5818 I libnfc_nci: [INFO:NfcAdaptation.cc(751)] NfcAdaptation::HalWrite
01-14 18:29:03.601  4525  4525 D NxpExtns: find found MIFARE_READER_ENABLE=(0x1)
01-14 18:29:03.601  4525  4525 D NfccPowerTracker: NfccPowerTracker::ProcessCmd: Enter,Recieved len :4
01-14 18:29:03.601  4525  5821 D NxpTml  : PN54X - Write requested.....
01-14 18:29:03.601  4525  5821 D NxpTml  : PN54X - Invoking I2C Write.....
01-14 18:29:03.613     0     0 E nq-nci 6-0028: nfc_write: failed to write -107
01-14 18:29:03.620  4525  5821 D NxpTml  : _i2c_write() errno : 5
01-14 18:29:03.620  4525  5821 D NxpTml  : PN54X - Error in I2C Write.....
01-14 18:29:03.621  4525  5821 D NxpTml  : PN54X - Posting Fresh Write message.....
01-14 18:29:03.621  4525  5821 D NxpTml  : PN54X - Tml Writer Thread Running................
01-14 18:29:03.622  4525  5823 D NxpHal  : write error status = 0x1ff
01-14 18:29:03.622  4525  4525 D NxpHal  : write_unlocked failed - PN54X Maybe in Standby Mode - Retry
01-14 18:29:03.649     0     0 E nq-nci 6-0028: nfc_read : reading 1 bytes.
01-14 18:29:03.633  4525  5821 D NxpTml  : PN54X - Write requested.....
01-14 18:29:03.633  4525  5821 D NxpTml  : PN54X - Invoking I2C Write.....
01-14 18:29:03.656     0     0 E nq-nci 6-0028: nfc_read : reading 3 bytes.
01-14 18:29:03.639  4525  5820 D NxpTml  : PN54X - I2C Read successful.....
01-14 18:29:03.639  4525  5821 D NxpNciX : len =   4 > 21060100
01-14 18:29:03.639  4525  5820 D NxpTml  : Delay Read if write thread is busy
01-14 18:29:03.639  4525  5821 D NxpTml  : PN54X - I2C Write successful.....
01-14 18:29:03.639  4525  5821 D NxpTml  : PN54X - Posting Fresh Write message.....
01-14 18:29:03.639  4525  5821 D NxpTml  : PN54X - Tml Writer Thread Running................
01-14 18:29:03.639  4525  5823 D NxpHal  : write successful status = 0x0
01-14 18:29:03.640  4135  5818 I libnfc_nci: [INFO:nfa_dm_discover.cc(2571)] new state: DISCOVERY (1), disc_flags: 0x22
01-14 18:29:03.640  4135  5818 I libnfc_nci: [INFO:nfa_sys_ptim.cc(156)] nfa_sys_ptim_stop_timer 0x768e6b24f8
01-14 18:29:03.640  4135  5818 I libnfc_nci: [INFO:nfa_sys_ptim.cc(163)] ptim timer stop
01-14 18:29:03.640  4135  5818 I libnfc_nci: [INFO:nfa_rw_act.cc(192)] Stopped presence check timer (if started)
01-14 18:29:03.641  4525  5820 D NxpNciR : len =   4 > 41060100
01-14 18:29:03.641  4525  5820 D NxpTml  : PN54X - Posting read message.....
01-14 18:29:03.643  4525  5823 D NxpHal  : read successful status = 0x0
01-14 18:29:03.644  4135  5818 I libnfc_nci: [INFO:nfc_ncif.cc(399)] NFC received rsp gid:1
01-14 18:29:03.644  4135  5818 I libnfc_nci: [INFO:nfa_dm_discover.cc(2926)] P2P_Prio_Logic
01-14 18:29:03.644  4135  5818 I libnfc_nci: [INFO:nfa_dm_discover.cc(2934)] nfa_dm_p2p_prio_logic event_type = 0x1
01-14 18:29:03.644  4135  5818 I libnfc_nci: [INFO:nfa_dm_discover.cc(3030)] returning TRUE
01-14 18:29:03.644  4135  5818 I libnfc_nci: [INFO:nfc_main.cc(326)] nfc_set_state 4 (IDLE)->4 (IDLE)
01-14 18:29:03.644  4135  5818 I libnfc_nci: [INFO:nfa_dm_discover.cc(1662)] nfa_dm_disc_data_cback
01-14 18:29:03.644  4135  5818 I libnfc_nci: [INFO:nfa_dm_discover.cc(694)] event:0x4005
01-14 18:29:03.644  4135  5818 I libnfc_nci: [INFO:nfa_dm_discover.cc(2518)] state: DISCOVERY (1), event: DEACTIVATE_RSP(7) disc_flags: 0x22
01-14 18:29:03.644  4135  5818 I libnfc_nci: [INFO:nfa_dm_discover.cc(1685)] old_state: DISCOVERY (1), new_state: IDLE (0) disc_flags: 0x2
01-14 18:29:03.644  4135  5818 I libnfc_nci: [INFO:NativeNfcManager.cpp(276)] nfaConnectionCallback: event= 31
01-14 18:29:03.644  4135  5818 I libnfc_nci: [INFO:NativeNfcManager.cpp(311)] nfaConnectionCallback: NFA_RF_DISCOVERY_STOPPED_EVT: status = 0
01-14 18:29:03.644  4135  5818 I libnfc_nci: [INFO:nfa_dm_discover.cc(884)] nfa_dm_start_rf_discover
01-14 18:29:03.644  4135  5818 I libnfc_nci: [INFO:nfa_dm_discover.cc(2571)] new state: IDLE (0), disc_flags: 0x0
01-14 18:29:03.644  4135  4135 I libnfc_nci: [INFO:NativeNfcTag.cpp(1819)] nativeNfcTag_releaseRfInterfaceMutexLock: sRfInterfaceMutex unlock
01-14 18:29:03.664     0     0 E nq-nci 6-0028: nfc_read : reading 1 bytes.
01-14 18:29:03.644  4135  4135 I libnfc_nci: [INFO:NativeNfcTag.cpp(1801)] nativeNfcTag_acquireRfInterfaceMutexLock: try to acquire lock
01-14 18:29:03.668     0     0 E nq-nci 6-0028: nfc_read : reading 3 bytes.
01-14 18:29:03.644  4135  4135 I libnfc_nci: [INFO:NativeNfcTag.cpp(1804)] nativeNfcTag_acquireRfInterfaceMutexLock: sRfInterfaceMutex lock
01-14 18:29:03.644  4135  4135 I libnfc_nci: [INFO:NativeNfcManager.cpp(2233)] stopPolling_rfDiscoveryDisabled: disable polling
01-14 18:29:03.644  4135  4135 I libnfc_nci: [INFO:nfa_dm_api.cc(477)] NFA_DisablePolling
01-14 18:29:03.644  4135  5818 I libnfc_nci: [INFO:nfa_sys_main.cc(77)] NFA got event 0x0107
01-14 18:29:03.644  4135  5818 I libnfc_nci: [INFO:nfa_dm_main.cc(122)] event: NFA_DM_API_DISABLE_POLLING_EVT (0x07)
01-14 18:29:03.644  4135  5818 I libnfc_nci: [INFO:nfa_dm_act.cc(1042)] nfa_dm_act_disable_polling
01-14 18:29:03.644  4135  5818 I libnfc_nci: [INFO:NativeNfcManager.cpp(276)] nfaConnectionCallback: event= 1
01-14 18:29:03.644  4135  5818 I libnfc_nci: [INFO:NativeNfcManager.cpp(291)] nfaConnectionCallback: NFA_POLL_DISABLED_EVT: status = 3
01-14 18:29:03.644  4135  4135 I libnfc_nci: [INFO:NativeNfcTag.cpp(1819)] nativeNfcTag_releaseRfInterfaceMutexLock: sRfInterfaceMutex unlock
01-14 18:29:03.644  4135  4135 I libnfc_nci: [INFO:NativeNfcTag.cpp(1801)] nativeNfcTag_acquireRfInterfaceMutexLock: try to acquire lock
01-14 18:29:03.644  4135  4135 I libnfc_nci: [INFO:NativeNfcTag.cpp(1804)] nativeNfcTag_acquireRfInterfaceMutexLock: sRfInterfaceMutex lock
01-14 18:29:03.644  4135  4135 I libnfc_nci: [INFO:NativeNfcManager.cpp(2211)] startPolling_rfDiscoveryDisabled: enable polling
01-14 18:29:03.644  4135  4135 I libnfc_nci: [INFO:nfa_dm_api.cc(443)] 0xEF
01-14 18:29:03.644  4135  4135 I libnfc_nci: [INFO:NativeNfcManager.cpp(2215)] startPolling_rfDiscoveryDisabled: wait for enable event
01-14 18:29:03.644  4135  5818 I libnfc_nci: [INFO:nfa_sys_main.cc(77)] NFA got event 0x0106
01-14 18:29:03.644  4135  5818 I libnfc_nci: [INFO:nfa_dm_main.cc(122)] event: NFA_DM_API_ENABLE_POLLING_EVT (0x06)
01-14 18:29:03.644  4135  5818 I libnfc_nci: [INFO:nfa_dm_act.cc(977)] nfa_dm_act_enable_polling
01-14 18:29:03.645  4135  5818 I libnfc_nci: [INFO:nfa_dm_act.cc(908)] nfa_dm_start_polling
01-14 18:29:03.645  4135  5818 I libnfc_nci: [INFO:nfa_dm_discover.cc(2591)] disc_mask=0x7d7f
01-14 18:29:03.645  4135  5818 I libnfc_nci: [INFO:NativeNfcManager.cpp(276)] nfaConnectionCallback: event= 0
01-14 18:29:03.677     0     0 E nq-nci 6-0028: nfc_read : reading 2 bytes.
01-14 18:29:03.679     0     0 E nq-nci 6-0028: nfc_read : reading 3 bytes.
01-14 18:29:03.645  4135  5818 I libnfc_nci: [INFO:NativeNfcManager.cpp(282)] nfaConnectionCallback: NFA_POLL_ENABLED_EVT: status = 0
01-14 18:29:03.645  4135  4135 I libnfc_nci: [INFO:NativeNfcTag.cpp(1819)] nativeNfcTag_releaseRfInterfaceMutexLock: sRfInterfaceMutex unlock
01-14 18:29:03.645  4135  4135 I libnfc_nci: [INFO:NativeNfcManager.cpp(1253)] nfcManager_enableDiscovery: Enable p2pListening
01-14 18:29:03.645  4135  4135 I libnfc_nci: [INFO:PeerToPeer.cpp(1119)] PeerToPeer::enableP2pListening: enter isEnable: 1  mIsP2pListening: 0
01-14 18:29:03.645  4135  4135 I libnfc_nci: [INFO:nfa_dm_api.cc(658)] tech_mask:0xC5
01-14 18:29:03.645  4135  5818 I libnfc_nci: [INFO:nfa_sys_main.cc(77)] NFA got event 0x010D
01-14 18:29:03.645  4135  5818 I libnfc_nci: [INFO:nfa_dm_main.cc(122)] event: NFA_DM_API_SET_P2P_LISTEN_TECH_EVT (0x0d)
01-14 18:29:03.645  4135  5818 I libnfc_nci: [INFO:nfa_dm_act.cc(1208)] tech_mask = 197
01-14 18:29:03.645  4135  5818 I libnfc_nci: [INFO:nfa_p2p_main.cc(695)] tech_mask = 0xc5
01-14 18:29:03.645  4135  5818 I libnfc_nci: [INFO:nfa_p2p_main.cc(587)] sys_id = 3, update_wks = 0
01-14 18:29:03.645  4135  5818 I libnfc_nci: [INFO:nfa_dm_discover.cc(2591)] disc_mask=0xc480000
01-14 18:29:03.645  4135  5818 I libnfc_nci: [INFO:NativeNfcManager.cpp(276)] nfaConnectionCallback: event= 33
01-14 18:29:03.645  4135  5818 I libnfc_nci: [INFO:NativeNfcManager.cpp(622)] nfaConnectionCallback: NFA_SET_P2P_LISTEN_TECH_EVT
01-14 18:29:03.645  4135  4135 I libnfc_nci: [INFO:PeerToPeer.cpp(1143)] PeerToPeer::enableP2pListening: exit; mIsP2pListening: 1
01-14 18:29:03.645  4135  4135 I libnfc_nci: [INFO:nfa_dm_api.cc(621)] NFA_ResumeP2p
01-14 18:29:03.645  4135  4135 I libnfc_nci: [INFO:nfa_ee_api.cc(434)] handle:<0x0>protocol_mask:<0x4>/<0x0>/<0x0><0x0><0x0><0x0>
01-14 18:29:03.645  4135  4135 I libnfc_nci: [INFO:nfa_ee_main.cc(403)] nfa_ee_find_ecb
01-14 18:29:03.645  4525  5820 D NxpTml  : PN54X - Read requested.....
01-14 18:29:03.645  4525  5820 D NxpTml  : PN54X - Invoking I2C Read.....
01-14 18:29:03.645  4135  5818 I libnfc_nci: [INFO:nfa_sys_main.cc(77)] NFA got event 0x010B
01-14 18:29:03.645  4135  5818 I libnfc_nci: [INFO:nfa_dm_main.cc(122)] event: NFA_DM_API_RESUME_P2P_EVT (0x0b)
01-14 18:29:03.645  4135  5818 I libnfc_nci: [INFO:nfa_dm_act.cc(1139)] nfa_dm_act_resume_p2p
01-14 18:29:03.645  4135  5818 I libnfc_nci: [INFO:NativeNfcManager.cpp(276)] nfaConnectionCallback: event= 39
01-14 18:29:03.645  4135  5818 I libnfc_nci: [INFO:NativeNfcManager.cpp(628)] nfaConnectionCallback: unknown event ????
01-14 18:29:03.646  4135  5818 I libnfc_nci: [INFO:nfa_sys_main.cc(77)] NFA got event 0x0206
01-14 18:29:03.646  4135  5818 I libnfc_nci: [INFO:nfa_ee_main.cc(641)] Event API_SET_PROTO_CFG(0x206), State: INIT_DONE(1)
