01-15 23:32:39.367   756  2595 D vendor.qti.bluetooth@1.0-patch_dl_manager: ReadHciEvent: Expected CC
01-15 23:32:39.368  1353  1530 D Codec2InfoBuilder: codec entry for 'c2.android.gsm.decoder' is disabled
01-15 23:32:39.369  1411  2727 V C2Store : in ~ComponentModule
01-15 23:32:39.369  1411  2727 V C2Store : unloading dll
01-15 23:32:39.369   756  2595 D vendor.qti.bluetooth@1.0-patch_dl_manager: ReadHciEvent: Expected CC
01-15 23:32:39.369  1411  2730 V C2Store : in init
01-15 23:32:39.369  1411  2730 V C2Store : loading dll
01-15 23:32:39.371   756  2595 D vendor.qti.bluetooth@1.0-patch_dl_manager: ReadHciEvent: Expected CC
01-15 23:32:39.374  1353  1530 I Codec2InfoBuilder: adding type 'video/3gpp'
01-15 23:32:39.376   756  2595 D vendor.qti.bluetooth@1.0-patch_dl_manager: ReadHciEvent: Expected CC
01-15 23:32:39.376  1411  2729 V C2Store : in init
01-15 23:32:39.377  1411  2729 V C2Store : loading dll
01-15 23:32:39.378  1411  2730 V C2Store : in ~ComponentModule
01-15 23:32:39.378  1411  2730 V C2Store : unloading dll
01-15 23:32:39.378   756  2595 D vendor.qti.bluetooth@1.0-patch_dl_manager: ReadHciEvent: Expected CC
01-15 23:32:39.380   756  2595 D vendor.qti.bluetooth@1.0-patch_dl_manager: ReadHciEvent: Expected CC
01-15 23:32:39.382   756  2595 D vendor.qti.bluetooth@1.0-patch_dl_manager: ReadHciEvent: Expected CC
01-15 23:32:39.383  1875  2081 D ConnectivityService: Got NetworkFactory Messenger for PhoneSwitcherNetworkRequstListener
01-15 23:32:39.384  1353  1530 I Codec2InfoBuilder: adding type 'video/3gpp'
01-15 23:32:39.385   756  2595 D vendor.qti.bluetooth@1.0-patch_dl_manager: ReadHciEvent: Expected CC
01-15 23:32:39.387   756  2595 D vendor.qti.bluetooth@1.0-patch_dl_manager: ReadHciEvent: Expected CC
01-15 23:32:39.388  1411  2729 V C2Store : in ~ComponentModule
01-15 23:32:39.388  1411  2729 V C2Store : unloading dll
01-15 23:32:39.389  1411  2729 V C2Store : in init
01-15 23:32:39.389   756  2595 D vendor.qti.bluetooth@1.0-patch_dl_manager: ReadHciEvent: Expected CC
01-15 23:32:39.389  1411  2729 V C2Store : loading dll
01-15 23:32:39.391   756  2595 D vendor.qti.bluetooth@1.0-patch_dl_manager: ReadHciEvent: Expected CC
01-15 23:32:39.395  1353  1530 I Codec2InfoBuilder: adding type 'video/hevc'
01-15 23:32:39.398  1875  2081 D ConnectivityService: Got NetworkFactory Messenger for TelephonyNetworkFactory[0]
01-15 23:32:39.399  1411  2727 V C2Store : in init
01-15 23:32:39.399  1411  2727 V C2Store : loading dll
01-15 23:32:39.399  1875  2081 D ConnectivityService: Got NetworkFactory Messenger for TelephonyNetworkFactory[1]
01-15 23:32:39.400  1411  2727 D C2SoftHevcEnc: Given level 6000 does not cover current configuration: adjusting to 6001
01-15 23:32:39.401  1411  2729 V C2Store : in ~ComponentModule
01-15 23:32:39.401  1411  2729 V C2Store : unloading dll
01-15 23:32:39.402  1411  2727 D C2SoftHevcEnc: Given level 6000 does not cover current configuration: adjusting to 6001
01-15 23:32:39.405  1353  1530 I Codec2InfoBuilder: adding type 'video/hevc'
01-15 23:32:39.410  1411  2731 V C2Store : in init
01-15 23:32:39.410  1411  2727 V C2Store : in ~ComponentModule
01-15 23:32:39.410  1411  2731 V C2Store : loading dll
01-15 23:32:39.410  1411  2727 V C2Store : unloading dll
01-15 23:32:39.413  1353  1530 I Codec2InfoBuilder: adding type 'audio/mpeg'
01-15 23:32:39.413  1447  1513 V qdma_file_client: client_connect_socket() connect returned: -1 2
01-15 23:32:39.414  1411  2729 V C2Store : in init
01-15 23:32:39.414  1411  2729 V C2Store : loading dll
01-15 23:32:39.414  1411  2727 V C2Store : in ~ComponentModule
01-15 23:32:39.415  1411  2727 V C2Store : unloading dll
01-15 23:32:39.417  1353  1530 D Codec2InfoBuilder: codec entry for 'c2.android.mpeg2.decoder' is disabled
01-15 23:32:39.418  1411  2729 V C2Store : in init
01-15 23:32:39.418  1411  2729 V C2Store : loading dll
01-15 23:32:39.419  1411  2727 V C2Store : in ~ComponentModule
01-15 23:32:39.419  1411  2727 V C2Store : unloading dll
01-15 23:32:39.421  1353  1530 I Codec2InfoBuilder: adding type 'video/mp4v-es'
01-15 23:32:39.424  1411  2729 V C2Store : in ~ComponentModule
01-15 23:32:39.424  1411  2729 V C2Store : unloading dll
01-15 23:32:39.426  1411  2727 V C2Store : in init
01-15 23:32:39.426  1411  2727 V C2Store : loading dll
01-15 23:32:39.432  2154  2740 I chatty  : uid=1002(bluetooth) bt_workqueue expire 16 lines
01-15 23:32:39.433  1353  1530 I Codec2InfoBuilder: adding type 'video/mp4v-es'
01-15 23:32:39.435  1411  2729 V C2Store : in ~ComponentModule
01-15 23:32:39.435  1411  2729 V C2Store : unloading dll
01-15 23:32:39.436  1411  2727 V C2Store : in init
01-15 23:32:39.436  1411  2727 V C2Store : loading dll
01-15 23:32:39.438  2154  2741 I chatty  : uid=1002(bluetooth) btu message loo expire 26 lines
01-15 23:32:39.440  1353  1530 I Codec2InfoBuilder: adding type 'audio/opus'
01-15 23:32:39.440  2154  2742 I chatty  : uid=1002(bluetooth) com.android.bluetooth expire 35 lines
01-15 23:32:39.441  1411  1551 V C2Store : in init
01-15 23:32:39.441  1411  1551 V C2Store : loading dll
01-15 23:32:39.442  1411  2731 V C2Store : in ~ComponentModule
01-15 23:32:39.442  1411  2731 V C2Store : unloading dll
01-15 23:32:39.444  1353  1530 I Codec2InfoBuilder: adding type 'audio/opus'
01-15 23:32:39.445  1411  1411 V C2Store : in init
01-15 23:32:39.445  1411  1411 V C2Store : loading dll
01-15 23:32:39.445  1411  1551 V C2Store : in ~ComponentModule
01-15 23:32:39.445  1411  1551 V C2Store : unloading dll
01-15 23:32:39.449  1353  1530 I Codec2InfoBuilder: adding type 'audio/raw'
01-15 23:32:39.449   756  2736 I chatty  : uid=1002 bluetooth@1.0-s expire 6 lines
01-15 23:32:39.450  1411  2729 V C2Store : in init
01-15 23:32:39.450  1411  2729 V C2Store : loading dll
01-15 23:32:39.450  1411  1411 V C2Store : in ~ComponentModule
01-15 23:32:39.453  2492  2743 E ActivityThread: Failed to find provider info for com.android.contacts
01-15 23:32:39.463  1875  1912 W BluetoothManagerService: bindBluetoothProfileService:Trying to bind to profile: 1, while Bluetooth is disabled
01-15 23:32:39.562  2492  2492 I gsm_service_state_change: [1,1,3,3]
01-15 23:32:39.599  2183  2183 I sysui_multi_action: [757,111,758,1]
01-15 23:32:39.600  2183  2183 I sysui_multi_action: [757,126,758,1,759,126,927,0,928,0,1593,0]
01-15 23:32:39.600  2183  2183 I sysui_multi_action: [757,113,758,1,759,113,927,1,928,0,1593,0]
01-15 23:32:39.601  2183  2183 I sysui_multi_action: [757,118,758,1,759,118,927,2,928,0,1593,0]
01-15 23:32:39.601  2183  2183 I sysui_multi_action: [757,119,758,1,759,119,927,3,928,0,1593,0]
01-15 23:32:39.601  2183  2183 I sysui_multi_action: [757,123,758,1,759,123,927,4,928,1,1593,0]
01-15 23:32:39.601  2183  2183 I sysui_multi_action: [757,261,758,1,759,261,927,5,928,0,1593,0]
01-15 23:32:39.605  1875  2194 I sysui_multi_action: [757,127,758,1]
01-15 23:32:39.606  1875  2194 I sysui_multi_action: [757,804,799,note_load,801,0,802,1]
01-15 23:32:39.606  1875  2194 I notification_panel_revealed: 0
01-15 23:32:39.615  1875  1934 I am_uid_running: 10052
01-15 23:32:39.638  2183  2183 V KeyguardStatusView: refresh statusview showing:true
01-15 23:32:39.645  2183  2183 I sysui_multi_action: [757,196,758,1,759,0]
01-15 23:32:39.645  2183  2183 I sysui_status_bar_state: [1,1,0,0,0,1]
01-15 23:32:39.684  1875  1935 W ActivityManager: Slow operation: 69ms so far, now at startProcess: returned from zygote!
01-15 23:32:39.695  1875  1935 W ActivityManager: Slow operation: 80ms so far, now at startProcess: done updating battery stats
01-15 23:32:39.695  1875  1935 I am_proc_start: [0,2762,10052,com.android.cellbroadcastreceiver,broadcast,{com.android.cellbroadcastreceiver/com.android.cellbroadca
streceiver.CellBroadcastReceiver}]
01-15 23:32:39.695  1875  1935 W ActivityManager: Slow operation: 80ms so far, now at startProcess: building log message
01-15 23:32:39.695  1875  1935 I ActivityManager: Start proc 2762:com.android.cellbroadcastreceiver/u0a52 for broadcast {com.android.cellbroadcastreceiver/com.andro
id.cellbroadcastreceiver.CellBroadcastReceiver}
01-15 23:32:39.695  1875  1935 W ActivityManager: Slow operation: 80ms so far, now at startProcess: starting to update pids map
01-15 23:32:39.707  1875  1927 I user_activity_timeout_override: 10000
01-15 23:32:39.708  1875  1935 W ActivityManager: Slow operation: 93ms so far, now at startProcess: done updating pids map
01-15 23:32:39.710  1875  1875 D BluetoothManagerService: Bluetooth Adapter address changed to 22:22:F5:F1:80:FC
01-15 23:32:39.710  1875  1875 D BluetoothManagerService: Stored Bluetoothaddress: 22:22:F5:F1:80:FC
01-15 23:32:39.714  1875  1875 D BluetoothManagerService: Bluetooth Adapter name changed to QCOM-BTD
01-15 23:32:39.715  1875  1875 D BluetoothManagerService: Stored Bluetooth name: QCOM-BTD
01-15 23:32:39.719  1875  1875 D BluetoothManagerService: Bluetooth Adapter address changed to 22:22:F5:F1:80:FC
01-15 23:32:39.720  1875  1875 D BluetoothManagerService: Stored Bluetoothaddress: 22:22:F5:F1:80:FC
01-15 23:32:39.729  1875  1926 D BluetoothManagerService: MESSAGE_BLUETOOTH_STATE_CHANGE: BLE_TURNING_ON > BLE_ON
01-15 23:32:39.729  1875  1926 D BluetoothManagerService: Bluetooth is in LE only mode
01-15 23:32:39.729  1875  1926 D BluetoothManagerService: Binding Bluetooth GATT service
01-15 23:32:39.733  1875  1926 D BluetoothManagerService: Sending BLE State Change: BLE_TURNING_ON > BLE_ON
01-15 23:32:39.734  1875  1875 D BluetoothManagerService: BluetoothServiceConnection: com.android.bluetooth.gatt.GattService
01-15 23:32:39.734  1875  1926 D BluetoothManagerService: MESSAGE_BLUETOOTH_SERVICE_CONNECTED: 2
01-15 23:32:39.735  1875  1926 D BluetoothManagerService: continueFromBleOnState()
01-15 23:32:39.742  1875  1926 D BluetoothManagerService: Persisting Bluetooth Setting: 1
01-15 23:32:39.743  1875  1926 D BluetoothManagerService: MESSAGE_BLUETOOTH_STATE_CHANGE: BLE_ON > TURNING_ON
01-15 23:32:39.743  1875  1926 D BluetoothManagerService: Sending BLE State Change: BLE_ON > TURNING_ON
--------- beginning of radio
01-15 23:32:39.758  1634  1696 E RILQ    : (1/1634): RIL[1][(1634,1696)] get_ecc_property_name: ecc list name : ril.ecclist1.
01-15 23:32:39.759  2492  2598 D RILJ    : [UNSL]< RIL_UNSOL_EMERGENCY_NUMBER_LIST [EmergencyNumber:Number-911|CountryIso-|Mnc-|ServiceCategories-0|Urns-[]|Sources-
1000|Routing-0, EmergencyNumber:Number-*911|CountryIso-|Mnc-|ServiceCategories-0|Urns-[]|Sources-1000|Routing-0, EmergencyNumber:Number-112|CountryIso-|Mnc-|Service
Categories-0|Urns-[]|Sources-1000|Routing-0, EmergencyNumber:Number-000|CountryIso-|Mnc-|ServiceCategories-0|Urns-[]|Sources-1000|Routing-0, EmergencyNumber:Number-
119|CountryIso-|Mnc-|ServiceCategories-0|Urns-[]|Sources-1000|Routing-0, EmergencyNumber:Number-118|CountryIso-|Mnc-|ServiceCategories-0|Urns-[]|Sources-1000|Routin
g-0, EmergencyNumber:Number-#911|CountryIso-|Mnc-|ServiceCategories-0|Urns-[]|Sources-1000|Routing-0, EmergencyNumber:Number-08|CountryIso-|Mnc-|ServiceCategories-0
|Urns-[]|Sources-1000|Routing-0, EmergencyNumber:Number-110|CountryIso-|Mnc-|ServiceCategories-0|Urns-[]|Sources-1000|Routing-0, EmergencyNumber:Number-999|CountryI
so-|Mnc-|ServiceCategories-0|Urns-[]|Sources-1000|Routing-0] [SUB1]
01-15 23:32:39.761  2492  2598 D RILJ    : [0026]< QUERY_NETWORK_SELECTION_MODE {0} [SUB0]
01-15 23:32:39.762  2492  2492 I service_manager_stats: [100,94,64301]
01-15 23:32:39.763  2492  2492 D QtiDCT-C: [0]isEmergency: result=false
01-15 23:32:39.764  2492  2492 D SubscriptionController: [getActiveSubscriptionInfo]- subId=-1 subList=[] subInfo=null
01-15 23:32:39.765  1573  1695 E RILQ    : (0/1573): RIL[0][(1573,1695)] get_ecc_property_name: ecc list name : ril.ecclist.
01-15 23:32:39.766  2492  2492 D QtiDCT-C: [0]isEmergency: result=false
01-15 23:32:39.766  1634  1696 E RILQ    : (1/1634): RIL[1][(1634,1696)] get_ecc_property_name: ecc list name : ril.ecclist1.
01-15 23:32:39.767  2492  2598 D RILJ    : [0025]< OPERATOR {, , } [SUB0]
01-15 23:32:39.768  2492  2492 D SubscriptionController: [getActiveSubscriptionInfo]- subId=-1 subList=[] subInfo=null
01-15 23:32:39.768  2492  2598 D RILJ    : [UNSL]< RIL_UNSOL_EMERGENCY_NUMBER_LIST [EmergencyNumber:Number-911|CountryIso-|Mnc-|ServiceCategories-0|Urns-[]|Sources-
1000|Routing-0, EmergencyNumber:Number-*911|CountryIso-|Mnc-|ServiceCategories-0|Urns-[]|Sources-1000|Routing-0, EmergencyNumber:Number-112|CountryIso-|Mnc-|Service
Categories-0|Urns-[]|Sources-1000|Routing-0, EmergencyNumber:Number-000|CountryIso-|Mnc-|ServiceCategories-0|Urns-[]|Sources-1000|Routing-0, EmergencyNumber:Number-
119|CountryIso-|Mnc-|ServiceCategories-0|Urns-[]|Sources-1000|Routing-0, EmergencyNumber:Number-118|CountryIso-|Mnc-|ServiceCategories-0|Urns-[]|Sources-1000|Routin
g-0, EmergencyNumber:Number-#911|CountryIso-|Mnc-|ServiceCategories-0|Urns-[]|Sources-1000|Routing-0, EmergencyNumber:Number-08|CountryIso-|Mnc-|ServiceCategories-0
|Urns-[]|Sources-1000|Routing-0, EmergencyNumber:Number-110|CountryIso-|Mnc-|ServiceCategories-0|Urns-[]|Sources-1000|Routing-0, EmergencyNumber:Number-999|CountryI
so-|Mnc-|ServiceCategories-0|Urns-[]|Sources-1000|Routing-0] [SUB0]
01-15 23:32:39.770  2492  2598 D RILJ    : [UNSL]< RIL_UNSOL_EMERGENCY_NUMBER_LIST [EmergencyNumber:Number-911|CountryIso-|Mnc-|ServiceCategories-0|Urns-[]|Sources-
1000|Routing-0, EmergencyNumber:Number-*911|CountryIso-|Mnc-|ServiceCategories-0|Urns-[]|Sources-1000|Routing-0, EmergencyNumber:Number-112|CountryIso-|Mnc-|Service
Categories-0|Urns-[]|Sources-1000|Routing-0, EmergencyNumber:Number-000|CountryIso-|Mnc-|ServiceCategories-0|Urns-[]|Sources-1000|Routing-0, EmergencyNumber:Number-
119|CountryIso-|Mnc-|ServiceCategories-0|Urns-[]|Sources-1000|Routing-0, EmergencyNumber:Number-118|CountryIso-|Mnc-|ServiceCategories-0|Urns-[]|Sources-1000|Routin
g-0, EmergencyNumber:Number-#911|CountryIso-|Mnc-|ServiceCategories-0|Urns-[]|Sources-1000|Routing-0, EmergencyNumber:Number-08|CountryIso-|Mnc-|ServiceCategories-0
|Urns-[]|Sources-1000|Routing-0, EmergencyNumber:Number-110|CountryIso-|Mnc-|ServiceCategories-0|Urns-[]|Sources-1000|Routing-0, EmergencyNumber:Number-999|CountryI
so-|Mnc-|ServiceCategories-0|Urns-[]|Sources-1000|Routing-0] [SUB1]
01-15 23:32:39.770  2492  2492 D QtiDCT-C: [0]isEmergency: result=false
01-15 23:32:39.772  2492  2492 D SubscriptionController: [getActiveSubscriptionInfo]- subId=-1 subList=[] subInfo=null
01-15 23:32:39.774  2492  2492 D QtiDCT-C: [0]isEmergency: result=false
01-15 23:32:39.776  2492  2492 D SubscriptionController: [getActiveSubscriptionInfo]- subId=-1 subList=[] subInfo=null
01-15 23:32:39.777  2492  2492 D QtiDCT-C: [0]onRadioAvailable
01-15 23:32:39.777  2492  2492 D QtiDCT-C: [0]onRadioOffOrNotAvailable: is off and clean up all connections
01-15 23:32:39.777  2492  2492 D QtiDCT-C: [0]cleanUpAllConnectionsInternal: detach=false reason=radioTurnedOff
01-15 23:32:39.777  2492  2492 D GsmCdmaPhone: [0] getDataConnectionState apnType=default ret=DISCONNECTED
01-15 23:32:39.779  2492  2492 D QtiDCT-C: [0]isEmergency: result=false
01-15 23:32:39.781  1875  1912 D TelephonyRegistry: onDataConnectionStateChanged(DISCONNECTED, UNKNOWN) subId=-1, phoneId=0
01-15 23:32:39.782  2492  2492 D QtiDCT-C: [0]cleanUpConnectionInternal: X detach=false reason=radioTurnedOff apnContext={mApnType=default mState=IDLE mWaitingApns=
{null} mApnSetting={null} mReason=radioTurnedOff mDataEnabled=false mDependencyMet=true} dc=null
01-15 23:32:39.783  2492  2492 D GsmCdmaPhone: [0] getDataConnectionState apnType=mms ret=DISCONNECTED
01-15 23:32:39.784  1573  1695 E RILQ    : (0/1573): RIL[0][(1573,1695)] get_ecc_property_name: ecc list name : ril.ecclist.
01-15 23:32:39.784  2492  2492 D QtiDCT-C: [0]isEmergency: result=false
01-15 23:32:39.785  2492  2598 D RILJ    : [UNSL]< RIL_UNSOL_EMERGENCY_NUMBER_LIST [EmergencyNumber:Number-911|CountryIso-|Mnc-|ServiceCategories-0|Urns-[]|Sources-
1000|Routing-0, EmergencyNumber:Number-*911|CountryIso-|Mnc-|ServiceCategories-0|Urns-[]|Sources-1000|Routing-0, EmergencyNumber:Number-112|CountryIso-|Mnc-|Service
Categories-0|Urns-[]|Sources-1000|Routing-0, EmergencyNumber:Number-000|CountryIso-|Mnc-|ServiceCategories-0|Urns-[]|Sources-1000|Routing-0, EmergencyNumber:Number-
119|CountryIso-|Mnc-|ServiceCategories-0|Urns-[]|Sources-1000|Routing-0, EmergencyNumber:Number-118|CountryIso-|Mnc-|ServiceCategories-0|Urns-[]|Sources-1000|Routin
g-0, EmergencyNumber:Number-#911|CountryIso-|Mnc-|ServiceCategories-0|Urns-[]|Sources-1000|Routing-0, EmergencyNumber:Number-08|CountryIso-|Mnc-|ServiceCategories-0
|Urns-[]|Sources-1000|Routing-0, EmergencyNumber:Number-110|CountryIso-|Mnc-|ServiceCategories-0|Urns-[]|Sources-1000|Routing-0, EmergencyNumber:Number-999|CountryI
so-|Mnc-|ServiceCategories-0|Urns-[]|Sources-1000|Routing-0] [SUB0]
01-15 23:32:39.787  2492  2492 D QtiDCT-C: [0]cleanUpConnectionInternal: X detach=false reason=radioTurnedOff apnContext={mApnType=mms mState=IDLE mWaitingApns={nul
l} mApnSetting={null} mReason=radioTurnedOff mDataEnabled=false mDependencyMet=true} dc=null
01-15 23:32:39.787  2492  2492 D GsmCdmaPhone: [0] getDataConnectionState apnType=cbs ret=DISCONNECTED
01-15 23:32:39.789  2492  2492 D QtiDCT-C: [0]isEmergency: result=false
01-15 23:32:39.792  2492  2492 D QtiDCT-C: [0]cleanUpConnectionInternal: X detach=false reason=radioTurnedOff apnContext={mApnType=cbs mState=IDLE mWaitingApns={nul
l} mApnSetting={null} mReason=radioTurnedOff mDataEnabled=false mDependencyMet=true} dc=null
01-15 23:32:39.792  2492  2492 D GsmCdmaPhone: [0] getDataConnectionState apnType=fota ret=DISCONNECTED
01-15 23:32:39.794  2492  2492 D QtiDCT-C: [0]isEmergency: result=false
01-15 23:32:39.797  2492  2492 D QtiDCT-C: [0]cleanUpConnectionInternal: X detach=false reason=radioTurnedOff apnContext={mApnType=fota mState=IDLE mWaitingApns={nu
ll} mApnSetting={null} mReason=radioTurnedOff mDataEnabled=false mDependencyMet=true} dc=null
01-15 23:32:39.797  2492  2492 D GsmCdmaPhone: [0] getDataConnectionState apnType=supl ret=DISCONNECTED
01-15 23:32:39.799  2492  2492 D QtiDCT-C: [0]isEmergency: result=false
01-15 23:32:39.802  2492  2492 D QtiDCT-C: [0]cleanUpConnectionInternal: X detach=false reason=radioTurnedOff apnContext={mApnType=supl mState=IDLE mWaitingApns={nu
ll} mApnSetting={null} mReason=radioTurnedOff mDataEnabled=false mDependencyMet=true} dc=null
01-15 23:32:39.802  2492  2492 D GsmCdmaPhone: [0] getDataConnectionState apnType=emergency ret=DISCONNECTED
01-15 23:32:39.804  2492  2492 D QtiDCT-C: [0]isEmergency: result=false
01-15 23:32:39.807  2492  2492 D QtiDCT-C: [0]cleanUpConnectionInternal: X detach=false reason=radioTurnedOff apnContext={mApnType=emergency mState=IDLE mWaitingApn
s={null} mApnSetting={null} mReason=radioTurnedOff mDataEnabled=false mDependencyMet=true} dc=null
01-15 23:32:39.807  2492  2492 D GsmCdmaPhone: [0] getDataConnectionState apnType=dun ret=DISCONNECTED
01-15 23:32:39.809  2492  2492 D QtiDCT-C: [0]isEmergency: result=false
01-15 23:32:39.812  2492  2492 D QtiDCT-C: [0]cleanUpConnectionInternal: X detach=false reason=radioTurnedOff apnContext={mApnType=dun mState=IDLE mWaitingApns={nul
l} mApnSetting={null} mReason=radioTurnedOff mDataEnabled=false mDependencyMet=true} dc=null
01-15 23:32:39.812  2492  2492 D GsmCdmaPhone: [0] getDataConnectionState apnType=hipri ret=DISCONNECTED
01-15 23:32:39.814  2492  2492 D QtiDCT-C: [0]isEmergency: result=false
01-15 23:32:39.816  2492  2492 D QtiDCT-C: [0]cleanUpConnectionInternal: X detach=false reason=radioTurnedOff apnContext={mApnType=hipri mState=IDLE mWaitingApns={n
ull} mApnSetting={null} mReason=radioTurnedOff mDataEnabled=false mDependencyMet=true} dc=null
01-15 23:32:39.816  2492  2492 D GsmCdmaPhone: [0] getDataConnectionState apnType=ims ret=DISCONNECTED
01-15 23:32:39.817  2492  2492 D QtiDCT-C: [0]isEmergency: result=false
01-15 23:32:39.819  2492  2492 D QtiDCT-C: [0]cleanUpConnectionInternal: X detach=false reason=radioTurnedOff apnContext={mApnType=ims mState=IDLE mWaitingApns={nul
l} mApnSetting={null} mReason=radioTurnedOff mDataEnabled=false mDependencyMet=true} dc=null
01-15 23:32:39.819  2492  2492 D QtiDCT-C: [0]stopNetStatPoll
01-15 23:32:39.820  2492  2492 D QtiDCT-C: [0]cleanUpAllConnectionsInternal: mDisconnectPendingCount = 0
01-15 23:32:39.820  2492  2492 D QtiDCT-C: [0]onDataConnectionDetached: stop polling and notify detached
01-15 23:32:39.820  2492  2492 D QtiDCT-C: [0]stopNetStatPoll
01-15 23:32:39.820  2492  2492 D QtiDCT-C: [0]get all active apn types
01-15 23:32:39.821  2492  2492 D QtiDCT-C: [0]onDataRoamingOff
01-15 23:32:39.824  2492  2492 D QtiDCT-C: [0]get all active apn types
01-15 23:32:39.824  2492  2492 D QtiDCT-C: [0]Data RAT is unknown or no change, mCurrentDataRat=0
01-15 23:32:39.824  2492  2492 D CarrierResolver: handleMessage: 2
01-15 23:32:39.826  2492  2492 D RILJ    : [0027]> RIL_REQUEST_SEND_DEVICE_STATE 1:false [SUB0]
01-15 23:32:39.828  2492  2598 D RILJ    : [0027]< RIL_REQUEST_SEND_DEVICE_STATE  [SUB0]
01-15 23:32:39.828  2492  2492 D RILJ    : [0028]> RIL_REQUEST_SEND_DEVICE_STATE 2:false [SUB0]
01-15 23:32:39.829  1875  2194 I am_proc_bound: [0,2762,com.android.cellbroadcastreceiver]
01-15 23:32:39.829  2492  2598 D RILJ    : [0028]< RIL_REQUEST_SEND_DEVICE_STATE  [SUB0]
01-15 23:32:39.830  2492  2492 D RILJ    : [0029]> RIL_REQUEST_SEND_DEVICE_STATE 0:false [SUB0]
01-15 23:32:39.833  2492  2598 D RILJ    : [0029]< RIL_REQUEST_SEND_DEVICE_STATE  [SUB0]
01-15 23:32:39.836  2492  2492 D RILJ    : [0030]> RIL_REQUEST_SET_UNSOLICITED_RESPONSE_FILTER -1 [SUB0]
01-15 23:32:39.838  2492  2492 D RILJ    : [0031]> RIL_REQUEST_SET_SIGNAL_STRENGTH_REPORTING_CRITERIA [SUB0]
01-15 23:32:39.839  2492  2492 D RILJ    : [0032]> RIL_REQUEST_SET_SIGNAL_STRENGTH_REPORTING_CRITERIA [SUB0]
01-15 23:32:39.839  2492  2492 D RILJ    : [0033]> RIL_REQUEST_SET_SIGNAL_STRENGTH_REPORTING_CRITERIA [SUB0]
01-15 23:32:39.843  2492  2492 D RILJ    : [0034]> RIL_REQUEST_SET_SIGNAL_STRENGTH_REPORTING_CRITERIA [SUB0]
01-15 23:32:39.844  2492  2598 D RILJ    : [0031]< RIL_REQUEST_SET_SIGNAL_STRENGTH_REPORTING_CRITERIA  [SUB0]
01-15 23:32:39.845  2492  2492 D RILJ    : [0035]> RIL_REQUEST_SET_LINK_CAPACITY_REPORTING_CRITERIA [SUB0]
01-15 23:32:39.845  2492  2598 D RILJ    : [0032]< RIL_REQUEST_SET_SIGNAL_STRENGTH_REPORTING_CRITERIA  [SUB0]
01-15 23:32:39.846  2492  2492 D RILJ    : [0036]> RIL_REQUEST_SET_LINK_CAPACITY_REPORTING_CRITERIA [SUB0]
01-15 23:32:39.847  2492  2492 D RILJ    : [0037]> RIL_REQUEST_SET_LINK_CAPACITY_REPORTING_CRITERIA [SUB0]
01-15 23:32:39.849  2492  2492 D RILJ    : [0038]> RIL_REQUEST_SET_LINK_CAPACITY_REPORTING_CRITERIA [SUB0]
01-15 23:32:39.850  2492  2598 D RILJ    : [0035]< RIL_REQUEST_SET_LINK_CAPACITY_REPORTING_CRITERIA error 6 [SUB0]
01-15 23:32:39.850  2492  2598 D RilRequest: [0035]< RIL_REQUEST_SET_LINK_CAPACITY_REPORTING_CRITERIA error: com.android.internal.telephony.CommandException: REQUES
T_NOT_SUPPORTED ret=
01-15 23:32:39.860  2492  2598 D RILJ    : [0030]< RIL_REQUEST_SET_UNSOLICITED_RESPONSE_FILTER  [SUB0]
01-15 23:32:39.860  2492  2598 D RILJ    : [0036]< RIL_REQUEST_SET_LINK_CAPACITY_REPORTING_CRITERIA  [SUB0]
01-15 23:32:39.861  2492  2598 D RILJ    : [0033]< RIL_REQUEST_SET_SIGNAL_STRENGTH_REPORTING_CRITERIA  [SUB0]
01-15 23:32:39.861  2492  2598 D RILJ    : [0034]< RIL_REQUEST_SET_SIGNAL_STRENGTH_REPORTING_CRITERIA  [SUB0]
01-15 23:32:39.861  2492  2598 D RILJ    : [0037]< RIL_REQUEST_SET_LINK_CAPACITY_REPORTING_CRITERIA  [SUB0]
01-15 23:32:39.861  2492  2598 D RILJ    : [0038]< RIL_REQUEST_SET_LINK_CAPACITY_REPORTING_CRITERIA error 6 [SUB0]
01-15 23:32:39.861  2492  2598 D RilRequest: [0038]< RIL_REQUEST_SET_LINK_CAPACITY_REPORTING_CRITERIA error: com.android.internal.telephony.CommandException: REQUES
T_NOT_SUPPORTED ret=
01-15 23:32:39.862  2492  2492 D RILJ    : [0039]> RIL_REQUEST_SEND_DEVICE_STATE 1:false [SUB0]
01-15 23:32:39.863  2492  2492 D RILJ    : [0040]> RIL_REQUEST_SEND_DEVICE_STATE 2:false [SUB0]
01-15 23:32:39.866  2492  2492 D RILJ    : [0041]> RIL_REQUEST_SEND_DEVICE_STATE 0:false [SUB0]
01-15 23:32:39.867  2492  2492 D RILJ    : [0042]> RIL_REQUEST_SET_UNSOLICITED_RESPONSE_FILTER -1 [SUB0]
01-15 23:32:39.869  2492  2492 D RILJ    : [0043]> RIL_REQUEST_SET_SIGNAL_STRENGTH_REPORTING_CRITERIA [SUB0]
01-15 23:32:39.869  2492  2598 D RILJ    : [0039]< RIL_REQUEST_SEND_DEVICE_STATE  [SUB0]
01-15 23:32:39.870  2492  2492 D RILJ    : [0044]> RIL_REQUEST_SET_SIGNAL_STRENGTH_REPORTING_CRITERIA [SUB0]
01-15 23:32:39.870  2492  2598 D RILJ    : [0040]< RIL_REQUEST_SEND_DEVICE_STATE  [SUB0]
01-15 23:32:39.881  2492  2492 D RILJ    : [0045]> RIL_REQUEST_SET_SIGNAL_STRENGTH_REPORTING_CRITERIA [SUB0]
01-15 23:32:39.881  2492  2598 D RILJ    : [0041]< RIL_REQUEST_SEND_DEVICE_STATE  [SUB0]
01-15 23:32:39.888  2492  2492 D RILJ    : [0046]> RIL_REQUEST_SET_SIGNAL_STRENGTH_REPORTING_CRITERIA [SUB0]
01-15 23:32:39.890  2492  2598 D RILJ    : [0042]< RIL_REQUEST_SET_UNSOLICITED_RESPONSE_FILTER  [SUB0]
01-15 23:32:39.892  2492  2492 D RILJ    : [0047]> RIL_REQUEST_SET_LINK_CAPACITY_REPORTING_CRITERIA [SUB0]
01-15 23:32:39.893  2492  2598 D RILJ    : [0043]< RIL_REQUEST_SET_SIGNAL_STRENGTH_REPORTING_CRITERIA  [SUB0]
01-15 23:32:39.894  2492  2492 D RILJ    : [0048]> RIL_REQUEST_SET_LINK_CAPACITY_REPORTING_CRITERIA [SUB0]
01-15 23:32:39.894  2492  2598 D RILJ    : [0044]< RIL_REQUEST_SET_SIGNAL_STRENGTH_REPORTING_CRITERIA  [SUB0]
01-15 23:32:39.896  2492  2492 D RILJ    : [0049]> RIL_REQUEST_SET_LINK_CAPACITY_REPORTING_CRITERIA [SUB0]
01-15 23:32:39.897  2492  2598 D RILJ    : [0047]< RIL_REQUEST_SET_LINK_CAPACITY_REPORTING_CRITERIA error 6 [SUB0]
01-15 23:32:39.897  2492  2598 D RilRequest: [0047]< RIL_REQUEST_SET_LINK_CAPACITY_REPORTING_CRITERIA error: com.android.internal.telephony.CommandException: REQUES
T_NOT_SUPPORTED ret=
01-15 23:32:39.902  2492  2598 D RILJ    : [0048]< RIL_REQUEST_SET_LINK_CAPACITY_REPORTING_CRITERIA  [SUB0]
01-15 23:32:39.902  2492  2598 D RILJ    : [0049]< RIL_REQUEST_SET_LINK_CAPACITY_REPORTING_CRITERIA  [SUB0]
01-15 23:32:39.902  2492  2598 D RILJ    : [0045]< RIL_REQUEST_SET_SIGNAL_STRENGTH_REPORTING_CRITERIA  [SUB0]
01-15 23:32:39.902  2492  2598 D RILJ    : [0046]< RIL_REQUEST_SET_SIGNAL_STRENGTH_REPORTING_CRITERIA  [SUB0]
01-15 23:32:39.903  2492  2492 D RILJ    : [0050]> RIL_REQUEST_SET_LINK_CAPACITY_REPORTING_CRITERIA [SUB0]
01-15 23:32:39.906  2492  2492 D QtiGsmCdmaPhone: handleMessage: Event: 46
01-15 23:32:39.906  2492  2492 D GsmCdmaPhone: [0] onVoiceRegStateOrRatChanged
01-15 23:32:39.906  2492  2492 D GsmCdmaPhone: [0] getCsCallRadioTech, current vrs=1, vrat=0
01-15 23:32:39.906  2492  2492 D GsmCdmaPhone: [0] getCsCallRadioTech, result calcVrat=0
01-15 23:32:39.907  2492  2492 D use-Rlog/RLOG-QC_RIL_OEM_HOOK: QcrilMsgTunnelService Connected Successfully (onServiceConnected)
01-15 23:32:39.907  2492  2492 D use-Rlog/RLOG-QC_RIL_OEM_HOOK: Calling onQcRilHookReady callback
01-15 23:32:39.907  2492  2492 D QtiRilInterface: Service ready, notifying registrants
01-15 23:32:39.908  2492  2598 D RILJ    : [0050]< RIL_REQUEST_SET_LINK_CAPACITY_REPORTING_CRITERIA error 6 [SUB0]
01-15 23:32:39.908  2492  2598 D RilRequest: [0050]< RIL_REQUEST_SET_LINK_CAPACITY_REPORTING_CRITERIA error: com.android.internal.telephony.CommandException: REQUES
T_NOT_SUPPORTED ret=
01-15 23:32:39.910  2492  2492 W MmTelFeatureConnection: create: binder is null! Slot Id: 0
01-15 23:32:39.910  2492  2492 D QtiGsmCdmaPhone: handleMessage: Event: 30
01-15 23:32:39.912  2492  2492 W MmTelFeatureConnection: create: binder is null! Slot Id: 1
01-15 23:32:39.913  2492  2492 D GsmSMSDispatcher: GsmSMSDispatcher: subId = -1 slotId = 1
01-15 23:32:39.913  2492  2492 D QtiGsmCdmaPhone: handleMessage: Event: 1
01-15 23:32:39.917  2492  2492 D RILJ    : [0051]> BASEBAND_VERSION [SUB1]
01-15 23:32:39.920  2492  2492 D RILJ    : [0052]> RIL_REQUEST_DEVICE_IDENTITY [SUB1]
01-15 23:32:39.922  2492  2492 D RILJ    : [0053]> RIL_REQUEST_GET_RADIO_CAPABILITY [SUB1]
01-15 23:32:39.924  2492  2598 D RILJ    : [0051]< BASEBAND_VERSION S.AT.3.1-00838-SDM660_GEN_PACK-1 [SUB1]
01-15 23:32:39.925  2492  2492 D RILJ    : [0054]> SET_SUPP_SVC_NOTIFICATION enable = true [SUB1]
01-15 23:32:39.925  2492  2492 D QtiGsmCdmaPhone: handleMessage: Event: 8
01-15 23:32:39.925  2492  2492 D GsmCdmaPhone: [1] Event EVENT_RADIO_OFF_OR_NOT_AVAILABLE Received
01-15 23:32:39.925  2492  2492 D QtiGsmCdmaPhone: handleMessage: Event: 47
01-15 23:32:39.925  2492  2492 D GsmCdmaPhone: [1] EVENT EVENT_RADIO_STATE_CHANGED
01-15 23:32:39.925  2492  2492 D GsmCdmaPhone: handleRadioPowerStateChange, state= 0
01-15 23:32:39.926  2492  2492 D QtiGsmCdmaPhone: handleMessage: Event: 41
01-15 23:32:39.927  2492  2598 D RILJ    : [0052]< RIL_REQUEST_DEVICE_IDENTITY error 61 [SUB1]
01-15 23:32:39.927  2492  2598 D RilRequest: [0052]< RIL_REQUEST_DEVICE_IDENTITY error: com.android.internal.telephony.CommandException: NOT_PROVISIONED ret={, , ,
}
01-15 23:32:39.927  2492  2598 D RILJ    : convertHalRadioCapability: session=0, phase=0, rat=102500, logicModemUuid=1, status=1, rcRil.raf=213320 [SUB1]
01-15 23:32:39.927  2492  2598 D RILJ    : [0053]< RIL_REQUEST_GET_RADIO_CAPABILITY {mPhoneId = 1 mVersion=1 mSession=0 mPhase=0 mRadioAccessFamily=102500 mLogicMod
emId=1 mStatus=1} [SUB1]
01-15 23:32:39.927  2492  2492 D SST     : [1] EVENT_ICC_CHANGED: SIM absent
01-15 23:32:39.928  2492  2492 D SST     : [1] cancelAllNotifications: mPrevSubId=-1
01-15 23:32:39.933  2492  2598 D RILJ    : [0054]< SET_SUPP_SVC_NOTIFICATION  [SUB1]
01-15 23:32:39.938  2492  2492 D NRM-C-1 : Trying to bind com.android.phone for transport WWAN
01-15 23:32:39.941  2492  2492 D SST     : [1] mDeviceShuttingDown=false, mDesiredPowerState=true, getRadioState=0, mPowerOffDelayNeed=true, mAlarmSwitch=false, mRa
dioDisabledByCarrier=false
01-15 23:32:39.944  2492  2492 D RILJ    : [0055]> RADIO_POWER on = true [SUB1]
01-15 23:32:39.945  2492  2492 D SST     : [1] Trigger as manual polling
01-15 23:32:39.945  1634  1634 D RILC    : setRadioPower: serial 55 on 1
01-15 23:32:39.945  2492  2492 D SST     : [1] pollState: modemTriggered=false
01-15 23:32:39.945  2492  2492 D SST     : handleNetworkCountryCodeUnavailable
01-15 23:32:39.945  2492  2492 D SST     : [1] set service state as POWER_OFF
01-15 23:32:39.945  2492  2492 D SST     : [1] Poll ServiceState done:  oldSS=[{mVoiceRegState=1(OUT_OF_SERVICE), mDataRegState=1(OUT_OF_SERVICE), mChannelNumber=-1
, duplexMode()=0, mCellBandwidths=[], mVoiceOperatorAlphaLong=null, mVoiceOperatorAlphaShort=null, mDataOperatorAlphaLong=null, mDataOperatorAlphaShort=null, isManu
alNetworkSelection=false(automatic), getRilVoiceRadioTechnology=0(Unknown), getRilDataRadioTechnology=0(Unknown), mCssIndicator=unsupported, mNetworkId=-1, mSystemI
d=-1, mCdmaRoamingIndicator=-1, mCdmaDefaultRoamingIndicator=-1, mIsEmergencyOnly=false, isUsingCarrierAggregation=false, mLteEarfcnRsrpBoost=0, mNetworkRegistratio
nInfos=[NetworkRegistrationInfo{ domain=CS transportType=WWAN registrationState=UNKNOWN roamingType=NOT_ROAMING accessNetworkTechnology=UNKNOWN rejectCause=0 emerge
ncyEnabled=false availableServices=[] cellIdentity=null voiceSpecificInfo=null dataSpecificInfo=null nrState=NONE}, NetworkRegistrationInfo{ domain=PS transportType
=WWAN registrationState=UNKNOWN roamingType=NOT_ROAMING accessNetworkTechnology=UNKNOWN rejectCause=0 emergencyEnabled=false availableServices=[] cellIdentity=null
voiceSpecificInfo=null dataSpecificInfo=null nrState=NONE}], mNrFrequencyRange=-1, mOperatorAlphaLongRaw=null, mOperatorAlphaShortRaw=null, mIsIwlanPreferred=false}
] newSS=[{mVoiceRegState=3(POWER_OFF), mDataRegState=3(POWER_OFF), mChannelNumber=-1, duplexMode()=0, mCellBandwidths=[], mVoiceOperatorAlphaLong=null, mVoiceOperat
orAlphaShort=null, mDataOperatorAlphaLong=null, mDataOperatorAlphaShort=null, isManualNetworkSelection=false(automatic), getRilVoiceRadioTechnology=0(Unknown), getR
ilDataRadioTechnology=0(Unknown), mCssIndicator=unsupported, mNetworkId=-1, mSystemId=-1, mCdmaRoamingIndicator=-1, mCdmaDefaultRoamingIndicator=-1, mIsEmergencyOnl
y=false, isUsingCarrierAggregation=false, mLteEarfcnRsrpBoost=0, mNetworkRegistrationInfos=[NetworkRegistrationInfo{ domain=CS transportType=WWAN registrationState=
UNKNOWN roamingType=NOT_ROAMING accessNetworkTechnology=UNKNOWN rejectCause=0 emergencyEnabled=false availableServices=[] cellIdentity=null voiceSpecificInfo=null d
ataSpecificInfo=null nrState=NONE}, NetworkRegistrationInfo{ domain=PS transportType=WWAN registrationState=UNKNOWN roamingType=NOT_ROAMING accessNetworkTechnology=
UNKNOWN rejectCause=0 emergencyEnabled=false availableServices=[] cellIdentity=null voiceSpecificInfo=null dataSpecificInfo=null nrState=NONE}], mNrFrequencyRange=-
1, mOperatorAlphaLongRaw=null, mOperatorAlphaShortRaw=null, mIsIwlanPreferred=false}] oldMaxDataCalls=1 mNewMaxDataCalls=1 oldReasonDataDenied=-1 mNewReasonDataDeni
ed=-1
01-15 23:32:39.945  2492  2492 D SST     : [1] pollStateDone: hasRegistered = false hasDeregistered = false hasDataAttached = {1=false} hasDataDetached = {1=false}
hasDataRegStateChanged = {1=false} hasRilVoiceRadioTechnologyChanged = false hasRilDataRadioTechnologyChanged = {1=false} hasDataTransportPreferenceChanged = false
hasChanged = true hasVoiceRoamingOn = false hasVoiceRoamingOff = false hasDataRoamingOn =false hasDataRoamingOff = false hasLocationChanged = false has4gHandoff = f
alse hasMultiApnSupport = false hasLostMultiApnSupport = false hasCssIndicatorChanged = false hasNrFrequencyRangeChanged = false hasNrStateChanged = false hasAirpla
neModeOnlChanged = true
01-15 23:32:39.945  2492  2492 I gsm_service_state_change: [1,1,3,3]
01-15 23:32:39.947  2492  2492 D SST     : [1] updateSpnDisplayLegacy+
01-15 23:32:39.953  2492  2598 D RILJ    : [0055]< RADIO_POWER  [SUB1]
01-15 23:32:39.953  2492  2492 D SST     : [1] updateSpnDisplay: radio is off w/ showPlmn=true plmn=
01-15 23:32:39.955  1634  1696 D RILC    : radioStateChangedInd: radioState 10
01-15 23:32:39.959  2492  2492 D SST     : [1] updateSpnDisplay: rawSpn =
01-15 23:32:39.959  2492  2492 D SST     : [1] translate+ spn:null dataSpn: plmn
01-15 23:32:39.959  2492  2492 D SST     : [1] translate- spn:null dataSpn: plmn
01-15 23:32:39.960  2492  2598 D RILJ    : Unsol response received; Sending ack to ril.cpp [SUB1]
01-15 23:32:39.960  2492  2598 D RILJ    : [UNSL]< UNSOL_RESPONSE_RADIO_STATE_CHANGED radioStateChanged: 1 [SUB1]
01-15 23:32:39.960  2492  2598 D RILJ    : [0023]< RADIO_POWER  [SUB0]
01-15 23:32:39.961  1573  1695 D RILC    : radioStateChangedInd: radioState 10
01-15 23:32:39.967  2492  2598 D RILJ    : Unsol response received; Sending ack to ril.cpp [SUB0]
01-15 23:32:39.967  2492  2598 D RILJ    : [UNSL]< UNSOL_RESPONSE_RADIO_STATE_CHANGED radioStateChanged: 1 [SUB0]
01-15 23:32:39.967  2492  2598 D RILJ    : [UNSL]< UNSOL_RESPONSE_NETWORK_STATE_CHANGED [SUB1]
01-15 23:32:39.967  2492  2598 D RILJ    : [UNSL]< UNSOL_RESPONSE_NETWORK_STATE_CHANGED [SUB0]
01-15 23:32:39.971  2492  2492 D SST     : [1] updateSpnDisplay: updateSpnDisplay: changed sending intent, rule=2, showPlmn='true', plmn='', showSpn='false'
, spn='null', dataSpn='', subId='-1'
01-15 23:32:39.973  2492  2492 D SubscriptionManager: putPhoneIdAndSubIdExtra: no valid subs
01-15 23:32:39.978  2492  2492 D SubscriptionController: [setPlmnSpn] No valid subscription to store info
01-15 23:32:39.979  2492  2492 D SubscriptionController: notifySubscriptionInfoChanged:
01-15 23:32:39.994  2492  2492 D SST     : [1] updateSpnDisplayLegacy-
01-15 23:32:40.007  2492  2492 D SST     : [1] localeOperator null is invalid
01-15 23:32:40.010  2492  2492 D SST     : [1] Broadcasting ServiceState : {mVoiceRegState=3(POWER_OFF), mDataRegState=3(POWER_OFF), mChannelNumber=-1, duplexMode()
=0, mCellBandwidths=[], mVoiceOperatorAlphaLong=null, mVoiceOperatorAlphaShort=null, mDataOperatorAlphaLong=null, mDataOperatorAlphaShort=null, isManualNetworkSelec
tion=false(automatic), getRilVoiceRadioTechnology=0(Unknown), getRilDataRadioTechnology=0(Unknown), mCssIndicator=unsupported, mNetworkId=-1, mSystemId=-1, mCdmaRoa
mingIndicator=-1, mCdmaDefaultRoamingIndicator=-1, mIsEmergencyOnly=false, isUsingCarrierAggregation=false, mLteEarfcnRsrpBoost=0, mNetworkRegistrationInfos=[Networ
kRegistrationInfo{ domain=CS transportType=WWAN registrationState=UNKNOWN roamingType=NOT_ROAMING accessNetworkTechnology=UNKNOWN rejectCause=0 emergencyEnabled=fal
se availableServices=[] cellIdentity=null voiceSpecificInfo=null dataSpecificInfo=null nrState=NONE}, NetworkRegistrationInfo{ domain=PS transportType=WWAN registra
tionState=UNKNOWN roamingType=NOT_ROAMING accessNetworkTechnology=UNKNOWN rejectCause=0 emergencyEnabled=false availableServices=[] cellIdentity=null voiceSpecificI
nfo=null dataSpecificInfo=null nrState=NONE}], mNrFrequencyRange=-1, mOperatorAlphaLongRaw=null, mOperatorAlphaShortRaw=null, mIsIwlanPreferred=false}
01-15 23:32:40.010  2492  2492 D DefaultPhoneNotifier: nofityServiceState: mRegistry=com.android.internal.telephony.ITelephonyRegistry$Stub$Proxy@e31c964 ss={mVoice
RegState=3(POWER_OFF), mDataRegState=3(POWER_OFF), mChannelNumber=-1, duplexMode()=0, mCellBandwidths=[], mVoiceOperatorAlphaLong=null, mVoiceOperatorAlphaShort=nul
l, mDataOperatorAlphaLong=null, mDataOperatorAlphaShort=null, isManualNetworkSelection=false(automatic), getRilVoiceRadioTechnology=0(Unknown), getRilDataRadioTechn
ology=0(Unknown), mCssIndicator=unsupported, mNetworkId=-1, mSystemId=-1, mCdmaRoamingIndicator=-1, mCdmaDefaultRoamingIndicator=-1, mIsEmergencyOnly=false, isUsing
CarrierAggregation=false, mLteEarfcnRsrpBoost=0, mNetworkRegistrationInfos=[NetworkRegistrationInfo{ domain=CS transportType=WWAN registrationState=UNKNOWN roamingT
ype=NOT_ROAMING accessNetworkTechnology=UNKNOWN rejectCause=0 emergencyEnabled=false availableServices=[] cellIdentity=null voiceSpecificInfo=null dataSpecificInfo=
null nrState=NONE}, NetworkRegistrationInfo{ domain=PS transportType=WWAN registrationState=UNKNOWN roamingType=NOT_ROAMING accessNetworkTechnology=UNKNOWN rejectCa
use=0 emergencyEnabled=false availableServices=[] cellIdentity=null voiceSpecificInfo=null dataSpecificInfo=null nrState=NONE}], mNrFrequencyRange=-1, mOperatorAlph
aLongRaw=null, mOperatorAlphaShortRaw=null, mIsIwlanPreferred=false} sender=Handler (com.qualcomm.qti.internal.telephony.QtiGsmCdmaPhone) {7e2ce1e} phondId=1 subId=
-1
01-15 23:32:40.013  1875  2194 D TelephonyRegistry: notifyServiceStateForSubscriber: INVALID phoneId=1 or subId=-1
01-15 23:32:40.016  2492  2492 D SubscriptionController: [getSlotIndex]- subId invalid
01-15 23:32:40.022  1875  2194 E PHONE   : ServiceState.getRadioTechnology() DEPRECATED will be removed *******
01-15 23:32:40.025  2492  2492 D SST     : [1] notifyVoiceRegStateRilRadioTechnologyChanged: vrs=3 rat=0
01-15 23:32:40.025  2492  2492 D SST     : [1] mDeviceShuttingDown=false, mDesiredPowerState=true, getRadioState=1, mPowerOffDelayNeed=true, mAlarmSwitch=false, mRa
dioDisabledByCarrier=false
01-15 23:32:40.025  2492  2492 D SST     : [1] pollState: modemTriggered=true
01-15 23:32:40.028  2492  2492 D RILJ    : [0058]> OPERATOR [SUB1]
01-15 23:32:40.028  2492  2492 E NRM-C-1 : service not connected. Domain = PS
01-15 23:32:40.028  2492  2492 E NRM-C-1 : service not connected. Domain = CS
01-15 23:32:40.029  2492  2492 D RILJ    : [0059]> QUERY_NETWORK_SELECTION_MODE [SUB1]
01-15 23:32:40.032  2492  2598 D RILJ    : [0058]< OPERATOR {, , } [SUB1]
01-15 23:32:40.035  2492  2598 D RILJ    : [0059]< QUERY_NETWORK_SELECTION_MODE {0} [SUB1]
01-15 23:32:40.041  2154  2154 I liblog  : 452
01-15 23:32:40.042  2492  2492 D SST     : [1] Not polling signal strength due to absence of SIM
01-15 23:32:40.042  2492  2492 I CSST    : PrefNetworkNotification: sendMessage() w/values: ,false,-1,false,true
01-15 23:32:40.043  2492  2492 I CSST    : canceling notifications: 1000
01-15 23:32:40.043  2492  2492 D Phone   : isWifiCallingEnabled =false
01-15 23:32:40.043  2492  2492 D CSST    : isPhoneRegisteredForWifiCalling: false
01-15 23:32:40.043  2154  2154 I liblog  : 191
01-15 23:32:40.043  2492  2492 D Phone   : isWifiCallingEnabled =false
01-15 23:32:40.043  2492  2492 I CSST    : EmergencyNetworkNotification: sendMessage() w/values: ,false,-1,false,true
01-15 23:32:40.043  2154  2279 I liblog  : 5
01-15 23:32:40.044  2154  2279 I liblog  : 5
01-15 23:32:40.044  2492  2492 I CSST    : canceling notifications: 1001
01-15 23:32:40.044  2492  2492 I CSST    : PrefNetworkNotification: sendMessage() w/values: ,false,-1,false,true
01-15 23:32:40.045  2492  2492 I CSST    : canceling notifications: 1000
01-15 23:32:40.045  2492  2492 D Phone   : isWifiCallingEnabled =false
01-15 23:32:40.045  2492  2492 D CSST    : isPhoneRegisteredForWifiCalling: false
01-15 23:32:40.045  2492  2492 D Phone   : isWifiCallingEnabled =false
01-15 23:32:40.045  2492  2492 I CSST    : EmergencyNetworkNotification: sendMessage() w/values: ,false,-1,false,true
01-15 23:32:40.046  2154  2741 I liblog  : 72
01-15 23:32:40.049  2492  2492 I CSST    : canceling notifications: 1001
01-15 23:32:40.056  2154  2741 I liblog  : 26
01-15 23:32:40.057  2154  2154 I liblog  : 2
01-15 23:32:40.070  2492  2492 D QtiDCT-C: [1]onDataEnabledChanged: enable=true, enabledChangedReason=0
01-15 23:32:40.070  2492  2492 D QtiDCT-C: [1]setupDataOnAllConnectableApns: dataEnabled emergency:[state=IDLE,enabled=false] mms:[state=IDLE,enabled=false] supl:[s
tate=IDLE,enabled=false] hipri:[state=IDLE,enabled=false] dun:[state=IDLE,enabled=false] fota:[state=IDLE,enabled=false] ims:[state=IDLE,enabled=false] default:[sta
te=IDLE,enabled=false] cbs:[state=IDLE,enabled=false]
01-15 23:32:40.071  2492  2492 D QtiDCT-C: [1]onDataEnabledOverrideRulesChanged
01-15 23:32:40.073  2492  2492 D QtiDCT-C: [1]isEmergency: result=false
01-15 23:32:40.074  2492  2492 D SubscriptionController: [getActiveSubscriptionInfo]- subId=-1 subList=[] subInfo=null
01-15 23:32:40.076  2492  2492 D QtiDCT-C: [1]isEmergency: result=false
01-15 23:32:40.079  2492  2492 D SubscriptionController: [getActiveSubscriptionInfo]- subId=-1 subList=[] subInfo=null
01-15 23:32:40.082  2492  2492 D QtiDCT-C: [1]isEmergency: result=false
01-15 23:32:40.084  2492  2492 D SubscriptionController: [getActiveSubscriptionInfo]- subId=-1 subList=[] subInfo=null
01-15 23:32:40.087  2492  2492 D QtiDCT-C: [1]isEmergency: result=false
01-15 23:32:40.094  2492  2492 D SubscriptionController: [getActiveSubscriptionInfo]- subId=-1 subList=[] subInfo=null
01-15 23:32:40.099  2492  2492 D QtiDCT-C: [1]isEmergency: result=false
01-15 23:32:40.110  2492  2492 D SubscriptionController: [getActiveSubscriptionInfo]- subId=-1 subList=[] subInfo=null
01-15 23:32:40.112  2492  2492 D QtiDCT-C: [1]isEmergency: result=false
01-15 23:32:40.118  2492  2492 D SubscriptionController: [getActiveSubscriptionInfo]- subId=-1 subList=[] subInfo=null
01-15 23:32:40.121  2492  2492 D QtiDCT-C: [1]isEmergency: result=false
01-15 23:32:40.123  2492  2492 D SubscriptionController: [getActiveSubscriptionInfo]- subId=-1 subList=[] subInfo=null
01-15 23:32:40.125  2492  2492 D QtiDCT-C: [1]isEmergency: result=false
01-15 23:32:40.126  2492  2492 D SubscriptionController: [getActiveSubscriptionInfo]- subId=-1 subList=[] subInfo=null
01-15 23:32:40.128  2492  2492 D QtiDCT-C: [1]isEmergency: result=false
01-15 23:32:40.132  2492  2492 D SubscriptionController: [getActiveSubscriptionInfo]- subId=-1 subList=[] subInfo=null
01-15 23:32:40.133  2492  2492 D QtiDCT-C: [1]onRadioAvailable
01-15 23:32:40.133  2492  2492 D QtiDCT-C: [1]onRadioOffOrNotAvailable: is off and clean up all connections
01-15 23:32:40.133  2492  2492 D QtiDCT-C: [1]cleanUpAllConnectionsInternal: detach=false reason=radioTurnedOff
01-15 23:32:40.135  2492  2492 D GsmCdmaPhone: [1] getDataConnectionState apnType=default ret=DISCONNECTED
01-15 23:32:40.140  2492  2492 D QtiDCT-C: [1]isEmergency: result=false
01-15 23:32:40.150  1875  2761 D TelephonyRegistry: onDataConnectionStateChanged(DISCONNECTED, UNKNOWN) subId=-1, phoneId=1
01-15 23:32:40.152  2492  2492 D QtiDCT-C: [1]cleanUpConnectionInternal: X detach=false reason=radioTurnedOff apnContext={mApnType=default mState=IDLE mWaitingApns=
{null} mApnSetting={null} mReason=radioTurnedOff mDataEnabled=false mDependencyMet=true} dc=null
01-15 23:32:40.152  2492  2492 D GsmCdmaPhone: [1] getDataConnectionState apnType=mms ret=DISCONNECTED
01-15 23:32:40.155  2492  2492 D QtiDCT-C: [1]isEmergency: result=false
01-15 23:32:40.158  2492  2492 D QtiDCT-C: [1]cleanUpConnectionInternal: X detach=false reason=radioTurnedOff apnContext={mApnType=mms mState=IDLE mWaitingApns={nul
l} mApnSetting={null} mReason=radioTurnedOff mDataEnabled=false mDependencyMet=true} dc=null
01-15 23:32:40.158  2492  2492 D GsmCdmaPhone: [1] getDataConnectionState apnType=cbs ret=DISCONNECTED
01-15 23:32:40.159  2492  2492 D QtiDCT-C: [1]isEmergency: result=false
01-15 23:32:40.160  1875  1875 I notification_cancel_all: [1002,2154,com.android.bluetooth,0,0,64,9,NULL]
01-15 23:32:40.162     0     0 I init    : Service 'bootanim' (pid 1075) exited with status 0
01-15 23:32:40.171  2492  2492 D QtiDCT-C: [1]cleanUpConnectionInternal: X detach=false reason=radioTurnedOff apnContext={mApnType=cbs mState=IDLE mWaitingApns={nul
l} mApnSetting={null} mReason=radioTurnedOff mDataEnabled=false mDependencyMet=true} dc=null
01-15 23:32:40.171  2492  2492 D GsmCdmaPhone: [1] getDataConnectionState apnType=fota ret=DISCONNECTED
01-15 23:32:40.172  2492  2492 D QtiDCT-C: [1]isEmergency: result=false
01-15 23:32:40.173  2154  2818 D BluetoothSdpJni: SDP Create record success - handle: 0
01-15 23:32:40.174  2154  2822 D ObexServerSockets0: Accepting socket connection...
01-15 23:32:40.175  2492  2492 D QtiDCT-C: [1]cleanUpConnectionInternal: X detach=false reason=radioTurnedOff apnContext={mApnType=fota mState=IDLE mWaitingApns={nu
ll} mApnSetting={null} mReason=radioTurnedOff mDataEnabled=false mDependencyMet=true} dc=null
01-15 23:32:40.175  2492  2492 D GsmCdmaPhone: [1] getDataConnectionState apnType=supl ret=DISCONNECTED
01-15 23:32:40.176   756  2736 I vendor.qti.bluetooth@1.0-ibs_handler: ProcessIbsCmd: Received IBS_WAKE_IND: 0xFD
01-15 23:32:40.176   756  2736 I vendor.qti.bluetooth@1.0-ibs_handler: ProcessIbsCmd: Writing IBS_WAKE_ACK
01-15 23:32:40.177  2492  2492 D QtiDCT-C: [1]isEmergency: result=false
01-15 23:32:40.179  2154  2823 D ObexServerSockets0: Accepting socket connection...
01-15 23:32:40.180  2492  2492 D QtiDCT-C: [1]cleanUpConnectionInternal: X detach=false reason=radioTurnedOff apnContext={mApnType=supl mState=IDLE mWaitingApns={nu
ll} mApnSetting={null} mReason=radioTurnedOff mDataEnabled=false mDependencyMet=true} dc=null
01-15 23:32:40.180  2492  2492 D GsmCdmaPhone: [1] getDataConnectionState apnType=emergency ret=DISCONNECTED
01-15 23:32:40.181  2492  2492 D QtiDCT-C: [1]isEmergency: result=false
01-15 23:32:40.181  2154  2154 D BluetoothPbapService: setBluetoothPbapService(): set to: com.android.bluetooth.pbap.BluetoothPbapService@b9dcee1
01-15 23:32:40.182  2154  2154 D BluetoothPbapService:  profile started successfully
01-15 23:32:40.182  2154  2154 D HeadsetPhoneState: sendDeviceStateChanged. mService=0 mIsSimStateLoaded=false mSignal=0 mRoam=0 mBatteryCharge=3
01-15 23:32:40.184  2492  2492 D QtiDCT-C: [1]cleanUpConnectionInternal: X detach=false reason=radioTurnedOff apnContext={mApnType=emergency mState=IDLE mWaitingApn
s={null} mApnSetting={null} mReason=radioTurnedOff mDataEnabled=false mDependencyMet=true} dc=null
01-15 23:32:40.184  2492  2492 D GsmCdmaPhone: [1] getDataConnectionState apnType=dun ret=DISCONNECTED
01-15 23:32:40.185  2154  2154 D BluetoothMediaBrowserService: onCreate
01-15 23:32:40.185  2492  2492 D QtiDCT-C: [1]isEmergency: result=false
01-15 23:32:40.186  2492  2803 I chatty  : uid=1001(radio) Binder:2492_7 expire 3 lines
01-15 23:32:40.187  2492  2492 D QtiDCT-C: [1]cleanUpConnectionInternal: X detach=false reason=radioTurnedOff apnContext={mApnType=dun mState=IDLE mWaitingApns={nul
l} mApnSetting={null} mReason=radioTurnedOff mDataEnabled=false mDependencyMet=true} dc=null
01-15 23:32:40.187  2492  2492 D GsmCdmaPhone: [1] getDataConnectionState apnType=hipri ret=DISCONNECTED
01-15 23:32:40.188  1875  2824 I chatty  : uid=1000 system_server expire 2 lines
01-15 23:32:40.188  2154  2798 V Avrcp_ext: updateCurrentMediaState: mMediaController: null
01-15 23:32:40.188  1389  2817 I OMXMaster: makeComponentInstance(OMX.google.vorbis.decoder) in android.hardwar process
01-15 23:32:40.189  2492  2492 D QtiDCT-C: [1]isEmergency: result=false
01-15 23:32:40.189  2154  2798 V Avrcp_ext: isMusicActive: false getBluetoothPlayState: 2
01-15 23:32:40.189  2154  2798 V Avrcp_ext: updateCurrentMediaState: isPlaying = false
01-15 23:32:40.189  2154  2798 V Avrcp_ext: updateCurrentMediaState: mMediaController or getPlaybackState() null
01-15 23:32:40.189  2154  2798 V Avrcp_ext: Media update: id -1-1? [MediaAttributes: none] : [MediaAttributes: none]
01-15 23:32:40.189  2154  2798 V Avrcp_ext: newPlayStatus:2mReportedPlayStatus:-1
01-15 23:32:40.189  2154  2798 V Avrcp_ext: updatePlaybackState, state: PlaybackState {state=2, position=-1, buffered position=0, speed=0.0, updated=64728, actions=
0, custom actions=[], active item id=-1, error=null} device: null
01-15 23:32:40.189  2154  2798 V Avrcp_ext: Device: no name:
01-15 23:32:40.189  2154  2798 I chatty  : uid=1002(bluetooth) BluetoothAvrcpH identical 3 lines
01-15 23:32:40.189  2154  2798 V Avrcp_ext: Device: no name:
01-15 23:32:40.190  2154  2798 V Avrcp_ext: updatePlayerStateAndPosition, old=PlaybackState {state=2, position=-1, buffered position=0, speed=0.0, updated=64476, ac
tions=0, custom actions=[], active item id=-1, error=null}, state=PlaybackState {state=2, position=-1, buffered position=0, speed=0.0, updated=64728, actions=0, cus
tom actions=[], active item id=-1, error=null}
