01-15 23:38:27.659  1869  1869 D BluetoothManagerService: Bluetooth Adapter address changed to 22:22:F5:F1:80:FC
01-15 23:38:27.659  1869  1869 D BluetoothManagerService: Stored Bluetoothaddress: 22:22:F5:F1:80:FC
01-15 23:38:27.670  1606  1694 I chatty  : uid=1001(radio) DispatcherModul expire 2 lines
01-15 23:38:27.675  1648  1693 I chatty  : uid=1001(radio) DispatcherModul expire 4 lines
01-15 23:38:27.680  1869  1915 D BluetoothManagerService: MESSAGE_BLUETOOTH_STATE_CHANGE: BLE_TURNING_ON > BLE_ON
01-15 23:38:27.680  1869  1915 D BluetoothManagerService: Bluetooth is in LE only mode
01-15 23:38:27.680  1869  1915 D BluetoothManagerService: Binding Bluetooth GATT service
01-15 23:38:27.690  1869  1915 D BluetoothManagerService: Sending BLE State Change: BLE_TURNING_ON > BLE_ON
01-15 23:38:27.702  1869  1869 D BluetoothManagerService: BluetoothServiceConnection: com.android.bluetooth.gatt.GattService
01-15 23:38:27.706  1869  1915 D BluetoothManagerService: MESSAGE_BLUETOOTH_SERVICE_CONNECTED: 2
01-15 23:38:27.706  1869  1915 D BluetoothManagerService: continueFromBleOnState()
01-15 23:38:27.715  1869  1925 W ActivityManager: Slow operation: 84ms so far, now at startProcess: returned from zygote!
01-15 23:38:27.715  1869  1925 W ActivityManager: Slow operation: 84ms so far, now at startProcess: done updating battery stats
01-15 23:38:27.715  1869  1925 I am_proc_start: [0,2768,10052,com.android.cellbroadcastreceiver,broadcast,{com.android.cellbroadcastreceiver/com.android.cellbroadca
streceiver.CellBroadcastReceiver}]
01-15 23:38:27.715  1869  1925 W ActivityManager: Slow operation: 85ms so far, now at startProcess: building log message
01-15 23:38:27.715  1869  1925 I ActivityManager: Start proc 2768:com.android.cellbroadcastreceiver/u0a52 for broadcast {com.android.cellbroadcastreceiver/com.andro
id.cellbroadcastreceiver.CellBroadcastReceiver}
01-15 23:38:27.716  1869  1925 W ActivityManager: Slow operation: 85ms so far, now at startProcess: starting to update pids map
01-15 23:38:27.716  1869  1925 W ActivityManager: Slow operation: 85ms so far, now at startProcess: done updating pids map
01-15 23:38:27.728  1869  1915 D BluetoothManagerService: Persisting Bluetooth Setting: 1
01-15 23:38:27.728  1869  1915 D BluetoothManagerService: MESSAGE_BLUETOOTH_STATE_CHANGE: BLE_ON > TURNING_ON
01-15 23:38:27.728  1869  1915 D BluetoothManagerService: Sending BLE State Change: BLE_ON > TURNING_ON
01-15 23:38:27.731  2497  2497 I chatty  : uid=1001(radio) com.android.phone expire 134 lines
01-15 23:38:27.733  2497  2601 I chatty  : uid=1001(radio) HwBinder:2497_1 expire 48 lines
01-15 23:38:27.738  1606  1694 I chatty  : uid=1001(radio) DispatcherModul expire 3 lines
01-15 23:38:27.762  2497  2497 I service_manager_stats: [100,112,64956]
01-15 23:38:27.791  2497  2497 I service_manager_slow: [12,carrier_config]
01-15 23:38:27.801  1869  1901 D TelephonyRegistry: onDataConnectionStateChanged(DISCONNECTED, UNKNOWN) subId=-1, phoneId=0
01-15 23:38:27.850  1869  2342 I am_proc_bound: [0,2768,com.android.cellbroadcastreceiver]
01-15 23:38:27.910     0     0 I init    : Service 'bootanim' (pid 1075) exited with status 0
01-15 23:38:27.953  1648  1806 I chatty  : uid=1001(radio) HwBinder:1648_1 expire 1 line
01-15 23:38:27.954  2497  2497 I gsm_service_state_change: [1,1,3,3]
01-15 23:38:27.983  1869  1901 D TelephonyRegistry: notifyServiceStateForSubscriber: INVALID phoneId=1 or subId=-1
01-15 23:38:27.990  2140  2140 I liblog  : 4
01-15 23:38:27.990  2140  2140 I liblog  : 25
01-15 23:38:27.991  2140  2277 I liblog  : 27
01-15 23:38:27.991  2140  2140 I liblog  : 5
01-15 23:38:27.993  1869  1901 E PHONE   : ServiceState.getRadioTechnology() DEPRECATED will be removed *******
01-15 23:38:28.004  2140  2140 I liblog  : 540
01-15 23:38:28.004  2140  2807 I liblog  : 4
01-15 23:38:28.005  2140  2807 I liblog  : 1
01-15 23:38:28.005  2140  2140 I liblog  : 1
01-15 23:38:28.010  2140  2742 I liblog  : 1
01-15 23:38:28.010  2140  2742 I chatty  : uid=1002(bluetooth) btu message loo identical 2 lines
01-15 23:38:28.010  2140  2742 I liblog  : 3
01-15 23:38:28.010  2140  2277 I liblog  : 4
01-15 23:38:28.011  2140  2277 I liblog  : 3
01-15 23:38:28.012  2497  2497 I CSST    : canceling notifications: 1000
01-15 23:38:28.012  2497  2497 D Phone   : isWifiCallingEnabled =false
01-15 23:38:28.012  2497  2497 D CSST    : isPhoneRegisteredForWifiCalling: false
01-15 23:38:28.012  2497  2497 D Phone   : isWifiCallingEnabled =false
01-15 23:38:28.013  2497  2497 I CSST    : EmergencyNetworkNotification: sendMessage() w/values: ,false,-1,false,true
01-15 23:38:28.013  2497  2497 I CSST    : canceling notifications: 1001
01-15 23:38:28.013  2497  2497 I CSST    : PrefNetworkNotification: sendMessage() w/values: ,false,-1,false,true
01-15 23:38:28.014  2497  2497 I CSST    : canceling notifications: 1000
01-15 23:38:28.014  2497  2497 D Phone   : isWifiCallingEnabled =false
01-15 23:38:28.014  2497  2497 D CSST    : isPhoneRegisteredForWifiCalling: false
01-15 23:38:28.014  2497  2497 D Phone   : isWifiCallingEnabled =false
01-15 23:38:28.014  2497  2497 I CSST    : EmergencyNetworkNotification: sendMessage() w/values: ,false,-1,false,true
01-15 23:38:28.014  2497  2601 D RILJ    : [0059]< QUERY_NETWORK_SELECTION_MODE {0} [SUB1]
01-15 23:38:28.015  2497  2497 I CSST    : canceling notifications: 1001
01-15 23:38:28.029  2497  2497 D QtiDCT-C: [1]onDataEnabledChanged: enable=true, enabledChangedReason=0
01-15 23:38:28.029  2497  2497 D QtiDCT-C: [1]setupDataOnAllConnectableApns: dataEnabled emergency:[state=IDLE,enabled=false] mms:[state=IDLE,enabled=false] supl:[s
tate=IDLE,enabled=false] hipri:[state=IDLE,enabled=false] dun:[state=IDLE,enabled=false] fota:[state=IDLE,enabled=false] ims:[state=IDLE,enabled=false] default:[sta
te=IDLE,enabled=false] cbs:[state=IDLE,enabled=false]
01-15 23:38:28.029  2497  2497 D QtiDCT-C: [1]onDataEnabledOverrideRulesChanged
01-15 23:38:28.031  2497  2497 D QtiDCT-C: [1]isEmergency: result=false
01-15 23:38:28.033  2497  2497 D SubscriptionController: [getActiveSubscriptionInfo]- subId=-1 subList=[] subInfo=null
01-15 23:38:28.035  2497  2497 D QtiDCT-C: [1]isEmergency: result=false
01-15 23:38:28.037  2497  2497 D SubscriptionController: [getActiveSubscriptionInfo]- subId=-1 subList=[] subInfo=null
01-15 23:38:28.043  2497  2497 D QtiDCT-C: [1]isEmergency: result=false
01-15 23:38:28.046  2497  2497 D SubscriptionController: [getActiveSubscriptionInfo]- subId=-1 subList=[] subInfo=null
01-15 23:38:28.048  2497  2497 D QtiDCT-C: [1]isEmergency: result=false
01-15 23:38:28.049  2497  2497 D SubscriptionController: [getActiveSubscriptionInfo]- subId=-1 subList=[] subInfo=null
01-15 23:38:28.051  2497  2497 D QtiDCT-C: [1]isEmergency: result=false
01-15 23:38:28.053  2497  2497 D SubscriptionController: [getActiveSubscriptionInfo]- subId=-1 subList=[] subInfo=null
01-15 23:38:28.057  2497  2497 D QtiDCT-C: [1]isEmergency: result=false
01-15 23:38:28.058  2497  2497 D SubscriptionController: [getActiveSubscriptionInfo]- subId=-1 subList=[] subInfo=null
01-15 23:38:28.060  2497  2497 D QtiDCT-C: [1]isEmergency: result=false
01-15 23:38:28.061  2497  2497 D SubscriptionController: [getActiveSubscriptionInfo]- subId=-1 subList=[] subInfo=null
01-15 23:38:28.062  2497  2497 D QtiDCT-C: [1]isEmergency: result=false
01-15 23:38:28.063  2497  2497 D SubscriptionController: [getActiveSubscriptionInfo]- subId=-1 subList=[] subInfo=null
01-15 23:38:28.066  2497  2497 D QtiDCT-C: [1]isEmergency: result=false
01-15 23:38:28.067  2497  2497 D SubscriptionController: [getActiveSubscriptionInfo]- subId=-1 subList=[] subInfo=null
01-15 23:38:28.067  2497  2497 D QtiDCT-C: [1]onRadioAvailable
01-15 23:38:28.067  2497  2497 D QtiDCT-C: [1]onRadioOffOrNotAvailable: is off and clean up all connections
01-15 23:38:28.067  2497  2497 D QtiDCT-C: [1]cleanUpAllConnectionsInternal: detach=false reason=radioTurnedOff
01-15 23:38:28.068  2497  2497 D GsmCdmaPhone: [1] getDataConnectionState apnType=default ret=DISCONNECTED
01-15 23:38:28.069  2497  2497 D QtiDCT-C: [1]isEmergency: result=false
01-15 23:38:28.073  1869  2342 D TelephonyRegistry: onDataConnectionStateChanged(DISCONNECTED, UNKNOWN) subId=-1, phoneId=1
01-15 23:38:28.074  2497  2497 D QtiDCT-C: [1]cleanUpConnectionInternal: X detach=false reason=radioTurnedOff apnContext={mApnType=default mState=IDLE mWaitingApns=
{null} mApnSetting={null} mReason=radioTurnedOff mDataEnabled=false mDependencyMet=true} dc=null
01-15 23:38:28.074  2497  2497 D GsmCdmaPhone: [1] getDataConnectionState apnType=mms ret=DISCONNECTED
01-15 23:38:28.075  1869  1869 I notification_cancel_all: [1002,2140,com.android.bluetooth,0,0,64,9,NULL]
01-15 23:38:28.081  2497  2497 D QtiDCT-C: [1]isEmergency: result=false
01-15 23:38:28.082  2497  2497 D QtiDCT-C: [1]cleanUpConnectionInternal: X detach=false reason=radioTurnedOff apnContext={mApnType=mms mState=IDLE mWaitingApns={nul
l} mApnSetting={null} mReason=radioTurnedOff mDataEnabled=false mDependencyMet=true} dc=null
01-15 23:38:28.083  2497  2497 D GsmCdmaPhone: [1] getDataConnectionState apnType=cbs ret=DISCONNECTED
01-15 23:38:28.084  2497  2497 D QtiDCT-C: [1]isEmergency: result=false
01-15 23:38:28.085  2497  2497 D QtiDCT-C: [1]cleanUpConnectionInternal: X detach=false reason=radioTurnedOff apnContext={mApnType=cbs mState=IDLE mWaitingApns={nul
l} mApnSetting={null} mReason=radioTurnedOff mDataEnabled=false mDependencyMet=true} dc=null
01-15 23:38:28.086  2497  2497 D GsmCdmaPhone: [1] getDataConnectionState apnType=fota ret=DISCONNECTED
01-15 23:38:28.087  2497  2497 D QtiDCT-C: [1]isEmergency: result=false
01-15 23:38:28.088  1869  1916 I WindowManager: ******* TELLING SURFACE FLINGER WE ARE BOOTED!
01-15 23:38:28.089  2497  2497 D QtiDCT-C: [1]cleanUpConnectionInternal: X detach=false reason=radioTurnedOff apnContext={mApnType=fota mState=IDLE mWaitingApns={nu
ll} mApnSetting={null} mReason=radioTurnedOff mDataEnabled=false mDependencyMet=true} dc=null
01-15 23:38:28.089  2497  2497 D GsmCdmaPhone: [1] getDataConnectionState apnType=supl ret=DISCONNECTED
01-15 23:38:28.091  2497  2497 D QtiDCT-C: [1]isEmergency: result=false
01-15 23:38:28.092   814  2751 I sf_stop_bootanim: 65287
01-15 23:38:28.095  1869  1916 I wm_boot_animation_done: 65289
01-15 23:38:28.099  2497  2497 D QtiDCT-C: [1]cleanUpConnectionInternal: X detach=false reason=radioTurnedOff apnContext={mApnType=supl mState=IDLE mWaitingApns={nu
ll} mApnSetting={null} mReason=radioTurnedOff mDataEnabled=false mDependencyMet=true} dc=null
01-15 23:38:28.099  2497  2497 D GsmCdmaPhone: [1] getDataConnectionState apnType=emergency ret=DISCONNECTED
01-15 23:38:28.102  2497  2497 D QtiDCT-C: [1]isEmergency: result=false
01-15 23:38:28.102  1869  1916 I ActivityManager: About to commit checkpoint
01-15 23:38:28.103  1869  1916 I SystemServiceManager: Starting phase 1000
01-15 23:38:28.104  2497  2497 D QtiDCT-C: [1]cleanUpConnectionInternal: X detach=false reason=radioTurnedOff apnContext={mApnType=emergency mState=IDLE mWaitingApn
s={null} mApnSetting={null} mReason=radioTurnedOff mDataEnabled=false mDependencyMet=true} dc=null
01-15 23:38:28.104  2497  2497 D GsmCdmaPhone: [1] getDataConnectionState apnType=dun ret=DISCONNECTED
01-15 23:38:28.105  1869  1937 V DisplayPowerController: Brightness [102] reason changing to: 'manual', previous reason: 'override'.
01-15 23:38:28.105  2497  2497 D QtiDCT-C: [1]isEmergency: result=false
01-15 23:38:28.106  1869  1916 D TestHarnessModeService: Completing Test Harness Mode setup.
01-15 23:38:28.106  1869  2059 D StorageManagerService: Thinking about init, mBootCompleted=true, mDaemonConnected=true
01-15 23:38:28.106  1869  2059 D StorageManagerService: Setting up emulation state, initlocked=false
01-15 23:38:28.107   615   668 D vold    : fscrypt_unlock_user_key 0 serial=0 token_present=0
01-15 23:38:28.109  1869  2059 D StorageManagerService: Thinking about reset, mBootCompleted=true, mDaemonConnected=true
01-15 23:38:28.110  1869  2054 V StorageManagerService: Found primary storage at VolumeInfo{emulated}:
01-15 23:38:28.110  1869  2054 V StorageManagerService:     type=EMULATED diskId=null partGuid= mountFlags=0 mountUserId=-10000
01-15 23:38:28.110  1869  2054 V StorageManagerService:     state=UNMOUNTED
01-15 23:38:28.110  1869  2054 V StorageManagerService:     fsType=null fsUuid=null fsLabel=null
01-15 23:38:28.110  1869  2054 V StorageManagerService:     path=null internalPath=null
01-15 23:38:28.111  1869  1924 I ActivityManager: Force stopping com.android.providers.media appid=10044 user=-1: vold reset
01-15 23:38:28.126  2497  2497 D QtiDCT-C: [1]cleanUpConnectionInternal: X detach=false reason=radioTurnedOff apnContext={mApnType=dun mState=IDLE mWaitingApns={nul
l} mApnSetting={null} mReason=radioTurnedOff mDataEnabled=false mDependencyMet=true} dc=null
01-15 23:38:28.126  2497  2497 D GsmCdmaPhone: [1] getDataConnectionState apnType=hipri ret=DISCONNECTED
01-15 23:38:28.129  1869  1913 I UsbDeviceManager: Setting USB config to diag,serial_cdev,rmnet,adb
01-15 23:38:28.131   615   668 D vold    : Waiting for FUSE to spin up...
01-15 23:38:28.134  1869  1916 D ActivityManager: Finishing user boot 0
01-15 23:38:28.134  1869  1916 I ActivityManager: User 0 state changed from BOOTING to RUNNING_LOCKED
01-15 23:38:28.134  1869  1916 I am_user_state_changed: [0,1]
01-15 23:38:28.134  1869  1916 I sysui_multi_action: [757,804,799,framework_locked_boot_completed,801,65,802,1]
01-15 23:38:28.135  2497  2497 D QtiDCT-C: [1]isEmergency: result=false
01-15 23:38:28.138  1869  1915 D BluetoothManagerService: MESSAGE_BLUETOOTH_STATE_CHANGE: TURNING_ON > ON
01-15 23:38:28.138  1869  1915 D BluetoothManagerService: Broadcasting onBluetoothStateChange(true) to 5 receivers.
01-15 23:38:28.139  1869  1916 D StorageManagerService: unlockUserKey: 0
01-15 23:38:28.139  1869  1916 D ActivityManager: Started unlocking user 0
01-15 23:38:28.139  1869  1916 D ActivityManager: Unlocking user 0 progress 0
01-15 23:38:28.139  1869  1916 D ActivityManager: Unlocking user 0 progress 5
01-15 23:38:28.141  2497  2497 D QtiDCT-C: [1]cleanUpConnectionInternal: X detach=false reason=radioTurnedOff apnContext={mApnType=hipri mState=IDLE mWaitingApns={n
ull} mApnSetting={null} mReason=radioTurnedOff mDataEnabled=false mDependencyMet=true} dc=null
01-15 23:38:28.141  2497  2497 D GsmCdmaPhone: [1] getDataConnectionState apnType=ims ret=DISCONNECTED
01-15 23:38:28.142     0     0 I init    : processing action (sys.usb.config=none && sys.usb.configfs=1) from (/vendor/etc/init/hw/init.msm.usb.configfs.rc:30)
01-15 23:38:28.142  1869  1924 I am_uid_running: 10109
01-15 23:38:28.142     0     0 E configfs-gadget gadget: unbind function 'Function FS Gadget'/ffffffc36590ac38
01-15 23:38:28.143  1869  1915 D BluetoothManagerService: Creating new ProfileServiceConnections object for profile: 1
01-15 23:38:28.146  1869  1916 D ColorDisplayService: setUp: currentUser=0
01-15 23:38:28.147     0     0 I init    : processing action (sys.usb.config=none && sys.usb.configfs=1) from (/init.usb.configfs.rc:1)
01-15 23:38:28.147  2497  2497 D QtiDCT-C: [1]isEmergency: result=false
01-15 23:38:28.147     0     0 I init    : Command 'write /config/usb_gadget/g1/UDC none' action=sys.usb.config=none && sys.usb.configfs=1 (/init.usb.configfs.rc:2)
 took 0ms and failed: Unable to write to file '/config/usb_gadget/g1/UDC': Unable to write file contents: No such device
01-15 23:38:28.148     0     0 I init    : Sending signal 9 to service 'adbd' (pid 936) process group...
01-15 23:38:28.149  1869  1916 D ColorDisplayService: onNightDisplayAutoModeChanged: autoMode=0
01-15 23:38:28.150  1869  1915 W BluetoothManagerService: psc is not null in bindBluetoothProfileService
01-15 23:38:28.150  1869  1916 I ColorDisplayService: Turning off night display
01-15 23:38:28.151  1869  1915 W BluetoothManagerService: psc is not null in bindBluetoothProfileService
01-15 23:38:28.151  1869  1915 D BluetoothManagerService: Sending BLE State Change: TURNING_ON > ON
01-15 23:38:28.153  1869  2342 W BluetoothManagerService: psc is not null in bindBluetoothProfileService
01-15 23:38:28.154  1869  1915 I DropBoxManagerService: add tag=system_server_strictmode isTagEnabled=true flags=0x2
01-15 23:38:28.154  1869  1869 W Telecom : BluetoothPhoneService: Calling get Profile proxy
01-15 23:38:28.155  2497  2497 D QtiDCT-C: [1]cleanUpConnectionInternal: X detach=false reason=radioTurnedOff apnContext={mApnType=ims mState=IDLE mWaitingApns={nul
l} mApnSetting={null} mReason=radioTurnedOff mDataEnabled=false mDependencyMet=true} dc=null
01-15 23:38:28.155  2497  2497 D QtiDCT-C: [1]stopNetStatPoll
01-15 23:38:28.156  2497  2497 D QtiDCT-C: [1]cleanUpAllConnectionsInternal: mDisconnectPendingCount = 0
01-15 23:38:28.156  2497  2497 D QtiDCT-C: [1]onDataConnectionDetached: stop polling and notify detached
01-15 23:38:28.156  2497  2497 D QtiDCT-C: [1]stopNetStatPoll
01-15 23:38:28.156  1869  1869 W BluetoothManagerService: psc is not null in bindBluetoothProfileService
01-15 23:38:28.157  1869  1869 W Telecom : BluetoothPhoneService: Done Calling get Profile proxy
01-15 23:38:28.157  1869  1869 I Telecom : BluetoothPhoneService: queryPhoneState: BPSI.qPS@AAg
01-15 23:38:28.160  2497  2497 D QtiDCT-C: [1]get all active apn types
01-15 23:38:28.160  2497  2497 D QtiDCT-C: [1]onDataRoamingOff
01-15 23:38:28.161  2497  2497 D QtiDCT-C: [1]get all active apn types
01-15 23:38:28.161  2497  2497 D QtiDCT-C: [1]Data RAT is unknown or no change, mCurrentDataRat=0
01-15 23:38:28.161  2497  2497 D CarrierResolver: handleMessage: 2
01-15 23:38:28.165  2497  2497 D RILJ    : [0060]> RIL_REQUEST_SEND_DEVICE_STATE 1:false [SUB1]
01-15 23:38:28.167  2497  2601 D RILJ    : [0060]< RIL_REQUEST_SEND_DEVICE_STATE  [SUB1]
01-15 23:38:28.168  2497  2497 D RILJ    : [0061]> RIL_REQUEST_SEND_DEVICE_STATE 2:false [SUB1]
01-15 23:38:28.170  2497  2601 D RILJ    : [0061]< RIL_REQUEST_SEND_DEVICE_STATE  [SUB1]
01-15 23:38:28.170  1869  1915 I DropBoxManagerService: add tag=system_server_strictmode isTagEnabled=true flags=0x2
01-15 23:38:28.170  2497  2497 D RILJ    : [0062]> RIL_REQUEST_SEND_DEVICE_STATE 0:false [SUB1]
01-15 23:38:28.171  2497  2601 D RILJ    : [0062]< RIL_REQUEST_SEND_DEVICE_STATE  [SUB1]
01-15 23:38:28.172  2497  2497 D RILJ    : [0063]> RIL_REQUEST_SET_UNSOLICITED_RESPONSE_FILTER -1 [SUB1]
01-15 23:38:28.174  2497  2497 D RILJ    : [0064]> RIL_REQUEST_SET_SIGNAL_STRENGTH_REPORTING_CRITERIA [SUB1]
01-15 23:38:28.176  2497  2497 D RILJ    : [0065]> RIL_REQUEST_SET_SIGNAL_STRENGTH_REPORTING_CRITERIA [SUB1]
01-15 23:38:28.178  2497  2497 D RILJ    : [0066]> RIL_REQUEST_SET_SIGNAL_STRENGTH_REPORTING_CRITERIA [SUB1]
01-15 23:38:28.179  2497  2497 D RILJ    : [0067]> RIL_REQUEST_SET_SIGNAL_STRENGTH_REPORTING_CRITERIA [SUB1]
01-15 23:38:28.180  2497  2497 D RILJ    : [0068]> RIL_REQUEST_SET_LINK_CAPACITY_REPORTING_CRITERIA [SUB1]
01-15 23:38:28.182   615   668 D vold    : Waiting for FUSE to spin up...
01-15 23:38:28.182  2497  2497 D RILJ    : [0069]> RIL_REQUEST_SET_LINK_CAPACITY_REPORTING_CRITERIA [SUB1]
01-15 23:38:28.184  2497  2497 D RILJ    : [0070]> RIL_REQUEST_SET_LINK_CAPACITY_REPORTING_CRITERIA [SUB1]
01-15 23:38:28.184  2497  2601 D RILJ    : [0064]< RIL_REQUEST_SET_SIGNAL_STRENGTH_REPORTING_CRITERIA  [SUB1]
01-15 23:38:28.186  2497  2497 D RILJ    : [0071]> RIL_REQUEST_SET_LINK_CAPACITY_REPORTING_CRITERIA [SUB1]
01-15 23:38:28.186  2140  2821 E ActivityThread: Failed to find provider info for com.android.contacts
01-15 23:38:28.186  2497  2601 D RILJ    : [0065]< RIL_REQUEST_SET_SIGNAL_STRENGTH_REPORTING_CRITERIA  [SUB1]
01-15 23:38:28.187  2497  2601 D RILJ    : [0066]< RIL_REQUEST_SET_SIGNAL_STRENGTH_REPORTING_CRITERIA  [SUB1]
01-15 23:38:28.189  2497  2497 D RILJ    : [0072]> RIL_REQUEST_SEND_DEVICE_STATE 1:false [SUB1]
01-15 23:38:28.189  2497  2601 D RILJ    : [0068]< RIL_REQUEST_SET_LINK_CAPACITY_REPORTING_CRITERIA error 6 [SUB1]
01-15 23:38:28.190  2497  2601 D RilRequest: [0068]< RIL_REQUEST_SET_LINK_CAPACITY_REPORTING_CRITERIA error: com.android.internal.telephony.CommandException: REQUES
T_NOT_SUPPORTED ret=
01-15 23:38:28.191  2497  2601 D RILJ    : [0063]< RIL_REQUEST_SET_UNSOLICITED_RESPONSE_FILTER  [SUB1]
01-15 23:38:28.191  2497  2497 D RILJ    : [0073]> RIL_REQUEST_SEND_DEVICE_STATE 2:false [SUB1]
01-15 23:38:28.191  2497  2601 D RILJ    : [0069]< RIL_REQUEST_SET_LINK_CAPACITY_REPORTING_CRITERIA  [SUB1]
01-15 23:38:28.192  2497  2601 D RILJ    : [0067]< RIL_REQUEST_SET_SIGNAL_STRENGTH_REPORTING_CRITERIA  [SUB1]
01-15 23:38:28.193  2497  2497 D RILJ    : [0074]> RIL_REQUEST_SEND_DEVICE_STATE 0:false [SUB1]
01-15 23:38:28.193  2497  2601 D RILJ    : [0072]< RIL_REQUEST_SEND_DEVICE_STATE  [SUB1]
01-15 23:38:28.193  2497  2601 D RILJ    : [0073]< RIL_REQUEST_SEND_DEVICE_STATE  [SUB1]
01-15 23:38:28.193  2497  2601 D RILJ    : [0070]< RIL_REQUEST_SET_LINK_CAPACITY_REPORTING_CRITERIA  [SUB1]
01-15 23:38:28.195  2497  2497 D RILJ    : [0075]> RIL_REQUEST_SET_UNSOLICITED_RESPONSE_FILTER -1 [SUB1]
01-15 23:38:28.196  2497  2601 D RILJ    : [0071]< RIL_REQUEST_SET_LINK_CAPACITY_REPORTING_CRITERIA error 6 [SUB1]
01-15 23:38:28.196  2497  2601 D RilRequest: [0071]< RIL_REQUEST_SET_LINK_CAPACITY_REPORTING_CRITERIA error: com.android.internal.telephony.CommandException: REQUES
T_NOT_SUPPORTED ret=
01-15 23:38:28.196  2497  2601 D RILJ    : [0074]< RIL_REQUEST_SEND_DEVICE_STATE  [SUB1]
01-15 23:38:28.197  2497  2497 D RILJ    : [0076]> RIL_REQUEST_SET_SIGNAL_STRENGTH_REPORTING_CRITERIA [SUB1]
01-15 23:38:28.197  1869  1915 I DropBoxManagerService: add tag=system_server_strictmode isTagEnabled=true flags=0x2
01-15 23:38:28.199  2497  2497 D RILJ    : [0077]> RIL_REQUEST_SET_SIGNAL_STRENGTH_REPORTING_CRITERIA [SUB1]
01-15 23:38:28.201  2497  2497 D RILJ    : [0078]> RIL_REQUEST_SET_SIGNAL_STRENGTH_REPORTING_CRITERIA [SUB1]
01-15 23:38:28.201  2497  2601 D RILJ    : [0075]< RIL_REQUEST_SET_UNSOLICITED_RESPONSE_FILTER  [SUB1]
01-15 23:38:28.202  1869  1925 W ActivityManager: Slow operation: 60ms so far, now at startProcess: returned from zygote!
01-15 23:38:28.202  1869  1925 W ActivityManager: Slow operation: 60ms so far, now at startProcess: done updating battery stats
01-15 23:38:28.202  1869  1925 I am_proc_start: [0,2835,10109,com.android.deskclock,broadcast,{com.android.deskclock/com.android.deskclock.AlarmInitReceiver}]
01-15 23:38:28.203  2497  2497 D RILJ    : [0079]> RIL_REQUEST_SET_SIGNAL_STRENGTH_REPORTING_CRITERIA [SUB1]
01-15 23:38:28.203  1869  1925 W ActivityManager: Slow operation: 61ms so far, now at startProcess: building log message
01-15 23:38:28.203  1869  1925 I ActivityManager: Start proc 2835:com.android.deskclock/u0a109 for broadcast {com.android.deskclock/com.android.deskclock.AlarmInitR
eceiver}
01-15 23:38:28.203  1869  1925 W ActivityManager: Slow operation: 61ms so far, now at startProcess: starting to update pids map
01-15 23:38:28.204  2497  2601 D RILJ    : [0076]< RIL_REQUEST_SET_SIGNAL_STRENGTH_REPORTING_CRITERIA  [SUB1]
01-15 23:38:28.204  2497  2497 D RILJ    : [0080]> RIL_REQUEST_SET_LINK_CAPACITY_REPORTING_CRITERIA [SUB1]
01-15 23:38:28.205  1869  1915 I DropBoxManagerService: add tag=system_server_strictmode isTagEnabled=true flags=0x2
01-15 23:38:28.206  2497  2497 D RILJ    : [0081]> RIL_REQUEST_SET_LINK_CAPACITY_REPORTING_CRITERIA [SUB1]
01-15 23:38:28.207  1869  1925 W ActivityManager: Slow operation: 65ms so far, now at startProcess: done updating pids map
01-15 23:38:28.208  2497  2497 D RILJ    : [0082]> RIL_REQUEST_SET_LINK_CAPACITY_REPORTING_CRITERIA [SUB1]
01-15 23:38:28.209  2497  2601 D RILJ    : [0077]< RIL_REQUEST_SET_SIGNAL_STRENGTH_REPORTING_CRITERIA  [SUB1]
01-15 23:38:28.209  2497  2601 D RILJ    : [0080]< RIL_REQUEST_SET_LINK_CAPACITY_REPORTING_CRITERIA error 6 [SUB1]
01-15 23:38:28.209  2497  2601 D RilRequest: [0080]< RIL_REQUEST_SET_LINK_CAPACITY_REPORTING_CRITERIA error: com.android.internal.telephony.CommandException: REQUES
T_NOT_SUPPORTED ret=
01-15 23:38:28.212  1869  1901 W BluetoothManagerService: psc is not null in bindBluetoothProfileService
01-15 23:38:28.215  1869  1915 I DropBoxManagerService: add tag=system_server_strictmode isTagEnabled=true flags=0x2
01-15 23:38:28.216  2497  2497 D RILJ    : [0083]> RIL_REQUEST_SET_LINK_CAPACITY_REPORTING_CRITERIA [SUB1]
01-15 23:38:28.216  2497  2497 D QtiGsmCdmaPhone: handleMessage: Event: 46
01-15 23:38:28.216  2497  2497 D GsmCdmaPhone: [1] onVoiceRegStateOrRatChanged
01-15 23:38:28.216  2497  2497 D GsmCdmaPhone: [1] getCsCallRadioTech, current vrs=1, vrat=0
01-15 23:38:28.216  2497  2497 D GsmCdmaPhone: [1] getCsCallRadioTech, result calcVrat=0
01-15 23:38:28.218  2497  2601 D RILJ    : [0081]< RIL_REQUEST_SET_LINK_CAPACITY_REPORTING_CRITERIA  [SUB1]
01-15 23:38:28.218  2497  2497 W MmTelFeatureConnection: create: binder is null! Slot Id: 1
01-15 23:38:28.219  2497  2601 D RILJ    : [0078]< RIL_REQUEST_SET_SIGNAL_STRENGTH_REPORTING_CRITERIA  [SUB1]
01-15 23:38:28.219  2497  2497 D SubscriptionManager: [getSubId]- fail
01-15 23:38:28.219  2497  2601 D RILJ    : [0082]< RIL_REQUEST_SET_LINK_CAPACITY_REPORTING_CRITERIA  [SUB1]
01-15 23:38:28.219  2497  2601 D RILJ    : [0083]< RIL_REQUEST_SET_LINK_CAPACITY_REPORTING_CRITERIA error 6 [SUB1]
01-15 23:38:28.219  2497  2601 D RilRequest: [0083]< RIL_REQUEST_SET_LINK_CAPACITY_REPORTING_CRITERIA error: com.android.internal.telephony.CommandException: REQUES
T_NOT_SUPPORTED ret=
01-15 23:38:28.219  2497  2601 D RILJ    : [0079]< RIL_REQUEST_SET_SIGNAL_STRENGTH_REPORTING_CRITERIA  [SUB1]
01-15 23:38:28.221  1869  2080 D ConnectivityService: Got NetworkFactory Messenger for WifiNetworkFactory
01-15 23:38:28.221  1869  2080 D ConnectivityService: Got NetworkFactory Messenger for UntrustedWifiNetworkFactory
01-15 23:38:28.225  2826  2826 W sdcard  : Device explicitly enabled sdcardfs
01-15 23:38:28.226  1869  1915 I DropBoxManagerService: add tag=system_server_strictmode isTagEnabled=true flags=0x2
01-15 23:38:28.232   615   668 D vold    : Waiting for FUSE to spin up...
01-15 23:38:28.237  2497  2497 D QtiDCT-C: [0]onDataEnabledChanged: enable=true, enabledChangedReason=0
01-15 23:38:28.238  2497  2497 D QtiDCT-C: [0]setupDataOnAllConnectableApns: dataEnabled emergency:[state=IDLE,enabled=false] mms:[state=IDLE,enabled=false] supl:[s
tate=IDLE,enabled=false] hipri:[state=IDLE,enabled=false] dun:[state=IDLE,enabled=false] fota:[state=IDLE,enabled=false] ims:[state=IDLE,enabled=false] default:[sta
te=IDLE,enabled=false] cbs:[state=IDLE,enabled=false]
01-15 23:38:28.238  2497  2497 D ImsPhoneCallTracker: [0] handleMessage what=23
01-15 23:38:28.238  2497  2497 D ImsPhoneCallTracker: [0] onDataEnabledChanged: enabled=true, reason=0
01-15 23:38:28.238  2497  2497 D ImsPhoneCallTracker: [0] Ignore data enabled - carrier policy indicates that data is not metered for ViLTE calls.
01-15 23:38:28.239  1869  1915 I DropBoxManagerService: add tag=system_server_strictmode isTagEnabled=true flags=0x2
01-15 23:38:28.240  2497  2497 W MmTelFeatureConnection: create: binder is null! Slot Id: 0
01-15 23:38:28.240  2497  2497 D QtiDCT-C: [0]Data RAT is unknown or no change, mCurrentDataRat=0
01-15 23:38:28.240  2497  2497 D ImsPhone: [0] handleMessage what=60
01-15 23:38:28.240  2497  2497 D ImsPhone: [0] EVENT_DEFAULT_PHONE_DATA_STATE_CHANGED
01-15 23:38:28.241  2497  2497 D ImsPhone: [0] updateDataServiceState: defSs = {mVoiceRegState=3(POWER_OFF), mDataRegState=3(POWER_OFF), mChannelNumber=-1, duplexMo
de()=0, mCellBandwidths=[], mVoiceOperatorAlphaLong=null, mVoiceOperatorAlphaShort=null, mDataOperatorAlphaLong=null, mDataOperatorAlphaShort=null, isManualNetworkS
election=false(automatic), getRilVoiceRadioTechnology=0(Unknown), getRilDataRadioTechnology=0(Unknown), mCssIndicator=unsupported, mNetworkId=-1, mSystemId=-1, mCdm
aRoamingIndicator=-1, mCdmaDefaultRoamingIndicator=-1, mIsEmergencyOnly=false, isUsingCarrierAggregation=false, mLteEarfcnRsrpBoost=0, mNetworkRegistrationInfos=[Ne
tworkRegistrationInfo{ domain=CS transportType=WWAN registrationState=UNKNOWN roamingType=NOT_ROAMING accessNetworkTechnology=UNKNOWN rejectCause=0 emergencyEnabled
=false availableServices=[] cellIdentity=null voiceSpecificInfo=null dataSpecificInfo=null nrState=NONE}, NetworkRegistrationInfo{ domain=PS transportType=WWAN regi
strationState=UNKNOWN roamingType=NOT_ROAMING accessNetworkTechnology=UNKNOWN rejectCause=0 emergencyEnabled=false availableServices=[] cellIdentity=null voiceSpeci
ficInfo=null dataSpecificInfo=null nrState=NONE}], mNrFrequencyRange=-1, mOperatorAlphaLongRaw=null, mOperatorAlphaShortRaw=null, mIsIwlanPreferred=false} imsSs = {
mVoiceRegState=1(OUT_OF_SERVICE), mDataRegState=3(POWER_OFF), mChannelNumber=-1, duplexMode()=0, mCellBandwidths=[], mVoiceOperatorAlphaLong=null, mVoiceOperatorAlp
haShort=null, mDataOperatorAlphaLong=null, mDataOperatorAlphaShort=null, isManualNetworkSelection=false(automatic), getRilVoiceRadioTechnology=0(Unknown), getRilDat
aRadioTechnology=0(Unknown), mCssIndicator=unsupported, mNetworkId=-1, mSystemId=-1, mCdmaRoamingIndicator=-1, mCdmaDefaultRoamingIndicator=-1, mIsEmergencyOnly=fal
se, isUsingCarrierAggregation=false, mLteEarfcnRsrpBoost=0, mNetworkRegistrationInfos=[NetworkRegistrationInfo{ domain=CS transportType=WWAN registrationState=UNKNO
WN roamingType=NOT_ROAMING accessNetworkTechnology=UNKNOWN rejectCause=0 emergencyEnabled=false availableServices=[] cellIdentity=null voiceSpecificInfo=null dataSp
ecificInfo=null nrState=NONE}, NetworkRegistrationInfo{ domain=PS transportType=WWAN registrationState=UNKNOWN roamingType=NOT_ROAMING accessNetworkTechnology=UNKNO
WN rejectCause=0 emergencyEnabled=false availableServices=[] cellIdentity=null voiceSpecificInfo=null dataSpecificInfo=null nrState=NONE}], mNrFrequencyRange=-1, mO
peratorAlphaLongRaw=null, mOperatorAlphaShortRaw=null, mIsIwlanPreferred=false}
01-15 23:38:28.241  2497  2497 D SST     : [0] EVENT_IMS_SERVICE_STATE_CHANGED
01-15 23:38:28.241  2497  2497 D DefaultPhoneNotifier: nofityServiceState: mRegistry=com.android.internal.telephony.ITelephonyRegistry$Stub$Proxy@315bb0 ss={mVoiceR
egState=3(POWER_OFF), mDataRegState=3(POWER_OFF), mChannelNumber=-1, duplexMode()=0, mCellBandwidths=[], mVoiceOperatorAlphaLong=null, mVoiceOperatorAlphaShort=null
, mDataOperatorAlphaLong=null, mDataOperatorAlphaShort=null, isManualNetworkSelection=false(automatic), getRilVoiceRadioTechnology=0(Unknown), getRilDataRadioTechno
logy=0(Unknown), mCssIndicator=unsupported, mNetworkId=-1, mSystemId=-1, mCdmaRoamingIndicator=-1, mCdmaDefaultRoamingIndicator=-1, mIsEmergencyOnly=false, isUsingC
arrierAggregation=false, mLteEarfcnRsrpBoost=0, mNetworkRegistrationInfos=[NetworkRegistrationInfo{ domain=CS transportType=WWAN registrationState=UNKNOWN roamingTy
pe=NOT_ROAMING accessNetworkTechnology=UNKNOWN rejectCause=0 emergencyEnabled=false availableServices=[] cellIdentity=null voiceSpecificInfo=null dataSpecificInfo=n
ull nrState=NONE}, NetworkRegistrationInfo{ domain=PS transportType=WWAN registrationState=UNKNOWN roamingType=NOT_ROAMING accessNetworkTechnology=UNKNOWN rejectCau
se=0 emergencyEnabled=false availableServices=[] cellIdentity=null voiceSpecificInfo=null dataSpecificInfo=null nrState=NONE}], mNrFrequencyRange=-1, mOperatorAlpha
LongRaw=null, mOperatorAlphaShortRaw=null, mIsIwlanPreferred=false} sender=Handler (com.qualcomm.qti.internal.telephony.QtiGsmCdmaPhone) {6063f75} phondId=0 subId=-
1
01-15 23:38:28.242  1869  1899 D TelephonyRegistry: notifyServiceStateForSubscriber: INVALID phoneId=0 or subId=-1
01-15 23:38:28.250  2497  2497 D SubscriptionController: [getSlotIndex]- subId invalid
01-15 23:38:28.252  1869  1899 E PHONE   : ServiceState.getRadioTechnology() DEPRECATED will be removed *******
01-15 23:38:28.253  1869  1915 I chatty  : uid=1000(system) android.io identical 2 lines
01-15 23:38:28.254  2497  2497 D QtiDCT-C: [1]onDataEnabledChanged: enable=true, enabledChangedReason=0
01-15 23:38:28.254  2497  2497 D QtiDCT-C: [1]setupDataOnAllConnectableApns: dataEnabled emergency:[state=IDLE,enabled=false] mms:[state=IDLE,enabled=false] supl:[s
tate=IDLE,enabled=false] hipri:[state=IDLE,enabled=false] dun:[state=IDLE,enabled=false] fota:[state=IDLE,enabled=false] ims:[state=IDLE,enabled=false] default:[sta
te=IDLE,enabled=false] cbs:[state=IDLE,enabled=false]
01-15 23:38:28.254  2497  2497 D ImsPhoneCallTracker: [1] handleMessage what=23
01-15 23:38:28.254  2497  2497 D ImsPhoneCallTracker: [1] onDataEnabledChanged: enabled=true, reason=0
01-15 23:38:28.254  2497  2497 D ImsPhoneCallTracker: [1] Ignore data enabled - carrier policy indicates that data is not metered for ViLTE calls.
01-15 23:38:28.266  1869  1915 I DropBoxManagerService: add tag=system_server_strictmode isTagEnabled=true flags=0x2
01-15 23:38:28.267  2497  2497 W MmTelFeatureConnection: create: binder is null! Slot Id: 1
01-15 23:38:28.267  2497  2497 D QtiDCT-C: [1]Data RAT is unknown or no change, mCurrentDataRat=0
01-15 23:38:28.267  2497  2497 D ImsPhone: [1] handleMessage what=60
01-15 23:38:28.267  2497  2497 D ImsPhone: [1] EVENT_DEFAULT_PHONE_DATA_STATE_CHANGED
01-15 23:38:28.267  2497  2497 D ImsPhone: [1] updateDataServiceState: defSs = {mVoiceRegState=3(POWER_OFF), mDataRegState=3(POWER_OFF), mChannelNumber=-1, duplexMo
de()=0, mCellBandwidths=[], mVoiceOperatorAlphaLong=null, mVoiceOperatorAlphaShort=null, mDataOperatorAlphaLong=null, mDataOperatorAlphaShort=null, isManualNetworkS
election=false(automatic), getRilVoiceRadioTechnology=0(Unknown), getRilDataRadioTechnology=0(Unknown), mCssIndicator=unsupported, mNetworkId=-1, mSystemId=-1, mCdm
aRoamingIndicator=-1, mCdmaDefaultRoamingIndicator=-1, mIsEmergencyOnly=false, isUsingCarrierAggregation=false, mLteEarfcnRsrpBoost=0, mNetworkRegistrationInfos=[Ne
tworkRegistrationInfo{ domain=CS transportType=WWAN registrationState=UNKNOWN roamingType=NOT_ROAMING accessNetworkTechnology=UNKNOWN rejectCause=0 emergencyEnabled
=false availableServices=[] cellIdentity=null voiceSpecificInfo=null dataSpecificInfo=null nrState=NONE}, NetworkRegistrationInfo{ domain=PS transportType=WWAN regi
strationState=UNKNOWN roamingType=NOT_ROAMING accessNetworkTechnology=UNKNOWN rejectCause=0 emergencyEnabled=false availableServices=[] cellIdentity=null voiceSpeci
ficInfo=null dataSpecificInfo=null nrState=NONE}], mNrFrequencyRange=-1, mOperatorAlphaLongRaw=null, mOperatorAlphaShortRaw=null, mIsIwlanPreferred=false} imsSs = {
mVoiceRegState=1(OUT_OF_SERVICE), mDataRegState=3(POWER_OFF), mChannelNumber=-1, duplexMode()=0, mCellBandwidths=[], mVoiceOperatorAlphaLong=null, mVoiceOperatorAlp
haShort=null, mDataOperatorAlphaLong=null, mDataOperatorAlphaShort=null, isManualNetworkSelection=false(automatic), getRilVoiceRadioTechnology=0(Unknown), getRilDat
aRadioTechnology=0(Unknown), mCssIndicator=unsupported, mNetworkId=-1, mSystemId=-1, mCdmaRoamingIndicator=-1, mCdmaDefaultRoamingIndicator=-1, mIsEmergencyOnly=fal
se, isUsingCarrierAggregation=false, mLteEarfcnRsrpBoost=0, mNetworkRegistrationInfos=[NetworkRegistrationInfo{ domain=CS transportType=WWAN registrationState=UNKNO
WN roamingType=NOT_ROAMING accessNetworkTechnology=UNKNOWN rejectCause=0 emergencyEnabled=false availableServices=[] cellIdentity=null voiceSpecificInfo=null dataSp
ecificInfo=null nrState=NONE}, NetworkRegistrationInfo{ domain=PS transportType=WWAN registrationState=UNKNOWN roamingType=NOT_ROAMING accessNetworkTechnology=UNKNO
WN rejectCause=0 emergencyEnabled=false availableServices=[] cellIdentity=null voiceSpecificInfo=null dataSpecificInfo=null nrState=NONE}], mNrFrequencyRange=-1, mO
peratorAlphaLongRaw=null, mOperatorAlphaShortRaw=null, mIsIwlanPreferred=false}
01-15 23:38:28.268  2497  2497 D SST     : [1] EVENT_IMS_SERVICE_STATE_CHANGED
01-15 23:38:28.268  2497  2497 D DefaultPhoneNotifier: nofityServiceState: mRegistry=com.android.internal.telephony.ITelephonyRegistry$Stub$Proxy@315bb0 ss={mVoiceR
egState=3(POWER_OFF), mDataRegState=3(POWER_OFF), mChannelNumber=-1, duplexMode()=0, mCellBandwidths=[], mVoiceOperatorAlphaLong=null, mVoiceOperatorAlphaShort=null
, mDataOperatorAlphaLong=null, mDataOperatorAlphaShort=null, isManualNetworkSelection=false(automatic), getRilVoiceRadioTechnology=0(Unknown), getRilDataRadioTechno
logy=0(Unknown), mCssIndicator=unsupported, mNetworkId=-1, mSystemId=-1, mCdmaRoamingIndicator=-1, mCdmaDefaultRoamingIndicator=-1, mIsEmergencyOnly=false, isUsingC
arrierAggregation=false, mLteEarfcnRsrpBoost=0, mNetworkRegistrationInfos=[NetworkRegistrationInfo{ domain=CS transportType=WWAN registrationState=UNKNOWN roamingTy
pe=NOT_ROAMING accessNetworkTechnology=UNKNOWN rejectCause=0 emergencyEnabled=false availableServices=[] cellIdentity=null voiceSpecificInfo=null dataSpecificInfo=n
ull nrState=NONE}, NetworkRegistrationInfo{ domain=PS transportType=WWAN registrationState=UNKNOWN roamingType=NOT_ROAMING accessNetworkTechnology=UNKNOWN rejectCau
se=0 emergencyEnabled=false availableServices=[] cellIdentity=null voiceSpecificInfo=null dataSpecificInfo=null nrState=NONE}], mNrFrequencyRange=-1, mOperatorAlpha
LongRaw=null, mOperatorAlphaShortRaw=null, mIsIwlanPreferred=false} sender=Handler (com.qualcomm.qti.internal.telephony.QtiGsmCdmaPhone) {17cdb0a} phondId=1 subId=-
1
01-15 23:38:28.269  1869  2844 D TelephonyRegistry: notifyServiceStateForSubscriber: INVALID phoneId=1 or subId=-1
01-15 23:38:28.271  2497  2497 D SubscriptionController: [getSlotIndex]- subId invalid
01-15 23:38:28.274  1869  1869 W Telecom : BluetoothPhoneService: onServiceConnected: setting mBluetoothHeadset
01-15 23:38:28.274  1869  1869 I Telecom : BluetoothPhoneService: updateHeadsetWithCallState numActive 0, numHeld 0, callState 6, ringing number ***, ringing type 1
28, ringing name null
01-15 23:38:28.276  1869  2844 E PHONE   : ServiceState.getRadioTechnology() DEPRECATED will be removed *******
01-15 23:38:28.279  2497  2497 D PhoneCfgMgr: Received EVENT_RADIO_AVAILABLE/EVENT_RADIO_ON
01-15 23:38:28.280  2497  2497 D RILJ    : [0084]> RIL_REQUEST_GET_MODEM_STATUS [SUB0]
01-15 23:38:28.280  2497  2497 D PhoneCfgMgr: getStaticPhoneCapability: sending the request for getting PhoneCapability
01-15 23:38:28.280  1869  1869 I Telecom : : - Got BluetoothHeadset: com.android.server.telecom.BluetoothHeadsetProxy@10eacc0: BMSL.oSC@AAk
01-15 23:38:28.280  2497  2497 D RadioConfig: [0085]> GET_PHONE_CAPABILITY
01-15 23:38:28.281  1869  1869 W Telecom : BluetoothPhoneService: onServiceConnected: setting mBluetoothHeadset
01-15 23:38:28.281  2497  2497 D PhoneCfgMgr: Received EVENT_RADIO_AVAILABLE/EVENT_RADIO_ON
01-15 23:38:28.281  1869  1869 I Telecom : BluetoothPhoneService: updateHeadsetWithCallState numActive 0, numHeld 0, callState 6, ringing number ***, ringing type 1
28, ringing name null
01-15 23:38:28.283     0     0 I         : sdcardfs version 2.0
01-15 23:38:28.283     0     0 I sdcardfs: dev_name -> /data/media
01-15 23:38:28.283     0     0 I sdcardfs: options -> fsuid=1023,fsgid=1023,multiuser,derive_gid,default_normal,unshared_obb,mask=6,userid=0,gid=1015
01-15 23:38:28.283     0     0 I sdcardfs: mnt -> ffffffc316484720
01-15 23:38:28.283   615   668 D vold    : Waiting for FUSE to spin up...
01-15 23:38:28.283     0     0 I sdcardfs: mounted on top of /data/media type ext4
01-15 23:38:28.287  2497  2497 D RILJ    : [0086]> RIL_REQUEST_GET_MODEM_STATUS [SUB1]
01-15 23:38:28.297  2497  2601 D RILJ    : [0084]< RIL_REQUEST_GET_MODEM_STATUS true [SUB0]
01-15 23:38:28.297  2497  2497 D PhoneCfgMgr: getStaticPhoneCapability: sending the request for getting PhoneCapability
01-15 23:38:28.297  2497  2497 D RadioConfig: [0087]> GET_PHONE_CAPABILITY
01-15 23:38:28.297  2497  2497 D QtiDCT-C: [0]onDataEnabledChanged: enable=true, enabledChangedReason=0
01-15 23:38:28.297  2497  2497 D QtiDCT-C: [0]setupDataOnAllConnectableApns: dataEnabled emergency:[state=IDLE,enabled=false] mms:[state=IDLE,enabled=false] supl:[s
tate=IDLE,enabled=false] hipri:[state=IDLE,enabled=false] dun:[state=IDLE,enabled=false] fota:[state=IDLE,enabled=false] ims:[state=IDLE,enabled=false] default:[sta
te=IDLE,enabled=false] cbs:[state=IDLE,enabled=false]
01-15 23:38:28.297  2497  2601 D RadioConfigResponse: [0085]< GET_PHONE_CAPABILITY maxActiveVoiceCalls=0 maxActiveData=2 max5G=0logicalModemList:[modemId=0 rat=0 is
VoiceSupported:true isDataSupported:true, modemId=1 rat=0 isVoiceSupported:true isDataSupported:true]
01-15 23:38:28.297  2497  2497 D ImsPhoneCallTracker: [0] handleMessage what=23
01-15 23:38:28.297  2497  2497 D ImsPhoneCallTracker: [0] onDataEnabledChanged: enabled=true, reason=0
01-15 23:38:28.297  2497  2497 D ImsPhoneCallTracker: [0] Ignore data enabled - carrier policy indicates that data is not metered for ViLTE calls.
01-15 23:38:28.297  2497  2497 D PhoneSwitcher: handle event - 114
01-15 23:38:28.297  2497  2497 D PhoneSwitcher: update HAL command
01-15 23:38:28.298  2497  2497 D PhoneSwitcher: No active subscriptions: resetting preferred phone to 0 for emergency
01-15 23:38:28.298  2497  2497 D PhoneSwitcher: evaluating due to EVENT_PRECISE_CALL_STATE_CHANGED phone[0] 0->-1 phone[1] 0->-1
01-15 23:38:28.298  2497  2497 D PhoneSwitcher: activate 0
01-15 23:38:28.298  2497  2497 D PhoneSwitcher: activate 1
01-15 23:38:28.298  2497  2497 D PhoneSwitcher: sendRilCommands: setPreferredDataModem - phoneId: 0
01-15 23:38:28.298  2497  2497 D RadioConfig: [0088]> SET_PREFERRED_DATA_MODEM
01-15 23:38:28.298  2497  2497 D PhoneSwitcher: logDataSwitchEvent subId -1 state 1 reason 2
01-15 23:38:28.301  1869  1901 D ConnectivityService: requestNetwork for uid/pid:1001/2497 NetworkRequest [ TRACK_DEFAULT id=16, [ Capabilities: INTERNET&NOT_RESTRI
CTED&TRUSTED Uid: 1001] ]
01-15 23:38:28.301  2497  2601 D RadioConfigResponse: [0088]< SET_PREFERRED_DATA_MODEM
01-15 23:38:28.303  2497  2497 D QtiDCT-C: [1]onDataEnabledChanged: enable=true, enabledChangedReason=0
01-15 23:38:28.303  2497  2497 D QtiDCT-C: [1]setupDataOnAllConnectableApns: dataEnabled emergency:[state=IDLE,enabled=false] mms:[state=IDLE,enabled=false] supl:[s
tate=IDLE,enabled=false] hipri:[state=IDLE,enabled=false] dun:[state=IDLE,enabled=false] fota:[state=IDLE,enabled=false] ims:[state=IDLE,enabled=false] default:[sta
te=IDLE,enabled=false] cbs:[state=IDLE,enabled=false]
01-15 23:38:28.303  2497  2497 D ImsPhoneCallTracker: [1] handleMessage what=23
01-15 23:38:28.303  2497  2497 D ImsPhoneCallTracker: [1] onDataEnabledChanged: enabled=true, reason=0
01-15 23:38:28.303  2497  2497 D ImsPhoneCallTracker: [1] Ignore data enabled - carrier policy indicates that data is not metered for ViLTE calls.
01-15 23:38:28.303  2497  2497 D PhoneSwitcher: handle event - 114
01-15 23:38:28.303  2497  2497 D PhoneSwitcher: handle event - 108
01-15 23:38:28.304  2497  2601 D RadioConfigResponse: [0087]< GET_PHONE_CAPABILITY maxActiveVoiceCalls=0 maxActiveData=2 max5G=0logicalModemList:[modemId=0 rat=0 is
VoiceSupported:true isDataSupported:true, modemId=1 rat=0 isVoiceSupported:true isDataSupported:true]
01-15 23:38:28.305  2497  2601 D RILJ    : [0086]< RIL_REQUEST_GET_MODEM_STATUS false [SUB1]
01-15 23:38:28.324  2497  2497 D use-Rlog/RLOG-QC_RIL_OEM_HOOK: sendOemRilRequestRaw returns value = 1
01-15 23:38:28.324  2497  2497 I QtiRilInterface: getMaxDataAllowed maxData = 2 exception: null
01-15 23:38:28.326     0     0 I         : Remount options were mask=23,gid=9997 for vfsmnt ffffffc316487120.
01-15 23:38:28.327     0     0 I sdcardfs: options - debug:1
01-15 23:38:28.327     0     0 I sdcardfs: options - gid:9997
01-15 23:38:28.327     0     0 I sdcardfs: options - mask:23
01-15 23:38:28.330  2497  2497 D use-Rlog/RLOG-QC_RIL_OEM_HOOK: sendOemRilRequestRaw returns value = 1
01-15 23:38:28.330  2497  2497 I QtiRilInterface: getLpluslSupportStatus: true exception: null
01-15 23:38:28.331  2497  2497 D TelephonyNetworkFactory[0]: got request NetworkRequest [ TRACK_DEFAULT id=10, [ Capabilities: INTERNET&NOT_RESTRICTED&TRUSTED Uid:
10090] ] with score 0 and serial -1
01-15 23:38:28.331  2497  2497 D TelephonyNetworkFactory[0]: got request NetworkRequest [ REQUEST id=1, [ Capabilities: INTERNET&NOT_RESTRICTED&TRUSTED&NOT_VPN] ] w
ith score 0 and serial -1
01-15 23:38:28.331  2497  2497 D TelephonyNetworkFactory[0]: got request NetworkRequest [ REQUEST id=7, [ Capabilities: INTERNET&NOT_RESTRICTED&TRUSTED&NOT_VPN] ] w
ith score 0 and serial -1
01-15 23:38:28.331  2497  2497 D TelephonyNetworkFactory[0]: got request NetworkRequest [ BACKGROUND_REQUEST id=2, [ Transports: CELLULAR Capabilities: INTERNET&NOT
_RESTRICTED&TRUSTED&NOT_VPN] ] with score 0 and serial -1
01-15 23:38:28.332  2497  2497 D TelephonyNetworkFactory[0]: got request NetworkRequest [ TRACK_DEFAULT id=12, [ Capabilities: INTERNET&NOT_RESTRICTED&TRUSTED Uid:
1000] ] with score 0 and serial -1
01-15 23:38:28.332  2497  2497 D TelephonyNetworkFactory[1]: got request NetworkRequest [ TRACK_DEFAULT id=10, [ Capabilities: INTERNET&NOT_RESTRICTED&TRUSTED Uid:
10090] ] with score 0 and serial -1
01-15 23:38:28.332  2497  2497 D TelephonyNetworkFactory[1]: got request NetworkRequest [ REQUEST id=1, [ Capabilities: INTERNET&NOT_RESTRICTED&TRUSTED&NOT_VPN] ] w
ith score 0 and serial -1
01-15 23:38:28.332  2497  2497 D TelephonyNetworkFactory[1]: got request NetworkRequest [ REQUEST id=7, [ Capabilities: INTERNET&NOT_RESTRICTED&TRUSTED&NOT_VPN] ] w
ith score 0 and serial -1
01-15 23:38:28.332  2497  2497 D TelephonyNetworkFactory[1]: got request NetworkRequest [ BACKGROUND_REQUEST id=2, [ Transports: CELLULAR Capabilities: INTERNET&NOT
_RESTRICTED&TRUSTED&NOT_VPN] ] with score 0 and serial -1
01-15 23:38:28.332  2497  2497 D TelephonyNetworkFactory[1]: got request NetworkRequest [ TRACK_DEFAULT id=12, [ Capabilities: INTERNET&NOT_RESTRICTED&TRUSTED Uid:
1000] ] with score 0 and serial -1
01-15 23:38:28.332  2497  2497 D QtiUiccCardProvisioner: RADIO_AVAILABLE for phone: 0
01-15 23:38:28.332  2497  2497 D QtiUiccCardProvisioner: isAllCardProvisionInfoReceived, prov pref[0] = -1
01-15 23:38:28.332  2497  2497 D QtiUiccCardProvisioner: RADIO_AVAILABLE for phone: 1
01-15 23:38:28.332  2497  2497 D QtiUiccCardProvisioner: isAllCardProvisionInfoReceived, prov pref[0] = -1
01-15 23:38:28.332  2497  2497 E QtiUiccCardProvisioner: Error: Invalid card index EVENT_ICC_CHANGED
01-15 23:38:28.332  2497  2497 D QtiPcCardInfoManager: on EVENT_MANUAL_PROVISION_STATE_CHANGED
01-15 23:38:28.332  2497  2497 D QtiPcCardInfoManager: updateCardInfo[0]: Start!
01-15 23:38:28.333   615   668 D vold    : Waiting for FUSE to spin up...
01-15 23:38:28.337  2497  2497 D QtiPcCardInfoManager: updateCardInfo[0]: ProvStatus is Invalid, reset cardInfo!
01-15 23:38:28.337  2497  2497 I QtiPcCardInfoManager: updateCardInfo[0]: Exit! - UpdateCardTypeState: 0, mCardType: UNKNOWN
01-15 23:38:28.337  2497  2497 D QtiPcCardInfoManager: updateCardInfo[1]: Start!
01-15 23:38:28.338  2497  2497 D QtiPcCardInfoManager: updateCardInfo[1]: ProvStatus is Invalid, reset cardInfo!
01-15 23:38:28.338  2497  2497 I QtiPcCardInfoManager: updateCardInfo[1]: Exit! - UpdateCardTypeState: 0, mCardType: UNKNOWN
01-15 23:38:28.338  2497  2497 D QtiPcCardInfoManager: on EVENT_MANUAL_PROVISION_STATE_CHANGED
01-15 23:38:28.338  2497  2497 D QtiPcCardInfoManager: updateCardInfo[0]: Start!
01-15 23:38:28.339  2497  2497 D QtiPcCardInfoManager: updateCardInfo[0]: ProvStatus is Invalid, reset cardInfo!
01-15 23:38:28.339  2497  2497 I QtiPcCardInfoManager: updateCardInfo[0]: Exit! - UpdateCardTypeState: 0, mCardType: UNKNOWN
01-15 23:38:28.339  2497  2497 D QtiPcCardInfoManager: updateCardInfo[1]: Start!
01-15 23:38:28.340  2497  2497 D QtiPcCardInfoManager: updateCardInfo[1]: ProvStatus is Invalid, reset cardInfo!
01-15 23:38:28.340  2497  2497 I QtiPcCardInfoManager: updateCardInfo[1]: Exit! - UpdateCardTypeState: 0, mCardType: UNKNOWN
01-15 23:38:28.340  2497  2497 D QtiPcCardInfoManager: on EVENT_MANUAL_PROVISION_STATE_CHANGED
01-15 23:38:28.340  2497  2497 D QtiPcCardInfoManager: updateCardInfo[0]: Start!
01-15 23:38:28.341  2497  2497 D QtiPcCardInfoManager: updateCardInfo[0]: ProvStatus is Invalid, reset cardInfo!
01-15 23:38:28.341  2497  2497 I QtiPcCardInfoManager: updateCardInfo[0]: Exit! - UpdateCardTypeState: 0, mCardType: UNKNOWN
01-15 23:38:28.341  2497  2497 D QtiPcCardInfoManager: updateCardInfo[1]: Start!
01-15 23:38:28.342  2497  2497 D QtiPcCardInfoManager: updateCardInfo[1]: ProvStatus is Invalid, reset cardInfo!
01-15 23:38:28.342  2497  2497 I QtiPcCardInfoManager: updateCardInfo[1]: Exit! - UpdateCardTypeState: 0, mCardType: UNKNOWN
01-15 23:38:28.342  2497  2497 D QtiPcCardInfoManager: on EVENT_ICC_CHANGED
01-15 23:38:28.342  2497  2497 D QtiPcCardInfoManager: on EVENT_SUBINFO_RECORD_ADDED
01-15 23:38:28.342  2497  2497 D DebugService: DebugService DebugService:
01-15 23:38:28.347  2497  2497 D UiccController: Received EVENT_GET_ICC_STATUS_DONE
01-15 23:38:28.347  2497  2497 D UiccSlot: Creating
01-15 23:38:28.347  2497  2497 D UiccSlot: cardStatus update: IccCardState {CARDSTATE_ABSENT,PINSTATE_UNKNOWN,num_apps=0,gsm_id=-1,cdma_id=-1,ims_id=-1,physical_slo
t_id=0,atr=,iccid=,eid=}
01-15 23:38:28.347  2497  2497 E AnswerToReset: Valid ATR string must at least contains TS and T0.
01-15 23:38:28.347  2497  2497 D UiccSlot: update: radioState=1 mLastRadioState=2
01-15 23:38:28.349  1869  2844 I am_proc_bound: [0,2835,com.android.deskclock]
01-15 23:38:28.352     0     0 I         : Remount options were mask=7,gid=9997 for vfsmnt ffffffc31b0096e0.
01-15 23:38:28.352     0     0 I sdcardfs: options - debug:1
01-15 23:38:28.352     0     0 I sdcardfs: options - gid:9997
01-15 23:38:28.352     0     0 I sdcardfs: options - mask:7
01-15 23:38:28.376  2497  2497 D SubscriptionInfoUpdater: updateInternalIccState to simStatus ABSENT reason null slotId 0
01-15 23:38:28.377  2497  2497 D UiccController: mUiccSlots[0] has no card. Notifying IccChangedRegistrants
