01-15 23:31:54.952     0     0 I init    : starting service 'apexd-bootstrap'...
01-15 23:31:54.958     0     0 I init    : SVC_EXEC service 'apexd-bootstrap' pid 594 (uid 0 gid 1000+0 context default) started; waiting...
01-15 23:31:55.008     0     0 I ueventd : ueventd started!
01-15 23:31:55.016     0     0 I selinux : SELinux: Loaded file_contexts
01-15 23:31:55.016     0     0 I ueventd : Parsing file /ueventd.rc...
01-15 23:31:55.026     0     0 I ueventd : Parsing file /vendor/ueventd.rc...
01-15 23:31:55.038     0     0 E ueventd : /vendor/ueventd.rc: 170: /sys/ lines must have 5 entries
01-15 23:31:55.038     0     0 I ueventd : Parsing file /odm/ueventd.rc...
01-15 23:31:55.044     0     0 I ueventd : Unable to read config file '/odm/ueventd.rc': open() failed: No such file or directory
01-15 23:31:55.049     0     0 I ueventd : Parsing file /ueventd.qcom.rc...
01-15 23:31:55.052     0     0 I apexd   : Bootstrap subcommand detected
01-15 23:31:55.064     0     0 I ueventd : Unable to read config file '/ueventd.qcom.rc': open() failed: No such file or directory
01-15 23:31:55.069     0     0 I apexd   : Scanning /system/apex for embedded keys
01-15 23:31:55.081     0     0 W ueventd : [libfs_mgr]Warning: unknown flag: crashcheck
01-15 23:31:55.082     0     0 I apexd   : Scanning /product/apex for embedded keys
01-15 23:31:55.084     0     0 I apexd   : ... does not exist. Skipping
01-15 23:31:55.085     0     0 I apexd   : Scanning /system/apex looking for APEX packages.
01-15 23:31:55.087     0     0 I apexd   : Found /system/apex/com.android.conscrypt
01-15 23:31:55.089     0     0 I apexd   : Skipped when bootstrapping
01-15 23:31:55.090     0     0 I apexd   : Found /system/apex/com.android.media
01-15 23:31:55.092     0     0 I apexd   : Skipped when bootstrapping
01-15 23:31:55.093     0     0 I apexd   : Found /system/apex/com.android.media.swcodec
01-15 23:31:55.095     0     0 I apexd   : Skipped when bootstrapping
01-15 23:31:55.096     0     0 I apexd   : Found /system/apex/com.android.tzdata
01-15 23:31:55.098     0     0 I apexd   : Successfully bind-mounted flattened package /system/apex/com.android.tzdata on /apex/com.android.tzdata@290000000
01-15 23:31:55.100     0     0 I apexd   : Found /system/apex/com.android.resolv
01-15 23:31:55.102     0     0 I apexd   : Skipped when bootstrapping
01-15 23:31:55.103     0     0 I apexd   : Found /system/apex/com.android.runtime.debug
01-15 23:31:55.105     0     0 I apexd   : Successfully bind-mounted flattened package /system/apex/com.android.runtime.debug on /apex/com.android.runtime@1
01-15 23:31:55.107     0     0 I apexd   : Activated 6 packages. Skipped: 0
01-15 23:31:55.108     0     0 I apexd   : Bootstrapping done
01-15 23:31:55.115     0     0 I init    : Service 'apexd-bootstrap' (pid 594) exited with status 0 waiting took 0.158000 seconds
01-15 23:31:55.117     0     0 I init    : processing action (early-init) from (/init.environ.rc:2)
01-15 23:31:55.117     0     0 I init    : processing action (early-init) from (/vendor/etc/init/hw/init.qcom.rc:34)
01-15 23:31:55.123     0     0 I init    : Command 'symlink /vendor/firmware_mnt /firmware' action=early-init (/vendor/etc/init/hw/init.qcom.rc:39) took 3ms and fai
led: symlink() failed: Read-only file system
01-15 23:31:55.124     0     0 I init    : Command 'symlink /vendor/bt_firmware /bt_firmware' action=early-init (/vendor/etc/init/hw/init.qcom.rc:40) took 0ms and f
ailed: symlink() failed: Read-only file system
01-15 23:31:55.124     0     0 I init    : Command 'symlink /vendor/dsp /dsp' action=early-init (/vendor/etc/init/hw/init.qcom.rc:41) took 0ms and failed: symlink()
 failed: Read-only file system
01-15 23:31:55.126     0     0 I init    : Command 'chown system graphics /sys/kernel/debug/sync/sw_sync' action=early-init (/vendor/etc/init/hw/init.qcom.rc:50) to
ok 0ms and failed: lchown() failed: Not a directory
01-15 23:31:55.126     0     0 I init    : Command 'chmod 0666 /sys/kernel/debug/sync/sw_sync' action=early-init (/vendor/etc/init/hw/init.qcom.rc:51) took 0ms and
failed: fchmodat() failed: Not a directory
01-15 23:31:55.132     0     0 I init    : starting service 'exec 1 (/vendor/bin/modprobe -a -d /vendor/lib/modules msm_11ad_proxy)'...
01-15 23:31:55.138     0     0 I init    : SVC_EXEC service 'exec 1 (/vendor/bin/modprobe -a -d /vendor/lib/modules msm_11ad_proxy)' pid 595 (uid 0 gid 0+0 context
u:r:vendor_modprobe:s0) started; waiting...
01-15 23:31:55.324     0     0 W         : modprobe (595) used greatest stack depth: 11744 bytes left
01-15 23:31:55.324     0     0 I init    : Service 'exec 1 (/vendor/bin/modprobe -a -d /vendor/lib/modules msm_11ad_proxy)' (pid 595) exited with status 1 waiting t
ook 0.187000 seconds
01-15 23:31:55.331     0     0 I init    : processing action (early-init) from (/vendor/etc/init/hw/init.qcom.test.rc:28)
01-15 23:31:55.344     0     0 I init    : processing action (early-init) from (/vendor/etc/init/hw/init.target.rc:33)
01-15 23:31:55.353     0     0 I init    : starting service 'exec 2 (/vendor/bin/modprobe -a -d /vendor/lib/modules audio_apr audio_wglink audio_adsp_loader audio_q
6_pdr audio_q6_notifier audio_q6 audio_usf audio_native audio_pinctrl_wcd audio_pinctrl_lpi audio_swr audio_platform audio_hdmi audio_wcd_spi audio_stub audio_digit
al_cdc audio_analog_cdc audio_msm_sdw audio_wcd_cpe audio_cpe_lsm audio_wcd9335 audio_machine_sdm660 audio_wcd934x audio_mbhc audio_wcd9xxx audio_wcd_core)'...
01-15 23:31:55.385     0     0 I init    : SVC_EXEC service 'exec 2 (/vendor/bin/modprobe -a -d /vendor/lib/modules audio_apr audio_wglink audio_adsp_loader audio_q
6_pdr audio_q6_notifier audio_q6 audio_usf audio_native audio_pinctrl_wcd audio_pinctrl_lpi audio_swr audio_platform audio_hdmi audio_wcd_spi audio_stub audio_digit
al_cdc audio_analog_cdc audio_msm_sdw audio_wcd_cpe audio_cpe_lsm audio_wcd9335 audio_machine_sdm660 audio_wcd934x audio_mbhc audio_wcd9xxx audio_wcd_core)' pid 596
 (uid 0 gid 0+0 context u:r:vendor_modprobe:s0) started; waiting...
01-15 23:31:55.426     0     0 I init    : Command 'exec u:r:vendor_modprobe:s0 -- /vendor/bin/modprobe -a -d /vendor/lib/modules audio_apr audio_wglink audio_adsp_
loader audio_q6_pdr audio_q6_notifier audio_q6 audio_usf audio_native audio_pinctrl_wcd audio_pinctrl_lpi audio_swr audio_platform audio_hdmi audio_wcd_spi audio_st
ub audio_digital_cdc audio_analog_cdc audio_msm_sdw audio_wcd_cpe audio_cpe_lsm audio_wcd9335 audio_machine_sdm660 audio_wcd934x audio_mbhc audio_wcd9xxx audio_wcd_
core' action=early-init (/vendor/etc/init/hw/init.target.rc:34) took 73ms and succeeded
01-15 23:31:55.475     0     0 I init    : Service 'exec 2 (/vendor/bin/modprobe -a -d /vendor/lib/modules audio_apr audio_wglink audio_adsp_loader audio_q6_pdr aud
io_q6_notifier audio_q6 audio_usf audio_native audio_pinctrl_wcd audio_pinctrl_lpi audio_swr audio_platform audio_hdmi audio_wcd_spi audio_stub audio_digital_cdc au
dio_analog_cdc audio_msm_sdw audio_wcd_cpe audio_cpe_lsm audio_wcd9335 audio_machine_sdm660 audio_wcd934x audio_mbhc audio_wcd9xxx audio_wcd_core)' (pid 596) exited
 with status 1 waiting took 0.091000 seconds
01-15 23:31:55.522     0     0 I init    : Command 'mkdir /firmware 0771 system system' action=early-init (/vendor/etc/init/hw/init.target.rc:35) took 1ms and faile
d: mkdir() failed: Read-only file system
01-15 23:31:55.542     0     0 I init    : Command 'mkdir /bt_firmware 0771 system system' action=early-init (/vendor/etc/init/hw/init.target.rc:36) took 0ms and fa
iled: mkdir() failed: Read-only file system
01-15 23:31:55.558     0     0 I init    : Command 'mkdir /dsp 0771 media media' action=early-init (/vendor/etc/init/hw/init.target.rc:37) took 0ms and failed: mkdi
r() failed: Read-only file system
01-15 23:31:55.574     0     0 I init    : processing action (wait_for_coldboot_done) from (<Builtin Action>:0)
01-15 23:31:57.262     0     0 E FAKE_BATTERY: fake_batt_get_property: batt_mv=7608
01-15 23:32:00.905     0     0 I ueventd : Coldboot took 5.599 seconds
01-15 23:32:00.909     0     0 I init    : wait for '/dev/.coldboot_done' took 5319ms
01-15 23:32:00.909     0     0 I init    : Command 'wait_for_coldboot_done' action=wait_for_coldboot_done (<Builtin Action>:0) took 5319ms and succeeded
01-15 23:32:00.915     0     0 I init    : processing action (MixHwrngIntoLinuxRng) from (<Builtin Action>:0)
01-15 23:32:00.928     0     0 I init    : Mixed 512 bytes from /dev/hw_random into /dev/urandom
01-15 23:32:00.934     0     0 I init    : processing action (SetMmapRndBits) from (<Builtin Action>:0)
01-15 23:32:00.942     0     0 I init    : processing action (KeychordInit) from (<Builtin Action>:0)
01-15 23:32:00.948     0     0 W init    : EVIOCSMASK not supported: Invalid argument
01-15 23:32:00.956     0     0 I init    : processing action (console_init) from (<Builtin Action>:0)
01-15 23:32:00.961     0     0 I init    : processing action (init) from (/init.rc:37)
01-15 23:32:00.977     0     0 E         : Trying to create more than 5 SchedTune boosting groups
01-15 23:32:00.977     0     0 I init    : Command 'mkdir /dev/stune/audio-app' action=init (/init.rc:62) took 0ms and failed: mkdir() failed: No space left on devi
ce
01-15 23:32:01.040     0     0 I         : Registered swp emulation handler
01-15 23:32:01.046     0     0 I init    : starting service 'logd'...
01-15 23:32:01.052     0     0 I init    : starting service 'servicemanager'...
01-15 23:32:01.055     0     0 I init    : Created socket '/dev/socket/logd', mode 666, user 1036, group 1036
01-15 23:32:01.058     0     0 I init    : Created socket '/dev/socket/logdr', mode 666, user 1036, group 1036
01-15 23:32:01.059     0     0 I init    : starting service 'hwservicemanager'...
01-15 23:32:01.065     0     0 I init    : starting service 'vndservicemanager'...
01-15 23:32:01.071     0     0 I init    : processing action (init) from (/vendor/etc/init/hw/init.qcom.rc:58)
01-15 23:32:01.084     0     0 I init    : Created socket '/dev/socket/logdw', mode 222, user 1036, group 1036
01-15 23:32:01.090     0     0 I init    : Opened file '/proc/kmsg', flags 0
01-15 23:32:01.098     0     0 I init    : Opened file '/dev/kmsg', flags 1
01-15 23:32:01.125     0     0 I init    : Command 'symlink /sdcard /storage/sdcard0' action=init (/vendor/etc/init/hw/init.qcom.rc:62) took 52ms and failed: symlin
k() failed: Read-only file system
01-15 23:32:01.129     0     0 I init    : processing action (init) from (/vendor/etc/init/hw/init.target.rc:39)
01-15 23:32:01.150     0     0 I init    : processing action (init) from (/vendor/etc/init/hw/init.target.rc:53)
01-15 23:32:01.152     0     0 I init    : processing action (init) from (/system/etc/init/audioserver.rc:20)
01-15 23:32:01.158     0     0 I init    : processing action (init) from (/vendor/etc/init/android.hardware.keymaster@4.0-service-qti.rc:1)
01-15 23:32:01.169     0     0 I init    : starting service 'keymaster-4-0'...
01-15 23:32:01.181     0     0 I logd.auditd: start
01-15 23:32:01.182     0     0 I init    : processing action (init) from (/vendor/etc/init/vendor.qti.hardware.qseecom@1.0-service.rc:8)
01-15 23:32:01.183     0     0 I init    : starting service 'qseecom-service'...
01-15 23:32:01.189     0     0 I init    : processing action (StartBoringSslSelfTest) from (<Builtin Action>:0)
01-15 23:32:01.194     0     0 I init    : processing action (MixHwrngIntoLinuxRng) from (<Builtin Action>:0)
01-15 23:32:01.195     0     0 I init    : Mixed 512 bytes from /dev/hw_random into /dev/urandom
01-15 23:32:01.195     0     0 I init    : processing action (InitBinder) from (<Builtin Action>:0)
01-15 23:32:01.196     0     0 I init    : processing action (late-init) from (/init.rc:321)
01-15 23:32:01.196     0     0 I init    : processing action (late-init) from (/system/etc/init/atrace.rc:3)
01-15 23:32:01.210     0     0 I init    : Untracked pid 616 exited with status 0
01-15 23:32:01.230     0     0 I init    : processing action (late-init) from (/vendor/etc/init/android.hardware.atrace@1.0-service.rc:1)
01-15 23:32:01.233     0     0 I init    : processing action (queue_property_triggers) from (<Builtin Action>:0)
01-15 23:32:01.233     0     0 I init    : processing action (early-fs) from (/init.rc:356)
01-15 23:32:01.234     0     0 I init    : starting service 'vold'...
01-15 23:32:01.240     0     0 I init    : processing action (fs) from (/vendor/etc/init/hw/init.target_ota.rc:30)
01-15 23:32:01.241     0     0 I init    : wait for '/dev/block/platform/soc/c0c4000.sdhci' took 0ms
01-15 23:32:01.250     0     0 W init    : [libfs_mgr]Warning: unknown flag: crashcheck
01-15 23:32:01.256     0     0 I init    : [libfs_mgr]Invalid ext4 superblock on '/dev/block/bootdevice/by-name/userdata'
01-15 23:32:01.262     0     0 E init    : [libfs_mgr]mount_with_alternatives(): skipping mount due to invalid magic, mountpoint=/data blk_dev=/dev/block/mmcblk0p65
 rec[1].fs_type=ext4
01-15 23:32:01.269     0     0 E init    : [libfs_mgr]fs_mgr_mount_all(): possibly an encryptable blkdev /dev/block/bootdevice/by-name/userdata for mount /data type
 ext4
01-15 23:32:01.295     0     0 I init    : [libfs_mgr]prepare_fs_for_mount : mount /vendor/firmware_mnt
01-15 23:32:01.355     0     0 I init    : [libfs_mgr]__mount(source=/dev/block/bootdevice/by-name/modem_a,target=/vendor/firmware_mnt,type=vfat)=0: Success
01-15 23:32:01.356     0     0 I init    : [libfs_mgr]prepare_fs_for_mount : mount /vendor/bt_firmware
01-15 23:32:01.373   617   617 D vold    : Found unmanaged dm device named system
01-15 23:32:01.378   617   617 W vold    : Failed to LOOP_GET_STATUS64 /dev/block/loop0: No such device or address
01-15 23:32:01.378   617   617 W vold    : Failed to LOOP_GET_STATUS64 /dev/block/loop5: No such device or address
01-15 23:32:01.378   617   617 W vold    : Failed to LOOP_GET_STATUS64 /dev/block/loop3: No such device or address
01-15 23:32:01.378   617   617 W vold    : Failed to LOOP_GET_STATUS64 /dev/block/loop4: No such device or address
01-15 23:32:01.378   617   617 W vold    : Failed to LOOP_GET_STATUS64 /dev/block/loop1: No such device or address
01-15 23:32:01.378   617   617 W vold    : Failed to LOOP_GET_STATUS64 /dev/block/loop2: No such device or address
01-15 23:32:01.379   617   617 W vold    : Failed to LOOP_GET_STATUS64 /dev/block/loop6: No such device or address
01-15 23:32:01.379   617   617 W vold    : Failed to LOOP_GET_STATUS64 /dev/block/loop7: No such device or address
01-15 23:32:01.385   617   617 W vold    : [libfs_mgr]Warning: unknown flag: crashcheck
01-15 23:32:01.390   617   617 D vold    : VoldNativeService::start() completed OK
01-15 23:32:01.394     0     0 I init    : [libfs_mgr]__mount(source=/dev/block/bootdevice/by-name/bluetooth_a,target=/vendor/bt_firmware,type=vfat)=0: Success
01-15 23:32:01.395     0     0 I init    : [libfs_mgr]superblock s_max_mnt_count:65535,/dev/block/bootdevice/by-name/dsp_a
01-15 23:32:01.406     0     0 I init    : [libfs_mgr]prepare_fs_for_mount size: 16777216,/dev/block/bootdevice/by-name/dsp_a
01-15 23:32:01.414     0     0 I init    : [libfs_mgr]prepare_fs_for_mount : mount /vendor/dsp
01-15 23:32:01.455     0     0 I EXT4-fs (mmcblk0p32): mounted filesystem with ordered data mode. Opts: barrier=1
01-15 23:32:01.455     0     0 I init    : [libfs_mgr]__mount(source=/dev/block/bootdevice/by-name/dsp_a,target=/vendor/dsp,type=ext4)=0: Success
01-15 23:32:01.464     0     0 I init    : [libfs_mgr]superblock s_max_mnt_count:65535,/dev/block/bootdevice/by-name/persist
01-15 23:32:01.474     0     0 I init    : [libfs_mgr]prepare_fs_for_mount size: 33554432,/dev/block/bootdevice/by-name/persist
01-15 23:32:01.482     0     0 I init    : [libfs_mgr]prepare_fs_for_mount : mount /mnt/vendor/persist
01-15 23:32:01.522     0     0 I EXT4-fs (mmcblk0p53): mounted filesystem with ordered data mode. Opts: barrier=1
01-15 23:32:01.522     0     0 I init    : [libfs_mgr]__mount(source=/dev/block/bootdevice/by-name/persist,target=/mnt/vendor/persist,type=ext4)=0: Success
01-15 23:32:01.536     0     0 I init    : Parsing file /product_services/etc/init...
01-15 23:32:01.541     0     0 I init    : Unable to read config file '/product_services/etc/init': open() failed: No such file or directory
01-15 23:32:01.547     0     0 I init    : Parsing file /odm/etc/init...
01-15 23:32:01.557     0     0 I init    : Unable to read config file '/odm/etc/init': open() failed: No such file or directory
01-15 23:32:01.562     0     0 I init    : Command 'mount_all /vendor/etc/fstab.qcom' action=fs (/vendor/etc/init/hw/init.target_ota.rc:33) took 318ms and succeeded
01-15 23:32:01.573     0     0 W init    : [libfs_mgr]Warning: unknown flag: crashcheck
01-15 23:32:01.595     0     0 I adsp-loader soc: qcom,msm-adsp-loader: adsp_loader_do: scheduling work to load ADSP fw
01-15 23:32:01.597     0     0 I init    : processing action (fs) from (/system/etc/init/logd.rc:27)
01-15 23:32:01.602     0     0 I ueventd : firmware: loading 'adsp.mdt' for '/devices/soc/15700000.qcom,lpass/firmware/adsp.mdt'
01-15 23:32:01.611     0     0 I init    : processing action (fs) from (/system/etc/init/wifi-events.rc:17)
01-15 23:32:01.615     0     0 I ueventd : loading /devices/soc/15700000.qcom,lpass/firmware/adsp.mdt took 13ms
01-15 23:32:01.624     0     0 W         : ueventd (629) used greatest stack depth: 10992 bytes left
01-15 23:32:01.636     0     0 I subsys-pil-tz 15700000.qcom,lpass: adsp: loading from 0x0000000092a00000 to 0x0000000094800000
01-15 23:32:01.637     0     0 I init    : processing action (post-fs) from (/init.rc:360)
01-15 23:32:01.638     0     0 I init    : starting service 'exec 3 (/system/bin/vdc checkpoint markBootAttempt)'...
01-15 23:32:01.643     0     0 I init    : SVC_EXEC service 'exec 3 (/system/bin/vdc checkpoint markBootAttempt)' pid 630 (uid 1000 gid 1000+0 context default) star
ted; waiting...
01-15 23:32:01.689     0     0 I ueventd : firmware: loading 'adsp.b02' for '/devices/soc/15700000.qcom,lpass/firmware/adsp.b02'
01-15 23:32:01.689     0     0 D vdc     : Waited 0ms for vold
01-15 23:32:01.694     0     0 I ueventd : loading /devices/soc/15700000.qcom,lpass/firmware/adsp.b02 took 5ms
01-15 23:32:01.695     0     0 I init    : Service 'exec 3 (/system/bin/vdc checkpoint markBootAttempt)' (pid 630) exited with status 0 waiting took 0.053000 second
s
01-15 23:32:01.701     0     0 I ueventd : firmware: loading 'adsp.b03' for '/devices/soc/15700000.qcom,lpass/firmware/adsp.b03'
01-15 23:32:01.723     0     0 I ueventd : loading /devices/soc/15700000.qcom,lpass/firmware/adsp.b03 took 22ms
01-15 23:32:01.731     0     0 I ueventd : firmware: loading 'adsp.b04' for '/devices/soc/15700000.qcom,lpass/firmware/adsp.b04'
01-15 23:32:01.770     0     0 I ueventd : loading /devices/soc/15700000.qcom,lpass/firmware/adsp.b04 took 39ms
01-15 23:32:01.802     0     0 I ueventd : firmware: loading 'adsp.b05' for '/devices/soc/15700000.qcom,lpass/firmware/adsp.b05'
01-15 23:32:01.843     0     0 I ueventd : loading /devices/soc/15700000.qcom,lpass/firmware/adsp.b05 took 42ms
01-15 23:32:01.919     0     0 I init    : Command 'restorecon --recursive --cross-filesystems /sys/kernel/debug' action=post-fs (/init.rc:372) took 219ms and succe
eded
01-15 23:32:01.920     0     0 I init    : Command 'chown system cache /cache' action=post-fs (/init.rc:375) took 0ms and failed: lchown() failed: Read-only file sy
stem
01-15 23:32:01.931     0     0 I init    : Command 'chmod 0770 /cache' action=post-fs (/init.rc:376) took 0ms and failed: fchmodat() failed: Read-only file system
01-15 23:32:01.949     0     0 E selinux : SELinux:  Could not stat /metadata: No such file or directory.
01-15 23:32:01.959     0     0 I init    : processing action (post-fs) from (/vendor/etc/init/hw/init.qcom.rc:71)
01-15 23:32:01.966     0     0 I init    : processing action (post-fs) from (/vendor/etc/init/hw/init.target.rc:48)
01-15 23:32:01.975     0     0 I init    : starting service 'vendor.qseecomd'...
01-15 23:32:01.989     0     0 I init    : starting service 'exec 4 (/vendor/bin/init.qti.qseecomd.sh)'...
01-15 23:32:01.994     0     0 I init    : SVC_EXEC service 'exec 4 (/vendor/bin/init.qti.qseecomd.sh)' pid 637 (uid 1000 gid 1000+0 context default) started; waiti
ng...
01-15 23:32:02.113   636   645 I QISL    : QSEE Interrupt Service Listener Thread is started
01-15 23:32:02.116   636   645 I QISL    : QSEE Interrupt Service Listener was activated successfully
01-15 23:32:02.203     0     0 I ueventd : firmware: loading 'adsp.b06' for '/devices/soc/15700000.qcom,lpass/firmware/adsp.b06'
01-15 23:32:02.206     0     0 I ueventd : loading /devices/soc/15700000.qcom,lpass/firmware/adsp.b06 took 4ms
01-15 23:32:02.230     0     0 I init    : Service 'exec 4 (/vendor/bin/init.qti.qseecomd.sh)' (pid 637) exited with status 0 waiting took 0.237000 seconds
01-15 23:32:02.233     0     0 I init    : Command 'write /dev/ipa 1' action=post-fs (/vendor/etc/init/hw/init.target.rc:51) took 1ms and failed: Unable to write to
 file '/dev/ipa': Unable to write file contents: Invalid argument
01-15 23:32:02.241     0     0 I init    : processing action (post-fs) from (/system/etc/init/atrace_userdebug.rc:7)
01-15 23:32:02.262     0     0 I init    : processing action (post-fs) from (/system/etc/init/gsid.rc:6)
01-15 23:32:02.269     0     0 I init    : processing action (post-fs) from (/system/etc/init/recovery-refresh.rc:1)
01-15 23:32:02.276     0     0 I init    : starting service 'exec 5 (/system/bin/recovery-refresh)'...
01-15 23:32:02.289     0     0 I init    : processing action (post-fs) from (/vendor/etc/init/ipacm-diag.rc:18)
01-15 23:32:02.292     0     0 I init    : starting service 'vendor.ipacm-diag'...
01-15 23:32:02.304     0     0 I init    : processing action (post-fs) from (/vendor/etc/init/ipacm.rc:33)
01-15 23:32:02.306     0     0 I init    : starting service 'vendor.ipacm'...
01-15 23:32:02.307     0     0 I init    : Created socket '/dev/socket/ipacm_log_file', mode 660, user 1001, group 1001
01-15 23:32:02.322     0     0 I init    : processing action (late-fs) from (/init.rc:416)
01-15 23:32:02.325     0     0 E init    : Could not start service 'vendor.sensors' as part of class 'early_hal': Cannot find '/vendor/bin/sscrpcd': No such file or
 directory
01-15 23:32:02.332     0     0 I init    : starting service 'vendor.atrace-hal-1-0'...
01-15 23:32:02.351     0     0 I init    : starting service 'vendor.boot-hal-1-0'...
01-15 23:32:02.358     0     0 I init    : starting service 'gatekeeper-1-0'...
01-15 23:32:02.364     0     0 I init    : starting service 'cryptfshw-1-0'...
01-15 23:32:02.370     0     0 I init    : Service 'exec 5 (/system/bin/recovery-refresh)' (pid 649) exited with status 254
01-15 23:32:02.371     0     0 I init    : processing action (post-fs-data) from (/init.rc:424)
01-15 23:32:02.379     0     0 I init    : starting service 'exec 6 (/system/bin/vdc checkpoint prepareCheckpoint)'...
01-15 23:32:02.390     0     0 I init    : SVC_EXEC service 'exec 6 (/system/bin/vdc checkpoint prepareCheckpoint)' pid 657 (uid 1000 gid 1000+0 context default) st
arted; waiting...
01-15 23:32:02.425     0     0 E ipa2_uc_state_check: 301 uC is not loaded
01-15 23:32:02.425     0     0 E ipa_sps_irq_control_all: 963 EP (5) not allocated.
01-15 23:32:02.432   617   617 I Checkpoint: cp_prepareCheckpoint called
01-15 23:32:02.432     0     0 E ipa_sps_irq_control_all: 963 EP (5) not allocated.
01-15 23:32:02.435     0     0 E ipa2_uc_state_check: 301 uC is not loaded
01-15 23:32:02.443     0     0 D vdc     : Waited 0ms for vold
01-15 23:32:02.448     0     0 I init    : Service 'exec 6 (/system/bin/vdc checkpoint prepareCheckpoint)' (pid 657) exited with status 0 waiting took 0.058000 seco
nds
01-15 23:32:02.452     0     0 I init    : starting service 'exec 7 (/system/bin/fsverity_init)'...
01-15 23:32:02.467     0     0 I init    : SVC_EXEC service 'exec 7 (/system/bin/fsverity_init)' pid 658 (uid 0 gid 0+0 context default) started; waiting...
01-15 23:32:02.476     0     0 I init    : Service 'vendor.ipacm' (pid 651) exited with status 0
01-15 23:32:02.478     0     0 I init    : Sending signal 9 to service 'vendor.ipacm' (pid 651) process group...
01-15 23:32:02.485     0     0 I libprocessgroup: Successfully killed process cgroup uid 1001 pid 651 in 0ms
01-15 23:32:02.653     0     0 I init    : Service 'exec 7 (/system/bin/fsverity_init)' (pid 658) exited with status 0 waiting took 0.188000 seconds
01-15 23:32:02.654     0     0 I init    : Switched to default mount namespace
01-15 23:32:02.668     0     0 I init    : starting service 'apexd'...
01-15 23:32:02.696     0     0 I ueventd : firmware: loading 'adsp.b07' for '/devices/soc/15700000.qcom,lpass/firmware/adsp.b07'
01-15 23:32:02.704     0     0 I ueventd : loading /devices/soc/15700000.qcom,lpass/firmware/adsp.b07 took 7ms
01-15 23:32:02.714     0     0 I ueventd : firmware: loading 'adsp.b08' for '/devices/soc/15700000.qcom,lpass/firmware/adsp.b08'
01-15 23:32:02.721     0     0 I ueventd : loading /devices/soc/15700000.qcom,lpass/firmware/adsp.b08 took 7ms
01-15 23:32:02.729     0     0 I ueventd : firmware: loading 'adsp.b09' for '/devices/soc/15700000.qcom,lpass/firmware/adsp.b09'
01-15 23:32:02.731     0     0 I apexd   : Marking APEXd as starting
01-15 23:32:02.732     0     0 I apexd   : Scanning /system/apex for embedded keys
01-15 23:32:02.736     0     0 I apexd   : Scanning /product/apex for embedded keys
01-15 23:32:02.736     0     0 I apexd   : ... does not exist. Skipping
01-15 23:32:02.736     0     0 I apexd   : Populating APEX database from mounts...
01-15 23:32:02.737     0     0 E apexd   : Failed to walk /product/apex : Can't open /product/apex for reading : No such file or directory
01-15 23:32:02.738     0     0 I apexd   : Found "/apex/com.android.tzdata@290000000"
01-15 23:32:02.738     0     0 I apexd   : Found "/apex/com.android.runtime@1"
01-15 23:32:02.738     0     0 I apexd   : 2 packages restored.
01-15 23:32:02.738     0     0 I apexd   : Scanning /data/apex/sessions looking for sessions to be activated.
01-15 23:32:02.739     0     0 I apexd   : Scanning /data/apex/active looking for APEX packages.
01-15 23:32:02.740     0     0 I apexd   : Activated 0 packages. Skipped: 0
01-15 23:32:02.740     0     0 I apexd   : Scanning /system/apex looking for APEX packages.
01-15 23:32:02.741     0     0 I apexd   : Found /system/apex/com.android.conscrypt
01-15 23:32:02.742     0     0 D apexd   : Creating mount point: /apex/com.android.conscrypt@290000000
01-15 23:32:02.743     0     0 I apexd   : Successfully bind-mounted flattened package /system/apex/com.android.conscrypt on /apex/com.android.conscrypt@290000000
01-15 23:32:02.743     0     0 D apexd   : Creating bind-mount for /apex/com.android.conscrypt for /apex/com.android.conscrypt@290000000
01-15 23:32:02.743     0     0 D apexd   : Creating mountpoint /apex/com.android.conscrypt
01-15 23:32:02.743     0     0 D apexd   : Bind-mounting /apex/com.android.conscrypt@290000000 to /apex/com.android.conscrypt
01-15 23:32:02.743     0     0 D apexd   : Successfully activated /system/apex/com.android.conscrypt package_name: com.android.conscrypt version: 290000000
01-15 23:32:02.743     0     0 I apexd   : Found /system/apex/com.android.media
01-15 23:32:02.743     0     0 D apexd   : Creating mount point: /apex/com.android.media@290000000
01-15 23:32:02.744     0     0 I apexd   : Successfully bind-mounted flattened package /system/apex/com.android.media on /apex/com.android.media@290000000
01-15 23:32:02.744     0     0 D apexd   : Creating bind-mount for /apex/com.android.media for /apex/com.android.media@290000000
01-15 23:32:02.744     0     0 D apexd   : Creating mountpoint /apex/com.android.media
01-15 23:32:02.744     0     0 D apexd   : Bind-mounting /apex/com.android.media@290000000 to /apex/com.android.media
01-15 23:32:02.744     0     0 D apexd   : Successfully activated /system/apex/com.android.media package_name: com.android.media version: 290000000
01-15 23:32:02.744     0     0 I apexd   : Found /system/apex/com.android.media.swcodec
01-15 23:32:02.745     0     0 D apexd   : Creating mount point: /apex/com.android.media.swcodec@290000000
01-15 23:32:02.745     0     0 I apexd   : Successfully bind-mounted flattened package /system/apex/com.android.media.swcodec on /apex/com.android.media.swcodec@290
000000
01-15 23:32:02.745     0     0 D apexd   : Creating bind-mount for /apex/com.android.media.swcodec for /apex/com.android.media.swcodec@290000000
01-15 23:32:02.746     0     0 D apexd   : Creating mountpoint /apex/com.android.media.swcodec
01-15 23:32:02.746     0     0 D apexd   : Bind-mounting /apex/com.android.media.swcodec@290000000 to /apex/com.android.media.swcodec
01-15 23:32:02.746     0     0 D apexd   : Successfully activated /system/apex/com.android.media.swcodec package_name: com.android.media.swcodec version: 290000000
01-15 23:32:02.746     0     0 I apexd   : Found /system/apex/com.android.tzdata
01-15 23:32:02.746     0     0 I apexd   : Skipping activation of /system/apex/com.android.tzdata same package with higher version 290000000 is already active
01-15 23:32:02.746     0     0 I apexd   : Found /system/apex/com.android.resolv
01-15 23:32:02.747     0     0 D apexd   : Creating mount point: /apex/com.android.resolv@290000000
01-15 23:32:02.747     0     0 I apexd   : Successfully bind-mounted flattened package /system/apex/com.android.resolv on /apex/com.android.resolv@290000000
01-15 23:32:02.747     0     0 D apexd   : Creating bind-mount for /apex/com.android.resolv for /apex/com.android.resolv@290000000
01-15 23:32:02.747     0     0 D apexd   : Creating mountpoint /apex/com.android.resolv
01-15 23:32:02.748     0     0 D apexd   : Bind-mounting /apex/com.android.resolv@290000000 to /apex/com.android.resolv
01-15 23:32:02.748     0     0 D apexd   : Successfully activated /system/apex/com.android.resolv package_name: com.android.resolv version: 290000000
01-15 23:32:02.748     0     0 I apexd   : Found /system/apex/com.android.runtime.debug
01-15 23:32:02.748     0     0 I apexd   : Skipping activation of /system/apex/com.android.runtime.debug same package with higher version 1 is already active
01-15 23:32:02.748     0     0 I apexd   : Activated 4 packages. Skipped: 2
01-15 23:32:02.748     0     0 I apexd   : Scanning /product/apex looking for APEX packages.
01-15 23:32:02.748     0     0 E apexd   : Failed to activate packages from /product/apex : Failed to scan /product/apex : Can't open /product/apex for reading : No
 such file or directory
01-15 23:32:02.749     0     0 I apexd   : Marking APEXd as ready
01-15 23:32:02.752     0     0 I init    : Wait for property 'apexd.status=ready' took 2ms
01-15 23:32:02.767     0     0 I init    : Parsing file /apex/com.android.media.swcodec@290000000/etc/init.rc...
01-15 23:32:02.777     0     0 I init    : starting service 'exec 8 (/system/bin/vdc --wait cryptfs init_user0)'...
01-15 23:32:02.783     0     0 I init    : SVC_EXEC service 'exec 8 (/system/bin/vdc --wait cryptfs init_user0)' pid 668 (uid 0 gid 0+0 context default) started; wa
iting...
01-15 23:32:02.812   617   617 D vold    : fscrypt_init_user0
01-15 23:32:02.813   617   617 D vold    : fscrypt_prepare_user_storage for volume null, user 0, serial 0, flags 1
01-15 23:32:02.813   617   617 D vold    : Preparing: /data/system/users/0
01-15 23:32:02.813   617   617 D vold    : Preparing: /data/misc/profiles/cur/0
01-15 23:32:02.814   617   617 D vold    : Preparing: /data/system_de/0
01-15 23:32:02.814   617   617 D vold    : Preparing: /data/misc_de/0
01-15 23:32:02.814   617   617 D vold    : Preparing: /data/vendor_de/0
01-15 23:32:02.815   617   617 D vold    : Preparing: /data/user_de/0
01-15 23:32:02.815   617   617 D vold    : /system/bin/vold_prepare_subdirs
01-15 23:32:02.815   617   617 D vold    :     prepare
01-15 23:32:02.815   617   617 D vold    :
01-15 23:32:02.815   617   617 D vold    :     0
01-15 23:32:02.815   617   617 D vold    :     1
01-15 23:32:02.823     0     0 D vdc     : Waited 0ms for vold
01-15 23:32:02.911   617   617 D vold    : fscrypt_unlock_user_key 0 serial=0 token_present=0
01-15 23:32:02.911   617   617 E vold    : Failed to chmod /data/system_ce/0: No such file or directory
01-15 23:32:02.911   617   617 E vold    : Failed to chmod /data/misc_ce/0: No such file or directory
01-15 23:32:02.911   617   617 E vold    : Failed to chmod /data/media/0: No such file or directory
01-15 23:32:02.928     0     0 I init    : Service 'exec 8 (/system/bin/vdc --wait cryptfs init_user0)' (pid 668) exited with status 0 waiting took 0.146000 seconds
01-15 23:32:02.977     0     0 I init    : starting service 'exec 9 (/system/bin/tzdatacheck /apex/com.android.runtime/etc/tz /data/misc/zoneinfo)'...
01-15 23:32:02.982     0     0 I init    : SVC_EXEC service 'exec 9 (/system/bin/tzdatacheck /apex/com.android.runtime/etc/tz /data/misc/zoneinfo)' pid 671 (uid 100
0 gid 1000+0 context default) started; waiting...
01-15 23:32:03.016     0     0 I ueventd : loading /devices/soc/15700000.qcom,lpass/firmware/adsp.b09 took 287ms
01-15 23:32:03.024     0     0 I ueventd : firmware: loading 'adsp.b10' for '/devices/soc/15700000.qcom,lpass/firmware/adsp.b10'
01-15 23:32:03.048     0     0 I ueventd : loading /devices/soc/15700000.qcom,lpass/firmware/adsp.b10 took 24ms
01-15 23:32:03.058     0     0 I init    : Service 'exec 9 (/system/bin/tzdatacheck /apex/com.android.runtime/etc/tz /data/misc/zoneinfo)' (pid 671) exited with sta
tus 0 waiting took 0.076000 seconds
01-15 23:32:03.059     0     0 I init    : processing action (post-fs-data) from (/init.usb.rc:6)
01-15 23:32:03.064     0     0 I ueventd : firmware: loading 'adsp.b11' for '/devices/soc/15700000.qcom,lpass/firmware/adsp.b11'
01-15 23:32:03.073     0     0 I ueventd : loading /devices/soc/15700000.qcom,lpass/firmware/adsp.b11 took 10ms
01-15 23:32:03.080     0     0 I ueventd : firmware: loading 'adsp.b12' for '/devices/soc/15700000.qcom,lpass/firmware/adsp.b12'
01-15 23:32:03.099     0     0 I init    : processing action (post-fs-data) from (/vendor/etc/init/hw/init.qcom.rc:245)
01-15 23:32:03.109   589   589 I auditd  : type=1400 audit(0.0:4): avc: denied { setattr } for comm="init" name="system" dev="tmpfs" ino=20262 scontext=u:r:vendor_i
nit:s0 tcontext=u:object_r:system_data_file:s0 tclass=dir permissive=0
01-15 23:32:03.111     0     0 I ueventd : loading /devices/soc/15700000.qcom,lpass/firmware/adsp.b12 took 31ms
01-15 23:32:03.119   589   589 I auditd  : type=1400 audit(0.0:5): avc: denied { write } for comm="init" name="/" dev="tmpfs" ino=5022 scontext=u:r:vendor_init:s0 t
context=u:object_r:system_data_file:s0 tclass=dir permissive=0
01-15 23:32:03.119   589   589 I auditd  : type=1400 audit(0.0:6): avc: denied { write } for comm="init" name="/" dev="tmpfs" ino=5022 scontext=u:r:vendor_init:s0 t
context=u:object_r:system_data_file:s0 tclass=dir permissive=0
01-15 23:32:03.120     0     0 I ueventd : firmware: loading 'adsp.b13' for '/devices/soc/15700000.qcom,lpass/firmware/adsp.b13'
01-15 23:32:03.128     0     0 I ueventd : loading /devices/soc/15700000.qcom,lpass/firmware/adsp.b13 took 8ms
01-15 23:32:03.132     0     0 I init    : Command 'mkdir /data/system 0775 system system' action=post-fs-data (/vendor/etc/init/hw/init.qcom.rc:326) took 0ms and f
ailed: fchmodat() failed: Permission denied
01-15 23:32:03.138     0     0 I init    : Command 'mkdir /data/fota 0771' action=post-fs-data (/vendor/etc/init/hw/init.qcom.rc:342) took 0ms and failed: mkdir() f
ailed: Permission denied
01-15 23:32:03.140     0     0 I init    : Command 'mkdir /data/hostapd 0770 system wifi' action=post-fs-data (/vendor/etc/init/hw/init.qcom.rc:346) took 0ms and fa
iled: mkdir() failed: Permission denied
01-15 23:32:03.146     0     0 I ueventd : firmware: loading 'adsp.b14' for '/devices/soc/15700000.qcom,lpass/firmware/adsp.b14'
01-15 23:32:03.255     0     0 I ueventd : loading /devices/soc/15700000.qcom,lpass/firmware/adsp.b14 took 109ms
01-15 23:32:03.258     0     0 I init    : Command 'copy /vendor/radio/qcril_database/qcril.db /data/vendor/radio/qcril_prebuilt.db' action=post-fs-data (/vendor/et
c/init/hw/init.qcom.rc:376) took 110ms and succeeded
01-15 23:32:03.259   589   589 I auditd  : type=1400 audit(0.0:7): avc: denied { search } for comm="init" name="tombstones" dev="tmpfs" ino=20246 scontext=u:r:vendo
r_init:s0 tcontext=u:object_r:tombstone_data_file:s0 tclass=dir permissive=0
01-15 23:32:03.259   589   589 I chatty  : uid=0(root) /system/bin/init identical 2 lines
01-15 23:32:03.264     0     0 I ueventd : firmware: loading 'adsp.b15' for '/devices/soc/15700000.qcom,lpass/firmware/adsp.b15'
01-15 23:32:03.269   589   589 I auditd  : type=1400 audit(0.0:10): avc: denied { search } for comm="init" name="tombstones" dev="tmpfs" ino=20246 scontext=u:r:vend
or_init:s0 tcontext=u:object_r:tombstone_data_file:s0 tclass=dir permissive=0
01-15 23:32:03.269   589   589 I auditd  : type=1400 audit(0.0:11): avc: denied { write } for comm="init" name="misc" dev="tmpfs" ino=13206 scontext=u:r:vendor_init
:s0 tcontext=u:object_r:system_data_file:s0 tclass=dir permissive=0
01-15 23:32:03.278     0     0 I init    : Command 'start vendor.move_time_data' action=post-fs-data (/vendor/etc/init/hw/init.qcom.rc:411) took 1ms and failed: Cou
ld not start service: File /system/bin/move_time_data.sh(labeled "u:object_r:system_file:s0") has incorrect label or no domain transition from u:r:init:s0 to anothe
r SELinux domain defined. Have you configured your service correctly? https://source.android.com/security/selinux/device-policy#label_new_services_and_address_denia
ls
01-15 23:32:03.278     0     0 I init    : processing action (post-fs-data) from (/vendor/etc/init/hw/init.qcom.test.rc:32)
01-15 23:32:03.280     0     0 I init    : processing action (post-fs-data) from (/vendor/etc/init/hw/init.target.rc:56)
01-15 23:32:03.281     0     0 I init    : Command 'mkdir /data/tombstones/modem 0771 system system' action=post-fs-data (/vendor/etc/init/hw/init.target.rc:57) too
k 1ms and failed: mkdir() failed: Permission denied
01-15 23:32:03.282     0     0 I init    : Command 'mkdir /data/tombstones/lpass 0771 system system' action=post-fs-data (/vendor/etc/init/hw/init.target.rc:58) too
k 0ms and failed: mkdir() failed: Permission denied
01-15 23:32:03.282     0     0 I init    : Command 'mkdir /data/tombstones/wcnss 0771 system system' action=post-fs-data (/vendor/etc/init/hw/init.target.rc:59) too
k 0ms and failed: mkdir() failed: Permission denied
01-15 23:32:03.283     0     0 I init    : Command 'mkdir /data/tombstones/dsps 0771 system system' action=post-fs-data (/vendor/etc/init/hw/init.target.rc:60) took
 0ms and failed: mkdir() failed: Permission denied
01-15 23:32:03.285     0     0 I init    : Command 'mkdir /data/misc/seemp 0700 system system' action=post-fs-data (/vendor/etc/init/hw/init.target.rc:62) took 0ms
and failed: mkdir() failed: Permission denied
01-15 23:32:03.285     0     0 I init    : processing action (post-fs-data) from (/system/etc/init/art_apex_boot_integrity.rc:19)
01-15 23:32:03.286     0     0 I init    : starting service 'exec 10 (/system/bin/art_apex_boot_integrity)'...
01-15 23:32:03.295     0     0 I init    : SVC_EXEC service 'exec 10 (/system/bin/art_apex_boot_integrity)' pid 678 (uid 0 gid 0+0 context default) started; waiting
...
01-15 23:32:03.531     0     0 I init    : Service 'exec 10 (/system/bin/art_apex_boot_integrity)' (pid 678) exited with status 0 waiting took 0.237000 seconds
01-15 23:32:03.542     0     0 I init    : processing action (post-fs-data) from (/system/etc/init/bootstat.rc:9)
01-15 23:32:03.543     0     0 I ueventd : loading /devices/soc/15700000.qcom,lpass/firmware/adsp.b15 took 279ms
01-15 23:32:03.549     0     0 I ueventd : firmware: loading 'adsp.b16' for '/devices/soc/15700000.qcom,lpass/firmware/adsp.b16'
01-15 23:32:03.565     0     0 I ueventd : loading /devices/soc/15700000.qcom,lpass/firmware/adsp.b16 took 16ms
01-15 23:32:03.574     0     0 I ueventd : firmware: loading 'adsp.b17' for '/devices/soc/15700000.qcom,lpass/firmware/adsp.b17'
01-15 23:32:03.591     0     0 I init    : processing action (post-fs-data) from (/system/etc/init/gsid.rc:10)
01-15 23:32:03.592     0     0 I ueventd : loading /devices/soc/15700000.qcom,lpass/firmware/adsp.b17 took 18ms
01-15 23:32:03.607     0     0 I init    : processing action (post-fs-data) from (/system/etc/init/incidentd.rc:21)
01-15 23:32:03.612     0     0 I ueventd : firmware: loading 'adsp.b18' for '/devices/soc/15700000.qcom,lpass/firmware/adsp.b18'
01-15 23:32:03.622     0     0 I init    : processing action (post-fs-data) from (/system/etc/init/iorapd.rc:27)
01-15 23:32:03.631     0     0 I init    : processing action (post-fs-data) from (/system/etc/init/logtagd.rc:4)
01-15 23:32:03.640     0     0 I init    : processing action (post-fs-data) from (/system/etc/init/recovery-persist.rc:1)
01-15 23:32:03.648     0     0 I init    : starting service 'exec 11 (/system/bin/recovery-persist)'...
01-15 23:32:03.661     0     0 I init    : processing action (post-fs-data) from (/system/etc/init/statsd.rc:25)
01-15 23:32:03.666     0     0 I init    : processing action (post-fs-data) from (/product/etc/init/dpmd.rc:7)
01-15 23:32:03.671     0     0 I init    : processing action (post-fs-data) from (/vendor/etc/init/dataqti.rc:8)
01-15 23:32:03.679     0     0 I init    : processing action (post-fs-data) from (/vendor/etc/init/hostapd.android.rc:9)
01-15 23:32:03.688     0     0 I init    : processing action (post-fs-data) from (/vendor/etc/init/init.qdmastats.rc:6)
01-15 23:32:03.698     0     0 I init    : processing action (post-fs-data) from (/vendor/etc/init/init.sdm660_64.nfc.rc:1)
01-15 23:32:03.704     0     0 E selinux : avc:  denied  { set } for property=ro.nfc.port pid=589 uid=0 gid=0 scontext=u:r:vendor_init:s0 tcontext=u:object_r:defaul
t_prop:s0 tclass=property_service permissive=0
01-15 23:32:03.712     0     0 E init    : Subcontext init could not set 'ro.nfc.port' to 'I2C': SELinux permission check failed
01-15 23:32:03.733     0     0 I init    : Service 'exec 11 (/system/bin/recovery-persist)' (pid 686) exited with status 0
01-15 23:32:03.745     0     0 I init    : processing action (post-fs-data) from (/vendor/etc/init/ipacm-diag.rc:7)
01-15 23:32:03.750     0     0 I ueventd : loading /devices/soc/15700000.qcom,lpass/firmware/adsp.b18 took 139ms
01-15 23:32:03.751     0     0 I init    : processing action (post-fs-data) from (/vendor/etc/init/netmgrd.rc:16)
01-15 23:32:03.756     0     0 I init    : processing action (post-fs-data) from (/vendor/etc/init/port-bridge.rc:11)
01-15 23:32:03.757     0     0 I init    : processing action (post-fs-data) from (/vendor/etc/init/tloc_daemon.rc:8)
01-15 23:32:03.758     0     0 I ueventd : firmware: loading 'adsp.b19' for '/devices/soc/15700000.qcom,lpass/firmware/adsp.b19'
01-15 23:32:03.759     0     0 I init    : processing action (load_persist_props_action) from (/init.rc:311)
01-15 23:32:03.759     0     0 I init    : starting service 'logd-reinit'...
01-15 23:32:03.765     0     0 I init    : processing action (load_persist_props_action) from (/system/etc/init/flags_health_check.rc:1)
01-15 23:32:03.767     0     0 I init    : starting service 'exec 12 (/system/bin/flags_health_check BOOT_FAILURE)'...
01-15 23:32:03.773     0     0 I init    : SVC_EXEC service 'exec 12 (/system/bin/flags_health_check BOOT_FAILURE)' pid 689 (uid 1000 gid 1000+0 context default) st
arted; waiting...
01-15 23:32:03.773     0     0 I ueventd : loading /devices/soc/15700000.qcom,lpass/firmware/adsp.b19 took 16ms
01-15 23:32:03.823     0     0 I init    : Service 'exec 12 (/system/bin/flags_health_check BOOT_FAILURE)' (pid 689) exited with status 0 waiting took 0.051000 seco
nds
01-15 23:32:03.824     0     0 I init    : processing action (load_persist_props_action) from (/system/etc/init/logcatd.rc:31)
01-15 23:32:03.825     0     0 I init    : processing action (zygote-start) from (/system/etc/init/bootstat.rc:72)
01-15 23:32:03.826     0     0 I init    : starting service 'exec 13 (/system/bin/bootstat --set_system_boot_reason)'...
01-15 23:32:03.827     0     0 I logd.daemon: reinit
01-15 23:32:03.831     0     0 I init    : Service 'logd-reinit' (pid 688) exited with status 0
01-15 23:32:03.833     0     0 I init    : processing action (firmware_mounts_complete) from (/init.rc:317)
01-15 23:32:03.833     0     0 I init    : processing action (early-boot) from (/vendor/etc/init/hw/init.qcom.rc:74)
01-15 23:32:03.836     0     0 I adsp-loader soc: qcom,msm-adsp-loader: adsp_loader_do: scheduling work to load ADSP fw
01-15 23:32:03.837     0     0 I cdsp-loader soc: qcom,msm-cdsp-loader: cdsp_loader_do: scheduling work to load CDSP fw
01-15 23:32:03.842     0     0 I sensors-ssc soc: qcom,msm-ssc-sensors: slpi_loader_do: scheduling work to load SLPI fw
01-15 23:32:03.842     0     0 E         : can't get fw name.
01-15 23:32:03.842     0     0 E sensors-ssc soc: qcom,msm-ssc-sensors: slpi_load_fw: SLPI image loading failed
01-15 23:32:03.844     0     0 I ueventd : firmware: loading 'adsp.b20' for '/devices/soc/15700000.qcom,lpass/firmware/adsp.b20'
01-15 23:32:03.847     0     0 I init    : starting service 'exec 14 (/vendor/bin/init.qcom.early_boot.sh)'...
01-15 23:32:03.850     0     0 I ueventd : firmware: loading 'cdsp.mdt' for '/devices/soc/1a300000.qcom,turing/firmware/cdsp.mdt'
01-15 23:32:03.852     0     0 I init    : SVC_EXEC service 'exec 14 (/vendor/bin/init.qcom.early_boot.sh)' pid 693 (uid 0 gid 0+0 context u:r:qti_init_shell:s0) st
arted; waiting...
01-15 23:32:03.855     0     0 I ueventd : loading /devices/soc/15700000.qcom,lpass/firmware/adsp.b20 took 11ms
01-15 23:32:03.856     0     0 I ueventd : loading /devices/soc/1a300000.qcom,turing/firmware/cdsp.mdt took 6ms
01-15 23:32:03.862     0     0 I ueventd : firmware: loading 'adsp.b21' for '/devices/soc/15700000.qcom,lpass/firmware/adsp.b21'
01-15 23:32:03.864     0     0 I subsys-pil-tz 1a300000.qcom,turing: cdsp: loading from 0x0000000094a00000 to 0x0000000095000000
01-15 23:32:03.869     0     0 I ueventd : loading /devices/soc/15700000.qcom,lpass/firmware/adsp.b21 took 7ms
01-15 23:32:03.877     0     0 W         : ueventd (694) used greatest stack depth: 10864 bytes left
01-15 23:32:03.895     0     0 I init    : Service 'exec 13 (/system/bin/bootstat --set_system_boot_reason)' (pid 690) exited with status 0
01-15 23:32:04.014     0     0 I subsys-pil-tz 15700000.qcom,lpass: adsp: Brought out of reset
01-15 23:32:04.028     0     0 I subsys-pil-tz 15700000.qcom,lpass: Subsystem error monitoring/handling services are up
01-15 23:32:04.028     0     0 I subsys-pil-tz 15700000.qcom,lpass: adsp: Power/Clock ready interrupt received
01-15 23:32:04.028     0     0 I apr_tal_link_state_cb: edge[lpass] link state[0]
01-15 23:32:04.099     0     0 I ueventd : firmware: loading 'cdsp.b02' for '/devices/soc/1a300000.qcom,turing/firmware/cdsp.b02'
01-15 23:32:04.106     0     0 I ueventd : loading /devices/soc/1a300000.qcom,turing/firmware/cdsp.b02 took 7ms
01-15 23:32:04.114     0     0 I ueventd : firmware: loading 'cdsp.b03' for '/devices/soc/1a300000.qcom,turing/firmware/cdsp.b03'
01-15 23:32:04.126     0     0 I ueventd : loading /devices/soc/1a300000.qcom,turing/firmware/cdsp.b03 took 12ms
01-15 23:32:04.130     0     0 E mdss_dp_usbpd_setup: get_usbpd phandle failed (-517)
01-15 23:32:04.134     0     0 E mdss_dp_probe: Error usbpd setup!
01-15 23:32:04.134     0     0 I ueventd : firmware: loading 'cdsp.b04' for '/devices/soc/1a300000.qcom,turing/firmware/cdsp.b04'
01-15 23:32:04.154     0     0 E qpnp-pdphy 800f000.qcom,spmi: qcom,pm660@0:qcom,usb-pdphy@1700: usbpd_create failed: -517
01-15 23:32:04.155     0     0 E selinux : SELinux: Could not get canonical path for /sys/devices/soc/800f000.qcom,spmi/spmi-0/spmi0-00/800f000.qcom,spmi:qcom,pm660
@0:qcom,usb-pdphy@1700/usbpd/usbpd0 restorecon: No such file or directory.
01-15 23:32:04.159     0     0 I apr_tal_notify_state: Channel state[0]
01-15 23:32:04.181     0     0 E platform soc: sdw_clk_data_pinctrl: msm_cdc_pinctrl_get_gpiodata: cannot find cdc gpio info
01-15 23:32:04.181     0     0 I ueventd : loading /devices/soc/1a300000.qcom,turing/firmware/cdsp.b04 took 47ms
01-15 23:32:04.184     0     0 I sdm660-asoc-snd soc: sound: msm_internal_init: default codec configured
01-15 23:32:04.185     0     0 E /soc/sound: could not get #gpio-cells for /soc/msm_cdc_pinctrl@75
01-15 23:32:04.185     0     0 E platform soc: wsa_spkr_en1_pinctrl: msm_cdc_pinctrl_get_gpiodata: cannot find cdc gpio info
01-15 23:32:04.185     0     0 W         : ueventd (703) used greatest stack depth: 10448 bytes left
01-15 23:32:04.186     0     0 E platform soc: wsa_spkr_en1_pinctrl: msm_cdc_pinctrl_get_gpiodata: cannot find cdc gpio info
01-15 23:32:04.186     0     0 E         : (NULL device *): wsa881x_gpio_ctrl: Failed to turn state 1; ret=-22
01-15 23:32:04.192     0     0 E swr-wcd msm_sdw_swr_ctrl: swrm_get_logical_dev_num: device id 0x0 does not match with 0x20170211
01-15 23:32:04.192     0     0 E swr_get_logical_dev_num: Error -22 to get logical addr for device 20170211
01-15 23:32:04.192     0     0 W wsa881x : probe of wsa881x.20170211 failed with error -22
01-15 23:32:04.193     0     0 E sdm660-asoc-snd soc: sound: ASoC: CODEC DAI btfm_bt_sco_a2dp_slim_rx not registered
01-15 23:32:04.195     0     0 E platform soc: wsa_spkr_en2_pinctrl: msm_cdc_pinctrl_get_gpiodata: cannot find cdc gpio info
01-15 23:32:04.196     0     0 E platform soc: wsa_spkr_en2_pinctrl: msm_cdc_pinctrl_get_gpiodata: cannot find cdc gpio info
