08-04 09:08:40.822  1952  1952 I SystemServiceManager: Starting phase 480
08-04 09:08:40.827  1952  1952 I DevicePolicyManager: Set ro.device_owner property to false
08-04 09:08:40.829  1952  2130 D SystemServerInitThreadPool: Started executing DevicePolicyManager
08-04 09:08:40.829  1952  2130 D SystemServerInitThreadPool: Finished executing DevicePolicyManager
08-04 09:08:40.831  1952  1952 W ShortcutService: Clock rewound
08-04 09:08:40.831  1952  1952 D SystemServerTiming: StartBootPhaseLockSettingsReady took to complete: 9ms
08-04 09:08:40.831  1952  1952 I SystemServer: StartBootPhaseSystemServicesReady
08-04 09:08:40.831  1952  1952 I SystemServiceManager: Starting phase 500
08-04 09:08:40.833  1952  1952 D AppStandbyController: Setting app idle enabled state
08-04 09:08:40.844  1952  1952 D TestHarnessModeService: Setting up test harness mode
08-04 09:08:40.844  1952  1952 D TestHarnessModeService: Getting PersistentDataBlockManagerInternal from LocalServices
08-04 09:08:40.871  1952  1952 I WifiService: WifiService starting up with Wi-Fi disabled
08-04 09:08:40.900  1952  2163 D ConnectivityService: Got NetworkFactory Messenger for Ethernet
08-04 09:08:40.923  1952  1952 D SystemServerTiming: StartBootPhaseSystemServicesReady took to complete: 92ms
08-04 09:08:40.923  1952  1952 I SystemServer: MakeWindowManagerServiceReady
08-04 09:08:40.934  1952  1952 D SystemServerTiming: MakeWindowManagerServiceReady took to complete: 11ms
08-04 09:08:40.935  1952  1952 I SystemServer: MakePowerManagerServiceReady
08-04 09:08:40.940  1952  1952 E DisplayPowerController: failed to set up display white-balance: java.lang.IllegalStateException: cannot find sensor com.google.sens
or.color
08-04 09:08:40.968  1952  2023 W KeyguardServiceDelegate: onScreenTurningOn(): no keyguard service!
08-04 09:08:40.971  1952  1952 D SystemServerTiming: MakePowerManagerServiceReady took to complete: 37ms
08-04 09:08:40.971  1952  1952 I SystemServer: StartPermissionPolicyService
08-04 09:08:40.972  1952  1952 I SystemServiceManager: Starting com.android.server.policy.PermissionPolicyService
08-04 09:08:40.973  1952  1952 D SystemServerTiming: StartPermissionPolicyService took to complete: 2ms
08-04 09:08:40.973  1952  1952 I SystemServer: MakePackageManagerServiceReady
08-04 09:08:40.975     0     0 W healthd : battery l=44 v=7 t=0.0 h=2 st=3 chg=
08-04 09:08:40.975  1952  2014 E KernelCpuSpeedReader: Failed to read cpu-freq: /sys/devices/system/cpu/cpu0/cpufreq/stats/time_in_state: open failed: ENOENT (No su
ch file or directory)
08-04 09:08:40.976  1952  2014 E KernelCpuSpeedReader: Failed to read cpu-freq: /sys/devices/system/cpu/cpu4/cpufreq/stats/time_in_state: open failed: ENOENT (No su
ch file or directory)
08-04 09:08:40.976  1952  1952 I PackageManager: Un-granting permission android.permission.GLOBAL_SEARCH from package com.android.quicksearchbox (protectionLevel=18
 flags=0x3088be45)
08-04 09:08:40.978  1952  1952 I PackageManager: Un-granting permission android.permission.MANAGE_DOCUMENTS from package com.android.mms (protectionLevel=262146 fla
gs=0x28c9be65)
08-04 09:08:40.984  1952  1952 I PackageManager: Un-granting permission android.permission.INTERACT_ACROSS_USERS_FULL from package org.codeaurora.snapcam (protectio
nLevel=258 flags=0x20d8bc45)
08-04 09:08:40.984  1952  1952 I PackageManager: Un-granting permission android.permission.SET_ORIENTATION from package org.codeaurora.snapcam (protectionLevel=2 fl
ags=0x20d8bc45)
08-04 09:08:40.987  1952  2023 V DisplayPowerController: Brightness [102] reason changing to: 'override', previous reason: '0'.
08-04 09:08:41.000  1952  1952 I commit_sys_config_file: [package-session,10]
08-04 09:08:41.003  1952  1952 V UserDataPreparer: Found /data/user_de/0 with serial number 0
08-04 09:08:41.003  1952  1952 V UserDataPreparer: Found /data/user/0 with serial number 0
08-04 09:08:41.003  1952  1952 V UserDataPreparer: Found /data/system_de/0 with serial number 0
08-04 09:08:41.004  1952  1952 V UserDataPreparer: Found /data/system_ce/0 with serial number 0
08-04 09:08:41.005  1952  1952 V UserDataPreparer: Found /data/misc_ce/0 with serial number -1
08-04 09:08:41.005  1952  1952 D UserDataPreparer: Serial number missing on /data/misc_ce/0; assuming current is valid
08-04 09:08:41.009  1952  1952 D SystemServerTiming: MakePackageManagerServiceReady took to complete: 35ms
08-04 09:08:41.009  1952  1952 I SystemServer: MakeDisplayManagerServiceReady
08-04 09:08:41.011  1952  1952 D SystemServerTiming: MakeDisplayManagerServiceReady took to complete: 2ms
08-04 09:08:41.011  1952  1952 I SystemServer: StartDeviceSpecificServices
08-04 09:08:41.011  1952  1952 D SystemServerTiming: StartDeviceSpecificServices took to complete: 0ms
08-04 09:08:41.011  1952  1952 I SystemServer: StartBootPhaseDeviceSpecificServicesReady
08-04 09:08:41.011  1952  1952 I SystemServiceManager: Starting phase 520
08-04 09:08:41.012  1952  1952 D SystemServerTiming: StartBootPhaseDeviceSpecificServicesReady took to complete: 1ms
08-04 09:08:41.015  1952  1952 W UsageStatsService: Event reported without a package name, eventType:15
08-04 09:08:41.016  1952  1952 I AppOps  : Pruning old package system/com.android.server.appop.AppOpsService$UidState@7f08027: new uid=-1
08-04 09:08:41.017  1952  1952 I ActivityManager: System now ready
08-04 09:08:41.017  1952  1952 I boot_progress_ams_ready: 66113
08-04 09:08:41.166  1952  2139 D SystemServerTimingAsync: SecondaryZygotePreload took to complete: 1277ms
08-04 09:08:41.166  1952  2139 D SystemServerInitThreadPool: Finished executing SecondaryZygotePreload
08-04 09:08:41.210  1952  1952 I SystemServer: Making services ready
08-04 09:08:41.210  1952  1952 I SystemServer: StartActivityManagerReadyPhase
08-04 09:08:41.210  1952  1952 I SystemServiceManager: Starting phase 550
08-04 09:08:41.212  1952  1952 E ThermalHalWrapper: Thermal HAL 2.0 service not connected.
08-04 09:08:41.215  1952  1952 E ThermalHalWrapper: Thermal HAL 1.1 service not connected.
08-04 09:08:41.218  1952  1952 I ThermalHalWrapper: Thermal HAL 1.0 service connected, no thermal call back will be called due to legacy API.
08-04 09:08:41.221  1952  2142 I commit_sys_config_file: [settings-0-0,13]
08-04 09:08:41.649  1952  1952 W SystemServiceManager: Service com.android.server.power.ThermalManagerService took 439 ms in onBootPhase
08-04 09:08:41.650  1952  1952 E BatteryService: breath leds update!
08-04 09:08:41.655  1952  1952 W ActivityManager: Too early to start/bind service in system_server: Phase=550 ComponentInfo{com.android.server.telecom/com.android.s
erver.telecom.components.TelecomService}
08-04 09:08:41.657  1952  1952 W ActivityManager: Too early to start/bind service in system_server: Phase=550 ComponentInfo{com.android.server.telecom/com.android.s
erver.telecom.components.TelecomService}
08-04 09:08:41.666  1952  1952 I SyncManager: No initial accounts
08-04 09:08:41.666  1952  1952 I SyncManager: No initial status
08-04 09:08:41.667  1952  1952 I SyncManager: No initial statistics
08-04 09:08:41.673  1952  1952 D BluetoothManagerService: Bluetooth boot completed
08-04 09:08:41.673  1952  1952 D BluetoothManagerService: Auto-enabling Bluetooth.
08-04 09:08:41.674  1952  1996 D BluetoothManagerService: MESSAGE_ENABLE(0): mBluetooth = null
08-04 09:08:41.676  1952  1996 I am_uid_running: 1002
08-04 09:08:41.716  1952  2011 I am_proc_start: [0,2206,1002,com.android.bluetooth,service,{com.android.bluetooth/com.android.bluetooth.btservice.AdapterService}]
08-04 09:08:41.716  1952  2011 I ActivityManager: Start proc 2206:com.android.bluetooth/1002 for service {com.android.bluetooth/com.android.bluetooth.btservice.Adap
terService}
08-04 09:08:41.771  1952  1980 I am_proc_bound: [0,2206,com.android.bluetooth]
08-04 09:08:41.783  1952  1980 I am_uid_active: 1002
08-04 09:08:41.807  1952  1952 W SystemServiceManager: Service com.android.server.inputmethod.InputMethodManagerService$Lifecycle took 133 ms in onBootPhase
08-04 09:08:41.810  1952  2151 D StorageManagerService: Isolated storage local flag 0 and remote flag 0 resolved to true
08-04 09:08:41.811  1952  1952 I WallpaperManagerService: No static wallpaper imagery; defaults will be shown
08-04 09:08:41.811  1952  1952 V WallpaperManagerService: bindWallpaperComponentLocked: componentName=ComponentInfo{com.android.systemui/com.android.systemui.ImageW
allpaper}
08-04 09:08:41.813  1952  1952 I am_uid_running: 10090
08-04 09:08:41.817  1952  1952 W WallpaperManagerService: Invalid wallpaper data
08-04 09:08:41.817  1952  1952 E WallpaperManagerService: Unable to apply new wallpaper
08-04 09:08:41.820  1952  1952 I AppBindingService: Updating constants with: null
08-04 09:08:41.823  1952  2172 W BluetoothManagerService: bindBluetoothProfileService:Trying to bind to profile: 1, while Bluetooth is disabled
08-04 09:08:41.837     0     0 I msm-dwc3 c200000.hsusb: DWC3 exited from low power mode
08-04 09:08:41.840   627   627 D vold    : Remounting 10121 as mode write
08-04 09:08:41.841  1952  1952 I PackageManager: Un-granting permission android.permission.GLOBAL_SEARCH from package com.android.quicksearchbox (protectionLevel=18
 flags=0x3088be45)
08-04 09:08:41.842  1952  2173 I dvm_lock_sample: [system_server,0,AudioDeviceBroker,21,AudioDeviceBroker.java,749,void com.android.server.audio.AudioDeviceBroker$B
rokerHandler.handleMessage(android.os.Message),AudioSystem.java,-2,int android.media.AudioSystem.setParameters(java.lang.String),4]
08-04 09:08:41.843  1952  1952 I PackageManager: Un-granting permission android.permission.MANAGE_DOCUMENTS from package com.android.mms (protectionLevel=262146 fla
gs=0x28c9be65)
08-04 09:08:41.850  1952  1952 I PackageManager: Un-granting permission android.permission.INTERACT_ACROSS_USERS_FULL from package org.codeaurora.snapcam (protectio
nLevel=258 flags=0x20d8bc45)
08-04 09:08:41.850  1952  1952 I PackageManager: Un-granting permission android.permission.SET_ORIENTATION from package org.codeaurora.snapcam (protectionLevel=2 fl
ags=0x20d8bc45)
08-04 09:08:41.853  1952  1952 D SystemServerTiming: StartActivityManagerReadyPhase took to complete: 643ms
08-04 09:08:41.853  1952  1952 I SystemServer: StartObservingNativeCrashes
08-04 09:08:41.853  1952  1952 D SystemServerTiming: StartObservingNativeCrashes took to complete: 0ms
08-04 09:08:41.854  1952  1952 I SystemServer: StartSystemUI
08-04 09:08:41.854  1952  2140 D SystemServerInitThreadPool: Started executing WebViewFactoryPreparation
08-04 09:08:41.854  1952  2140 I SystemServer: WebViewFactoryPreparation
08-04 09:08:41.856  1952  1952 D SystemServerTiming: StartSystemUI took to complete: 3ms
08-04 09:08:41.856  1952  1952 I SystemServer: MakeNetworkManagementServiceReady
08-04 09:08:41.856  1952  2140 I am_uid_running: 1037
08-04 09:08:41.857  1952  2011 I am_proc_start: [0,2227,10090,com.android.systemui,service,{com.android.systemui/com.android.systemui.ImageWallpaper}]
08-04 09:08:41.857  1952  2011 I ActivityManager: Start proc 2227:com.android.systemui/u0a90 for service {com.android.systemui/com.android.systemui.ImageWallpaper}
08-04 09:08:41.864  1952  2140 D SystemServerTimingAsync: WebViewFactoryPreparation took to complete: 9ms
08-04 09:08:41.864  1952  2140 D SystemServerInitThreadPool: Finished executing WebViewFactoryPreparation
08-04 09:08:41.875  1952  1952 D SystemServerTiming: MakeNetworkManagementServiceReady took to complete: 19ms
08-04 09:08:41.875  1952  1952 I SystemServer: MakeIpSecServiceReady
08-04 09:08:41.885  1952  1952 D IpSecService: IpSecService is ready
08-04 09:08:41.885  1952  1952 D SystemServerTiming: MakeIpSecServiceReady took to complete: 10ms
08-04 09:08:41.885  1952  1952 I SystemServer: MakeNetworkStatsServiceReady
08-04 09:08:41.886  1952  2014 E BatteryExternalStatsWorker: no controller energy info supplied for telephony
08-04 09:08:41.898  1952  2156 I commit_sys_config_file: [net-policy,19]
08-04 09:08:41.898  1952  2156 W NetworkPolicy: setRestrictBackgroundUL: already false
08-04 09:08:41.932  1952  1952 D SystemServerTiming: MakeNetworkStatsServiceReady took to complete: 46ms
08-04 09:08:41.932  1952  1952 I SystemServer: MakeConnectivityServiceReady
08-04 09:08:41.933  1952  1952 D ConnectivityService: requestNetwork for uid/pid:1000/1952 NetworkRequest [ REQUEST id=7, [ Capabilities: INTERNET&NOT_RESTRICTED&TR
USTED&NOT_VPN] ]
08-04 09:08:41.941  1952  2234 I am_proc_bound: [0,2227,com.android.systemui]
08-04 09:08:41.943  1952  2011 W ActivityManager: Slow operation: 87ms so far, now at startProcess: returned from zygote!
08-04 09:08:41.944  1952  1952 D SystemServerTiming: MakeConnectivityServiceReady took to complete: 13ms
08-04 09:08:41.944  1952  1952 I SystemServer: MakeNetworkPolicyServiceReady
08-04 09:08:41.944  1952  1952 D SystemServerTiming: MakeNetworkPolicyServiceReady took to complete: 0ms
08-04 09:08:41.946  1952  2234 I am_uid_active: 10090
08-04 09:08:41.947   615   615 I auditd  : avc:  denied  { find } for interface=vendor.qti.hardware.perf::IPerf sid=u:r:bluetooth:s0 pid=2206 scontext=u:r:bluetooth
:s0 tcontext=u:object_r:hal_perf_hwservice:s0 tclass=hwservice_manager permissive=0
08-04 09:08:41.949   615   615 I auditd  : avc:  denied  { find } for interface=vendor.qti.hardware.perf::IPerf sid=u:r:bluetooth:s0 pid=2206 scontext=u:r:bluetooth
:s0 tcontext=u:object_r:hal_perf_hwservice:s0 tclass=hwservice_manager permissive=0
08-04 09:08:41.962  1952  2011 W ActivityManager: Slow operation: 106ms so far, now at startProcess: done updating battery stats
08-04 09:08:41.962  1952  2011 I am_proc_start: [0,2256,1037,WebViewLoader-armeabi-v7a,NULL,]
08-04 09:08:41.962  1952  2011 W ActivityManager: Slow operation: 106ms so far, now at startProcess: building log message
08-04 09:08:41.962  1952  2011 I ActivityManager: Start proc 2256:WebViewLoader-armeabi-v7a/1037 [android.webkit.WebViewLibraryLoader$RelroFileCreator] for null
08-04 09:08:41.962  1952  2011 W ActivityManager: Slow operation: 106ms so far, now at startProcess: starting to update pids map
08-04 09:08:41.962  1952  2011 W ActivityManager: Slow operation: 106ms so far, now at startProcess: done updating pids map
08-04 09:08:41.962  1952  2011 W ActivityManager: Slow operation: 105ms so far, now at startProcess: asking zygote to start proc
08-04 09:08:41.968  1952  2163 V NetPluginDelegate: registerHandler
08-04 09:08:41.969  1952  2163 V NetPluginDelegate: loading ConnectivityExt jar
08-04 09:08:41.978  1952  2163 V NetPluginDelegate: ConnectivityExt jar loaded
08-04 09:08:42.010  1952  2011 W ActivityManager: Slow operation: 153ms so far, now at startProcess: returned from zygote!
08-04 09:08:42.010  1952  2011 W ActivityManager: Slow operation: 153ms so far, now at startProcess: done updating battery stats
08-04 09:08:42.010  1952  2011 I am_proc_start: [0,2282,1037,WebViewLoader-arm64-v8a,NULL,]
08-04 09:08:42.011  1952  2011 W ActivityManager: Slow operation: 153ms so far, now at startProcess: building log message
08-04 09:08:42.011  1952  2011 I ActivityManager: Start proc 2282:WebViewLoader-arm64-v8a/1037 [android.webkit.WebViewLibraryLoader$RelroFileCreator] for null
08-04 09:08:42.011  1952  2011 W ActivityManager: Slow operation: 153ms so far, now at startProcess: starting to update pids map
08-04 09:08:42.011  1952  2011 W ActivityManager: Slow operation: 154ms so far, now at startProcess: done updating pids map
08-04 09:08:42.026  1952  1980 I am_proc_bound: [0,2256,WebViewLoader-armeabi-v7a]
08-04 09:08:42.027  1952  1980 I am_uid_active: 1037
08-04 09:08:42.064  1952  1980 I am_proc_bound: [0,2282,WebViewLoader-arm64-v8a]
08-04 09:08:42.169  1952  1980 W StorageManagerService: No primary storage defined yet; hacking together a stub
08-04 09:08:42.202   615   615 I auditd  : avc:  denied  { find } for interface=vendor.qti.hardware.perf::IPerf sid=u:r:bluetooth:s0 pid=2206 scontext=u:r:bluetooth
:s0 tcontext=u:object_r:hal_perf_hwservice:s0 tclass=hwservice_manager permissive=0
08-04 09:08:42.230  2206  2332 I bt_config_source: 1
08-04 09:08:42.274  2227  2227 D SystemUIBootTiming: DependencyInjection took to complete: 12ms
08-04 09:08:42.289  2227  2227 D SystemUIBootTiming: StartServicescom.android.systemui.util.NotificationChannels took to complete: 5ms
08-04 09:08:42.290  2227  2227 D SystemUIBootTiming: StartServicescom.android.systemui.statusbar.CommandQueue$CommandQueueStart took to complete: 1ms
08-04 09:08:42.307  1952  1996 I commit_sys_config_file: [notification-policy,19]
08-04 09:08:42.345     0     0 I msm_vidc: info: Opening video instance: ffffffcebdc9a000, 1
08-04 09:08:42.369     0     0 I subsys-restart: __subsystem_get(): Changing subsys fw_name to venus
08-04 09:08:42.387     0     0 I ueventd : firmware: loading 'venus.mdt' for '/devices/soc/cce0000.qcom,venus/firmware/venus.mdt'
08-04 09:08:42.395     0     0 I ueventd : loading /devices/soc/cce0000.qcom,venus/firmware/venus.mdt took 9ms
08-04 09:08:42.420  2227  2227 D SystemUIBootTiming: StartServicescom.android.systemui.keyguard.KeyguardViewMediator took to complete: 129ms
08-04 09:08:42.433  1952  1980 I am_uid_running: 10091
08-04 09:08:42.433     0     0 I subsys-pil-tz cce0000.qcom,venus: venus: loading from 0x000000009f800000 to 0x000000009fd00000
08-04 09:08:42.437  2227  2227 D SystemUIBootTiming: StartServicescom.android.systemui.recents.Recents took to complete: 17ms
08-04 09:08:42.467     0     0 I ueventd : firmware: loading 'venus.b02' for '/devices/soc/cce0000.qcom,venus/firmware/venus.b02'
08-04 09:08:42.483  1952  2011 I am_proc_start: [0,2366,10091,com.android.launcher3,service,{com.android.launcher3/com.android.quickstep.TouchInteractionService}]
08-04 09:08:42.483  1952  2011 I ActivityManager: Start proc 2366:com.android.launcher3/u0a91 for service {com.android.launcher3/com.android.quickstep.TouchInteract
ionService}
08-04 09:08:42.494  1952  2127 D SystemServerTimingAsync: AppDataPrepare took to complete: 2520ms
08-04 09:08:42.494  1952  2127 I PackageManager: Deferred reconcileAppsData finished 157 packages
08-04 09:08:42.494  1952  2127 D SystemServerInitThreadPool: Finished executing prepareAppData
08-04 09:08:42.495     0     0 I ueventd : loading /devices/soc/cce0000.qcom,venus/firmware/venus.b02 took 28ms
08-04 09:08:42.495  1952  1952 I SystemServer: PhaseThirdPartyAppsCanStart
08-04 09:08:42.495  1952  1952 I SystemServiceManager: Starting phase 600
08-04 09:08:42.496  1952  1952 I ExplicitHealthCheckController: Explicit health checks enabled.
08-04 09:08:42.496  1952  1952 I PackageWatchdog: Syncing state, reason: health check state enabled
08-04 09:08:42.496  1952  1952 I PackageWatchdog: Not pruning observers, elapsed time: 0ms
08-04 09:08:42.496  1952  1952 I PackageWatchdog: Cancelling state sync, nothing to sync
08-04 09:08:42.496  1952  2009 I PackageWatchdog: Saving observer state to file
08-04 09:08:42.503  1952  1952 V WallpaperManagerService: bindWallpaperComponentLocked: componentName=ComponentInfo{com.android.systemui/com.android.systemui.ImageW
allpaper}
08-04 09:08:42.504     0     0 I ueventd : firmware: loading 'venus.b03' for '/devices/soc/cce0000.qcom,venus/firmware/venus.b03'
08-04 09:08:42.528     0     0 I ueventd : loading /devices/soc/cce0000.qcom,venus/firmware/venus.b03 took 24ms
08-04 09:08:42.546  1952  1952 I StatsCompanionService: Told statsd that StatsCompanionService is alive.
08-04 09:08:42.547  1952  1952 D SystemServerTiming: PhaseThirdPartyAppsCanStart took to complete: 52ms
08-04 09:08:42.547  1952  1952 I SystemServer: StartNetworkStack
08-04 09:08:42.551     0     0 I ueventd : firmware: loading 'venus.b04' for '/devices/soc/cce0000.qcom,venus/firmware/venus.b04'
08-04 09:08:42.551  1952  1952 D SystemServerTiming: StartNetworkStack took to complete: 4ms
08-04 09:08:42.551  1952  1952 I SystemServer: MakeLocationServiceReady
08-04 09:08:42.558     0     0 I ueventd : loading /devices/soc/cce0000.qcom,venus/firmware/venus.b04 took 8ms
08-04 09:08:42.575  1952  1952 E LocationManagerService: no geocoder provider found
08-04 09:08:42.575  1952  1952 D LocationManagerService: Unable to bind FLP Geofence proxy.
08-04 09:08:42.576  1952  1952 D LocationManagerService: Hardware Activity-Recognition not supported.
08-04 09:08:42.576  1952  1952 D LocationManagerService: Unable to bind ActivityRecognitionProxy.
08-04 09:08:42.579  1952  1952 D SystemServerTiming: MakeLocationServiceReady took to complete: 28ms
08-04 09:08:42.579  1952  1952 I SystemServer: MakeCountryDetectionServiceReady
08-04 09:08:42.580  1952  1952 D SystemServerTiming: MakeCountryDetectionServiceReady took to complete: 0ms
08-04 09:08:42.580  1952  1952 I SystemServer: MakeNetworkTimeUpdateReady
08-04 09:08:42.581  1952  1952 D ConnectivityService: requestNetwork for uid/pid:1000/1952 NetworkRequest [ TRACK_DEFAULT id=9, [ Capabilities: INTERNET&NOT_RESTRIC
TED&TRUSTED Uid: 1000] ]
08-04 09:08:42.582  1952  1952 D SystemServerTiming: MakeNetworkTimeUpdateReady took to complete: 2ms
08-04 09:08:42.582  1952  1952 I SystemServer: MakeInputManagerServiceReady
08-04 09:08:42.582  1952  1952 D SystemServerTiming: MakeInputManagerServiceReady took to complete: 1ms
08-04 09:08:42.582  1952  1952 I SystemServer: MakeTelephonyRegistryReady
08-04 09:08:42.583  1952  1952 D SystemServerTiming: MakeTelephonyRegistryReady took to complete: 1ms
08-04 09:08:42.583  1952  1952 I SystemServer: MakeMediaRouterServiceReady
08-04 09:08:42.583  1952  1952 D SystemServerTiming: MakeMediaRouterServiceReady took to complete: 0ms
08-04 09:08:42.583  1952  1952 I SystemServer: MakeMmsServiceReady
08-04 09:08:42.583  1952  1952 I MmsServiceBroker: Delay connecting to MmsService until an API is called
08-04 09:08:42.583  1952  1952 D SystemServerTiming: MakeMmsServiceReady took to complete: 0ms
08-04 09:08:42.583  1952  1952 I SystemServer: IncidentDaemonReady
08-04 09:08:42.585  1952  1952 D SystemServerTiming: IncidentDaemonReady took to complete: 2ms
08-04 09:08:42.585  1952  1952 I ActivityManager: Current user:0
08-04 09:08:42.585  1952  1952 I SystemServiceManager: Calling onStartUser u0
08-04 09:08:42.591     0     0 I subsys-pil-tz cce0000.qcom,venus: venus: Brought out of reset
08-04 09:08:42.600  1952  2354 I am_proc_bound: [0,2366,com.android.launcher3]
08-04 09:08:42.605  1952  2354 I am_uid_active: 10091
08-04 09:08:42.608  1952  1952 I am_uid_running: 1001
08-04 09:08:42.612  2227  2227 D SystemUIBootTiming: StartServicescom.android.systemui.volume.VolumeUI took to complete: 174ms
08-04 09:08:42.631  1952  1952 I ActivityTaskManager: START u0 {act=android.intent.action.MAIN cat=[android.intent.category.HOME] flg=0x10000100 cmp=com.android.set
tings/.FallbackHome} from uid 0
08-04 09:08:42.650  1952  1952 I ActivityTaskManager: Loaded persisted task ids for user 0
08-04 09:08:42.652  1952  1952 I wm_task_created: [1,0]
08-04 09:08:42.656  1952  1952 I wm_task_moved: [1,0,2147483647]
08-04 09:08:42.657  1952  1952 I am_create_task: [0,1]
08-04 09:08:42.657  1952  1952 I am_create_activity: [0,138483987,1,com.android.settings/.FallbackHome,android.intent.action.MAIN,NULL,NULL,276824320]
08-04 09:08:42.658  1952  1952 I wm_task_moved: [1,0,2147483647]
08-04 09:08:42.673     0     0 I msm_vidc: info: Closed video instance: ffffffcebdc9a000
08-04 09:08:42.736     0     0 I msm_vidc: info: Opening video instance: ffffffcead218000, 1
08-04 09:08:42.750  1952  2016 I dvm_lock_sample: [system_server,0,FileObserver,12,WallpaperManagerService.java,223,com.android.server.wallpaper.WallpaperManagerSer
vice$WallpaperData com.android.server.wallpaper.WallpaperManagerService$WallpaperObserver.dataForEvent(boolean, boolean),Linux.java,-2,java.io.FileDescriptor libcor
e.io.Linux.open(java.lang.String, int, int),2]
08-04 09:08:42.758  1952  1994 W Looper  : Slow dispatch took 250ms android.fg h=android.os.Handler c=com.android.server.wallpaper.-$$Lambda$WallpaperManagerService
$xeJGAwCI8tssclwKFf8jMsYdoKQ@166bfbd m=0
08-04 09:08:42.758  1952  2142 I commit_sys_config_file: [settings-0-0,24]
08-04 09:08:42.758  1952  1994 W Looper  : Slow delivery took 250ms android.fg h=com.android.server.AppStateTracker$MyHandler c=null m=14
08-04 09:08:42.766     0     0 I msm_vidc: info: Closed video instance: ffffffcead218000
08-04 09:08:42.803  1952  1952 D SystemServerTiming: ActivityManagerStartApps took to complete: 218ms
08-04 09:08:42.803  1952  1952 D SystemServerTiming: PhaseActivityManagerReady took to complete: 1791ms
08-04 09:08:42.804  1952  2011 W ActivityManager: Slow operation: 194ms so far, now at startProcess: done updating battery stats
08-04 09:08:42.804  1952  2011 I am_proc_start: [0,2401,1001,.dataservices,added application,.dataservices]
08-04 09:08:42.804  1952  2011 W ActivityManager: Slow operation: 194ms so far, now at startProcess: building log message
08-04 09:08:42.805  1952  2011 I ActivityManager: Start proc 2401:.dataservices/1001 for added application .dataservices
08-04 09:08:42.805  1952  2011 W ActivityManager: Slow operation: 194ms so far, now at startProcess: starting to update pids map
08-04 09:08:42.805  1952  2011 W ActivityManager: Slow operation: 195ms so far, now at startProcess: done updating pids map
08-04 09:08:42.805  1952  1995 I dvm_lock_sample: [system_server,1,android.ui,195,ActivityManagerService.java,3382,void com.android.server.am.ActivityManagerService
.dispatchUidsChanged(),-,9119,void com.android.server.am.ActivityManagerService.systemReady(java.lang.Runnable, android.util.TimingsTraceLog),39]
08-04 09:08:42.805  1952  2011 W ActivityManager: Slow operation: 193ms so far, now at startProcess: asking zygote to start proc
08-04 09:08:42.805  1952  1995 W Looper  : Slow dispatch took 200ms android.ui h=com.android.server.am.ActivityManagerService$UiHandler c=null m=53
08-04 09:08:42.806  1952  2392 I ActivityManager: Process WebViewLoader-armeabi-v7a (pid 2256) has died: psvc PER
08-04 09:08:42.810  1952  1952 D SystemServerInitThreadPool: Shutdown successful
08-04 09:08:42.810  1952  1952 D SystemServerTiming: StartServices took to complete: 6404ms
08-04 09:08:42.812  1952  2392 I am_proc_died: [0,2256,WebViewLoader-armeabi-v7a,-700,0]
08-04 09:08:42.812  1952  1952 I sysui_multi_action: [757,804,799,boot_system_server_ready,801,67907,802,1]
08-04 09:08:42.814  1952  1952 E SystemServerTiming: SystemServer init took too long. uptimeMillis=67907
08-04 09:08:42.814     0     0 I msm_vidc: info: Opening video instance: ffffffce89956000, 1
08-04 09:08:42.816  1952  2392 I am_mem_factor: [3,0]
08-04 09:08:42.817  1952  2392 I am_low_memory: 9
08-04 09:08:42.818  1952  2142 I commit_sys_config_file: [settings-2-0,18]
08-04 09:08:42.818  1952  2330 I am_proc_bound: [0,2401,.dataservices]
08-04 09:08:42.820  1952  1952 W Looper  : Slow delivery took 3017ms main h=android.app.ActivityThread$H c=null m=156
08-04 09:08:42.823  1952  2014 E KernelCpuSpeedReader: Failed to read cpu-freq: /sys/devices/system/cpu/cpu0/cpufreq/stats/time_in_state: open failed: ENOENT (No su
ch file or directory)
08-04 09:08:42.823  1952  2330 I am_uid_active: 1001
08-04 09:08:42.823  1952  2014 E KernelCpuSpeedReader: Failed to read cpu-freq: /sys/devices/system/cpu/cpu4/cpufreq/stats/time_in_state: open failed: ENOENT (No su
ch file or directory)
08-04 09:08:42.828     0     0 E binder_alloc: 2282: binder_alloc_buf, no vma
08-04 09:08:42.828     0     0 I binder  : 1952:2392 transaction failed 29189/-3, size 80-0 line 3185
08-04 09:08:42.839  1952  2354 I ActivityManager: Process WebViewLoader-arm64-v8a (pid 2282) has died: psvc PER
08-04 09:08:42.839  1952  1996 I DropBoxManagerService: add tag=system_app_strictmode isTagEnabled=true flags=0x2
08-04 09:08:42.840  1952  2354 I am_proc_died: [0,2282,WebViewLoader-arm64-v8a,-700,0]
08-04 09:08:42.840     0     0 I msm_vidc: info: Closed video instance: ffffffce89956000
08-04 09:08:42.843  1952  2354 I am_uid_stopped: 1037
08-04 09:08:42.844  1952  2354 I am_low_memory: 8
08-04 09:08:42.851  1952  2010 I am_wtf  : [0,1952,system_server,-1,SystemServerTiming,SystemServer init took too long. uptimeMillis=67907]
08-04 09:08:42.852  1952  2011 W ActivityManager: Slow operation: 240ms so far, now at startProcess: returned from zygote!
08-04 09:08:42.854  1952  1952 D ConditionProviders.SCP: onConnected
08-04 09:08:42.858  1952  2011 W ActivityManager: Slow operation: 245ms so far, now at startProcess: done updating battery stats
08-04 09:08:42.858  1952  2011 I am_proc_start: [0,2449,1001,.qtidataservices,added application,.qtidataservices]
08-04 09:08:42.858  1952  2011 W ActivityManager: Slow operation: 246ms so far, now at startProcess: building log message
08-04 09:08:42.858  1952  2011 I ActivityManager: Start proc 2449:.qtidataservices/1001 for added application .qtidataservices
08-04 09:08:42.858  1952  2011 W ActivityManager: Slow operation: 246ms so far, now at startProcess: starting to update pids map
08-04 09:08:42.862  1952  2010 I DropBoxManagerService: add tag=system_server_wtf isTagEnabled=true flags=0x2
08-04 09:08:42.863  1952  1994 W Looper  : Slow dispatch took 104ms android.fg h=com.android.server.location.GnssLocationProvider$ProviderHandler c=null m=13
08-04 09:08:42.869  2401  2401 I auditd  : type=1400 audit(0.0:82): avc: denied { getattr } for comm=".dataservices" path="/data/user_de/0/com.qualcomm.qti.uceShimS
ervice" dev="dm-2" ino=16395 scontext=u:r:dataservice_app:s0 tcontext=u:object_r:radio_data_file:s0 tclass=dir permissive=0
08-04 09:08:42.869  2401  2401 I auditd  : type=1400 audit(0.0:83): avc: denied { getattr } for comm=".dataservices" path="/data/user_de/0/com.qualcomm.qti.uceShimS
ervice" dev="dm-2" ino=16395 scontext=u:r:dataservice_app:s0 tcontext=u:object_r:radio_data_file:s0 tclass=dir permissive=0
08-04 09:08:42.869  2407  2407 I auditd  : type=1400 audit(0.0:84): avc: denied { getattr } for comm="webview_zygote" path="/data/data/com.android.webview" dev="dm-
2" ino=16751 scontext=u:r:webview_zygote:s0 tcontext=u:object_r:app_data_file:s0:c120,c256,c512,c768 tclass=dir permissive=0
08-04 09:08:42.869  2407  2407 I auditd  : type=1400 audit(0.0:85): avc: denied { getattr } for comm="webview_zygote" path="/data/data/com.android.webview" dev="dm-
2" ino=16751 scontext=u:r:webview_zygote:s0 tcontext=u:object_r:app_data_file:s0:c120,c256,c512,c768 tclass=dir permissive=0
08-04 09:08:42.873     0     0 I msm_vidc: info: Opening video instance: ffffffce955a6000, 1
08-04 09:08:42.879  1952  2011 W ActivityManager: Slow operation: 267ms so far, now at startProcess: done updating pids map
08-04 09:08:42.879  1952  2011 W ActivityManager: Slow operation: 266ms so far, now at startProcess: asking zygote to start proc
08-04 09:08:42.880  1952  1952 V SettingsProvider: Notifying for 0: content://settings/secure/zen_settings_updated
08-04 09:08:42.882  1952  1952 D ConditionProviders: Subscribing to condition://android/event?userId=-10000&calendar=&reply=1 with ComponentInfo{android/com.android
.server.notification.EventConditionProvider}
08-04 09:08:42.882  1952  1952 D ConditionProviders: Subscribing to condition://android/schedule?days=1.2.3.4.5.6.7&start=22.0&end=7.0&exitAtAlarm=true with Compone
ntInfo{android/com.android.server.notification.ScheduleConditionProvider}
08-04 09:08:42.882  1952  1952 I notification_cancel_all: [1000,1952,android,0,0,0,17,NULL]
08-04 09:08:42.882  1952  1952 V SettingsProvider: Notifying for 0: content://settings/secure/assistant
08-04 09:08:42.882  1952  1952 V SettingsProvider: Notifying for 0: content://settings/secure/voice_interaction_service
08-04 09:08:42.883  1952  1952 V SettingsProvider: Notifying for 0: content://settings/secure/voice_recognition_service
08-04 09:08:42.884  1952  1996 I DropBoxManagerService: add tag=system_app_strictmode isTagEnabled=true flags=0x2
08-04 09:08:42.887  2227  2227 D SystemUIBootTiming: StartServicescom.android.systemui.stackdivider.Divider took to complete: 274ms
08-04 09:08:42.907  1952  1952 V SettingsProvider: Notifying for 0: content://settings/secure/location_mode
08-04 09:08:42.907  1952  1952 V SettingsProvider: Notifying for 0: content://settings/global/location_global_kill_switch
08-04 09:08:42.909  1952  1994 W Looper  : Drained
08-04 09:08:42.916  1952  2011 W ActivityManager: Slow operation: 302ms so far, now at startProcess: returned from zygote!
08-04 09:08:42.916  1952  2011 W ActivityManager: Slow operation: 303ms so far, now at startProcess: done updating battery stats
08-04 09:08:42.916  1952  2011 I am_proc_start: [0,2468,1001,com.qualcomm.qti.telephonyservice,added application,com.qualcomm.qti.telephonyservice]
08-04 09:08:42.916  1952  2011 W ActivityManager: Slow operation: 303ms so far, now at startProcess: building log message
08-04 09:08:42.916  1952  2011 I ActivityManager: Start proc 2468:com.qualcomm.qti.telephonyservice/1001 for added application com.qualcomm.qti.telephonyservice
08-04 09:08:42.916  1952  2011 W ActivityManager: Slow operation: 303ms so far, now at startProcess: starting to update pids map
08-04 09:08:42.916  1952  2011 W ActivityManager: Slow operation: 303ms so far, now at startProcess: done updating pids map
08-04 09:08:42.916  1952  2011 W ActivityManager: Slow operation: 302ms so far, now at startProcess: asking zygote to start proc
08-04 09:08:42.919  2401  2401 I auditd  : type=1400 audit(0.0:86): avc: denied { getattr } for comm=".dataservices" path="/data/user_de/0/com.qualcomm.qti.uceShimS
ervice" dev="dm-2" ino=16395 scontext=u:r:dataservice_app:s0 tcontext=u:object_r:radio_data_file:s0 tclass=dir permissive=0
08-04 09:08:42.919  2401  2401 I auditd  : type=1400 audit(0.0:87): avc: denied { getattr } for comm=".dataservices" path="/data/user_de/0/com.qualcomm.qti.uceShimS
ervice" dev="dm-2" ino=16395 scontext=u:r:dataservice_app:s0 tcontext=u:object_r:radio_data_file:s0 tclass=dir permissive=0
08-04 09:08:42.934     0     0 I msm_vidc: info: Closed video instance: ffffffce955a6000
08-04 09:08:42.938     0     0 I msm-dwc3 c200000.hsusb: DWC3 in low power mode
08-04 09:08:42.955     0     0 I msm_vidc: info: Opening video instance: ffffffcea6106000, 1
08-04 09:08:42.962  1952  2011 W ActivityManager: Slow operation: 347ms so far, now at startProcess: returned from zygote!
08-04 09:08:42.962  1952  2011 W ActivityManager: Slow operation: 348ms so far, now at startProcess: done updating battery stats
08-04 09:08:42.962  1952  2011 I am_proc_start: [0,2485,1001,com.android.phone,added application,com.android.phone]
08-04 09:08:42.962  1952  2011 W ActivityManager: Slow operation: 348ms so far, now at startProcess: building log message
08-04 09:08:42.962  1952  2011 I ActivityManager: Start proc 2485:com.android.phone/1001 for added application com.android.phone
08-04 09:08:42.962  1952  2011 W ActivityManager: Slow operation: 348ms so far, now at startProcess: starting to update pids map
08-04 09:08:42.963  1952  2011 W ActivityManager: Slow operation: 348ms so far, now at startProcess: done updating pids map
08-04 09:08:42.963  1952  2011 W ActivityManager: Slow operation: 125ms so far, now at startProcess: asking zygote to start proc
08-04 09:08:42.971  1952  2392 D ConnectivityService: requestNetwork for uid/pid:10090/2227 NetworkRequest [ TRACK_DEFAULT id=12, [ Capabilities: INTERNET&NOT_RESTR
ICTED&TRUSTED Uid: 10090] ]
08-04 09:08:42.980  2401  2401 I service_manager_slow: [23,vendor.perfservice]
08-04 09:08:42.987  1952  2392 I am_proc_bound: [0,2449,.qtidataservices]
08-04 09:08:42.989  2401  2401 I auditd  : type=1400 audit(0.0:88): avc: denied { search } for comm=".dataservices" name="com.qualcomm.qti.uceShimService" dev="dm-2
" ino=16395 scontext=u:r:dataservice_app:s0 tcontext=u:object_r:radio_data_file:s0 tclass=dir permissive=0
08-04 09:08:42.989  2401  2401 I chatty  : uid=1001(radio) .dataservices identical 4 lines
08-04 09:08:42.989  2401  2401 I auditd  : type=1400 audit(0.0:93): avc: denied { search } for comm=".dataservices" name="com.qualcomm.qti.uceShimService" dev="dm-2
" ino=16395 scontext=u:r:dataservice_app:s0 tcontext=u:object_r:radio_data_file:s0 tclass=dir permissive=0
08-04 09:08:42.992   615   615 I auditd  : avc:  denied  { find } for interface=vendor.qti.hardware.perf::IPerf sid=u:r:dataservice_app:s0 pid=2401 scontext=u:r:dat
aservice_app:s0 tcontext=u:object_r:hal_perf_hwservice:s0 tclass=hwservice_manager permissive=0
08-04 09:08:42.992     0     0 I msm_vidc: info: Closed video instance: ffffffcea6106000
08-04 09:08:42.992   615   615 I chatty  : uid=1000(system) hwservicemanage identical 1 line
08-04 09:08:43.008   615   615 I auditd  : avc:  denied  { find } for interface=vendor.qti.hardware.perf::IPerf sid=u:r:dataservice_app:s0 pid=2401 scontext=u:r:dat
aservice_app:s0 tcontext=u:object_r:hal_perf_hwservice:s0 tclass=hwservice_manager permissive=0
08-04 09:08:43.019     0     0 I msm_vidc: info: Opening video instance: ffffffcebdc98000, 1
08-04 09:08:43.023  1952  2011 W ActivityManager: Slow operation: 185ms so far, now at startProcess: returned from zygote!
08-04 09:08:43.023  1952  2011 W ActivityManager: Slow operation: 185ms so far, now at startProcess: done updating battery stats
08-04 09:08:43.023  1952  2011 I am_proc_start: [0,2506,1000,com.android.settings,activity,{com.android.settings/com.android.settings.FallbackHome}]
08-04 09:08:43.023  1952  2011 W ActivityManager: Slow operation: 185ms so far, now at startProcess: building log message
08-04 09:08:43.023  1952  2011 I ActivityManager: Start proc 2506:com.android.settings/1000 for activity {com.android.settings/com.android.settings.FallbackHome}
08-04 09:08:43.023  1952  2011 W ActivityManager: Slow operation: 185ms so far, now at startProcess: starting to update pids map
08-04 09:08:43.024  1952  2011 W ActivityManager: Slow operation: 185ms so far, now at startProcess: done updating pids map
08-04 09:08:43.051     0     0 I msm_vidc: info: Closed video instance: ffffffcebdc98000
08-04 09:08:43.059  1952  2392 I am_proc_bound: [0,2468,com.qualcomm.qti.telephonyservice]
08-04 09:08:43.072  1952  2398 I StatusBarManagerService: registerStatusBar bar=com.android.internal.statusbar.IStatusBar$Stub$Proxy@30b00b0
08-04 09:08:43.084  1952  2330 I am_proc_bound: [0,2485,com.android.phone]
08-04 09:08:43.095   615   615 I auditd  : avc:  denied  { find } for interface=vendor.qti.hardware.perf::IPerf sid=u:r:qtidataservices_app:s0 pid=2449 scontext=u:r
:qtidataservices_app:s0 tcontext=u:object_r:hal_perf_hwservice:s0 tclass=hwservice_manager permissive=0
08-04 09:08:43.096   615   615 I auditd  : avc:  denied  { find } for interface=vendor.qti.hardware.perf::IPerf sid=u:r:qtidataservices_app:s0 pid=2449 scontext=u:r
:qtidataservices_app:s0 tcontext=u:object_r:hal_perf_hwservice:s0 tclass=hwservice_manager permissive=0
08-04 09:08:43.099     0     0 I msm_vidc: info: Opening video instance: ffffffce955a0000, 1
08-04 09:08:43.104  1952  2330 I am_proc_bound: [0,2506,com.android.settings]
08-04 09:08:43.108   615   615 I auditd  : avc:  denied  { find } for interface=vendor.qti.hardware.perf::IPerf sid=u:r:qtidataservices_app:s0 pid=2449 scontext=u:r
:qtidataservices_app:s0 tcontext=u:object_r:hal_perf_hwservice:s0 tclass=hwservice_manager permissive=0
08-04 09:08:43.108  1952  2330 I am_restart_activity: [0,138483987,1,com.android.settings/.FallbackHome]
08-04 09:08:43.110  1952  2330 I am_set_resumed_activity: [0,com.android.settings/.FallbackHome,minimalResumeActivityLocked]
08-04 09:08:43.123  1952  2142 I commit_sys_config_file: [settings-2-0,22]
08-04 09:08:43.130  1952  1952 W Looper  : Slow dispatch took 222ms main h=android.app.ActivityThread$H c=null m=114
08-04 09:08:43.139     0     0 I msm_vidc: info: Closed video instance: ffffffce955a0000
08-04 09:08:43.144  1952  1952 W BluetoothManagerService: bindBluetoothProfileService:Trying to bind to profile: 1, while Bluetooth is disabled
08-04 09:08:43.148  1952  2551 I Telecom : BluetoothRouteManager: getBluetoothAudioConnectedDevice: no service available.
08-04 09:08:43.158  1952  1952 I Telecom : SystemStateHelper: Registering car mode receiver: android.content.IntentFilter@473891f: TS.init@AAA
08-04 09:08:43.180     0     0 I msm_vidc: info: Opening video instance: ffffffce9559c000, 1
08-04 09:08:43.216     0     0 I msm_vidc: info: Closed video instance: ffffffce9559c000
08-04 09:08:43.247  1952  2560 I Telecom : Logging.Events: Non-call EVENT: AUDIO_ROUTE, Entering state QuiescentEarpieceRoute
08-04 09:08:43.247  1952  2560 I Telecom : BluetoothRouteManager: getBluetoothAudioConnectedDevice: no service available.
08-04 09:08:43.252  1952  2563 I Telecom : CallAudioModeStateMachine: Message received: null.: TS.init->CAMSM.pM_1@AAA
08-04 09:08:43.257  1952  1952 I Telecom : MissedCallNotifierImpl: reloadFromDatabase: Boot not yet complete -- call log db may not be available. Deferring loading
until boot complete for user 0: TS.init@AAA
08-04 09:08:43.261  1952  1952 W BluetoothManagerService: bindBluetoothProfileService:Trying to bind to profile: 1, while Bluetooth is disabled
08-04 09:08:43.265  1952  1952 I Telecom : Class: TelecomSystem.INSTANCE being set
08-04 09:08:43.265  1952  1952 W ContextImpl: Calling a method in the system process without a qualified user: android.app.ContextImpl.startService:1570 android.con
tent.ContextWrapper.startService:669 com.android.server.telecom.components.TelecomService.initializeTelecomSystem:196 com.android.server.telecom.components.TelecomS
ervice.onBind:71 android.app.ActivityThread.handleBindService:3981
08-04 09:08:43.276  1952  1952 W Looper  : Slow dispatch took 146ms main h=android.app.ActivityThread$H c=null m=121
08-04 09:08:43.277  1952  1952 I notification_cancel_all: [1000,1952,com.android.systemui,0,0,0,17,NULL]
08-04 09:08:43.277  1952  1952 D BluetoothManagerService: Bluetooth Adapter name changed to QCOM-BTD
08-04 09:08:43.277  1952  1952 D BluetoothManagerService: Stored Bluetooth name: QCOM-BTD
08-04 09:08:43.277  1952  1952 D BluetoothManagerService: BluetoothServiceConnection: com.android.bluetooth.btservice.AdapterService
08-04 09:08:43.278  1952  1952 D PackageWatchdog: Getting all observed packages pending health checks
08-04 09:08:43.278  1952  1996 D BluetoothManagerService: MESSAGE_BLUETOOTH_SERVICE_CONNECTED: 1
08-04 09:08:43.278  1952  1952 I PackageWatchdog: Syncing health check requests for packages: {}
08-04 09:08:43.278  1952  1952 I ExplicitHealthCheckController: Service not ready to get health check supported packages. Binding...
08-04 09:08:43.279  1952  1996 D BluetoothManagerService: Broadcasting onBluetoothServiceUp() to 2 receivers.
08-04 09:08:43.279  1952  1981 D ActivityTaskManager: Top Process State changed to PROCESS_STATE_TOP_SLEEPING
08-04 09:08:43.281  1952  1981 I am_pause_activity: [0,138483987,com.android.settings/.FallbackHome,userLeaving=false]
08-04 09:08:43.284  1952  1996 D BluetoothManagerService: MESSAGE_BLUETOOTH_STATE_CHANGE: OFF > BLE_TURNING_ON
08-04 09:08:43.284  1952  1996 D BluetoothManagerService: Sending BLE State Change: OFF > BLE_TURNING_ON
08-04 09:08:43.286  1952  1981 I am_add_to_stopping: [0,138483987,com.android.settings/.FallbackHome,makeInvisible]
08-04 09:08:43.286  1952  1952 I am_uid_running: 10049
08-04 09:08:43.287  1952  1952 I ExplicitHealthCheckController: Explicit health check service is bound
08-04 09:08:43.287  1952  1952 V SettingsProvider: Notifying for 0: content://settings/global/boot_count
08-04 09:08:43.287  1952  1997 W UsageStatsService: Event reported without a package name, eventType:17
08-04 09:08:43.287     0     0 I msm_vidc: info: Opening video instance: ffffffce85226000, 1
08-04 09:08:43.294  1952  1997 I sysui_multi_action: [757,1144,758,7,806,com.android.settings,871,com.android.settings.FallbackHome]
08-04 09:08:43.326  1952  2011 I am_proc_start: [0,2572,10049,android.ext.services,service,{android.ext.services/android.ext.services.watchdog.ExplicitHealthCheckSe
rviceImpl}]
08-04 09:08:43.326  1952  2011 I ActivityManager: Start proc 2572:android.ext.services/u0a49 for service {android.ext.services/android.ext.services.watchdog.Explici
tHealthCheckServiceImpl}
08-04 09:08:43.335     0     0 I msm_vidc: info: Closed video instance: ffffffce85226000
08-04 09:08:43.359  2506  2506 I auditd  : type=1400 audit(0.0:94): avc: denied { search } for comm="RenderThread" name="gpu" dev="dm-2" ino=540725 scontext=u:r:sys
tem_app:s0 tcontext=u:object_r:vendor_gles_data_file:s0 tclass=dir permissive=0
08-04 09:08:43.359  2506  2506 I auditd  : type=1400 audit(0.0:95): avc: denied { search } for comm="RenderThread" name="gpu" dev="dm-2" ino=540725 scontext=u:r:sys
tem_app:s0 tcontext=u:object_r:vendor_gles_data_file:s0 tclass=dir permissive=0
08-04 09:08:43.373  1952  1952 V SettingsProvider: Notifying for 0: content://settings/secure/location_providers_allowed
08-04 09:08:43.373  1952  1952 V SettingsProvider: Notifying for 0: content://settings/secure/location_providers_allowed
08-04 09:08:43.374     0     0 I msm_vidc: info: Opening video instance: ffffffce89952000, 1
08-04 09:08:43.378  1952  1952 V SettingsProvider: Notifying for 0: content://settings/secure/voice_interaction_service
08-04 09:08:43.379  1952  1952 V SettingsProvider: Notifying for 0: content://settings/secure/voice_recognition_service
08-04 09:08:43.390  2506  2506 I am_on_create_called: [0,com.android.settings.FallbackHome,performCreate]
08-04 09:08:43.391  1952  1952 V NotificationListeners: enabling notification listener for 0: ComponentInfo{com.android.launcher3/com.android.launcher3.notification
.NotificationListener}
08-04 09:08:43.391  1952  1952 V NotificationListeners: binding: Intent { act=android.service.notification.NotificationListenerService cmp=com.android.launcher3/.no
tification.NotificationListener (has extras) }
08-04 09:08:43.391  1952  1952 W ActivityManager: Unable to start service Intent { act=android.service.notification.NotificationListenerService cmp=com.android.laun
cher3/.notification.NotificationListener } U=0: not found
08-04 09:08:43.391  1952  1952 W NotificationListeners: Unable to bind notification listener service: Intent { act=android.service.notification.NotificationListener
Service cmp=com.android.launcher3/.notification.NotificationListener (has extras) } in user 0
08-04 09:08:43.391  1952  1952 V NotificationAssistants: enabling notification assistant for 0: ComponentInfo{android.ext.services/android.ext.services.notification
.Assistant}
08-04 09:08:43.391  1952  1952 V NotificationAssistants: binding: Intent { act=android.service.notification.NotificationAssistantService cmp=android.ext.services/.n
otification.Assistant (has extras) }
08-04 09:08:43.397  2506  2506 I am_on_start_called: [0,com.android.settings.FallbackHome,handleStartActivity]
08-04 09:08:43.401  2506  2506 I am_on_resume_called: [0,com.android.settings.FallbackHome,RESUME_ACTIVITY]
08-04 09:08:43.409     0     0 I msm_vidc: info: Closed video instance: ffffffce89952000
08-04 09:08:43.418  1952  2392 W BluetoothManagerService: bindBluetoothProfileService:Trying to bind to profile: 1, while Bluetooth is disabled
08-04 09:08:43.422  2506  2506 I am_on_top_resumed_gained_called: [0,com.android.settings.FallbackHome,topStateChangedWhenResumed]
08-04 09:08:43.422  2506  2506 I am_on_top_resumed_lost_called: [0,com.android.settings.FallbackHome,topStateChangedWhenResumed]
08-04 09:08:43.423  2506  2506 I am_on_paused_called: [0,com.android.settings.FallbackHome,performPause]
08-04 09:08:43.423  1952  2392 I am_proc_bound: [0,2572,android.ext.services]
08-04 09:08:43.429     0     0 I msm_vidc: info: Opening video instance: ffffffce85220000, 1
08-04 09:08:43.439  1952  2392 I am_uid_active: 10049
08-04 09:08:43.442  1952  2330 I am_stop_activity: [0,138483987,com.android.settings/.FallbackHome]
08-04 09:08:43.443  2506  2506 I am_on_stop_called: [0,com.android.settings.FallbackHome,STOP_ACTIVITY_ITEM]
08-04 09:08:43.455  1952  1997 I sysui_multi_action: [757,803,799,window_time_0,802,7]
08-04 09:08:43.456     0     0 I msm_vidc: info: Closed video instance: ffffffce85220000
08-04 09:08:43.460  1952  1997 I boot_progress_enable_screen: 68555
08-04 09:08:43.460  1952  1997 I screen_toggled: 1
08-04 09:08:43.460  1952  1997 W KeyguardServiceDelegate: onScreenTurningOn(): no keyguard service!
08-04 09:08:43.481     0     0 E bt_ioctl: BT_CMD_PWR_CTRL pwr_cntrl:0
08-04 09:08:43.481     0     0 E bt_ioctl: BT chip state is already :0 no change d
08-04 09:08:43.485     0     0 E bt_ioctl: BT_CMD_PWR_CTRL pwr_cntrl:1
08-04 09:08:43.488     0     0 I msm_vidc: info: Opening video instance: ffffffce899ec000, 1
08-04 09:08:43.511  1952  1952 W Looper  : Slow dispatch took 115ms main h=android.app.ActivityThread$H c=android.app.-$$Lambda$LoadedApk$ReceiverDispatcher$Args$_B
umDX2UKsnxLVrE6UJsJZkotuA@a113804 m=0
08-04 09:08:43.513     0     0 I msm_vidc: info: Closed video instance: ffffffce899ec000
08-04 09:08:43.515  1952  1994 D UsbDeviceManager: push notification: USB 
08-04 09:08:43.518  1952  1952 V SettingsProvider: Notifying for 0: content://settings/secure/location_providers_allowed
08-04 09:08:43.518  1952  1952 D ConditionProviders.SCP: onSubscribe condition://android/schedule?days=1.2.3.4.5.6.7&start=22.0&end=7.0&exitAtAlarm=true
08-04 09:08:43.518  1952  1952 D ConditionProviders.SCP: setRegistered true
08-04 09:08:43.536     0     0 I msm_vidc: info: Opening video instance: ffffffcedbb14000, 1
08-04 09:08:43.537  1952  2169 E ActivityThread: Failed to find provider info for com.android.calendar
08-04 09:08:43.541  1952  2169 E ActivityThread: Failed to find provider info for com.android.calendar
08-04 09:08:43.551  2227  2227 D SystemUIBootTiming: StartServicescom.android.systemui.SystemBars took to complete: 663ms
08-04 09:08:43.557  2227  2501 E ActivityThread: Failed to find provider info for com.android.contacts
08-04 09:08:43.560  1952  1952 D ConditionProviders.SCP: evaluateSubscriptionLocked cal=ScheduleCalendar[mDays={1, 2, 3, 4, 5, 6, 7}, mSchedule=ScheduleInfo{days=[1
