01-15 23:05:18.545  1862  1914 D TelephonyRegistry: listen oscl: mHasNotifySubscriptionInfoChangedOccurred==false no callback
01-15 23:05:18.572  2489  2575 I chatty  : uid=1001(radio) HwBinder:2489_1 expire 21 lines
01-15 23:05:18.579  1862  1927 I user_activity_timeout_override: 10000
01-15 23:05:18.622  1593  1593 I chatty  : uid=1001(radio) main expire 2 lines
01-15 23:05:18.622  2489  2489 I gsm_service_state_change: [1,1,3,3]
01-15 23:05:18.639  1862  2372 D TelephonyRegistry: notifySubscriptionInfoChanged: first invocation mRecords.size=37
01-15 23:05:18.663  1862  1914 D TelephonyRegistry: notifyServiceStateForSubscriber: INVALID phoneId=0 or subId=-1
01-15 23:05:18.670  1862  1914 E PHONE   : ServiceState.getRadioTechnology() DEPRECATED will be removed *******
01-15 23:05:18.673  1862  1936 I am_uid_running: 10052
01-15 23:05:18.725  1862  1937 W ActivityManager: Slow operation: 51ms so far, now at startProcess: returned from zygote!
01-15 23:05:18.725  1862  1937 W ActivityManager: Slow operation: 51ms so far, now at startProcess: done updating battery stats
01-15 23:05:18.725  1862  1937 I am_proc_start: [0,2760,10052,com.android.cellbroadcastreceiver,broadcast,{com.android.cellbroadcastreceiver/com.android.cellbroadca
streceiver.CellBroadcastReceiver}]
01-15 23:05:18.725  1862  1937 W ActivityManager: Slow operation: 51ms so far, now at startProcess: building log message
01-15 23:05:18.725  1862  1937 I ActivityManager: Start proc 2760:com.android.cellbroadcastreceiver/u0a52 for broadcast {com.android.cellbroadcastreceiver/com.andro
id.cellbroadcastreceiver.CellBroadcastReceiver}
01-15 23:05:18.725  1862  1937 W ActivityManager: Slow operation: 51ms so far, now at startProcess: starting to update pids map
01-15 23:05:18.725  1862  1937 W ActivityManager: Slow operation: 52ms so far, now at startProcess: done updating pids map
01-15 23:05:18.741  1593  1703 I chatty  : uid=1001(radio) DispatcherModul expire 3 lines
01-15 23:05:18.768  2489  2489 I service_manager_stats: [100,87,66388]
01-15 23:05:18.770  1620  1702 I chatty  : uid=1001(radio) DispatcherModul expire 4 lines
01-15 23:05:18.781  2489  2489 I chatty  : uid=1001(radio) com.android.phone expire 134 lines
01-15 23:05:18.783  1593  1703 I chatty  : uid=1001(radio) DispatcherModul expire 2 lines
01-15 23:05:18.784  2489  2575 I chatty  : uid=1001(radio) HwBinder:2489_1 expire 46 lines
01-15 23:05:18.797  1862  1914 D TelephonyRegistry: onDataConnectionStateChanged(DISCONNECTED, UNKNOWN) subId=-1, phoneId=0
01-15 23:05:18.801  1862  1862 D BluetoothManagerService: Bluetooth Adapter address changed to 22:22:F5:F1:80:FC
01-15 23:05:18.801  1862  1862 D BluetoothManagerService: Stored Bluetoothaddress: 22:22:F5:F1:80:FC
01-15 23:05:18.810  1862  1862 D BluetoothManagerService: Bluetooth Adapter name changed to QCOM-BTD
01-15 23:05:18.811  1862  1862 D BluetoothManagerService: Stored Bluetooth name: QCOM-BTD
01-15 23:05:18.815  1862  1862 D BluetoothManagerService: Bluetooth Adapter address changed to 22:22:F5:F1:80:FC
01-15 23:05:18.815  1862  1862 D BluetoothManagerService: Stored Bluetoothaddress: 22:22:F5:F1:80:FC
01-15 23:05:18.837  1862  1926 D BluetoothManagerService: MESSAGE_BLUETOOTH_STATE_CHANGE: BLE_TURNING_ON > BLE_ON
01-15 23:05:18.837  1862  1926 D BluetoothManagerService: Bluetooth is in LE only mode
01-15 23:05:18.837  1862  1926 D BluetoothManagerService: Binding Bluetooth GATT service
01-15 23:05:18.847  1862  1926 D BluetoothManagerService: Sending BLE State Change: BLE_TURNING_ON > BLE_ON
01-15 23:05:18.848  1862  1862 D BluetoothManagerService: BluetoothServiceConnection: com.android.bluetooth.gatt.GattService
01-15 23:05:18.848  1862  1926 D BluetoothManagerService: MESSAGE_BLUETOOTH_SERVICE_CONNECTED: 2
01-15 23:05:18.849  1862  1926 D BluetoothManagerService: continueFromBleOnState()
01-15 23:05:18.856  1862  1926 D BluetoothManagerService: Persisting Bluetooth Setting: 1
01-15 23:05:18.858  1862  1926 D BluetoothManagerService: MESSAGE_BLUETOOTH_STATE_CHANGE: BLE_ON > TURNING_ON
01-15 23:05:18.858  1862  1926 D BluetoothManagerService: Sending BLE State Change: BLE_ON > TURNING_ON
01-15 23:05:18.860  1862  2290 I am_proc_bound: [0,2760,com.android.cellbroadcastreceiver]
01-15 23:05:18.941     0     0 I init    : Service 'bootanim' (pid 1055) exited with status 0
01-15 23:05:18.959  1862  1927 I WindowManager: ******* TELLING SURFACE FLINGER WE ARE BOOTED!
01-15 23:05:18.966   815   906 I sf_stop_bootanim: 66587
01-15 23:05:18.969  1862  1927 I wm_boot_animation_done: 66590
01-15 23:05:18.976  1862  1927 I ActivityManager: About to commit checkpoint
01-15 23:05:18.977  1862  1927 I SystemServiceManager: Starting phase 1000
01-15 23:05:18.979  1862  1946 V DisplayPowerController: Brightness [102] reason changing to: 'manual', previous reason: 'override'.
01-15 23:05:18.980  1862  1927 D TestHarnessModeService: Completing Test Harness Mode setup.
01-15 23:05:18.980  1862  2068 D StorageManagerService: Thinking about init, mBootCompleted=true, mDaemonConnected=true
01-15 23:05:18.980  1862  2068 D StorageManagerService: Setting up emulation state, initlocked=false
01-15 23:05:18.980   616  1282 D vold    : fscrypt_unlock_user_key 0 serial=0 token_present=0
01-15 23:05:18.982  1862  2068 D StorageManagerService: Thinking about reset, mBootCompleted=true, mDaemonConnected=true
01-15 23:05:18.984  1862  2290 V StorageManagerService: Found primary storage at VolumeInfo{emulated}:
01-15 23:05:18.984  1862  2290 V StorageManagerService:     type=EMULATED diskId=null partGuid= mountFlags=0 mountUserId=-10000
01-15 23:05:18.984  1862  2290 V StorageManagerService:     state=UNMOUNTED
01-15 23:05:18.984  1862  2290 V StorageManagerService:     fsType=null fsUuid=null fsLabel=null
01-15 23:05:18.984  1862  2290 V StorageManagerService:     path=null internalPath=null
01-15 23:05:19.002   616  1292 D vold    : Waiting for FUSE to spin up...
01-15 23:05:19.002  1862  1936 I ActivityManager: Force stopping com.android.providers.media appid=10044 user=-1: vold reset
01-15 23:05:19.039     0     0 I init    : processing action (sys.boot_completed=1) from (/init.rc:811)
01-15 23:05:19.041  1862  1927 D ActivityManager: Finishing user boot 0
01-15 23:05:19.041  1862  1927 I ActivityManager: User 0 state changed from BOOTING to RUNNING_LOCKED
01-15 23:05:19.041     0     0 I init    : starting service 'exec 26 (/bin/rm -rf /data/per_boot)'...
01-15 23:05:19.041  1862  1927 I am_user_state_changed: [0,1]
01-15 23:05:19.041  1862  1927 I sysui_multi_action: [757,804,799,framework_locked_boot_completed,801,66,802,1]
01-15 23:05:19.043  1862  1927 D StorageManagerService: unlockUserKey: 0
01-15 23:05:19.043  1862  1927 D ActivityManager: Started unlocking user 0
01-15 23:05:19.043  1862  1927 D ActivityManager: Unlocking user 0 progress 0
01-15 23:05:19.043  1862  1927 D ActivityManager: Unlocking user 0 progress 5
01-15 23:05:19.044  1862  1924 I UsbDeviceManager: Setting USB config to diag,serial_cdev,rmnet,adb
01-15 23:05:19.047  1862  1926 I DropBoxManagerService: add tag=system_server_strictmode isTagEnabled=true flags=0x2
01-15 23:05:19.051     0     0 I init    : SVC_EXEC service 'exec 26 (/bin/rm -rf /data/per_boot)' pid 2793 (uid 1000 gid 1000+0 context default) started; waiting..
.
01-15 23:05:19.052   616  1292 D vold    : Waiting for FUSE to spin up...
01-15 23:05:19.055  1862  1927 D ColorDisplayService: setUp: currentUser=0
01-15 23:05:19.056  1620  1813 I chatty  : uid=1001(radio) HwBinder:1620_1 expire 1 line
01-15 23:05:19.057  2489  2489 I gsm_service_state_change: [1,1,3,3]
01-15 23:05:19.057  1862  1927 D ColorDisplayService: onNightDisplayAutoModeChanged: autoMode=0
01-15 23:05:19.057  1862  1927 I ColorDisplayService: Turning off night display
01-15 23:05:19.082  1862  1926 I DropBoxManagerService: add tag=system_server_strictmode isTagEnabled=true flags=0x2
01-15 23:05:19.089  1862  1926 I chatty  : uid=1000(system) android.io identical 1 line
01-15 23:05:19.090  1862  2372 I am_uid_running: 10109
01-15 23:05:19.096  1862  1926 I DropBoxManagerService: add tag=system_server_strictmode isTagEnabled=true flags=0x2
01-15 23:05:19.102   616  1292 D vold    : Waiting for FUSE to spin up...
01-15 23:05:19.107  2788  2788 W sdcard  : Device explicitly enabled sdcardfs
01-15 23:05:19.117  1862  2290 D TelephonyRegistry: notifyServiceStateForSubscriber: INVALID phoneId=1 or subId=-1
01-15 23:05:19.125  1862  2290 E PHONE   : ServiceState.getRadioTechnology() DEPRECATED will be removed *******
01-15 23:05:19.133  1862  1926 I DropBoxManagerService: add tag=system_server_strictmode isTagEnabled=true flags=0x2
01-15 23:05:19.141  2489  2489 I chatty  : uid=1001(radio) com.android.phone expire 150 lines
01-15 23:05:19.143  2489  2575 I chatty  : uid=1001(radio) HwBinder:2489_1 expire 42 lines
01-15 23:05:19.153   616  1292 D vold    : Waiting for FUSE to spin up...
01-15 23:05:19.155  1862  1937 W ActivityManager: Slow operation: 65ms so far, now at startProcess: returned from zygote!
01-15 23:05:19.156  1862  1937 W ActivityManager: Slow operation: 65ms so far, now at startProcess: done updating battery stats
01-15 23:05:19.156  1862  1937 I am_proc_start: [0,2810,10109,com.android.deskclock,broadcast,{com.android.deskclock/com.android.deskclock.AlarmInitReceiver}]
01-15 23:05:19.156  1862  1937 W ActivityManager: Slow operation: 65ms so far, now at startProcess: building log message
01-15 23:05:19.156  1862  1937 I ActivityManager: Start proc 2810:com.android.deskclock/u0a109 for broadcast {com.android.deskclock/com.android.deskclock.AlarmInitR
eceiver}
01-15 23:05:19.156  1862  1937 W ActivityManager: Slow operation: 65ms so far, now at startProcess: starting to update pids map
01-15 23:05:19.156  1862  1937 W ActivityManager: Slow operation: 66ms so far, now at startProcess: done updating pids map
01-15 23:05:19.159     0     0 I init    : Service 'exec 26 (/bin/rm -rf /data/per_boot)' (pid 2793) exited with status 0 waiting took 0.109000 seconds
01-15 23:05:19.159  1862  1926 I DropBoxManagerService: add tag=system_server_strictmode isTagEnabled=true flags=0x2
01-15 23:05:19.162  1862  2084 D ConnectivityService: Got NetworkFactory Messenger for WifiNetworkFactory
01-15 23:05:19.162  1862  2084 D ConnectivityService: Got NetworkFactory Messenger for UntrustedWifiNetworkFactory
01-15 23:05:19.165     0     0 I init    : processing action (sys.boot_completed=1) from (/vendor/etc/init/hw/init.qcom.rc:489)
01-15 23:05:19.166     0     0 I         : Boot completed
01-15 23:05:19.169     0     0 I         : sdcardfs version 2.0
01-15 23:05:19.169     0     0 I sdcardfs: dev_name -> /data/media
01-15 23:05:19.169     0     0 I sdcardfs: options -> fsuid=1023,fsgid=1023,multiuser,derive_gid,default_normal,unshared_obb,mask=6,userid=0,gid=1015
01-15 23:05:19.169     0     0 I sdcardfs: mnt -> ffffffe01a2d0aa0
01-15 23:05:19.170     0     0 I sdcardfs: mounted on top of /data/media type ext4
01-15 23:05:19.173  1862  1926 I DropBoxManagerService: add tag=system_server_strictmode isTagEnabled=true flags=0x2
01-15 23:05:19.184     0     0 I init    : processing action (sys.boot_completed=1) from (/vendor/etc/init/hw/init.qcom.rc:814)
01-15 23:05:19.185  2154  2154 I liblog  : 8
01-15 23:05:19.186     0     0 I init    : starting service 'qcom-post-boot'...
01-15 23:05:19.191  1862  1926 I chatty  : uid=1000(system) android.io identical 2 lines
01-15 23:05:19.196  1862  1915 D TelephonyRegistry: onDataConnectionStateChanged(DISCONNECTED, UNKNOWN) subId=-1, phoneId=1
01-15 23:05:19.199  1862  1926 I DropBoxManagerService: add tag=system_server_strictmode isTagEnabled=true flags=0x2
01-15 23:05:19.203   616  1292 D vold    : Waiting for FUSE to spin up...
01-15 23:05:19.205     0     0 I init    : processing action (sys.boot_completed=1) from (/vendor/etc/init/hw/init.qcom.test.rc:52)
01-15 23:05:19.205  2154  2154 I liblog  : 580
01-15 23:05:19.206  2154  2818 I liblog  : 9
01-15 23:05:19.206  2154  2288 I liblog  : 5
01-15 23:05:19.207  2154  2743 I liblog  : 2
01-15 23:05:19.207  2154  2743 I liblog  : 16
01-15 23:05:19.208  2154  2288 I liblog  : 7
01-15 23:05:19.208  2154  2288 I liblog  : 8
01-15 23:05:19.208  2154  2743 I liblog  : 8
01-15 23:05:19.208  2154  2743 I liblog  : 3
01-15 23:05:19.209  2154  2288 I liblog  : 7
01-15 23:05:19.209  2154  2154 I liblog  : 1
01-15 23:05:19.211     0     0 I init    : starting service 'cs-post-boot'...
01-15 23:05:19.218     0     0 I init    : processing action (sys.boot_completed=1) from (/vendor/etc/init/hw/init.qcom.test.rc:75)
01-15 23:05:19.219     0     0 I init    : starting service 'qti-testscripts'...
01-15 23:05:19.221     0     0 I         : Remount options were mask=23,gid=9997 for vfsmnt ffffffe01a2d3120.
01-15 23:05:19.221     0     0 I sdcardfs: options - debug:1
01-15 23:05:19.221     0     0 I sdcardfs: options - gid:9997
01-15 23:05:19.222     0     0 I sdcardfs: options - mask:23
01-15 23:05:19.235     0     0 I init    : processing action (sys.boot_completed=1 && sys.logbootcomplete=1) from (/system/etc/init/bootstat.rc:78)
01-15 23:05:19.237     0     0 I init    : starting service 'exec 27 (/system/bin/bootstat --record_boot_complete --record_boot_reason --record_time_since_factory_r
eset -l)'...
01-15 23:05:19.254   616  1292 D vold    : Waiting for FUSE to spin up...
01-15 23:05:19.264     0     0 I init    : processing action (sys.boot_completed=1) from (/system/etc/init/flags_health_check.rc:7)
01-15 23:05:19.277  1862  2069 I am_proc_bound: [0,2810,com.android.deskclock]
01-15 23:05:19.282     0     0 I init    : processing action (sys.boot_completed=1) from (/system/etc/init/logd.rc:32)
01-15 23:05:19.283     0     0 I init    : starting service 'logd-auditctl'...
01-15 23:05:19.285     0     0 I         : Remount options were mask=7,gid=9997 for vfsmnt ffffffe04eaa4e20.
01-15 23:05:19.285     0     0 I sdcardfs: options - debug:1
01-15 23:05:19.285     0     0 I sdcardfs: options - gid:9997
01-15 23:05:19.285     0     0 I sdcardfs: options - mask:7
01-15 23:05:19.310     0     0 I init    : processing action (sys.boot_completed=1 && sys.wifitracing.started=0) from (/system/etc/init/wifi-events.rc:20)
01-15 23:05:19.343     0     0 I         : Remount options were mask=7,gid=9997 for vfsmnt ffffffe04eaa74a0.
01-15 23:05:19.343     0     0 I sdcardfs: options - debug:1
01-15 23:05:19.343     0     0 I sdcardfs: options - gid:9997
01-15 23:05:19.343     0     0 I sdcardfs: options - mask:7
01-15 23:05:19.386  1862  1862 I notification_cancel_all: [1002,2154,com.android.bluetooth,0,0,64,9,NULL]
01-15 23:05:19.401  2836  2836 I sysui_multi_action: [757,1098,758,4,1099,<EMPTY>]
01-15 23:05:19.435  1862  2290 D TelephonyRegistry: notifyServiceStateForSubscriber: INVALID phoneId=0 or subId=-1
01-15 23:05:19.449  1862  2290 E PHONE   : ServiceState.getRadioTechnology() DEPRECATED will be removed *******
01-15 23:05:19.462  1862  2372 D TelephonyRegistry: notifyServiceStateForSubscriber: INVALID phoneId=1 or subId=-1
01-15 23:05:19.469  2154  2855 I service_manager_slow: [13,iphonesubinfo]
01-15 23:05:19.472  1862  1926 D BluetoothManagerService: MESSAGE_BLUETOOTH_STATE_CHANGE: TURNING_ON > ON
01-15 23:05:19.472  1862  1926 D BluetoothManagerService: Broadcasting onBluetoothStateChange(true) to 5 receivers.
01-15 23:05:19.480  1862  1926 D BluetoothManagerService: Creating new ProfileServiceConnections object for profile: 1
01-15 23:05:19.480  1862  2372 E PHONE   : ServiceState.getRadioTechnology() DEPRECATED will be removed *******
01-15 23:05:19.488  1862  2850 W BluetoothManagerService: psc is not null in bindBluetoothProfileService
01-15 23:05:19.490  2154  2863 E ActivityThread: Failed to find provider info for com.android.contacts
01-15 23:05:19.498  1862  2069 D ConnectivityService: requestNetwork for uid/pid:1001/2489 NetworkRequest [ TRACK_DEFAULT id=16, [ Capabilities: INTERNET&NOT_RESTRI
CTED&TRUSTED Uid: 1001] ]
01-15 23:05:19.504  1862  1926 W BluetoothManagerService: psc is not null in bindBluetoothProfileService
01-15 23:05:19.513  1862  1926 W BluetoothManagerService: psc is not null in bindBluetoothProfileService
01-15 23:05:19.513  1862  1926 D BluetoothManagerService: Sending BLE State Change: TURNING_ON > ON
01-15 23:05:19.516  1862  1862 W Telecom : BluetoothPhoneService: Calling get Profile proxy
01-15 23:05:19.517  1862  1862 W BluetoothManagerService: psc is not null in bindBluetoothProfileService
01-15 23:05:19.517  1862  1862 W Telecom : BluetoothPhoneService: Done Calling get Profile proxy
01-15 23:05:19.517  2489  2489 I chatty  : uid=1001(radio) com.android.phone expire 340 lines
01-15 23:05:19.517  1862  1862 I Telecom : BluetoothPhoneService: queryPhoneState: BPSI.qPS@AAg
01-15 23:05:19.562  1862  2372 W BluetoothManagerService: psc is not null in bindBluetoothProfileService
01-15 23:05:19.586  1862  1862 I Telecom : : - Got BluetoothHeadset: com.android.server.telecom.BluetoothHeadsetProxy@59c8ed8: BMSL.oSC@AAk
01-15 23:05:19.613  1862  1862 W Telecom : BluetoothPhoneService: onServiceConnected: setting mBluetoothHeadset
01-15 23:05:19.613  1862  1862 I Telecom : BluetoothPhoneService: updateHeadsetWithCallState numActive 0, numHeld 0, callState 6, ringing number ***, ringing type 1
28, ringing name null
01-15 23:05:19.617  1862  1862 W Telecom : BluetoothPhoneService: onServiceConnected: setting mBluetoothHeadset
01-15 23:05:19.617  1862  1862 I Telecom : BluetoothPhoneService: updateHeadsetWithCallState numActive 0, numHeld 0, callState 6, ringing number ***, ringing type 1
28, ringing name null
01-15 23:05:19.685     0     0 I init    : Command 'mkdir /sys/kernel/debug/tracing/instances/wifi 711' action=sys.boot_completed=1 && sys.wifitracing.started=0 (/s
ystem/etc/init/wifi-events.rc:22) took 374ms and succeeded
01-15 23:05:19.692     0     0 I init    : Service 'qti-testscripts' (pid 2822) exited with status 0
01-15 23:05:19.693     0     0 I init    : Service 'logd-auditctl' (pid 2844) exited with status 0
01-15 23:05:19.706     0     0 I msm_thermal: store_cc_enabled Core control disabled
01-15 23:05:19.729  2836  2836 I sysui_multi_action: [757,804,799,factory_reset_current_time,801,1642287919,802,1]
01-15 23:05:19.731  2836  2836 I sysui_multi_action: [757,804,799,factory_reset_record_value,801,1628068126,802,1]
01-15 23:05:19.762  2836  2836 I sysui_multi_action: [757,804,799,factory_reset,801,1628068126,802,1]
01-15 23:05:19.762  2836  2836 I sysui_multi_action: [757,804,799,system_boot_reason,801,67,802,1]
01-15 23:05:19.762  2836  2836 I sysui_multi_action: [757,804,799,boot_reason,801,0,802,1]
01-15 23:05:19.762  2836  2836 I sysui_multi_action: [757,804,799,factory_reset_current_time,801,1642287919,802,1]
01-15 23:05:19.762  2836  2836 I sysui_multi_action: [757,804,799,boot_complete_post_decrypt,801,13,802,1]
01-15 23:05:19.762  2836  2836 I sysui_multi_action: [757,804,799,factory_reset_boot_complete,801,70,802,1]
01-15 23:05:19.762  2836  2836 I sysui_multi_action: [757,804,799,boot_complete,801,67,802,1]
01-15 23:05:19.762  2836  2836 I sysui_multi_action: [757,804,799,absolute_boot_time,801,67,802,1]
01-15 23:05:19.762  2836  2836 I sysui_multi_action: [757,804,799,build_date,801,1627980090,802,1]
01-15 23:05:19.762  2836  2836 I sysui_multi_action: [757,804,799,boot_decryption_complete,801,67,802,1]
01-15 23:05:19.762  2836  2836 I sysui_multi_action: [757,804,799,post_decrypt_time_elapsed,801,54,802,1]
01-15 23:05:19.762  2836  2836 I sysui_multi_action: [757,804,799,boottime.bootloader.total,801,0,802,1]
01-15 23:05:19.763  2836  2836 I sysui_multi_action: [757,804,799,time_since_factory_reset,801,14219793,802,1]
01-15 23:05:19.763  2836  2836 I sysui_multi_action: [757,804,799,ro.boottime.init.cold_boot_wait,801,5824,802,1]
01-15 23:05:19.763  2836  2836 I sysui_multi_action: [757,804,799,time_since_last_boot,801,81501,802,1]
01-15 23:05:19.763  2836  2836 I sysui_multi_action: [757,804,799,last_boot_time_utc,801,1642287919,802,1]
01-15 23:05:19.763  2836  2836 I sysui_multi_action: [757,804,799,ro.boottime.init.selinux,801,590,802,1]
01-15 23:05:19.763  2836  2836 I sysui_multi_action: [757,804,799,ro.boottime.init,801,14722,802,1]
01-15 23:05:19.763  2836  2836 I sysui_multi_action: [757,804,799,factory_reset_record_value,801,1628068126,802,1]
01-15 23:05:19.763  2836  2836 I sysui_multi_action: [757,804,799,factory_reset_boot_complete_post_decrypt,801,16,802,1]
01-15 23:05:19.785  2489  2489 I TelecomFramework: : onSubscriptionsChanged - update accounts
01-15 23:05:19.785  2489  2489 I TelecomFramework: TelecomAccountRegistry: setupAccounts: Found 2 phones.  Attempting to register.
01-15 23:05:19.787  2489  2489 I TelecomFramework: TelecomAccountRegistry: setupAccounts: Phone with subscription id: -1 slotId: 0 provisionStatus: -1
01-15 23:05:19.795  2489  2489 I TelecomFramework: TelecomAccountRegistry: setupAccounts: Phone with subscription id: -1 slotId: 1 provisionStatus: -1
01-15 23:05:19.796  2489  2489 I TelecomFramework: TelecomAccountRegistry: setupAccounts: adding default
01-15 23:05:19.805     0     0 I init    : Service 'exec 27 (/system/bin/bootstat --record_boot_complete --record_boot_reason --record_time_since_factory_reset -l)'
 (pid 2836) exited with status 0
01-15 23:05:19.826     0     0 I init    : processing action (sys.boot_completed=1) from (/vendor/etc/init/ssgtzd.rc:6)
01-15 23:05:19.834  1862  2372 I Telecom : PhoneAccountRegistrar: Modify account: [ComponentInfo{com.android.phone/com.android.services.telephony.TelephonyConnectio
nService}, ***, UserHandle{0}]: TSI.rPA@AAo
01-15 23:05:19.836     0     0 I init    : starting service 'vendor.ssgtzd'...
01-15 23:05:19.839  1862  2372 I Telecom : CallsManager: handlePhoneAccountChanged: phoneAccount=[[X] PhoneAccount: ComponentInfo{com.android.phone/com.android.serv
ices.telephony.TelephonyConnectionService}, ***, UserHandle{0} Capabilities: CallProvider EmergOnly MultiUser PlaceEmerg SimSub  Audio Routes: BESW Schemes: tel voi
cemail  Extras: Bundle[{android.telecom.extra.SUPPORTS_VIDEO_CALLING_FALLBACK=true}] GroupId: ***]: TSI.rPA@AAo
01-15 23:05:19.843  2489  2489 I TelecomFramework: AccountEntry: Registered phoneAccount: [[ ] PhoneAccount: ComponentInfo{com.android.phone/com.android.services.te
lephony.TelephonyConnectionService}, ***, UserHandle{0} Capabilities: CallProvider EmergOnly MultiUser PlaceEmerg SimSub  Audio Routes: BESW Schemes: tel voicemail
 Extras: Bundle[{android.telecom.extra.SUPPORTS_VIDEO_CALLING_FALLBACK=true}] GroupId: ***] with handle: ComponentInfo{com.android.phone/com.android.services.teleph
ony.TelephonyConnectionService}, ***, UserHandle{0}
01-15 23:05:19.843  2489  2489 I TelecomFramework: PstnIncomingCallNotifier: Registering: Handler (com.qualcomm.qti.internal.telephony.QtiGsmCdmaPhone) {51d1ee0}
01-15 23:05:19.847     0     0 I msm_thermal: store_cc_enabled Core control enabled
01-15 23:05:19.852     0     0 I init    : processing action (sys.usb.config=none && sys.usb.configfs=1) from (/vendor/etc/init/hw/init.msm.usb.configfs.rc:30)
01-15 23:05:19.853     0     0 E configfs-gadget gadget: unbind function 'Function FS Gadget'/ffffffe06a679238
01-15 23:05:19.863     0     0 I init    : processing action (sys.usb.config=none && sys.usb.configfs=1) from (/init.usb.configfs.rc:1)
01-15 23:05:19.865     0     0 I init    : Command 'write /config/usb_gadget/g1/UDC none' action=sys.usb.config=none && sys.usb.configfs=1 (/init.usb.configfs.rc:2)
 took 1ms and failed: Unable to write to file '/config/usb_gadget/g1/UDC': Unable to write file contents: No such device
01-15 23:05:19.865     0     0 I init    : Sending signal 9 to service 'adbd' (pid 938) process group...
01-15 23:05:19.871     0     0 I init    : Created socket '/dev/socket/ssgtzd', mode 660, user 1000, group 3003
01-15 23:05:19.975     0     0 E         : SCM call failed with ret val = 0 0 11 0
01-15 23:05:20.017     0     0 I libprocessgroup: Successfully killed process cgroup uid 0 pid 938 in 151ms
01-15 23:05:20.023  1862  2372 I WifiService: WifiService trying to set country code to
01-15 23:05:20.029     0     0 I init    : Command 'stop adbd' action=sys.usb.config=none && sys.usb.configfs=1 (/init.usb.configfs.rc:3) took 164ms and succeeded
01-15 23:05:20.033     0     0 I init    : Service 'adbd' (pid 938) received signal 9
01-15 23:05:20.045  1862  1915 I service_manager_stats: [194,177,5319]
01-15 23:05:20.055  1862  1924 E UsbDeviceManager: waitForState(none) FAILED: got adb
01-15 23:05:20.055  1862  1924 E UsbDeviceManager: Failed to kick USB config
01-15 23:05:20.055  1862  1924 E UsbDeviceManager: Failsafe 2: Restoring default USB functions.
01-15 23:05:20.055  1862  1924 I UsbDeviceManager: Setting USB config to diag,serial_cdev,rmnet,adb
01-15 23:05:20.058     0     0 I init    : processing action (init.svc.adbd=stopped) from (/init.usb.configfs.rc:14)
01-15 23:05:20.069     0     0 I init    : processing action (sys.usb.config=none && sys.usb.configfs=1) from (/vendor/etc/init/hw/init.msm.usb.configfs.rc:30)
01-15 23:05:20.073  1862  1915 D TelephonyRegistry: notifyServiceStateForSubscriber: INVALID phoneId=0 or subId=-1
01-15 23:05:20.076     0     0 I init    : processing action (sys.usb.config=none && sys.usb.configfs=1) from (/init.usb.configfs.rc:1)
01-15 23:05:20.076  1862  1915 E PHONE   : ServiceState.getRadioTechnology() DEPRECATED will be removed *******
01-15 23:05:20.077     0     0 I init    : Command 'write /config/usb_gadget/g1/UDC none' action=sys.usb.config=none && sys.usb.configfs=1 (/init.usb.configfs.rc:2)
 took 1ms and failed: Unable to write to file '/config/usb_gadget/g1/UDC': Unable to write file contents: No such device
01-15 23:05:20.088     0     0 I init    : processing action (sys.usb.config=diag,serial_cdev,rmnet,adb && sys.usb.configfs=1) from (/vendor/etc/init/hw/init.msm.us
b.configfs.rc:117)
01-15 23:05:20.088     0     0 I init    : starting service 'adbd'...
01-15 23:05:20.103     0     0 I init    : processing action (init.svc.adbd=stopped) from (/init.usb.configfs.rc:14)
01-15 23:05:20.112  1862  1924 W Looper  : Slow dispatch took 1084ms android.fg h=com.android.server.usb.UsbDeviceManager$UsbHandlerLegacy c=null m=4
01-15 23:05:20.112  1862  1862 I notification_enqueue: [1000,1862,android,26,NULL,-1,Notification(channel=DEVELOPER pri=0 contentView=null vibrate=null sound=null t
ick defaults=0x0 flags=0x2 color=0xff607d8b vis=PUBLIC),0]
01-15 23:05:20.113   616  1292 D vold    : fscrypt_prepare_user_storage for volume null, user 0, serial 0, flags 2
01-15 23:05:20.113   616  1292 D vold    : Preparing: /data/system_ce/0
01-15 23:05:20.114   616  1292 D vold    : Preparing: /data/misc_ce/0
01-15 23:05:20.114   616  1292 D vold    : Preparing: /data/vendor_ce/0
01-15 23:05:20.115     0     0 I init    : Created socket '/dev/socket/adbd', mode 660, user 1000, group 1000
01-15 23:05:20.116   616  1292 D vold    : Preparing: /data/media/0
01-15 23:05:20.116   616  1292 D vold    : Preparing: /data/data
01-15 23:05:20.116   616  1292 D vold    : Starting restorecon of /data/system_ce/0
01-15 23:05:20.148     0     0 I selinux : SELinux: Skipping restorecon on directory(/data/system_ce/0)
01-15 23:05:20.152  2489  2575 I chatty  : uid=1001(radio) HwBinder:2489_1 expire 5 lines
01-15 23:05:20.160  2489  2489 I TelecomFramework: : onSubscriptionsChanged - update accounts
01-15 23:05:20.160  2489  2489 I TelecomFramework: PstnIncomingCallNotifier: Unregistering: Handler (com.qualcomm.qti.internal.telephony.QtiGsmCdmaPhone) {51d1ee0}
01-15 23:05:20.161  2489  2489 I TelecomFramework: TelecomAccountRegistry: setupAccounts: Found 2 phones.  Attempting to register.
01-15 23:05:20.161  2489  2489 I TelecomFramework: TelecomAccountRegistry: setupAccounts: Phone with subscription id: -1 slotId: 0 provisionStatus: -1
01-15 23:05:20.162  2489  2489 I TelecomFramework: TelecomAccountRegistry: setupAccounts: Phone with subscription id: -1 slotId: 1 provisionStatus: -1
01-15 23:05:20.162  2489  2489 I TelecomFramework: TelecomAccountRegistry: setupAccounts: adding default
01-15 23:05:20.172   616  1292 D vold    : Finished restorecon of /data/system_ce/0
01-15 23:05:20.172   616  1292 D vold    : Starting restorecon of /data/vendor_ce/0
01-15 23:05:20.183     0     0 I init    : Async property child exited with status 0
01-15 23:05:20.184  1862  2372 I Telecom : PhoneAccountRegistrar: Modify account: [ComponentInfo{com.android.phone/com.android.services.telephony.TelephonyConnectio
nService}, ***, UserHandle{0}]: TSI.rPA@AA0
01-15 23:05:20.185  1862  2372 I Telecom : CallsManager: handlePhoneAccountChanged: phoneAccount=[[X] PhoneAccount: ComponentInfo{com.android.phone/com.android.serv
ices.telephony.TelephonyConnectionService}, ***, UserHandle{0} Capabilities: CallProvider EmergOnly MultiUser PlaceEmerg SimSub  Audio Routes: BESW Schemes: tel voi
cemail  Extras: Bundle[{android.telecom.extra.SUPPORTS_VIDEO_CALLING_FALLBACK=true}] GroupId: ***]: TSI.rPA@AA0
01-15 23:05:20.186  2489  2489 I TelecomFramework: AccountEntry: Registered phoneAccount: [[ ] PhoneAccount: ComponentInfo{com.android.phone/com.android.services.te
lephony.TelephonyConnectionService}, ***, UserHandle{0} Capabilities: CallProvider EmergOnly MultiUser PlaceEmerg SimSub  Audio Routes: BESW Schemes: tel voicemail
 Extras: Bundle[{android.telecom.extra.SUPPORTS_VIDEO_CALLING_FALLBACK=true}] GroupId: ***] with handle: ComponentInfo{com.android.phone/com.android.services.teleph
ony.TelephonyConnectionService}, ***, UserHandle{0}
01-15 23:05:20.187  2489  2489 I TelecomFramework: PstnIncomingCallNotifier: Registering: Handler (com.qualcomm.qti.internal.telephony.QtiGsmCdmaPhone) {51d1ee0}
01-15 23:05:20.197  1862  2372 I WifiService: WifiService trying to set country code to
01-15 23:05:20.204     0     0 I selinux : SELinux: Skipping restorecon on directory(/data/vendor_ce/0)
01-15 23:05:20.213  1862  1862 I sysui_multi_action: [757,1501,758,1,793,101,794,0,795,101,796,26,806,android,857,DEVELOPER,858,2,947,0,1500,0]
01-15 23:05:20.214  1862  1862 I sysui_multi_action: [757,804,799,note_interruptive,801,0,802,1]
01-15 23:05:20.218   616  1292 D vold    : Finished restorecon of /data/vendor_ce/0
01-15 23:05:20.218   616  1292 D vold    : Starting restorecon of /data/misc_ce/0
01-15 23:05:20.220     0     0 I         : read descriptors
01-15 23:05:20.221     0     0 I         : read strings
01-15 23:05:20.223     0     0 I init    : processing action (sys.usb.config=diag,serial_cdev,rmnet,adb && sys.usb.configfs=1 && sys.usb.ffs.ready=1) from (/vendor/
etc/init/hw/init.msm.usb.configfs.rc:120)
01-15 23:05:20.229     0     0 I init    : Async property child exited with status 0
01-15 23:05:20.258     0     0 I selinux : SELinux: Skipping restorecon on directory(/data/misc_ce/0)
01-15 23:05:20.270   616  1292 D vold    : Finished restorecon of /data/misc_ce/0
01-15 23:05:20.270   616  1292 D vold    : /system/bin/vold_prepare_subdirs
01-15 23:05:20.270   616  1292 D vold    :     prepare
01-15 23:05:20.271   616  1292 D vold    :
01-15 23:05:20.271   616  1292 D vold    :     0
01-15 23:05:20.271   616  1292 D vold    :     2
01-15 23:05:20.280     0     0 I init    : Async property child exited with status 0
01-15 23:05:20.330     0     0 W         : IRQ5 no longer affine to CPU6
01-15 23:05:20.365     0     0 E dwc3_gadget_suspend_interrupt(): state:0. Ignore SUSPEND.
01-15 23:05:20.394  1862  1924 V UserDataPreparer: Found /data/user/0 with serial number 0
01-15 23:05:20.394  1862  1924 V UserDataPreparer: Found /data/system_ce/0 with serial number 0
01-15 23:05:20.395  1862  1924 D UserDataPreparer: Setting property: sys.user.0.ce_available=true
01-15 23:05:20.399  1862  1924 V PackageManager: reconcileAppsData for null u0 0x2 migrateAppData=false
01-15 23:05:20.461     0     0 E msm-dwc3 a800000.ssusb: Could not get usb psy
01-15 23:05:20.464     0     0 I android_work: sent uevent USB_STATE=DISCONNECTED
01-15 23:05:20.548     0     0 I android_work: sent uevent USB_STATE=CONNECTED
01-15 23:05:20.755     0     0 I configfs-gadget gadget: high-speed config #1: b
01-15 23:05:20.755     0     0 I diag    : USB channel diag connected
01-15 23:05:20.756     0     0 E msm-dwc3 a800000.ssusb: Could not get usb psy
01-15 23:05:20.756     0     0 I android_work: sent uevent USB_STATE=CONFIGURED
01-15 23:05:20.788     0     0 I sps     : BAM 0x000000000a904000 (va:0xffffff800bd40000) enabled: ver:0x27, number of pipes:4
01-15 23:05:20.813  2489  2489 I TelecomFramework: PstnPhoneCapabilitiesNotifier: handleVideoCapabilitesChanged. Video capability - false
01-15 23:05:20.820  2489  2895 I chatty  : uid=1001(radio) DataService expire 2 lines
01-15 23:05:20.856  2489  2489 I gsm_service_state_change: [3,3,1,1]
01-15 23:05:20.862  2489  2489 I chatty  : uid=1001(radio) com.android.phone expire 138 lines
01-15 23:05:20.866  2489  2635 I chatty  : uid=1001(radio) GsmCellBroadcas expire 1 line
01-15 23:05:20.872  1862  2372 D ConnectivityService: requestNetwork for uid/pid:1001/2450 NetworkRequest [ TRACK_DEFAULT id=17, [ Capabilities: INTERNET&NOT_RESTRI
CTED&TRUSTED Uid: 1001] ]
01-15 23:05:20.879  2489  2642 I chatty  : uid=1001(radio) CellBroadcastHa expire 1 line
01-15 23:05:20.903  1862  2372 D TelephonyRegistry: notifyServiceStateForSubscriber: INVALID phoneId=1 or subId=-1
01-15 23:05:20.906  2489  2650 I chatty  : uid=1001(radio) CdmaServiceCate expire 1 line
01-15 23:05:20.914  1862  1937 W ActivityManager: Slow operation: 90ms so far, now at startProcess: returned from zygote!
01-15 23:05:20.914  1862  1937 W ActivityManager: Slow operation: 90ms so far, now at startProcess: done updating battery stats
01-15 23:05:20.914  1862  1937 I am_proc_start: [0,2943,1000,com.qualcomm.qti.qdma,broadcast,{com.qualcomm.qti.qdma/com.qualcomm.qti.qdma.app.BootReceiver}]
01-15 23:05:20.914  1862  1937 W ActivityManager: Slow operation: 90ms so far, now at startProcess: building log message
01-15 23:05:20.914  1862  1937 I ActivityManager: Start proc 2943:com.qualcomm.qti.qdma/1000 for broadcast {com.qualcomm.qti.qdma/com.qualcomm.qti.qdma.app.BootRece
iver}
01-15 23:05:20.914  1862  1937 W ActivityManager: Slow operation: 90ms so far, now at startProcess: starting to update pids map
01-15 23:05:20.915  1862  1937 W ActivityManager: Slow operation: 90ms so far, now at startProcess: done updating pids map
01-15 23:05:20.915  1862  2372 E PHONE   : ServiceState.getRadioTechnology() DEPRECATED will be removed *******
01-15 23:05:20.921  2489  2489 I gsm_service_state_change: [3,1,1,1]
01-15 23:05:20.958  1862  2372 D TelephonyRegistry: notifyServiceStateForSubscriber: INVALID phoneId=0 or subId=-1
01-15 23:05:20.961  1862  2850 I sysui_multi_action: [757,128,758,1,793,849,794,0,795,849,796,26,798,0,806,android,857,DEVELOPER,858,2,947,0,1395,2,1500,748,1688,1]
01-15 23:05:20.962  1862  2850 I sysui_multi_action: [757,804,799,note_freshness,801,849,802,1]
01-15 23:05:20.962  1862  2850 I notification_visibility: [-1|android|26|null|1000,1,849,849,0,0]
01-15 23:05:20.965  1862  2372 E PHONE   : ServiceState.getRadioTechnology() DEPRECATED will be removed *******
01-15 23:05:20.978  2489  2575 I chatty  : uid=1001(radio) HwBinder:2489_1 expire 17 lines
01-15 23:05:20.979  2820  2820 I auditd  : type=1400 audit(0.0:104): avc: denied { write } for comm="init.qcom.post_" name="store_user" dev="sysfs" ino=54231 sconte
xt=u:r:qti_init_shell:s0 tcontext=u:object_r:sysfs:s0 tclass=file permissive=0
01-15 23:05:20.979  2820  2820 I auditd  : type=1400 audit(0.0:105): avc: denied { write } for comm="init.qcom.post_" name="store_user" dev="sysfs" ino=28532 sconte
xt=u:r:qti_init_shell:s0 tcontext=u:object_r:sysfs:s0 tclass=file permissive=0
01-15 23:05:21.001     0     0 I zram0   : detected capacity change from 0 to 1610612736
01-15 23:05:21.018  2489  2489 I TelecomFramework: PstnPhoneCapabilitiesNotifier: handleVideoCapabilitesChanged. Video capability - false
01-15 23:05:21.047  1862  2850 I Telecom : PhoneAccountRegistrar: Modify account: [ComponentInfo{com.android.phone/com.android.services.telephony.TelephonyConnectio
nService}, ***, UserHandle{0}]: TSI.rPA@ABI
01-15 23:05:21.050  1862  2850 I Telecom : CallsManager: handlePhoneAccountChanged: phoneAccount=[[X] PhoneAccount: ComponentInfo{com.android.phone/com.android.serv
ices.telephony.TelephonyConnectionService}, ***, UserHandle{0} Capabilities: CallProvider EmergOnly MultiUser PlaceEmerg SimSub  Audio Routes: BESW Schemes: tel voi
cemail  Extras: Bundle[{android.telecom.extra.SUPPORTS_VIDEO_CALLING_FALLBACK=true}] GroupId: ***]: TSI.rPA@ABI
01-15 23:05:21.076     0     0 E         : wrong parameter
01-15 23:05:21.086  1862  1914 D TelephonyRegistry: listen ooscl: hasNotifyOpptSubInfoChangedOccurred==false no callback
01-15 23:05:21.107  2489  2489 I TelecomFramework: : onSubscriptionsChanged - update accounts
01-15 23:05:21.107  2489  2489 I TelecomFramework: PstnIncomingCallNotifier: Unregistering: Handler (com.qualcomm.qti.internal.telephony.QtiGsmCdmaPhone) {51d1ee0}
01-15 23:05:21.107  2489  2489 I TelecomFramework: TelecomAccountRegistry: setupAccounts: Found 2 phones.  Attempting to register.
01-15 23:05:21.108  1862  1914 I am_proc_bound: [0,2943,com.qualcomm.qti.qdma]
01-15 23:05:21.109  2489  2489 I TelecomFramework: TelecomAccountRegistry: setupAccounts: Phone with subscription id: -1 slotId: 0 provisionStatus: -2
01-15 23:05:21.120  2489  2489 I TelecomFramework: TelecomAccountRegistry: setupAccounts: Phone with subscription id: -1 slotId: 1 provisionStatus: -2
01-15 23:05:21.120  2489  2489 I TelecomFramework: TelecomAccountRegistry: setupAccounts: adding default
01-15 23:05:21.154  1862  2850 I Telecom : PhoneAccountRegistrar: Modify account: [ComponentInfo{com.android.phone/com.android.services.telephony.TelephonyConnectio
nService}, ***, UserHandle{0}]: TSI.rPA@ABM
01-15 23:05:21.154  2489  2717 I chatty  : uid=1001(radio) GsmCellBroadcas expire 1 line
01-15 23:05:21.157  1862  2850 I Telecom : CallsManager: handlePhoneAccountChanged: phoneAccount=[[X] PhoneAccount: ComponentInfo{com.android.phone/com.android.serv
ices.telephony.TelephonyConnectionService}, ***, UserHandle{0} Capabilities: CallProvider EmergOnly MultiUser PlaceEmerg SimSub  Audio Routes: BESW Schemes: tel voi
cemail  Extras: Bundle[{android.telecom.extra.SUPPORTS_VIDEO_CALLING_FALLBACK=true}] GroupId: ***]: TSI.rPA@ABM
01-15 23:05:21.158  2489  2489 I TelecomFramework: AccountEntry: Registered phoneAccount: [[ ] PhoneAccount: ComponentInfo{com.android.phone/com.android.services.te
lephony.TelephonyConnectionService}, ***, UserHandle{0} Capabilities: CallProvider EmergOnly MultiUser PlaceEmerg SimSub  Audio Routes: BESW Schemes: tel voicemail
 Extras: Bundle[{android.telecom.extra.SUPPORTS_VIDEO_CALLING_FALLBACK=true}] GroupId: ***] with handle: ComponentInfo{com.android.phone/com.android.services.teleph
ony.TelephonyConnectionService}, ***, UserHandle{0}
01-15 23:05:21.158  2489  2489 I TelecomFramework: PstnIncomingCallNotifier: Registering: Handler (com.qualcomm.qti.internal.telephony.QtiGsmCdmaPhone) {51d1ee0}
01-15 23:05:21.169  2489  2719 I chatty  : uid=1001(radio) CellBroadcastHa expire 1 line
01-15 23:05:21.179     0     0 I         : Adding 1572860k swap on /dev/block/zram0.  Priority:32758 extents:1 across:1572860k SS
01-15 23:05:21.180  2489  2722 I chatty  : uid=1001(radio) CdmaServiceCate expire 1 line
01-15 23:05:21.204     0     0 W         : IRQ5 no longer affine to CPU7
01-15 23:05:21.227  2489  2489 I service_manager_slow: [24,isub]
01-15 23:05:21.227  2450  2939 I service_manager_slow: [21,isub]
01-15 23:05:21.232  1862  1862 I service_manager_slow: [26,isub]
01-15 23:05:21.236  2489  2489 I TelecomFramework: : onSubscriptionsChanged - update accounts
01-15 23:05:21.236  2489  2489 I TelecomFramework: PstnIncomingCallNotifier: Unregistering: Handler (com.qualcomm.qti.internal.telephony.QtiGsmCdmaPhone) {51d1ee0}
01-15 23:05:21.236  2489  2489 I TelecomFramework: TelecomAccountRegistry: setupAccounts: Found 2 phones.  Attempting to register.
01-15 23:05:21.241  2489  2489 I TelecomFramework: TelecomAccountRegistry: setupAccounts: Phone with subscription id: -1 slotId: 0 provisionStatus: -2
01-15 23:05:21.245  2489  2489 I TelecomFramework: TelecomAccountRegistry: setupAccounts: Phone with subscription id: -1 slotId: 1 provisionStatus: -2
01-15 23:05:21.245  2489  2489 I TelecomFramework: TelecomAccountRegistry: setupAccounts: adding default
01-15 23:05:21.245  1862  1862 I Telecom : PhoneAccountRegistrar: getSimCallManager: SimCallManager for subId -1 queried, returning: null: TSI.gSCMFU@ABY
01-15 23:05:21.246   603   603 I auditd  : avc:  denied  { find } for interface=vendor.qti.hardware.perf::IPerf sid=u:r:qdma_app:s0 pid=2943 scontext=u:r:qdma_app:s
0 tcontext=u:object_r:hal_perf_hwservice:s0 tclass=hwservice_manager permissive=0
01-15 23:05:21.247  1862  1862 I am_uid_running: 10036
01-15 23:05:21.249   603   603 I auditd  : avc:  denied  { find } for interface=vendor.qti.hardware.perf::IPerf sid=u:r:qdma_app:s0 pid=2943 scontext=u:r:qdma_app:s
0 tcontext=u:object_r:hal_perf_hwservice:s0 tclass=hwservice_manager permissive=0
01-15 23:05:21.273  1862  2372 I Telecom : PhoneAccountRegistrar: Modify account: [ComponentInfo{com.android.phone/com.android.services.telephony.TelephonyConnectio
nService}, ***, UserHandle{0}]: TSI.rPA@ABg
01-15 23:05:21.277  1862  2372 I Telecom : CallsManager: handlePhoneAccountChanged: phoneAccount=[[X] PhoneAccount: ComponentInfo{com.android.phone/com.android.serv
ices.telephony.TelephonyConnectionService}, ***, UserHandle{0} Capabilities: CallProvider EmergOnly MultiUser PlaceEmerg SimSub  Audio Routes: BESW Schemes: tel voi
cemail  Extras: Bundle[{android.telecom.extra.SUPPORTS_VIDEO_CALLING_FALLBACK=true}] GroupId: ***]: TSI.rPA@ABg
01-15 23:05:21.278  2489  2489 I TelecomFramework: AccountEntry: Registered phoneAccount: [[ ] PhoneAccount: ComponentInfo{com.android.phone/com.android.services.te
lephony.TelephonyConnectionService}, ***, UserHandle{0} Capabilities: CallProvider EmergOnly MultiUser PlaceEmerg SimSub  Audio Routes: BESW Schemes: tel voicemail
 Extras: Bundle[{android.telecom.extra.SUPPORTS_VIDEO_CALLING_FALLBACK=true}] GroupId: ***] with handle: ComponentInfo{com.android.phone/com.android.services.teleph
ony.TelephonyConnectionService}, ***, UserHandle{0}
01-15 23:05:21.278  2489  2489 I TelecomFramework: PstnIncomingCallNotifier: Registering: Handler (com.qualcomm.qti.internal.telephony.QtiGsmCdmaPhone) {51d1ee0}
01-15 23:05:21.294  2489  2489 D SubscriptionController: [getActiveSubscriptionInfoForSimSlotIndex]+ slotIndex=0 subId=null
01-15 23:05:21.295  2489  2489 D SAT     : [0]onSimAbsent, reset activation state to UNKNOWN
01-15 23:05:21.295  2489  2489 D SAT     : [0]setVoiceActivationState=0
01-15 23:05:21.296  2489  2489 D SAT     : [0]setDataActivationState=0
01-15 23:05:21.297  2489  2489 D SAT     : [1]onSimAbsent, reset activation state to UNKNOWN
01-15 23:05:21.297  2489  2489 D SAT     : [1]setVoiceActivationState=0
01-15 23:05:21.298  2489  2489 D SAT     : [1]setDataActivationState=0
01-15 23:05:21.299  2489  2489 D QtiSimPhoneBookAdnRecordCache: ACTION_SIM_STATE_CHANGED intent received simStatus: ABSENTphoneId: 1
01-15 23:05:21.299  2489  2489 D QtiSimPhoneBookAdnRecordCache: invalidateAdnCache
01-15 23:05:21.299  2489  2489 D PhoneSwitcher: mSimStateIntentReceiver: phoneId = 1 value = ABSENT
01-15 23:05:21.299  1862  1937 W ActivityManager: Slow operation: 52ms so far, now at startProcess: done updating battery stats
01-15 23:05:21.299  1862  1937 I am_proc_start: [0,2983,10036,android.process.acore,content provider,{com.android.providers.blockednumber/com.android.providers.bloc
kednumber.BlockedNumberProvider}]
01-15 23:05:21.300  1862  1937 W ActivityManager: Slow operation: 52ms so far, now at startProcess: building log message
01-15 23:05:21.300  1862  1937 I ActivityManager: Start proc 2983:android.process.acore/u0a36 for content provider {com.android.providers.blockednumber/com.android.
providers.blockednumber.BlockedNumberProvider}
01-15 23:05:21.300  1862  1937 W ActivityManager: Slow operation: 52ms so far, now at startProcess: starting to update pids map
01-15 23:05:21.300  1862  1937 W ActivityManager: Slow operation: 52ms so far, now at startProcess: done updating pids map
01-15 23:05:21.307  2489  2489 D QtiPcCardInfoManager: on EVENT_MANUAL_PROVISION_STATE_CHANGED
01-15 23:05:21.307  2489  2489 D QtiPcCardInfoManager: updateCardInfo[1]: Start!
01-15 23:05:21.311  2489  2489 I QtiPcCardInfoManager: updateCardInfo[1]: Exit! - UpdateCardTypeState: 3, mCardType: UNKNOWN
01-15 23:05:21.311  2489  2489 D QtiPcController: on EVENT_ALL_CARDS_INFO_AVAILABLE
01-15 23:05:21.311  2489  2489 D QtiPcController: setPrimaryCardIfRequired: force: false
01-15 23:05:21.311  2489  2489 D QtiUiccCardProvisioner: isFlexMapInProgress: = false
01-15 23:05:21.311  2489  2489 D QtiPcUtils: setPrimaryCardOnDeAct: true
01-15 23:05:21.311  2489  2489 D QtiPcController:  phoneId 0 icc id = null, icc id in sp=null
01-15 23:05:21.311  2489  2489 D QtiPcUtils: setPrimaryCardOnDeAct: true
01-15 23:05:21.311  2489  2489 D QtiPcController:  phoneId 1 icc id = null, icc id in sp=null
01-15 23:05:21.311  2489  2489 D QtiPcUtils: getPriorityConfigComparator: 1
01-15 23:05:21.311  2489  2489 D QtiPcUtils: setPrimaryCardOnDeAct: true
01-15 23:05:21.311  2489  2489 D QtiPcPriorityHandler: getPriorityConfig: for slot:0: iccid is null, EXIT!!!
01-15 23:05:21.311  2489  2489 D QtiPcUtils: getPriorityConfigComparator: 1
01-15 23:05:21.311  2489  2489 D QtiPcUtils: setPrimaryCardOnDeAct: true
01-15 23:05:21.311  2489  2489 D QtiPcPriorityHandler: getPriorityConfig: for slot:1: iccid is null, EXIT!!!
01-15 23:05:21.312  2489  2489 D QtiPcPriorityHandler: getPrefPrimarySlot:  Start!!!
01-15 23:05:21.312  2489  2489 D QtiPcPriorityHandler: maxPriority: -1, maxPrioritySlot:-1
01-15 23:05:21.312  2489  2489 D QtiPcPriorityHandler: getPrefPrimarySlot: return mPrefPrimarySlot: -1
01-15 23:05:21.312  2489  2489 E QtiPcController: mPrefPrimarySlot: setPrimaryCardIfRequired: -1
01-15 23:05:21.316  2489  2489 D use-Rlog/RLOG-QC_RIL_OEM_HOOK: sendOemRilRequestRaw returns value = 1
01-15 23:05:21.316  2489  2489 I QtiRilInterface: getLpluslSupportStatus: true exception: null
01-15 23:05:21.317  2489  2489 D QtiPcController: primary card -1 ,Cards not changed, IGNORE!!
01-15 23:05:21.317  2489  2489 D SST     : [0] pollState: modemTriggered=true
01-15 23:05:21.318  2489  2489 D RILJ    : [0114]> OPERATOR [SUB0]
01-15 23:05:21.318  2489  2489 D SST     : [1] pollState: modemTriggered=true
01-15 23:05:21.320  2489  2489 D RILJ    : [0115]> OPERATOR [SUB1]
01-15 23:05:21.320  2489  2489 D TelephonyNetworkFactory[1]: got request NetworkRequest [ TRACK_DEFAULT id=17, [ Capabilities: INTERNET&NOT_RESTRICTED&TRUSTED Uid:
1001] ] with score 0 and serial 0
01-15 23:05:21.320  2489  2489 D TelephonyNetworkFactory[0]: got request NetworkRequest [ TRACK_DEFAULT id=17, [ Capabilities: INTERNET&NOT_RESTRICTED&TRUSTED Uid:
1001] ] with score 0 and serial 0
01-15 23:05:21.321  2489  2489 D SST     : [0] SubscriptionListener.onSubscriptionInfoChanged
01-15 23:05:21.321  2489  2489 D SST     : [1] SubscriptionListener.onSubscriptionInfoChanged
01-15 23:05:21.321  2489  2489 D QtiDCT-C: [0]SubscriptionListener.onSubscriptionInfoChanged
01-15 23:05:21.322  2489  2724 D Dcc-C-1 : DccDefaultState: msg.what=EVENT_RIL_CONNECTED mRilVersion=15
01-15 23:05:21.323  2489  2575 D RILJ    : [0115]< OPERATOR {, , } [SUB1]
01-15 23:05:21.323  2489  2698 D Dcc-C-0 : DccDefaultState: msg.what=EVENT_RIL_CONNECTED mRilVersion=15
01-15 23:05:21.323  2489  2889 D RILJ    : [0116]> DATA_REGISTRATION_STATE [SUB0]
01-15 23:05:21.325  2489  2575 D RILJ    : [0114]< OPERATOR {, , } [SUB0]
01-15 23:05:21.325  2489  2889 D RILJ    : [0117]> VOICE_REGISTRATION_STATE [SUB0]
01-15 23:05:21.330  2489  2889 D RILJ    : [0118]> DATA_REGISTRATION_STATE [SUB1]
01-15 23:05:21.331  2489  2489 D PhoneSwitcher: handle event - 102
01-15 23:05:21.332  2489  2489 D QtiDCT-C: [1]SubscriptionListener.onSubscriptionInfoChanged
01-15 23:05:21.332  2489  2889 D RILJ    : [0119]> VOICE_REGISTRATION_STATE [SUB1]
01-15 23:05:21.333  2489  2575 D RILJ    : [0116]< DATA_REGISTRATION_STATE {.base = {.regState = NOT_REG_MT_NOT_SEARCHING_OP, .rat = 0, .reasonDataDenied = 0, .maxD
ataCalls = 20, .cellIdentity = {.cellInfoType = NONE, .cellIdentityGsm = [], .cellIdentityWcdma = [], .cellIdentityCdma = [], .cellIdentityLte = [], .cellIdentityTd
scdma = []}}, .vopsInfo = {.noinit = {}}, .nrIndicators = {.isEndcAvailable = false, .isDcNrRestricted = false, .isNrAvailable = false}} [SUB0]
01-15 23:05:21.333  2489  2931 D NRM-C-0 : onRequestNetworkRegistrationInfoComplete result: 0, info: NetworkRegistrationInfo{ domain=PS transportType=WWAN registrat
ionState=NOT_REG_OR_SEARCHING roamingType=NOT_ROAMING accessNetworkTechnology=UNKNOWN rejectCause=0 emergencyEnabled=false availableServices=[] cellIdentity=null vo
iceSpecificInfo=null dataSpecificInfo=android.telephony.DataSpecificRegistrationInfo :{ maxDataCalls = 20 isDcNrRestricted = false isNrAvailable = false isEnDcAvail
able = false LteVopsSupportInfo :  mVopsSupport = 1 mEmcBearerSupport = 1 mIsUsingCarrierAggregation = false } nrState=NONE}
01-15 23:05:21.335  2489  2489 I TelecomFramework: : onSubscriptionsChanged - update accounts
01-15 23:05:21.335  2489  2489 I TelecomFramework: PstnIncomingCallNotifier: Unregistering: Handler (com.qualcomm.qti.internal.telephony.QtiGsmCdmaPhone) {51d1ee0}
01-15 23:05:21.335  2489  2489 I TelecomFramework: TelecomAccountRegistry: setupAccounts: Found 2 phones.  Attempting to register.
01-15 23:05:21.335  2489  2575 D RILJ    : [0118]< DATA_REGISTRATION_STATE {.base = {.regState = NOT_REG_MT_NOT_SEARCHING_OP, .rat = 0, .reasonDataDenied = 0, .maxD
