01-15 01:53:30.186  3104 13233 I libnfc_nci: [INFO:nfa_sys_ptim.cc(128)] nfa_sys_ptim_start_timer 0x7bcaa254e0
01-15 01:53:30.186  3104 13233 I libnfc_nci: [INFO:nfa_sys_ptim.cc(133)] ptim timer start
01-15 01:53:30.186  3104 13233 I libnfc_nci: [INFO:nfa_dm_discover.cc(2571)] new state: POLL_ACTIVE (4), disc_flags: 0x61
01-15 01:53:30.186  3104 13233 I libnfc_nci: [INFO:nfa_sys_ptim.cc(156)] nfa_sys_ptim_stop_timer 0x7bcaa264f8
01-15 01:53:30.186  3104 13233 I libnfc_nci: [INFO:nfa_rw_act.cc(192)] Stopped presence check timer (if started)
01-15 01:53:30.188   767 13235 D NxpTml  : PN54X - I2C Read successful.....
01-15 01:53:30.188   767 13235 D NxpNciR : len =   4 > 41060100
01-15 01:53:30.188   767 13235 D NxpTml  : PN54X - Posting read message.....
01-15 01:53:30.193     0     0 E nq-nci 6-0028: nfc_read : reading 3 bytes.
01-15 01:53:30.197     0     0 E nq-nci 6-0028: nfc_read : reading 1 bytes.
01-15 01:53:30.199     0     0 I init    : Received control message 'interface_start' for 'android.hardware.drm@1.0::IDrmFactory/widevine' from pid: 605 (/system/bi
n/hwservicemanager)
01-15 01:53:30.199     0     0 E init    : Could not find 'android.hardware.drm@1.0::IDrmFactory/widevine' for ctl.interface_start
01-15 01:53:30.192   767 13238 D NxpHal  : read successful status = 0x0
01-15 01:53:30.193  3104 13233 I libnfc_nci: [INFO:nfc_ncif.cc(399)] NFC received rsp gid:1
01-15 01:53:30.193  3104 13233 I libnfc_nci: [INFO:nfa_dm_discover.cc(3030)] returning TRUE
01-15 01:53:30.193  3104 13233 I libnfc_nci: [INFO:nfc_main.cc(326)] nfc_set_state 6 (CLOSING)->4 (IDLE)
01-15 01:53:30.194  3104 13233 I libnfc_nci: [INFO:rw_mfc.cc(640)] rw_mfc_conn_cback conn_id=0, evt=0x6002
01-15 01:53:30.194  3104 13233 I libnfc_nci: [INFO:rw_mfc.cc(723)] rw_mfc_conn_cback RW_MFC_STATE_NOT_ACTIVATED
01-15 01:53:30.194  3104 13233 I libnfc_nci: [INFO:nfa_dm_discover.cc(694)] event:0x4005
01-15 01:53:30.194  3104 13233 I libnfc_nci: [INFO:nfa_dm_discover.cc(2518)] state: POLL_ACTIVE (4), event: DEACTIVATE_RSP(7) disc_flags: 0x61
01-15 01:53:30.194  3104 13233 I libnfc_nci: [INFO:nfa_dm_discover.cc(2571)] new state: POLL_ACTIVE (4), disc_flags: 0x41
01-15 01:53:30.194   767 13235 D NxpTml  : PN54X - Read requested.....
01-15 01:53:30.194   767 13235 D NxpTml  : PN54X - Invoking I2C Read.....
01-15 01:53:30.208   767 13235 D NxpTml  : PN54X - I2C Read successful.....
01-15 01:53:30.208   767 13235 D NxpNciR : len =   5 > 6106020100
01-15 01:53:30.208   767 13235 D NxpTml  : PN54X - Posting read message.....
01-15 01:53:30.208   767 13238 D NxpHal  : read successful status = 0x0
01-15 01:53:30.208   767 13238 D NfccPowerTracker: NfccPowerTracker::ProcessNtf: Enter
01-15 01:53:30.208   767 13238 D NfccPowerTracker: mActiveDurationFromLastScreenUpdate: 7484
01-15 01:53:30.205     0     0 E nq-nci 6-0028: nfc_read : reading 3 bytes.
01-15 01:53:30.214     0     0 E nq-nci 6-0028: nfc_read : reading 2 bytes.
01-15 01:53:30.209  3104 13233 I libnfc_nci: [INFO:nfc_ncif.cc(440)] NFC received ntf gid:1
01-15 01:53:30.209  3104 13233 I libnfc_nci: [INFO:nfa_dm_discover.cc(3030)] returning TRUE
01-15 01:53:30.209  3104 13233 I libnfc_nci: [INFO:nfc_main.cc(326)] nfc_set_state 4 (IDLE)->4 (IDLE)
01-15 01:53:30.209  3104 13233 I libnfc_nci: [INFO:nfa_dm_discover.cc(1662)] nfa_dm_disc_data_cback
01-15 01:53:30.209  3104 13233 I libnfc_nci: [INFO:nfa_dm_discover.cc(694)] event:0x4005
01-15 01:53:30.209  3104 13233 I libnfc_nci: [INFO:nfa_dm_discover.cc(2518)] state: POLL_ACTIVE (4), event: DEACTIVATE_NTF(8) disc_flags: 0x41
01-15 01:53:30.209  3104 13233 I libnfc_nci: [INFO:nfa_sys_ptim.cc(156)] nfa_sys_ptim_stop_timer 0x7bcaa254e0
01-15 01:53:30.210  3104 13233 I libnfc_nci: [INFO:nfa_sys_ptim.cc(163)] ptim timer stop
01-15 01:53:30.210  3104 13233 I libnfc_nci: [INFO:nfa_dm_discover.cc(1361)] activated_handle=1
01-15 01:53:30.210  3104 13233 I libnfc_nci: [INFO:nfa_dm_act.cc(1557)] event:0x02
01-15 01:53:30.210  3104 13233 I libnfc_nci: [INFO:nfa_rw_main.cc(179)] nfa_rw_handle_event event: NFA_RW_DEACTIVATE_NTF_EVT (0x502), flags: 00000021
01-15 01:53:30.210  3104 13233 I libnfc_nci: [INFO:nfa_sys_ptim.cc(156)] nfa_sys_ptim_stop_timer 0x7bcaa264f8
01-15 01:53:30.210  3104 13233 I libnfc_nci: [INFO:nfa_sys_ptim.cc(163)] ptim timer stop
01-15 01:53:30.210  3104 13233 I libnfc_nci: [INFO:nfa_rw_act.cc(192)] Stopped presence check timer (if started)
01-15 01:53:30.210  3104 13233 I libnfc_nci: [INFO:NativeNfcManager.cpp(276)] nfaConnectionCallback: event= 6
01-15 01:53:30.210  3104 13233 I libnfc_nci: [INFO:NativeNfcManager.cpp(429)] nfaConnectionCallback: NFA_DEACTIVATED_EVT   Type: 1, gIsTagDeactivating: 1
01-15 01:53:30.210  3104 13233 I libnfc_nci: [INFO:NfcTag.cpp(148)] NfcTag::setDeactivationState: state=1
01-15 01:53:30.210  3104 13233 I libnfc_nci: [INFO:nfa_dm_discover.cc(1685)] old_state: POLL_ACTIVE (4), new_state: W4_HOST_SELECT (3) disc_flags: 0x1
01-15 01:53:30.210  3104 13233 I libnfc_nci: [INFO:nfa_dm_discover.cc(2571)] new state: W4_HOST_SELECT (3), disc_flags: 0x1
01-15 01:53:30.210  3104  3104 I libnfc_nci: [INFO:NativeNfcTag.cpp(690)] reSelect: select interface 128
01-15 01:53:30.210  3104  3104 I libnfc_nci: [INFO:nfa_dm_api.cc(800)] rf_disc_id:0x1, protocol:0x80, rf_interface:0x80
01-15 01:53:30.210  3104 13233 I libnfc_nci: [INFO:nfa_sys_main.cc(77)] NFA got event 0x0111
01-15 01:53:30.210  3104 13233 I libnfc_nci: [INFO:nfa_dm_main.cc(122)] event: NFA_DM_API_SELECT_EVT (0x11)
01-15 01:53:30.210  3104 13233 I libnfc_nci: [INFO:nfa_dm_act.cc(1322)] nfa_dm_act_select
01-15 01:53:30.210  3104 13233 I libnfc_nci: [INFO:nfa_dm_discover.cc(2721)] rf_disc_id:0x1, protocol:0x80, rf_interface:0x80
01-15 01:53:30.211  3104 13233 I libnfc_nci: [INFO:nfa_dm_discover.cc(2518)] state: W4_HOST_SELECT (3), event: SELECT_CMD(3) disc_flags: 0x11
01-15 01:53:30.211  3104 13233 I libnfc_nci: [INFO:NfcAdaptation.cc(751)] NfcAdaptation::HalWrite
01-15 01:53:30.222     0     0 E nq-nci 6-0028: nfc_read : reading 3 bytes.
01-15 01:53:30.227     0     0 E nq-nci 6-0028: nfc_read : reading 1 bytes.
01-15 01:53:30.211   767 13235 D NxpTml  : PN54X - Read requested.....
01-15 01:53:30.211   767 13235 D NxpTml  : PN54X - Invoking I2C Read.....
01-15 01:53:30.211   767   767 D NxpExtns: find found MIFARE_READER_ENABLE=(0x1)
01-15 01:53:30.211   767   767 D NfccPowerTracker: NfccPowerTracker::ProcessCmd: Enter,Recieved len :6
01-15 01:53:30.212   767 13236 D NxpTml  : PN54X - Write requested.....
01-15 01:53:30.212   767 13236 D NxpTml  : PN54X - Invoking I2C Write.....
01-15 01:53:30.215   767 13236 D NxpNciX : len =   6 > 210403018080
01-15 01:53:30.215   767 13236 D NxpTml  : PN54X - I2C Write successful.....
01-15 01:53:30.215   767 13236 D NxpTml  : PN54X - Posting Fresh Write message.....
01-15 01:53:30.215   767 13236 D NxpTml  : PN54X - Tml Writer Thread Running................
01-15 01:53:30.216   767 13238 D NxpHal  : write successful status = 0x0
01-15 01:53:30.216  3104 13233 I libnfc_nci: [INFO:nfa_dm_discover.cc(2571)] new state: W4_HOST_SELECT (3), disc_flags: 0x11
01-15 01:53:30.218   767 13235 D NxpTml  : PN54X - I2C Read successful.....
01-15 01:53:30.218   767 13235 D NxpNciR : len =   4 > 41040100
01-15 01:53:30.218   767 13235 D NxpTml  : PN54X - Posting read message.....
01-15 01:53:30.219   767 13238 D NxpHal  : read successful status = 0x0
01-15 01:53:30.220   767 13235 D NxpTml  : PN54X - Read requested.....
01-15 01:53:30.220   767 13235 D NxpTml  : PN54X - Invoking I2C Read.....
01-15 01:53:30.221  3104 13233 I libnfc_nci: [INFO:nfc_ncif.cc(399)] NFC received rsp gid:1
01-15 01:53:30.221  3104 13233 I libnfc_nci: [INFO:nfa_dm_discover.cc(694)] event:0x4003
01-15 01:53:30.221  3104 13233 I libnfc_nci: [INFO:nfa_dm_discover.cc(2518)] state: W4_HOST_SELECT (3), event: SELECT_RSP(4) disc_flags: 0x11
01-15 01:53:30.221  3104 13233 I libnfc_nci: [INFO:NativeNfcManager.cpp(276)] nfaConnectionCallback: event= 3
01-15 01:53:30.221  3104 13233 I libnfc_nci: [INFO:NativeNfcManager.cpp(333)] nfaConnectionCallback: NFA_SELECT_RESULT_EVT: status = 0, gIsSelectingRfInterface = 1,
 sIsDisabling=0
01-15 01:53:30.221  3104 13233 I libnfc_nci: [INFO:nfa_dm_discover.cc(2571)] new state: W4_HOST_SELECT (3), disc_flags: 0x1
01-15 01:53:30.221 13309 13309 D improveTouch: [Main:158] Start touch daemon
01-15 01:53:30.224 13309 13309 E improveTouch: [ConfigManager:234] /sys/devices/soc0/chip_name doesn't exist
01-15 01:53:30.225 13309 13309 D improveTouch: [ConfigManager:501] loader file is available. loading it...
01-15 01:53:30.227 13309 13309 D improveTouch: [ConfigManager:405] no custom ID defined
01-15 01:53:30.227 13309 13309 D improveTouch: [ConfigManager:428] GetPktStatus: E
01-15 01:53:30.227 13309 13309 E improveTouch: [ConfigManager:444] can't open /data/vendor/hbtp/pkt_play
01-15 01:53:30.227 13309 13309 D improveTouch: [ConfigManager:448] GetPktStatus: X
01-15 01:53:30.227 13309 13309 I improveTouch: [ConfigManager:546] Data Dir = /data/vendor/hbtp
01-15 01:53:30.227 13309 13309 I improveTouch: [ConfigManager:547] Main Config Dir = /vendor/etc/hbtp
01-15 01:53:30.227 13309 13309 I improveTouch: [ConfigManager:551] ConfigFile = /vendor/etc/hbtp/hbtpcfg_sdm660_800s_qhd.dat
01-15 01:53:30.231     0     0 E nq-nci 6-0028: nfc_read : reading 3 bytes.
01-15 01:53:30.235     0     0 E nq-nci 6-0028: nfc_read : reading 20 bytes.
01-15 01:53:30.227 13309 13309 I improveTouch: [ConfigManager:554] UTFLib = libFastRPC_UTF_Forward_skel.so
01-15 01:53:30.227 13309 13309 I improveTouch: [ConfigManager:557] AFEFW = /vendor/etc/hbtp/qtc800s_dsp.bin
01-15 01:53:30.227 13309 13309 I improveTouch: [ConfigManager:560] DSP = adsp
01-15 01:53:30.227 13309 13309 D improveTouch: [TouchController:415] init: E
01-15 01:53:30.228 13309 13309 D improveTouch: [ConfigManager:583] start loading config
01-15 01:53:30.229   767 13235 D NxpTml  : PN54X - I2C Read successful.....
01-15 01:53:30.229   767 13235 D NxpNciR : len =  23 > 61051401808000FF010904000442C48A92010800000000
01-15 01:53:30.229   767 13235 D NxpTml  : PN54X - Posting read message.....
01-15 01:53:30.229   767 13238 D NxpHal  : read successful status = 0x0
01-15 01:53:30.229   767 13238 D NxpHal  : NxpNci: RF Interface = MIFARE
01-15 01:53:30.229   767 13238 D NxpHal  : NxpNci: Protocol = MIFARE
01-15 01:53:30.229   767 13238 D NxpHal  : NxpNci: Mode = A Passive Poll
01-15 01:53:30.229   767 13238 D NfccPowerTracker: NfccPowerTracker::ProcessNtf: Enter
01-15 01:53:30.231  3104 13233 I libnfc_nci: [INFO:nfc_ncif.cc(440)] NFC received ntf gid:1
01-15 01:53:30.231  3104 13233 I libnfc_nci: [INFO:nfa_dm_discover.cc(3030)] returning TRUE
01-15 01:53:30.231  3104 13233 I libnfc_nci: [INFO:nfc_main.cc(326)] nfc_set_state 4 (IDLE)->5 (OPEN)
01-15 01:53:30.231  3104 13233 I libnfc_nci: [INFO:nfc_ncif.cc(907)] nfc_ncif_proc_activate:20 0, mode:0x00
01-15 01:53:30.231  3104 13233 I libnfc_nci: [INFO:nfa_dm_discover.cc(694)] event:0x4004
01-15 01:53:30.231  3104 13233 I libnfc_nci: [INFO:nfa_dm_discover.cc(2518)] state: W4_HOST_SELECT (3), event: ACTIVATED_NTF(5) disc_flags: 0x1
01-15 01:53:30.231  3104 13233 I libnfc_nci: [INFO:nfa_dm_discover.cc(1685)] old_state: W4_HOST_SELECT (3), new_state: POLL_ACTIVE (4) disc_flags: 0x1
01-15 01:53:30.231  3104 13233 I libnfc_nci: [INFO:nfa_dm_discover.cc(1192)] tech_n_mode:0x0, proto:0x80
01-15 01:53:30.231  3104 13233 I libnfc_nci: [INFO:nfa_dm_discover.cc(674)] tech_n_mode:0x0, protocol:0x80, disc_mask:0x2000
01-15 01:53:30.232  3104 13233 I libnfc_nci: [INFO:nfa_dm_discover.cc(1320)] activated_protocol:0x80, activated_handle: 0x1
01-15 01:53:30.232  3104 13233 I libnfc_nci: [INFO:nfa_dm_act.cc(1557)] event:0x01
01-15 01:53:30.232  3104 13233 I libnfc_nci: [INFO:nfa_rw_main.cc(179)] nfa_rw_handle_event event: NFA_RW_ACTIVATE_NTF_EVT (0x501), flags: 00000001
01-15 01:53:30.232  3104 13233 I libnfc_nci: [INFO:nfa_rw_act.cc(2538)] nfa_rw_activate_ntf
01-15 01:53:30.232  3104 13233 I libnfc_nci: [INFO:rw_main.cc(206)] RW_SetActivatedTagType protocol:128, technology:0, SAK:8
01-15 01:53:30.232  3104 13233 I libnfc_nci: [INFO:rw_mfc.cc(551)] rw_mfc_select
01-15 01:53:30.232  3104 13233 I libnfc_nci: [INFO:nfa_dm_act.cc(1709)] status:0x0
01-15 01:53:30.232  3104 13233 I libnfc_nci: [INFO:NativeNfcManager.cpp(276)] nfaConnectionCallback: event= 5
01-15 01:53:30.232  3104 13233 I libnfc_nci: [INFO:NativeNfcManager.cpp(360)] nfaConnectionCallback: NFA_ACTIVATED_EVT: gIsSelectingRfInterface=1, sIsDisabling=0
01-15 01:53:30.232  3104 13233 I libnfc_nci: [INFO:NfcTag.cpp(165)] NfcTag::setActivationState: state=2
01-15 01:53:30.232  3104 13233 I libnfc_nci: [INFO:nfa_dm_discover.cc(2571)] new state: POLL_ACTIVE (4), disc_flags: 0x1
01-15 01:53:30.232  3104  3104 I libnfc_nci: [INFO:NativeNfcTag.cpp(709)] reSelect: select completed; sConnectOk=1
01-15 01:53:30.232  3104  3104 I libnfc_nci: [INFO:NativeNfcTag.cpp(728)] reSelect: exit; status=0
01-15 01:53:30.232  3104  3104 I libnfc_nci: [INFO:NativeNfcTag.cpp(799)] nativeNfcTag_doReconnect: exit 0x0
01-15 01:53:30.232  3104  3104 I libnfc_nci: [INFO:NativeNfcTag.cpp(1290)] nativeNfcTag_doCheckNdef: exit; status=0x0
01-15 01:53:30.232  3104  3104 I libnfc_nci: [INFO:NativeNfcTag.cpp(275)] nativeNfcTag_doRead: enter
01-15 01:53:30.232  3104  3104 E libnfc_nci: [ERROR:phNxpExtns_MifareStd.cpp(1548)] Mifare : phLibNfc_GetKeyNumberMFC Key found
01-15 01:53:30.245     0     0 E nq-nci 6-0028: nfc_read : reading 3 bytes.
01-15 01:53:30.232  3104  3104 E libnfc_nci: [ERROR:phNxpExtns_MifareStd.cpp(1555)] Mifare : phLibNfc_GetKeyNumberMFC returning = 0x0 Key = 0x1
01-15 01:53:30.232  3104  3104 I libnfc_nci: [INFO:nfa_dm_api.cc(936)] data_len:3
01-15 01:53:30.233  3104 13233 I libnfc_nci: [INFO:nfa_sys_main.cc(77)] NFA got event 0x010C
01-15 01:53:30.233  3104 13233 I libnfc_nci: [INFO:nfa_dm_main.cc(122)] event: NFA_DM_API_RAW_FRAME_EVT (0x0c)
01-15 01:53:30.233  3104 13233 I libnfc_nci: [INFO:nfa_dm_act.cc(1160)] nfa_dm_act_send_raw_frame
01-15 01:53:30.233  3104 13233 I libnfc_nci: [INFO:nfc_ncif.cc(152)] nfc_ncif_send_data :0, num_buff:1 qc:0
01-15 01:53:30.233  3104 13233 I libnfc_nci: [INFO:NfcAdaptation.cc(751)] NfcAdaptation::HalWrite
01-15 01:53:30.234   767   767 D NxpExtns: find found MIFARE_READER_ENABLE=(0x1)
01-15 01:53:30.234   767 13235 D NxpTml  : PN54X - Read requested.....
01-15 01:53:30.234   767   767 D NfccPowerTracker: NfccPowerTracker::ProcessCmd: Enter,Recieved len :6
01-15 01:53:30.234   767 13235 D NxpTml  : PN54X - Invoking I2C Read.....
01-15 01:53:30.234   767 13236 D NxpTml  : PN54X - Write requested.....
01-15 01:53:30.234   767 13236 D NxpTml  : PN54X - Invoking I2C Write.....
01-15 01:53:30.236   767 13236 D NxpNciX : len =   6 > 000003400101
01-15 01:53:30.236   767 13236 D NxpTml  : PN54X - I2C Write successful.....
01-15 01:53:30.236   767 13236 D NxpTml  : PN54X - Posting Fresh Write message.....
01-15 01:53:30.237   767 13236 D NxpTml  : PN54X - Tml Writer Thread Running................
01-15 01:53:30.237   767 13238 D NxpHal  : write successful status = 0x0
01-15 01:53:30.240   767 13235 D NxpTml  : PN54X - I2C Read successful.....
01-15 01:53:30.240   767 13235 D NxpNciR : len =   6 > 600603010001
01-15 01:53:30.240   767 13235 D NxpTml  : PN54X - Posting read message.....
01-15 01:53:30.240   767 13238 D NxpHal  : read successful status = 0x0
01-15 01:53:30.240   767 13238 D NfccPowerTracker: NfccPowerTracker::ProcessNtf: Enter
01-15 01:53:30.241  3104 13233 I libnfc_nci: [INFO:nfc_ncif.cc(440)] NFC received ntf gid:0
01-15 01:53:30.241  3104 13233 I libnfc_nci: [INFO:nci_hrcv.cc(127)] nci_proc_core_ntf opcode:0x6
01-15 01:53:30.241  3104 13233 I libnfc_nci: [INFO:nfc_ncif.cc(152)] nfc_ncif_send_data :0, num_buff:1 qc:0
01-15 01:53:30.241   767 13235 D NxpTml  : PN54X - Read requested.....
01-15 01:53:30.241   767 13235 D NxpTml  : PN54X - Invoking I2C Read.....
01-15 01:53:30.249   767 13235 D NxpTml  : PN54X - I2C Read successful.....
01-15 01:53:30.249   767 13235 D NxpNciR : len =   5 > 0000024000
01-15 01:53:30.249   767 13235 D NxpTml  : PN54X - Posting read message.....
01-15 01:53:30.248     0     0 I chatty  : uid=0(root) logd identical 1 line
01-15 01:53:30.252     0     0 E nq-nci 6-0028: nfc_read : reading 3 bytes.
01-15 01:53:30.254     0     0 E nq-nci 6-0028: nfc_read : reading 2 bytes.
01-15 01:53:30.249   767 13238 D NxpHal  : read successful status = 0x0
01-15 01:53:30.250  3104 13233 I libnfc_nci: [INFO:nfc_ncif.cc(393)] NFC received data
01-15 01:53:30.250  3104 13233 I libnfc_nci: [INFO:nfc_ncif.cc(1652)] nfc_ncif_proc_data 0x000002
01-15 01:53:30.250  3104 13233 I libnfc_nci: [INFO:nfc_ncif.cc(1657)] nfc_ncif_proc_data len:2
01-15 01:53:30.251  3104 13233 I libnfc_nci: [INFO:rw_mfc.cc(640)] rw_mfc_conn_cback conn_id=0, evt=0x6003
01-15 01:53:30.251  3104 13233 I libnfc_nci: [INFO:nfa_rw_act.cc(1496)] nfa_rw_cback: event=0xc7
01-15 01:53:30.251  3104 13233 I libnfc_nci: [INFO:nfa_rw_act.cc(1408)] nfa_rw_handle_mfc_evt() event = 0xC7
01-15 01:53:30.251  3104 13233 I libnfc_nci: [INFO:nfa_rw_act.cc(119)] nfa_rw_send_data_to_upper: Len [0x2] Status [OK]
01-15 01:53:30.251  3104 13233 I libnfc_nci: [INFO:nfa_dm_act.cc(1378)] event:0x9
01-15 01:53:30.251  3104 13233 I libnfc_nci: [INFO:NativeNfcManager.cpp(276)] nfaConnectionCallback: event= 9
01-15 01:53:30.251  3104 13233 I libnfc_nci: [INFO:NativeNfcManager.cpp(516)] nfaConnectionCallback: NFA_DATA_EVT: status = 0x0, len = 2
01-15 01:53:30.251  3104 13233 I libnfc_nci: [INFO:NativeNfcTag.cpp(870)] nativeNfcTag_doTransceiveStatus: data len=2
01-15 01:53:30.251  3104 13233 I libnfc_nci: [INFO:nfa_dm_api.cc(936)] data_len:3
01-15 01:53:30.251   767 13235 D NxpTml  : PN54X - Read requested.....
01-15 01:53:30.251  3104 13233 I libnfc_nci: [INFO:nfa_sys_main.cc(77)] NFA got event 0x010C
01-15 01:53:30.251   767 13235 D NxpTml  : PN54X - Invoking I2C Read.....
01-15 01:53:30.251  3104 13233 I libnfc_nci: [INFO:nfa_dm_main.cc(122)] event: NFA_DM_API_RAW_FRAME_EVT (0x0c)
01-15 01:53:30.251  3104 13233 I libnfc_nci: [INFO:nfa_dm_act.cc(1160)] nfa_dm_act_send_raw_frame
01-15 01:53:30.251  3104 13233 I libnfc_nci: [INFO:nfc_ncif.cc(152)] nfc_ncif_send_data :0, num_buff:1 qc:0
01-15 01:53:30.251  3104 13233 I libnfc_nci: [INFO:NfcAdaptation.cc(751)] NfcAdaptation::HalWrite
01-15 01:53:30.251   767   767 D NxpExtns: find found MIFARE_READER_ENABLE=(0x1)
01-15 01:53:30.251   767   767 D NfccPowerTracker: NfccPowerTracker::ProcessCmd: Enter,Recieved len :6
01-15 01:53:30.252   767 13236 D NxpTml  : PN54X - Write requested.....
01-15 01:53:30.252   767 13236 D NxpTml  : PN54X - Invoking I2C Write.....
01-15 01:53:30.254   767 13236 D NxpNciX : len =   6 > 000003103007
01-15 01:53:30.254   767 13236 D NxpTml  : PN54X - I2C Write successful.....
01-15 01:53:30.254   767 13236 D NxpTml  : PN54X - Posting Fresh Write message.....
01-15 01:53:30.254   767 13236 D NxpTml  : PN54X - Tml Writer Thread Running................
01-15 01:53:30.254   767 13238 D NxpHal  : write successful status = 0x0
01-15 01:53:30.259   767 13235 D NxpTml  : PN54X - I2C Read successful.....
01-15 01:53:30.259   767 13235 D NxpNciR : len =   6 > 600603010001
01-15 01:53:30.259   767 13235 D NxpTml  : PN54X - Posting read message.....
01-15 01:53:30.262     0     0 E nq-nci 6-0028: nfc_read : reading 3 bytes.
01-15 01:53:30.259   767 13238 D NxpHal  : read successful status = 0x0
01-15 01:53:30.259   767 13238 D NfccPowerTracker: NfccPowerTracker::ProcessNtf: Enter
01-15 01:53:30.261  3104 13233 I libnfc_nci: [INFO:nfc_ncif.cc(440)] NFC received ntf gid:0
01-15 01:53:30.261  3104 13233 I libnfc_nci: [INFO:nci_hrcv.cc(127)] nci_proc_core_ntf opcode:0x6
01-15 01:53:30.261  3104 13233 I libnfc_nci: [INFO:nfc_ncif.cc(152)] nfc_ncif_send_data :0, num_buff:1 qc:0
01-15 01:53:30.262   767 13235 D NxpTml  : PN54X - Read requested.....
01-15 01:53:30.262   767 13235 D NxpTml  : PN54X - Invoking I2C Read.....
01-15 01:53:30.265     0     0 I chatty  : uid=0(root) logd identical 1 line
01-15 01:53:30.273     0     0 E nq-nci 6-0028: nfc_read : reading 3 bytes.
01-15 01:53:30.276     0     0 E nq-nci 6-0028: nfc_read : reading 18 bytes.
01-15 01:53:30.271   767 13235 D NxpTml  : PN54X - I2C Read successful.....
01-15 01:53:30.271   767 13235 D NxpNciR : len =  21 > 000012100000000000007F07884000000000000000
01-15 01:53:30.271   767 13235 D NxpTml  : PN54X - Posting read message.....
01-15 01:53:30.273   767 13238 D NxpHal  : read successful status = 0x0
01-15 01:53:30.274  3104 13233 I libnfc_nci: [INFO:nfc_ncif.cc(393)] NFC received data
01-15 01:53:30.274  3104 13233 I libnfc_nci: [INFO:nfc_ncif.cc(1652)] nfc_ncif_proc_data 0x000012
01-15 01:53:30.274  3104 13233 I libnfc_nci: [INFO:nfc_ncif.cc(1657)] nfc_ncif_proc_data len:18
01-15 01:53:30.274  3104 13233 I libnfc_nci: [INFO:rw_mfc.cc(640)] rw_mfc_conn_cback conn_id=0, evt=0x6003
01-15 01:53:30.274  3104 13233 I libnfc_nci: [INFO:nfa_rw_act.cc(1496)] nfa_rw_cback: event=0xc7
01-15 01:53:30.274  3104 13233 I libnfc_nci: [INFO:nfa_rw_act.cc(1408)] nfa_rw_handle_mfc_evt() event = 0xC7
01-15 01:53:30.274   767 13235 D NxpTml  : PN54X - Read requested.....
01-15 01:53:30.274   767 13235 D NxpTml  : PN54X - Invoking I2C Read.....
01-15 01:53:30.274  3104 13233 I libnfc_nci: [INFO:nfa_rw_act.cc(119)] nfa_rw_send_data_to_upper: Len [0x12] Status [OK]
01-15 01:53:30.274  3104 13233 I libnfc_nci: [INFO:nfa_dm_act.cc(1378)] event:0x9
01-15 01:53:30.275  3104 13233 I libnfc_nci: [INFO:NativeNfcManager.cpp(276)] nfaConnectionCallback: event= 9
01-15 01:53:30.275  3104 13233 I libnfc_nci: [INFO:NativeNfcManager.cpp(516)] nfaConnectionCallback: NFA_DATA_EVT: status = 0x0, len = 18
01-15 01:53:30.275  3104 13233 I libnfc_nci: [INFO:NativeNfcTag.cpp(870)] nativeNfcTag_doTransceiveStatus: data len=18
01-15 01:53:30.275  3104 13233 I libnfc_nci: [INFO:nfa_dm_api.cc(936)] data_len:3
01-15 01:53:30.275  3104 13233 I libnfc_nci: [INFO:nfa_sys_main.cc(77)] NFA got event 0x010C
01-15 01:53:30.275  3104 13233 I libnfc_nci: [INFO:nfa_dm_main.cc(122)] event: NFA_DM_API_RAW_FRAME_EVT (0x0c)
01-15 01:53:30.275  3104 13233 I libnfc_nci: [INFO:nfa_dm_act.cc(1160)] nfa_dm_act_send_raw_frame
01-15 01:53:30.275  3104 13233 I libnfc_nci: [INFO:nfc_ncif.cc(152)] nfc_ncif_send_data :0, num_buff:1 qc:0
01-15 01:53:30.275  3104 13233 I libnfc_nci: [INFO:NfcAdaptation.cc(751)] NfcAdaptation::HalWrite
01-15 01:53:30.285     0     0 E nq-nci 6-0028: nfc_read : reading 3 bytes.
01-15 01:53:30.276   767   767 D NxpExtns: find found MIFARE_READER_ENABLE=(0x1)
01-15 01:53:30.276   767   767 D NfccPowerTracker: NfccPowerTracker::ProcessCmd: Enter,Recieved len :6
01-15 01:53:30.276   767 13236 D NxpTml  : PN54X - Write requested.....
01-15 01:53:30.276   767 13236 D NxpTml  : PN54X - Invoking I2C Write.....
01-15 01:53:30.278   767 13236 D NxpNciX : len =   6 > 000003103004
01-15 01:53:30.278   767 13236 D NxpTml  : PN54X - I2C Write successful.....
01-15 01:53:30.278   767 13236 D NxpTml  : PN54X - Posting Fresh Write message.....
01-15 01:53:30.278   767 13236 D NxpTml  : PN54X - Tml Writer Thread Running................
01-15 01:53:30.278   767 13238 D NxpHal  : write successful status = 0x0
01-15 01:53:30.280   767 13235 D NxpTml  : PN54X - I2C Read successful.....
01-15 01:53:30.280   767 13235 D NxpNciR : len =   6 > 600603010001
01-15 01:53:30.280   767 13235 D NxpTml  : PN54X - Posting read message.....
01-15 01:53:30.280   767 13238 D NxpHal  : read successful status = 0x0
01-15 01:53:30.280   767 13238 D NfccPowerTracker: NfccPowerTracker::ProcessNtf: Enter
01-15 01:53:30.282  3104 13233 I libnfc_nci: [INFO:nfc_ncif.cc(440)] NFC received ntf gid:0
01-15 01:53:30.283  3104 13233 I libnfc_nci: [INFO:nci_hrcv.cc(127)] nci_proc_core_ntf opcode:0x6
01-15 01:53:30.283  3104 13233 I libnfc_nci: [INFO:nfc_ncif.cc(152)] nfc_ncif_send_data :0, num_buff:1 qc:0
01-15 01:53:30.283   767 13235 D NxpTml  : PN54X - Read requested.....
01-15 01:53:30.283   767 13235 D NxpTml  : PN54X - Invoking I2C Read.....
01-15 01:53:30.289     0     0 I chatty  : uid=0(root) logd identical 1 line
01-15 01:53:30.294     0     0 E nq-nci 6-0028: nfc_read : reading 3 bytes.
01-15 01:53:30.296     0     0 E nq-nci 6-0028: nfc_read : reading 18 bytes.
01-15 01:53:30.290   767 13235 D NxpTml  : PN54X - I2C Read successful.....
01-15 01:53:30.290   767 13235 D NxpNciR : len =  21 > 0000121000000312D1010E5402656E303039716400
01-15 01:53:30.290   767 13235 D NxpTml  : PN54X - Posting read message.....
01-15 01:53:30.291   767 13238 D NxpHal  : read successful status = 0x0
01-15 01:53:30.292  3104 13233 I libnfc_nci: [INFO:nfc_ncif.cc(393)] NFC received data
01-15 01:53:30.292  3104 13233 I libnfc_nci: [INFO:nfc_ncif.cc(1652)] nfc_ncif_proc_data 0x000012
01-15 01:53:30.292  3104 13233 I libnfc_nci: [INFO:nfc_ncif.cc(1657)] nfc_ncif_proc_data len:18
01-15 01:53:30.292  3104 13233 I libnfc_nci: [INFO:rw_mfc.cc(640)] rw_mfc_conn_cback conn_id=0, evt=0x6003
01-15 01:53:30.292  3104 13233 I libnfc_nci: [INFO:nfa_rw_act.cc(1496)] nfa_rw_cback: event=0xc7
01-15 01:53:30.292  3104 13233 I libnfc_nci: [INFO:nfa_rw_act.cc(1408)] nfa_rw_handle_mfc_evt() event = 0xC7
01-15 01:53:30.292  3104 13233 I libnfc_nci: [INFO:nfa_rw_act.cc(119)] nfa_rw_send_data_to_upper: Len [0x12] Status [OK]
01-15 01:53:30.292  3104 13233 I libnfc_nci: [INFO:nfa_dm_act.cc(1378)] event:0x9
01-15 01:53:30.292  3104 13233 I libnfc_nci: [INFO:NativeNfcManager.cpp(276)] nfaConnectionCallback: event= 9
01-15 01:53:30.292  3104 13233 I libnfc_nci: [INFO:NativeNfcManager.cpp(516)] nfaConnectionCallback: NFA_DATA_EVT: status = 0x0, len = 18
01-15 01:53:30.292  3104 13233 I libnfc_nci: [INFO:NativeNfcTag.cpp(870)] nativeNfcTag_doTransceiveStatus: data len=18
01-15 01:53:30.292  3104 13233 I libnfc_nci: [INFO:nfa_dm_api.cc(936)] data_len:3
01-15 01:53:30.292  3104 13233 I libnfc_nci: [INFO:nfa_sys_main.cc(77)] NFA got event 0x010C
01-15 01:53:30.292  3104 13233 I libnfc_nci: [INFO:nfa_dm_main.cc(122)] event: NFA_DM_API_RAW_FRAME_EVT (0x0c)
01-15 01:53:30.292  3104 13233 I libnfc_nci: [INFO:nfa_dm_act.cc(1160)] nfa_dm_act_send_raw_frame
01-15 01:53:30.292  3104 13233 I libnfc_nci: [INFO:nfc_ncif.cc(152)] nfc_ncif_send_data :0, num_buff:1 qc:0
01-15 01:53:30.292  3104 13233 I libnfc_nci: [INFO:NfcAdaptation.cc(751)] NfcAdaptation::HalWrite
01-15 01:53:30.292   767   767 D NxpExtns: find found MIFARE_READER_ENABLE=(0x1)
01-15 01:53:30.293   767   767 D NfccPowerTracker: NfccPowerTracker::ProcessCmd: Enter,Recieved len :6
01-15 01:53:30.293   767 13236 D NxpTml  : PN54X - Write requested.....
01-15 01:53:30.293   767 13236 D NxpTml  : PN54X - Invoking I2C Write.....
01-15 01:53:30.293   767 13235 D NxpTml  : PN54X - Read requested.....
01-15 01:53:30.293   767 13235 D NxpTml  : PN54X - Invoking I2C Read.....
01-15 01:53:30.295   767 13236 D NxpNciX : len =   6 > 000003103004
01-15 01:53:30.295   767 13236 D NxpTml  : PN54X - I2C Write successful.....
01-15 01:53:30.295   767 13236 D NxpTml  : PN54X - Posting Fresh Write message.....
01-15 01:53:30.295   767 13236 D NxpTml  : PN54X - Tml Writer Thread Running................
01-15 01:53:30.295   767 13238 D NxpHal  : write successful status = 0x0
01-15 01:53:30.304     0     0 E nq-nci 6-0028: nfc_read : reading 3 bytes.
01-15 01:53:30.301   767 13235 D NxpTml  : PN54X - I2C Read successful.....
01-15 01:53:30.301   767 13235 D NxpNciR : len =   6 > 600603010001
01-15 01:53:30.301   767 13235 D NxpTml  : PN54X - Posting read message.....
01-15 01:53:30.301   767 13238 D NxpHal  : read successful status = 0x0
01-15 01:53:30.301   767 13238 D NfccPowerTracker: NfccPowerTracker::ProcessNtf: Enter
01-15 01:53:30.302  3104 13233 I libnfc_nci: [INFO:nfc_ncif.cc(440)] NFC received ntf gid:0
01-15 01:53:30.302  3104 13233 I libnfc_nci: [INFO:nci_hrcv.cc(127)] nci_proc_core_ntf opcode:0x6
01-15 01:53:30.303  3104 13233 I libnfc_nci: [INFO:nfc_ncif.cc(152)] nfc_ncif_send_data :0, num_buff:1 qc:0
01-15 01:53:30.303   767 13235 D NxpTml  : PN54X - Read requested.....
01-15 01:53:30.303   767 13235 D NxpTml  : PN54X - Invoking I2C Read.....
01-15 01:53:30.305     0     0 I chatty  : uid=0(root) logd identical 1 line
01-15 01:53:30.314     0     0 E nq-nci 6-0028: nfc_read : reading 3 bytes.
01-15 01:53:30.317     0     0 E nq-nci 6-0028: nfc_read : reading 18 bytes.
01-15 01:53:30.311   767 13235 D NxpTml  : PN54X - I2C Read successful.....
01-15 01:53:30.311   767 13235 D NxpNciR : len =  21 > 0000121000000312D1010E5402656E303039716400
01-15 01:53:30.311   767 13235 D NxpTml  : PN54X - Posting read message.....
01-15 01:53:30.312   767 13238 D NxpHal  : read successful status = 0x0
01-15 01:53:30.313   767 13235 D NxpTml  : PN54X - Read requested.....
01-15 01:53:30.313   767 13235 D NxpTml  : PN54X - Invoking I2C Read.....
01-15 01:53:30.313  3104 13233 I libnfc_nci: [INFO:nfc_ncif.cc(393)] NFC received data
01-15 01:53:30.313  3104 13233 I libnfc_nci: [INFO:nfc_ncif.cc(1652)] nfc_ncif_proc_data 0x000012
01-15 01:53:30.313  3104 13233 I libnfc_nci: [INFO:nfc_ncif.cc(1657)] nfc_ncif_proc_data len:18
01-15 01:53:30.313  3104 13233 I libnfc_nci: [INFO:rw_mfc.cc(640)] rw_mfc_conn_cback conn_id=0, evt=0x6003
01-15 01:53:30.313  3104 13233 I libnfc_nci: [INFO:nfa_rw_act.cc(1496)] nfa_rw_cback: event=0xc7
01-15 01:53:30.313  3104 13233 I libnfc_nci: [INFO:nfa_rw_act.cc(1408)] nfa_rw_handle_mfc_evt() event = 0xC7
01-15 01:53:30.313  3104 13233 I libnfc_nci: [INFO:nfa_rw_act.cc(119)] nfa_rw_send_data_to_upper: Len [0x12] Status [OK]
01-15 01:53:30.313  3104 13233 I libnfc_nci: [INFO:nfa_dm_act.cc(1378)] event:0x9
01-15 01:53:30.313  3104 13233 I libnfc_nci: [INFO:NativeNfcManager.cpp(276)] nfaConnectionCallback: event= 9
01-15 01:53:30.313  3104 13233 I libnfc_nci: [INFO:NativeNfcManager.cpp(516)] nfaConnectionCallback: NFA_DATA_EVT: status = 0x0, len = 18
01-15 01:53:30.314  3104 13233 I libnfc_nci: [INFO:NativeNfcTag.cpp(870)] nativeNfcTag_doTransceiveStatus: data len=18
01-15 01:53:30.314  3104 13233 I libnfc_nci: [INFO:nfa_dm_api.cc(936)] data_len:3
01-15 01:53:30.314  3104 13233 I libnfc_nci: [INFO:nfa_sys_main.cc(77)] NFA got event 0x010C
01-15 01:53:30.314  3104 13233 I libnfc_nci: [INFO:nfa_dm_main.cc(122)] event: NFA_DM_API_RAW_FRAME_EVT (0x0c)
01-15 01:53:30.314  3104 13233 I libnfc_nci: [INFO:nfa_dm_act.cc(1160)] nfa_dm_act_send_raw_frame
01-15 01:53:30.314  3104 13233 I libnfc_nci: [INFO:nfc_ncif.cc(152)] nfc_ncif_send_data :0, num_buff:1 qc:0
01-15 01:53:30.314  3104 13233 I libnfc_nci: [INFO:NfcAdaptation.cc(751)] NfcAdaptation::HalWrite
01-15 01:53:30.315   767   767 D NxpExtns: find found MIFARE_READER_ENABLE=(0x1)
01-15 01:53:30.315   767   767 D NfccPowerTracker: NfccPowerTracker::ProcessCmd: Enter,Recieved len :6
01-15 01:53:30.315   767 13236 D NxpTml  : PN54X - Write requested.....
01-15 01:53:30.315   767 13236 D NxpTml  : PN54X - Invoking I2C Write.....
01-15 01:53:30.317   767 13236 D NxpNciX : len =   6 > 000003103005
01-15 01:53:30.317   767 13236 D NxpTml  : PN54X - I2C Write successful.....
01-15 01:53:30.324     0     0 E nq-nci 6-0028: nfc_read : reading 3 bytes.
01-15 01:53:30.317   767 13236 D NxpTml  : PN54X - Posting Fresh Write message.....
01-15 01:53:30.317   767 13236 D NxpTml  : PN54X - Tml Writer Thread Running................
01-15 01:53:30.317   767 13238 D NxpHal  : write successful status = 0x0
01-15 01:53:30.320 13309 13309 D improveTouch: [ConfigManager:675] finished loading config
01-15 01:53:30.321   767 13235 D NxpTml  : PN54X - I2C Read successful.....
01-15 01:53:30.321   767 13235 D NxpNciR : len =   6 > 600603010001
01-15 01:53:30.321   767 13235 D NxpTml  : PN54X - Posting read message.....
01-15 01:53:30.321   767 13238 D NxpHal  : read successful status = 0x0
01-15 01:53:30.321   767 13238 D NfccPowerTracker: NfccPowerTracker::ProcessNtf: Enter
01-15 01:53:30.322  3104 13233 I libnfc_nci: [INFO:nfc_ncif.cc(440)] NFC received ntf gid:0
01-15 01:53:30.322  3104 13233 I libnfc_nci: [INFO:nci_hrcv.cc(127)] nci_proc_core_ntf opcode:0x6
01-15 01:53:30.322  3104 13233 I libnfc_nci: [INFO:nfc_ncif.cc(152)] nfc_ncif_send_data :0, num_buff:1 qc:0
01-15 01:53:30.323   767 13235 D NxpTml  : PN54X - Read requested.....
01-15 01:53:30.323   767 13235 D NxpTml  : PN54X - Invoking I2C Read.....
01-15 01:53:30.326 13309 13309 D improveTouch: [TouchController:454] Power Control Config doesn't exist
01-15 01:53:30.326 13309 13309 D improveTouch: [TouchController:462] Power Sync Option doesn't exist
01-15 01:53:30.326 13309 13309 D improveTouch: [TouchController:464] PowerManager Option = 0
01-15 01:53:30.326 13309 13309 E improveTouch: [InputDevice:61] InputDevice: pixelX: min = 0, max = 1440 pixelY: min = 0, max = 2560
01-15 01:53:30.327 13309 13309 E improveTouch: [InputDevice:65] Unable to open /dev/hbtp_input
01-15 01:53:30.327 13309 13309 E improveTouch: [TouchController:490] Error initializing input device: Error opening file
01-15 01:53:30.327 13309 13309 D improveTouch: [TouchController:1136] CommandExecutor::exit: thread is running, kill it first
01-15 01:53:30.328 13309 13311 D improveTouch: [TouchController:1186] runLoop exits
01-15 01:53:30.329 13309 13309 D RefBase : RefBase: Explicit destruction, weak count = 0 (in 0x7e6e20e818)
01-15 01:53:30.327     0     0 I chatty  : uid=0(root) logd identical 1 line
01-15 01:53:30.333     0     0 E nq-nci 6-0028: nfc_read : reading 3 bytes.
01-15 01:53:30.337     0     0 E nq-nci 6-0028: nfc_read : reading 18 bytes.
01-15 01:53:30.329 13309 13309 W RefBase : CallStack::getCurrentInternal not linked, returning null
01-15 01:53:30.329 13309 13309 W RefBase : CallStack::logStackInternal not linked
01-15 01:53:30.329 13309 13309 E improveTouch: [TouchController:522] init failed, ret = 1073741825
01-15 01:53:30.329 13309 13309 E improveTouch: [TouchServer:59] fail to init TouchController: Error opening file
01-15 01:53:30.329 13309 13309 E improveTouch: [TouchServer:69] error happened, clean-up resource and exit
01-15 01:53:30.329 13309 13309 E improveTouch: [TouchServer:71] delete event monitor
01-15 01:53:30.329 13309 13309 E improveTouch: [TouchServer:75] delete controller
01-15 01:53:30.329 13309 13309 E improveTouch: [TouchServer:79] delete touch processor
01-15 01:53:30.329 13309 13309 D improveTouch: [DSPTouchProcessor:807] deInit: E
01-15 01:53:30.329 13309 13309 E improveTouch: [DSPTouchProcessor:823] deInit: invalid state (current = 0)
01-15 01:53:30.329 13309 13309 D improveTouch: [DSPTouchProcessor:827] deInit: X pa_utf_ret = 1, ret = 1073741835
01-15 01:53:30.329 13309 13309 E improveTouch: [TouchServer:83] delete event injector
01-15 01:53:30.329 13309 13309 E improveTouch: [TouchServer:87] delete config management
01-15 01:53:30.331 13309 13309 E improveTouch: [TouchServer:90] fail to start daemon
01-15 01:53:30.331 13309 13309 E improveTouch: [Main:169] fail to initiate touch server
01-15 01:53:30.332   767 13235 D NxpTml  : PN54X - I2C Read successful.....
01-15 01:53:30.332   767 13235 D NxpNciR : len =  21 > 0000121076686866686AFE00000000000000000000
01-15 01:53:30.332   767 13235 D NxpTml  : PN54X - Posting read message.....
01-15 01:53:30.332   767 13238 D NxpHal  : read successful status = 0x0
01-15 01:53:30.334  3104 13233 I libnfc_nci: [INFO:nfc_ncif.cc(393)] NFC received data
01-15 01:53:30.334  3104 13233 I libnfc_nci: [INFO:nfc_ncif.cc(1652)] nfc_ncif_proc_data 0x000012
01-15 01:53:30.334  3104 13233 I libnfc_nci: [INFO:nfc_ncif.cc(1657)] nfc_ncif_proc_data len:18
01-15 01:53:30.334  3104 13233 I libnfc_nci: [INFO:rw_mfc.cc(640)] rw_mfc_conn_cback conn_id=0, evt=0x6003
01-15 01:53:30.334  3104 13233 I libnfc_nci: [INFO:nfa_rw_act.cc(1496)] nfa_rw_cback: event=0xc7
01-15 01:53:30.334  3104 13233 I libnfc_nci: [INFO:nfa_rw_act.cc(1408)] nfa_rw_handle_mfc_evt() event = 0xC7
01-15 01:53:30.334  3104 13233 I libnfc_nci: [INFO:nfa_rw_act.cc(119)] nfa_rw_send_data_to_upper: Len [0x12] Status [OK]
01-15 01:53:30.334  3104 13233 I libnfc_nci: [INFO:nfa_dm_act.cc(1378)] event:0x9
01-15 01:53:30.334  3104 13233 I libnfc_nci: [INFO:NativeNfcManager.cpp(276)] nfaConnectionCallback: event= 9
01-15 01:53:30.334  3104 13233 I libnfc_nci: [INFO:NativeNfcManager.cpp(516)] nfaConnectionCallback: NFA_DATA_EVT: status = 0x0, len = 18
01-15 01:53:30.334  3104 13233 I libnfc_nci: [INFO:NativeNfcTag.cpp(870)] nativeNfcTag_doTransceiveStatus: data len=18
01-15 01:53:30.335  3104 13233 I libnfc_nci: [INFO:NativeNfcTag.cpp(236)] ndefHandlerCallback: event=1, eventData=0x7c222f72e0
01-15 01:53:30.335  3104 13233 I libnfc_nci: [INFO:NativeNfcTag.cpp(249)] ndefHandlerCallback: NFA_NDEF_DATA_EVT; data_len = 18
01-15 01:53:30.335  3104 13233 I libnfc_nci: [INFO:NativeNfcManager.cpp(276)] nfaConnectionCallback: event= 11
01-15 01:53:30.335  3104 13233 I libnfc_nci: [INFO:NativeNfcManager.cpp(539)] nfaConnectionCallback: NFA_READ_CPLT_EVT: status = 0x0
01-15 01:53:30.350     0     0 E nq-nci 6-0028: nfc_read : reading 3 bytes.
01-15 01:53:30.350     0     0 E nq-nci 6-0028: nfc_read : reading 1 bytes.
01-15 01:53:30.335  3104 13233 I libnfc_nci: [INFO:NativeNfcTag.cpp(194)] nativeNfcTag_doReadCompleted: status=0x0; is reading=1
01-15 01:53:30.335  3104  3104 I libnfc_nci: [INFO:NativeNfcTag.cpp(300)] nativeNfcTag_doRead: read 18 bytes
01-15 01:53:30.335  3104  3104 I libnfc_nci: [INFO:NativeNfcTag.cpp(320)] nativeNfcTag_doRead: exit
01-15 01:53:30.335  3104  3104 I libnfc_nci: [INFO:NativeNfcTag.cpp(1073)] nativeNfcTag_doGetNdefType: enter; libnfc type=128; java type=1
01-15 01:53:30.335  3104  3104 I libnfc_nci: [INFO:NativeNfcTag.cpp(1094)] nativeNfcTag_doGetNdefType: exit; ndef type=101
01-15 01:53:30.335  3104  3104 I libnfc_nci: [INFO:NativeNfcTag.cpp(773)] nativeNfcTag_doReconnect: enter
01-15 01:53:30.335  3104  3104 I libnfc_nci: [INFO:NativeNfcTag.cpp(609)] reSelect: enter; rf intf = 128, current intf = 128
01-15 01:53:30.335  3104  3104 I libnfc_nci: [INFO:NativeNfcTag.cpp(656)] reSelect: deactivate to sleep
01-15 01:53:30.336  3104  3104 I libnfc_nci: [INFO:nfa_dm_api.cc(895)] sleep_mode:1
01-15 01:53:30.336  3104 13233 I libnfc_nci: [INFO:nfa_sys_main.cc(77)] NFA got event 0x0113
01-15 01:53:30.336  3104 13233 I libnfc_nci: [INFO:nfa_dm_main.cc(122)] event: NFA_DM_API_DEACTIVATE_EVT (0x13)
01-15 01:53:30.336  3104 13233 I libnfc_nci: [INFO:nfa_dm_act.cc(755)] nfa_dm_act_deactivate
01-15 01:53:30.336  3104 13233 I libnfc_nci: [INFO:nfa_dm_discover.cc(2752)] deactivate_type:0x1
01-15 01:53:30.336  3104 13233 I libnfc_nci: [INFO:nfa_dm_discover.cc(2518)] state: POLL_ACTIVE (4), event: DEACTIVATE_CMD(6) disc_flags: 0x1
01-15 01:53:30.336  3104 13233 I libnfc_nci: [INFO:nfc_main.cc(1127)] NFC_Deactivate 5 (OPEN) deactivate_type:1
01-15 01:53:30.336  3104 13233 I libnfc_nci: [INFO:nfc_main.cc(326)] nfc_set_state 5 (OPEN)->6 (CLOSING)
01-15 01:53:30.336  3104 13233 I libnfc_nci: [INFO:nfc_main.cc(1145)] act_protocol 128 credits:1/1
01-15 01:53:30.336  3104 13233 I libnfc_nci: [INFO:NfcAdaptation.cc(751)] NfcAdaptation::HalWrite
01-15 01:53:30.337   767   767 D NxpExtns: find found MIFARE_READER_ENABLE=(0x1)
01-15 01:53:30.337   767   767 D NfccPowerTracker: NfccPowerTracker::ProcessCmd: Enter,Recieved len :4
01-15 01:53:30.337   767 13236 D NxpTml  : PN54X - Write requested.....
01-15 01:53:30.337   767 13236 D NxpTml  : PN54X - Invoking I2C Write.....
01-15 01:53:30.339   767 13236 D NxpNciX : len =   4 > 21060101
01-15 01:53:30.339   767 13236 D NxpTml  : PN54X - I2C Write successful.....
01-15 01:53:30.339   767 13236 D NxpTml  : PN54X - Posting Fresh Write message.....
01-15 01:53:30.339   767 13236 D NxpTml  : PN54X - Tml Writer Thread Running................
01-15 01:53:30.339   767 13238 D NxpHal  : write successful status = 0x0
01-15 01:53:30.339   767 13235 D NxpTml  : PN54X - Read requested.....
01-15 01:53:30.357     0     0 I init    : Service 'vendor.hbtp' (pid 13309) exited with status 255
01-15 01:53:30.357     0     0 I init    : Sending signal 9 to service 'vendor.hbtp' (pid 13309) process group...
01-15 01:53:30.358     0     0 I libprocessgroup: Successfully killed process cgroup uid 1000 pid 13309 in 0ms
01-15 01:53:30.358     0     0 E nq-nci 6-0028: nfc_read : reading 3 bytes.
01-15 01:53:30.359     0     0 E init    : updatable process 'vendor.hbtp' exited 4 times in 4 minutes
01-15 01:53:30.360     0     0 E nq-nci 6-0028: nfc_read : reading 2 bytes.
01-15 01:53:30.339   767 13235 D NxpTml  : PN54X - Invoking I2C Read.....
01-15 01:53:30.364     0     0 E nq-nci 6-0028: nfc_read : reading 3 bytes.
01-15 01:53:30.340  3104 13233 I libnfc_nci: [INFO:nfa_sys_ptim.cc(128)] nfa_sys_ptim_start_timer 0x7bcaa254e0
01-15 01:53:30.340  3104 13233 I libnfc_nci: [INFO:nfa_sys_ptim.cc(133)] ptim timer start
01-15 01:53:30.340  3104 13233 I libnfc_nci: [INFO:nfa_dm_discover.cc(2571)] new state: POLL_ACTIVE (4), disc_flags: 0x61
01-15 01:53:30.340  3104 13233 I libnfc_nci: [INFO:nfa_sys_ptim.cc(156)] nfa_sys_ptim_stop_timer 0x7bcaa264f8
01-15 01:53:30.340  3104 13233 I libnfc_nci: [INFO:nfa_rw_act.cc(192)] Stopped presence check timer (if started)
01-15 01:53:30.345   767 13235 D NxpTml  : PN54X - I2C Read successful.....
01-15 01:53:30.345   767 13235 D NxpNciR : len =   4 > 41060100
01-15 01:53:30.345   767 13235 D NxpTml  : PN54X - Posting read message.....
01-15 01:53:30.345   767 13238 D NxpHal  : read successful status = 0x0
01-15 01:53:30.346  3104 13233 I libnfc_nci: [INFO:nfc_ncif.cc(399)] NFC received rsp gid:1
01-15 01:53:30.346  3104 13233 I libnfc_nci: [INFO:nfa_dm_discover.cc(3030)] returning TRUE
01-15 01:53:30.346  3104 13233 I libnfc_nci: [INFO:nfc_main.cc(326)] nfc_set_state 6 (CLOSING)->4 (IDLE)
01-15 01:53:30.346  3104 13233 I libnfc_nci: [INFO:rw_mfc.cc(640)] rw_mfc_conn_cback conn_id=0, evt=0x6002
01-15 01:53:30.346  3104 13233 I libnfc_nci: [INFO:rw_mfc.cc(723)] rw_mfc_conn_cback RW_MFC_STATE_NOT_ACTIVATED
01-15 01:53:30.346  3104 13233 I libnfc_nci: [INFO:nfa_dm_discover.cc(694)] event:0x4005
01-15 01:53:30.346  3104 13233 I libnfc_nci: [INFO:nfa_dm_discover.cc(2518)] state: POLL_ACTIVE (4), event: DEACTIVATE_RSP(7) disc_flags: 0x61
01-15 01:53:30.346  3104 13233 I libnfc_nci: [INFO:nfa_dm_discover.cc(2571)] new state: POLL_ACTIVE (4), disc_flags: 0x41
01-15 01:53:30.347   767 13235 D NxpTml  : PN54X - Read requested.....
01-15 01:53:30.347   767 13235 D NxpTml  : PN54X - Invoking I2C Read.....
01-15 01:53:30.349   767 13235 D NxpTml  : PN54X - I2C Read successful.....
01-15 01:53:30.349   767 13235 D NxpNciR : len =   5 > 6106020100
01-15 01:53:30.349   767 13235 D NxpTml  : PN54X - Posting read message.....
01-15 01:53:30.350   767 13238 D NxpHal  : read successful status = 0x0
01-15 01:53:30.350   767 13238 D NfccPowerTracker: NfccPowerTracker::ProcessNtf: Enter
01-15 01:53:30.350   767 13238 D NfccPowerTracker: mActiveDurationFromLastScreenUpdate: 7604
01-15 01:53:30.351  3104 13233 I libnfc_nci: [INFO:nfc_ncif.cc(440)] NFC received ntf gid:1
01-15 01:53:30.351  3104 13233 I libnfc_nci: [INFO:nfa_dm_discover.cc(3030)] returning TRUE
01-15 01:53:30.351  3104 13233 I libnfc_nci: [INFO:nfc_main.cc(326)] nfc_set_state 4 (IDLE)->4 (IDLE)
01-15 01:53:30.351  3104 13233 I libnfc_nci: [INFO:nfa_dm_discover.cc(1662)] nfa_dm_disc_data_cback
01-15 01:53:30.351  3104 13233 I libnfc_nci: [INFO:nfa_dm_discover.cc(694)] event:0x4005
01-15 01:53:30.351  3104 13233 I libnfc_nci: [INFO:nfa_dm_discover.cc(2518)] state: POLL_ACTIVE (4), event: DEACTIVATE_NTF(8) disc_flags: 0x41
01-15 01:53:30.351  3104 13233 I libnfc_nci: [INFO:nfa_sys_ptim.cc(156)] nfa_sys_ptim_stop_timer 0x7bcaa254e0
01-15 01:53:30.351  3104 13233 I libnfc_nci: [INFO:nfa_sys_ptim.cc(163)] ptim timer stop
01-15 01:53:30.351  3104 13233 I libnfc_nci: [INFO:nfa_dm_discover.cc(1361)] activated_handle=1
01-15 01:53:30.351  3104 13233 I libnfc_nci: [INFO:nfa_dm_act.cc(1557)] event:0x02
01-15 01:53:30.351  3104 13233 I libnfc_nci: [INFO:nfa_rw_main.cc(179)] nfa_rw_handle_event event: NFA_RW_DEACTIVATE_NTF_EVT (0x502), flags: 00000021
01-15 01:53:30.351  3104 13233 I libnfc_nci: [INFO:nfa_sys_ptim.cc(156)] nfa_sys_ptim_stop_timer 0x7bcaa264f8
01-15 01:53:30.351  3104 13233 I libnfc_nci: [INFO:nfa_sys_ptim.cc(163)] ptim timer stop
01-15 01:53:30.351  3104 13233 I libnfc_nci: [INFO:nfa_rw_act.cc(192)] Stopped presence check timer (if started)
01-15 01:53:30.351  3104 13233 I libnfc_nci: [INFO:NativeNfcManager.cpp(276)] nfaConnectionCallback: event= 6
01-15 01:53:30.351  3104 13233 I libnfc_nci: [INFO:NativeNfcManager.cpp(429)] nfaConnectionCallback: NFA_DEACTIVATED_EVT   Type: 1, gIsTagDeactivating: 1
01-15 01:53:30.351  3104 13233 I libnfc_nci: [INFO:NfcTag.cpp(148)] NfcTag::setDeactivationState: state=1
01-15 01:53:30.351  3104 13233 I libnfc_nci: [INFO:nfa_dm_discover.cc(1685)] old_state: POLL_ACTIVE (4), new_state: W4_HOST_SELECT (3) disc_flags: 0x1
01-15 01:53:30.351  3104 13233 I libnfc_nci: [INFO:nfa_dm_discover.cc(2571)] new state: W4_HOST_SELECT (3), disc_flags: 0x1
01-15 01:53:30.353   767 13235 D NxpTml  : PN54X - Read requested.....
01-15 01:53:30.353   767 13235 D NxpTml  : PN54X - Invoking I2C Read.....
01-15 01:53:30.366  3104  3104 I libnfc_nci: [INFO:NativeNfcTag.cpp(690)] reSelect: select interface 128
01-15 01:53:30.366  3104  3104 I libnfc_nci: [INFO:nfa_dm_api.cc(800)] rf_disc_id:0x1, protocol:0x80, rf_interface:0x80
01-15 01:53:30.366  3104 13233 I libnfc_nci: [INFO:nfa_sys_main.cc(77)] NFA got event 0x0111
01-15 01:53:30.366  3104 13233 I libnfc_nci: [INFO:nfa_dm_main.cc(122)] event: NFA_DM_API_SELECT_EVT (0x11)
01-15 01:53:30.366  3104 13233 I libnfc_nci: [INFO:nfa_dm_act.cc(1322)] nfa_dm_act_select
01-15 01:53:30.366  3104 13233 I libnfc_nci: [INFO:nfa_dm_discover.cc(2721)] rf_disc_id:0x1, protocol:0x80, rf_interface:0x80
01-15 01:53:30.366  3104 13233 I libnfc_nci: [INFO:nfa_dm_discover.cc(2518)] state: W4_HOST_SELECT (3), event: SELECT_CMD(3) disc_flags: 0x11
01-15 01:53:30.366  3104 13233 I libnfc_nci: [INFO:NfcAdaptation.cc(751)] NfcAdaptation::HalWrite
01-15 01:53:30.367   767   767 D NxpExtns: find found MIFARE_READER_ENABLE=(0x1)
01-15 01:53:30.367   767   767 D NfccPowerTracker: NfccPowerTracker::ProcessCmd: Enter,Recieved len :6
01-15 01:53:30.367   767 13236 D NxpTml  : PN54X - Write requested.....
01-15 01:53:30.367   767 13236 D NxpTml  : PN54X - Invoking I2C Write.....
01-15 01:53:30.380     0     0 E init    : Init cannot set 'ro.init.updatable_crashing' to '1': Read-only property was already set
01-15 01:53:30.382     0     0 E nq-nci 6-0028: nfc_read : reading 1 bytes.
01-15 01:53:30.371   767 13236 D NxpNciX : len =   6 > 210403018080
01-15 01:53:30.371   767 13236 D NxpTml  : PN54X - I2C Write successful.....
01-15 01:53:30.371   767 13236 D NxpTml  : PN54X - Posting Fresh Write message.....
01-15 01:53:30.371   767 13236 D NxpTml  : PN54X - Tml Writer Thread Running................
01-15 01:53:30.371   767 13238 D NxpHal  : write successful status = 0x0
01-15 01:53:30.373  3104 13233 I libnfc_nci: [INFO:nfa_dm_discover.cc(2571)] new state: W4_HOST_SELECT (3), disc_flags: 0x11
01-15 01:53:30.382   767 13235 D NxpTml  : PN54X - I2C Read successful.....
01-15 01:53:30.382   767 13235 D NxpNciR : len =   4 > 41040100
01-15 01:53:30.382   767 13235 D NxpTml  : PN54X - Posting read message.....
01-15 01:53:30.383   767 13238 D NxpHal  : read successful status = 0x0
01-15 01:53:30.384  3104 13233 I libnfc_nci: [INFO:nfc_ncif.cc(399)] NFC received rsp gid:1
01-15 01:53:30.384  3104 13233 I libnfc_nci: [INFO:nfa_dm_discover.cc(694)] event:0x4003
01-15 01:53:30.385  3104 13233 I libnfc_nci: [INFO:nfa_dm_discover.cc(2518)] state: W4_HOST_SELECT (3), event: SELECT_RSP(4) disc_flags: 0x11
01-15 01:53:30.385  3104 13233 I libnfc_nci: [INFO:NativeNfcManager.cpp(276)] nfaConnectionCallback: event= 3
01-15 01:53:30.385  3104 13233 I libnfc_nci: [INFO:NativeNfcManager.cpp(333)] nfaConnectionCallback: NFA_SELECT_RESULT_EVT: status = 0, gIsSelectingRfInterface = 1,
 sIsDisabling=0
01-15 01:53:30.385  3104 13233 I libnfc_nci: [INFO:nfa_dm_discover.cc(2571)] new state: W4_HOST_SELECT (3), disc_flags: 0x1
01-15 01:53:30.387   767 13235 D NxpTml  : PN54X - Read requested.....
01-15 01:53:30.387   767 13235 D NxpTml  : PN54X - Invoking I2C Read.....
01-15 01:53:30.397     0     0 E nq-nci 6-0028: nfc_read : reading 3 bytes.
01-15 01:53:30.400     0     0 E nq-nci 6-0028: nfc_read : reading 20 bytes.
01-15 01:53:30.393   767 13235 D NxpTml  : PN54X - I2C Read successful.....
01-15 01:53:30.393   767 13235 D NxpNciR : len =  23 > 61051401808000FF010904000442C48A92010800000000
01-15 01:53:30.393   767 13235 D NxpTml  : PN54X - Posting read message.....
01-15 01:53:30.393   767 13238 D NxpHal  : read successful status = 0x0
01-15 01:53:30.393   767 13238 D NxpHal  : NxpNci: RF Interface = MIFARE
01-15 01:53:30.393   767 13238 D NxpHal  : NxpNci: Protocol = MIFARE
01-15 01:53:30.393   767 13238 D NxpHal  : NxpNci: Mode = A Passive Poll
01-15 01:53:30.394   767 13238 D NfccPowerTracker: NfccPowerTracker::ProcessNtf: Enter
01-15 01:53:30.396  3104 13233 I libnfc_nci: [INFO:nfc_ncif.cc(440)] NFC received ntf gid:1
01-15 01:53:30.396  3104 13233 I libnfc_nci: [INFO:nfa_dm_discover.cc(3030)] returning TRUE
01-15 01:53:30.396  3104 13233 I libnfc_nci: [INFO:nfc_main.cc(326)] nfc_set_state 4 (IDLE)->5 (OPEN)
01-15 01:53:30.396  3104 13233 I libnfc_nci: [INFO:nfc_ncif.cc(907)] nfc_ncif_proc_activate:20 0, mode:0x00
01-15 01:53:30.396  3104 13233 I libnfc_nci: [INFO:nfa_dm_discover.cc(694)] event:0x4004
01-15 01:53:30.396  3104 13233 I libnfc_nci: [INFO:nfa_dm_discover.cc(2518)] state: W4_HOST_SELECT (3), event: ACTIVATED_NTF(5) disc_flags: 0x1
01-15 01:53:30.396  3104 13233 I libnfc_nci: [INFO:nfa_dm_discover.cc(1685)] old_state: W4_HOST_SELECT (3), new_state: POLL_ACTIVE (4) disc_flags: 0x1
01-15 01:53:30.396  3104 13233 I libnfc_nci: [INFO:nfa_dm_discover.cc(1192)] tech_n_mode:0x0, proto:0x80
01-15 01:53:30.396  3104 13233 I libnfc_nci: [INFO:nfa_dm_discover.cc(674)] tech_n_mode:0x0, protocol:0x80, disc_mask:0x2000
