01-15 23:38:17.799     0     0 E ipa_sps_irq_control_all: 963 EP (5) not allocated.
01-15 23:38:17.800     0     0 I init    : starting service 'update_engine'...
01-15 23:38:17.807     0     0 I init    : starting service 'usbd'...
01-15 23:38:17.826     0     0 I init    : starting service 'dpmd'...
01-15 23:38:17.854     0     0 I init    : starting service 'vendor.qdmastatsd'...
01-15 23:38:17.864     0     0 E init    : Could not start service 'vendor.tlocd' as part of class 'late_start': Cannot find '/vendor/bin/tloc_daemon': No such file
 or directory
01-15 23:38:17.864     0     0 I init    : Command 'class_start late_start' action=vold.decrypt=trigger_restart_framework (/init.rc:801) took 528ms and succeeded
01-15 23:38:17.865     0     0 I init    : Service 'energy-awareness' (pid 1306) exited with status 0
01-15 23:38:17.873     0     0 I init    : Created socket '/dev/socket/dpmd', mode 660, user 0, group 1001
01-15 23:38:17.875     0     0 E IPC_RTR : process_new_server_msg: Server 00001003 create rejected, version = 0
01-15 23:38:17.875     0     0 I init    : Created socket '/dev/socket/tcm', mode 660, user 0, group 3003
01-15 23:38:17.876     0     0 I init    : Created socket '/dev/socket/dpmwrapper', mode 660, user 0, group 3003
01-15 23:38:17.896     0     0 I msm_pm_qos_update_request: update request 100
01-15 23:38:17.896     0     0 I msm_pm_qos_add_request: add requestmsm_pm_qos_update_request: update request -1
01-15 23:38:17.896     0     0 I msm_pm_qos_add_request: add request
01-15 23:38:17.934     0     0 I init    : Command 'start wcnss-service' action=vold.decrypt=trigger_restart_framework (/vendor/etc/init/hw/init.qcom.rc:544) took 4
ms and failed: service wcnss-service not found
01-15 23:38:17.936     0     0 I init    : processing action (vold.decrypt=trigger_restart_framework) from (/vendor/etc/init/hw/init.target.rc:384)
01-15 23:38:17.952     0     0 I init    : Service 'bpfloader' (pid 1323) exited with status 0
01-15 23:38:17.952     0     0 I msm_csid_init: CSID_VERSION = 0x30050000
01-15 23:38:17.967     0     0 E         : msm_csid_irq CSID0_IRQ_STATUS_ADDR = 0x800
01-15 23:38:18.003     0     0 I MSM-CPP cpp_init_hardware: 1141 CPP HW Version: 0x60010002
01-15 23:38:18.011     0     0 E MSM-CPP cpp_init_hardware: 1159 stream_cnt:0
01-15 23:38:18.026     0     0 I msm_cci_init: 1439: hw_version = 0x10060000
01-15 23:38:18.032     0     0 I init    : processing action (persist.vendor.qcomsysd.enabled=1) from (/vendor/etc/init/hw/init.qcom.rc:432)
01-15 23:38:18.036     0     0 I init    : Received control message 'stop' for 'ril-daemon' from pid: 1430 (stop ril-daemon)
01-15 23:38:18.036     0     0 E init    : Could not find 'ril-daemon' for ctl.stop
01-15 23:38:18.037  1658  1658 I imsrcsd : Uce Service HAL  is starting up...
01-15 23:38:18.037  1658  1658 I imsrcsd : getAndroidPropValue : vendor.ims.DATA_DAEMON_STATUS[1]
01-15 23:38:18.079     0     0 I init    : processing action (persist.vendor.usb.config=*) from (/vendor/etc/init/hw/init.qcom.usb.rc:116)
01-15 23:38:18.131     0     0 I init    : Command 'setprop persist.sys.usb.config ${persist.vendor.usb.config}' action=persist.vendor.usb.config=* (/vendor/etc/ini
t/hw/init.qcom.usb.rc:117) took 51ms and succeeded
01-15 23:38:18.132     0     0 I init    : Service 'usbd' (pid 1487) exited with status 0
01-15 23:38:18.134     0     0 I init    : processing action (persist.vendor.usb.config=*) from (/vendor/etc/init/hw/init.qcom.factory.rc:67)
01-15 23:38:18.178     0     0 I init    : processing action (init.svc.zygote=running) from (/vendor/etc/init/hw/init.target.rc:426)
01-15 23:38:18.193  1318  1318 I sysui_multi_action: [757,804,799,boot_zygote_init,801,55386,802,1]
01-15 23:38:18.197  1320  1320 I sysui_multi_action: [757,804,799,boot_zygote_init,801,55391,802,1]
01-15 23:38:18.204  1318  1318 I boot_progress_preload_start: 55398
01-15 23:38:18.216     0     0 I init    : processing action (vendor.ims.QMI_DAEMON_STATUS=1) from (/vendor/etc/init/hw/init.target.rc:381)
01-15 23:38:18.218     0     0 I init    : starting service 'vendor.imsdatadaemon'...
01-15 23:38:18.222  1320  1320 D Zygote32Timing: PostZygoteInitGC took to complete: 18ms
01-15 23:38:18.222  1320  1320 D Zygote32Timing: ZygoteInit took to complete: 18ms
01-15 23:38:18.234     0     0 I init    : Received control message 'stop' for 'vendor.ril-daemon' from pid: 1549 (stop vendor.ril-daemon)
01-15 23:38:18.239     0     0 I MSM-CPP cpp_release_hardware: 1222 cpp hw release done
01-15 23:38:18.239     0     0 I init    : Created socket '/dev/socket/ims_datad', mode 660, user 1000, group 1001
01-15 23:38:18.242     0     0 I init    : processing action (vendor.ims.QMI_DAEMON_STATUS=1) from (/vendor/etc/init/imsdatadaemon.rc:14)
01-15 23:38:18.245     0     0 I init    : Service 'nqnfcinfo' (pid 1413) exited with status 0
01-15 23:38:18.279  1318  1318 D Zygote64Timing: BeginPreload took to complete: 75ms
01-15 23:38:18.311     0     0 I msm_pm_qos_update_request: update request 100
01-15 23:38:18.311     0     0 I msm_pm_qos_add_request: add requestmsm_pm_qos_update_request: update request -1
01-15 23:38:18.311     0     0 I msm_pm_qos_add_request: add request
01-15 23:38:18.327     0     0 I msm_csid_init: CSID_VERSION = 0x30050000
01-15 23:38:18.334     0     0 E         : msm_csid_irq CSID2_IRQ_STATUS_ADDR = 0x800
01-15 23:38:18.340     0     0 I init    : Received control message 'start' for 'vendor.qcrild' from pid: 1578 (start vendor.qcrild)
01-15 23:38:18.342     0     0 I init    : starting service 'vendor.qcrild'...
01-15 23:38:18.357     0     0 I init    : Received control message 'start' for 'vendor.msm_irqbalance' from pid: 1577 (start vendor.msm_irqbalance)
01-15 23:38:18.358     0     0 I init    : starting service 'vendor.msm_irqbalance'...
01-15 23:38:18.389     0     0 I msm_cci_init: 1439: hw_version = 0x10060000
01-15 23:38:18.393     0     0 I MSM-CPP cpp_init_hardware: 1141 CPP HW Version: 0x60010002
01-15 23:38:18.393     0     0 E MSM-CPP cpp_init_hardware: 1159 stream_cnt:0
01-15 23:38:18.451     0     0 I init    : processing action (vendor.ims.DATA_DAEMON_STATUS=1) from (/vendor/etc/init/hw/init.target.rc:403)
01-15 23:38:18.451     0     0 I init    : Sending signal 9 to service 'vendor.ims_rtp_daemon' (pid 1308) process group...
01-15 23:38:18.464     0     0 I capability: warning: `msm_irqbalance' uses 32-bit capabilities (legacy support in use)
01-15 23:38:18.478     0     0 I libprocessgroup: Successfully killed process cgroup uid 1000 pid 1308 in 20ms
01-15 23:38:18.503     0     0 I init    : Command 'restart vendor.ims_rtp_daemon' action=vendor.ims.DATA_DAEMON_STATUS=1 (/vendor/etc/init/hw/init.target.rc:404) t
ook 51ms and succeeded
01-15 23:38:18.506     0     0 I init    : processing action (vendor.ims.DATA_DAEMON_STATUS=1) from (/vendor/etc/init/ims_rtp_daemon.rc:13)
01-15 23:38:18.508     0     0 I init    : Service 'vendor.ims_rtp_daemon' (pid 1308) received signal 9
01-15 23:38:18.520     0     0 I init    : Received control message 'start' for 'vendor.qcrild2' from pid: 1628 (start vendor.qcrild2)
01-15 23:38:18.521     0     0 I init    : starting service 'vendor.qcrild2'...
01-15 23:38:18.533     0     0 I init    : Received control message 'stop' for 'vendor.imsrcsservice' from pid: 1574 (/system/vendor/bin/imsdatadaemon)
01-15 23:38:18.533     0     0 I init    : Sending signal 9 to service 'vendor.imsrcsservice' (pid 1316) process group...
01-15 23:38:18.565     0     0 I MSM-CPP cpp_release_hardware: 1222 cpp hw release done
01-15 23:38:18.568     0     0 I libprocessgroup: Successfully killed process cgroup uid 1000 pid 1316 in 34ms
01-15 23:38:18.570     0     0 I init    : Service 'vendor.imsrcsservice' (pid 1316) received signal 9
01-15 23:38:18.576     0     0 I init    : Received control message 'start' for 'vendor.imsrcsservice' from pid: 1574 (/system/vendor/bin/imsdatadaemon)
01-15 23:38:18.578     0     0 I init    : starting service 'vendor.imsrcsservice'...
01-15 23:38:18.597     0     0 I init    : Received control message 'start' for 'vendor.dataqti' from pid: 1649 (start vendor.dataqti)
01-15 23:38:18.599     0     0 I init    : starting service 'vendor.dataqti'...
01-15 23:38:18.633     0     0 I init    : Created socket '/dev/socket/qti_dpm_uds_file', mode 660, user 1001, group 1001
01-15 23:38:18.665     0     0 I init    : Received control message 'start' for 'vendor.dataadpl' from pid: 1660 (start vendor.dataadpl)
01-15 23:38:18.666     0     0 I init    : starting service 'vendor.dataadpl'...
01-15 23:38:18.679     0     0 I init    : Created socket '/dev/socket/adpl_cmd_uds_file', mode 660, user 1001, group 1001
01-15 23:38:18.686     0     0 I init    : processing action (ro.vendor.ril.mbn_copy_completed=1) from (/vendor/etc/init/hw/init.qcom.rc:817)
01-15 23:38:18.747     0     0 I init    : Service 'qcom-c_main-sh' (pid 1298) exited with status 0
01-15 23:38:18.760     0     0 I init    : Service 'qcom-sh' (pid 1444) exited with status 0
01-15 23:38:18.762     0     0 I init    : Received control message 'stop' for 'vendor.dataadpl' from pid: 1667 (/system/vendor/bin/adpl)
01-15 23:38:18.763     0     0 I init    : Sending signal 9 to service 'vendor.dataadpl' (pid 1667) process group...
01-15 23:38:18.780     0     0 I libprocessgroup: Successfully killed process cgroup uid 1001 pid 1667 in 17ms
01-15 23:38:18.784     0     0 I init    : Service 'vendor.dataadpl' (pid 1667) received signal 9
01-15 23:38:18.841     0     0 E ip_local_port_range: prefer different parity for start/end values.
--------- beginning of radio
01-15 23:38:19.215  1318  1318 D TelephonyManager: No /proc/cmdline exception=java.io.FileNotFoundException: /proc/cmdline: open failed: EACCES (Permission denied)
01-15 23:38:19.215  1318  1318 D TelephonyManager: /proc/cmdline=
01-15 23:38:19.233  1606  1694 I chatty  : uid=1001(radio) DispatcherModul expire 5 lines
01-15 23:38:19.254  1606  1792 I chatty  : uid=1001(radio) main expire 7 lines
01-15 23:38:19.261  1606  1791 I chatty  : uid=1001(radio) MBN_OTA expire 3 lines
01-15 23:38:19.296  1606  1725 I chatty  : uid=1001(radio) main expire 12 lines
01-15 23:38:19.301  1606  1795 I chatty  : uid=1001(radio) MBN_OTA expire 1 line
01-15 23:38:19.328  1318  1318 D Zygote64Timing: PreloadClasses took to complete: 1049ms
01-15 23:38:19.350  1318  1318 D Zygote64Timing: CacheNonBootClasspathClassLoaders took to complete: 22ms
01-15 23:38:19.724  1318  1318 D Zygote64Timing: PreloadResources took to complete: 374ms
01-15 23:38:19.761  1648  1648 I chatty  : uid=1001(radio) main expire 19 lines
01-15 23:38:19.770  1648  1809 I chatty  : uid=1001(radio) main expire 17 lines
01-15 23:38:19.811  1318  1318 I boot_progress_preload_end: 57006
01-15 23:38:19.811  1318  1318 D Zygote64Timing: ZygotePreload took to complete: 1608ms
01-15 23:38:19.857  1648  1693 I chatty  : uid=1001(radio) DispatcherModul expire 9 lines
01-15 23:38:19.864  1648  1826 I chatty  : uid=1001(radio) DataModule-Loop expire 1 line
01-15 23:38:19.877  1318  1318 D Zygote64Timing: PostZygoteInitGC took to complete: 66ms
01-15 23:38:19.877  1318  1318 D Zygote64Timing: ZygoteInit took to complete: 1675ms
01-15 23:38:19.889  1648  1811 I chatty  : uid=1001(radio) main expire 7 lines
01-15 23:38:19.898  1648  1832 I chatty  : uid=1001(radio) SapModule-Loope expire 1 line
01-15 23:38:20.240  1648  1898 I chatty  : uid=1001(radio) MBN_OTA expire 1 line
01-15 23:38:20.263  1869  1869 I SystemServer: InitBeforeStartServices
01-15 23:38:20.268  1869  1869 I system_server_start: [1,57457,57457]
01-15 23:38:20.270  1869  1869 I SystemServer: Entered the Android system server!
01-15 23:38:20.270  1869  1869 I boot_progress_system_run: 57464
01-15 23:38:20.270  1869  1869 I sysui_multi_action: [757,804,799,boot_system_server_init,801,57464,802,1]
01-15 23:38:20.467     0     0 E init    : Unable to set property 'ro.vendor.ril.svlte1x' to 'false' from uid:1001 gid:1001 pid:1648: Read-only property was already
 set
01-15 23:38:20.469     0     0 E init    : Unable to set property 'ro.vendor.ril.svdo' to 'false' from uid:1001 gid:1001 pid:1648: Read-only property was already se
t
01-15 23:38:20.580  1869  1869 D SystemServerTiming: InitBeforeStartServices took to complete: 318ms
01-15 23:38:20.581  1869  1869 I SystemServer: StartServices
01-15 23:38:20.581  1869  1869 I SystemServer: StartWatchdog
01-15 23:38:20.589     0     0 I icnss   : WLAN FW is ready: 0xd87
01-15 23:38:20.605  1869  1869 D SystemServerTiming: StartWatchdog took to complete: 24ms
01-15 23:38:20.605  1869  1869 I SystemServer: Reading configuration...
01-15 23:38:20.605  1869  1869 I SystemServer: ReadingSystemConfig
01-15 23:38:20.606  1869  1869 D SystemServerTiming: ReadingSystemConfig took to complete: 1ms
01-15 23:38:20.606  1869  1869 I SystemServer: StartInstaller
01-15 23:38:20.606  1869  1869 I SystemServiceManager: Starting com.android.server.pm.Installer
01-15 23:38:20.606  1869  1920 D SystemServerInitThreadPool: Started executing ReadingSystemConfig
01-15 23:38:20.610  1869  1869 D SystemServerTiming: StartInstaller took to complete: 4ms
01-15 23:38:20.610  1869  1869 I SystemServer: DeviceIdentifiersPolicyService
01-15 23:38:20.610  1869  1869 I SystemServiceManager: Starting com.android.server.os.DeviceIdentifiersPolicyService
01-15 23:38:20.611  1869  1869 D SystemServerTiming: DeviceIdentifiersPolicyService took to complete: 1ms
01-15 23:38:20.611  1869  1869 I SystemServer: UriGrantsManagerService
01-15 23:38:20.611  1869  1869 I SystemServiceManager: Starting com.android.server.uri.UriGrantsManagerService$Lifecycle
01-15 23:38:20.612  1869  1869 D SystemServerTiming: UriGrantsManagerService took to complete: 2ms
01-15 23:38:20.612  1869  1869 I SystemServer: StartActivityManager
01-15 23:38:20.612  1869  1869 I SystemServiceManager: Starting com.android.server.wm.ActivityTaskManagerService$Lifecycle
01-15 23:38:20.622  1869  1869 I SystemServiceManager: Starting com.android.server.am.ActivityManagerService$Lifecycle
01-15 23:38:20.653  1869  1869 I ActivityManager: Memory class: 256
01-15 23:38:20.673  1869  1869 D BatteryStatsImpl: Reading daily items from /data/system/batterystats-daily.xml
01-15 23:38:20.692  1869  1928 E BatteryExternalStatsWorker: no controller energy info supplied for telephony
01-15 23:38:20.697  1869  1928 I KernelCpuUidFreqTimeReader: mPerClusterTimesAvailable=false
01-15 23:38:20.710  1869  1928 E KernelCpuSpeedReader: Failed to read cpu-freq: /sys/devices/system/cpu/cpu4/cpufreq/stats/time_in_state: open failed: ENOENT (No su
ch file or directory)
01-15 23:38:20.710  1869  1928 E KernelCpuSpeedReader: Failed to read cpu-freq: /sys/devices/system/cpu/cpu0/cpufreq/stats/time_in_state: open failed: ENOENT (No su
ch file or directory)
01-15 23:38:20.718  1869  1928 W KernelMemoryBandwidthStats: No kernel memory bandwidth stats available
01-15 23:38:20.742  1869  1923 I commit_sys_config_file: [batterystats,18]
01-15 23:38:20.753  1869  1920 W SystemConfig: No directory /product/etc/sysconfig, skipping
01-15 23:38:20.754  1869  1869 I IntentFirewall: Read new rules (A:0 B:0 S:0)
01-15 23:38:20.754  1869  1923 I commit_sys_config_file: [batterystats,12]
01-15 23:38:20.795  1869  1920 W SystemConfig: No directory /product_services/etc/sysconfig, skipping
01-15 23:38:20.795  1869  1920 W SystemConfig: No directory /product_services/etc/permissions, skipping
01-15 23:38:20.795  1869  1920 D SystemServerInitThreadPool: Finished executing ReadingSystemConfig
01-15 23:38:20.821  1869  1869 D AppOps  : AppOpsService published
01-15 23:38:20.821  1869  1869 W SystemServiceManager: Service com.android.server.am.ActivityManagerService$Lifecycle took 57 ms in onStart
01-15 23:38:20.821  1869  1869 D SystemServerTiming: StartActivityManager took to complete: 209ms
01-15 23:38:20.821  1869  1869 I SystemServer: StartPowerManager
01-15 23:38:20.821  1869  1869 I SystemServiceManager: Starting com.android.server.power.PowerManagerService
01-15 23:38:20.839  1869  1869 D SystemServerTiming: StartPowerManager took to complete: 17ms
01-15 23:38:20.839  1869  1869 I SystemServer: StartThermalManager
01-15 23:38:20.839  1869  1869 I SystemServiceManager: Starting com.android.server.power.ThermalManagerService
01-15 23:38:20.840  1869  1869 D SystemServerTiming: StartThermalManager took to complete: 1ms
01-15 23:38:20.840  1869  1869 I SystemServer: InitPowerManagement
01-15 23:38:20.841  1869  1869 D SystemServerTiming: InitPowerManagement took to complete: 0ms
01-15 23:38:20.841  1869  1869 I SystemServer: StartRecoverySystemService
01-15 23:38:20.841  1869  1869 I SystemServiceManager: Starting com.android.server.RecoverySystemService
01-15 23:38:20.842  1869  1869 D SystemServerTiming: StartRecoverySystemService took to complete: 1ms
01-15 23:38:20.844  1869  1869 V RescueParty: Disabled because of active USB connection
01-15 23:38:20.844  1869  1869 I SystemServer: StartLightsService
01-15 23:38:20.844  1869  1869 I SystemServiceManager: Starting com.android.server.lights.LightsService
01-15 23:38:20.849  1869  1869 D SystemServerTiming: StartLightsService took to complete: 5ms
01-15 23:38:20.849  1869  1869 I SystemServer: StartSidekickService
01-15 23:38:20.849  1869  1869 D SystemServerTiming: StartSidekickService took to complete: 0ms
01-15 23:38:20.849  1869  1869 I SystemServer: StartDisplayManager
01-15 23:38:20.849  1869  1869 I SystemServiceManager: Starting com.android.server.display.DisplayManagerService
01-15 23:38:20.854  1869  1869 D SystemServerTiming: StartDisplayManager took to complete: 5ms
01-15 23:38:20.855  1869  1869 I SystemServer: WaitForDisplay
01-15 23:38:20.855  1869  1869 I SystemServiceManager: Starting phase 100
01-15 23:38:20.862  1869  1916 I DisplayManagerService: Display device added: DisplayDeviceInfo{"": uniqueId="local:0", 1080 x 1920, modeId 1, defaultModeId
 1, supportedModes [{id=1, width=1080, height=1920, fps=60.000004}], colorMode 0, supportedColorModes [0], HdrCapabilities android.view.Display$HdrCapabilities@40f1
6308, density 480, 318.976 x 320.842 dpi, appVsyncOff 1000000, presDeadline 16666666, touch INTERNAL, rotation 0, type BUILT_IN, address {port=0}, state UNKNOWN, FL
AG_DEFAULT_DISPLAY, FLAG_ROTATES_WITH_CONTENT, FLAG_SECURE, FLAG_SUPPORTS_PROTECTED_BUFFERS}
01-15 23:38:20.868     0     0 E ipa_sps_irq_control_all: 963 EP (5) not allocated.
01-15 23:38:20.869  1869  1869 D SystemServerTiming: WaitForDisplay took to complete: 14ms
01-15 23:38:20.869  1869  1869 I sysui_multi_action: [757,804,799,boot_package_manager_init_start,801,58063,802,1]
01-15 23:38:20.869  1869  1916 I DisplayManagerService: Display device changed state: "", ON
01-15 23:38:20.869  1869  1869 I SystemServer: StartPackageManagerService
01-15 23:38:20.869  1869  1869 I Watchdog: Pausing HandlerChecker: main thread for reason: packagemanagermain. Pause count: 1
01-15 23:38:20.873     0     0 E ipa_sps_irq_control_all: 963 EP (5) not allocated.
01-15 23:38:20.877     0     0 E ipa-wan handle_ingress_format: 1295 get AGG size 8192 count 10
01-15 23:38:20.880     0     0 E ipa_sps_irq_control_all: 963 EP (5) not allocated.
01-15 23:38:20.881  1869  1869 I boot_progress_pms_start: 58075
01-15 23:38:20.889     0     0 E ipa_assign_policy_v2: 3220 get close-by 8192
01-15 23:38:20.892     0     0 E ipa_assign_policy_v2: 3221 set rx_buff_sz 7808
01-15 23:38:20.893  1869  1869 D SELinuxMMAC: Using policy file /system/etc/selinux/plat_mac_permissions.xml
01-15 23:38:20.896  1869  1869 D SELinuxMMAC: Using policy file /vendor/etc/selinux/vendor_mac_permissions.xml
01-15 23:38:20.897     0     0 E ipa_assign_policy_v2: 3242 set aggr_limit 6
01-15 23:38:21.131  1869  1936 W ProcessCpuTracker: Failed to stat(/proc/1938): android.system.ErrnoException: stat failed: ENOENT (No such file or directory)
01-15 23:38:21.131  1869  1936 W ProcessCpuTracker: Skipping unknown process pid 1938
01-15 23:38:21.187     0     0 E ipa-wan ipa_wwan_ioctl: 1582 dev(rmnet_data0) register to IPA
01-15 23:38:21.197  1869  1869 I boot_progress_pms_system_scan_start: 58391
01-15 23:38:21.200  1869  1869 D PackageManager: Keeping known cache 9728029fdd41f9eda5eb148855f9deb556a27107
01-15 23:38:21.200  1869  1869 W PackageManager: Wiping cache directory because the system partition changed.
01-15 23:38:21.246  1869  1869 W PackageManager: Failed to parse /system/framework/oat: Missing base APK in /system/framework/oat
01-15 23:38:21.248  1869  1869 W PackageManager: Failed to parse /system/framework/arm64: Missing base APK in /system/framework/arm64
01-15 23:38:21.250  1869  1869 W PackageManager: Failed to parse /system/framework/arm: Missing base APK in /system/framework/arm
01-15 23:38:21.503  1869  1869 W PackageManager: Skipping provider name androidx.lifecycle.process.lifecycle-process (in package com.android.settings): name already
 used by com.android.systemui
01-15 23:38:21.569  1869  1869 I PackageManager: Finished scanning system apps. Time: 373 ms, packageCount: 184 , timePerPackage: 2 , cached: 184
01-15 23:38:21.570  1869  1869 I boot_progress_pms_data_scan_start: 58764
01-15 23:38:21.588  1869  1869 I PackageManager: Finished scanning non-system apps. Time: 18 ms, packageCount: 4 , timePerPackage: 4 , cached: 3
01-15 23:38:21.590  1869  1869 E PackageManager: updateAllSharedLibrariesLPw failed: Package com.qualcomm.qti.uim requires unavailable shared library com.qualcomm.q
ti.uim.uimservicelibrary; failing!
01-15 23:38:21.595  1869  1869 I boot_progress_pms_scan_end: 58790
01-15 23:38:21.596  1869  1869 I PackageManager: Time to scan packages: 0.399 seconds
01-15 23:38:21.597  1869  1869 I PackageManager: Un-granting permission android.permission.GLOBAL_SEARCH from package com.android.quicksearchbox (protectionLevel=18
 flags=0x3008be45)
01-15 23:38:21.600  1869  1869 I PackageManager: Un-granting permission android.permission.MANAGE_DOCUMENTS from package com.android.mms (protectionLevel=262146 fla
gs=0x2849be65)
01-15 23:38:21.601  1869  1869 I PackageManager: Un-granting permission android.permission.MOUNT_UNMOUNT_FILESYSTEMS from package com.ksxy.nfc.demo.sdk (protectionL
evel=18 flags=0x3808be44)
01-15 23:38:21.606  1869  1869 I PackageManager: Un-granting permission android.permission.INTERACT_ACROSS_USERS_FULL from package org.codeaurora.snapcam (protectio
nLevel=258 flags=0x2058bc45)
01-15 23:38:21.607  1869  1869 I PackageManager: Un-granting permission android.permission.SET_ORIENTATION from package org.codeaurora.snapcam (protectionLevel=2 fl
ags=0x2058bc45)
01-15 23:38:21.608  1869  1869 V PackageManager: reconcileAppsData for null u0 0x3 migrateAppData=true
01-15 23:38:21.623     0     0 I init    : starting service 'vendor.ims_rtp_daemon'...
01-15 23:38:21.663     0     0 E ipa-wan ipa_wwan_ioctl: 1582 dev(rmnet_data1) register to IPA
01-15 23:38:21.884  1380  1411 E storaged: getService package_native failed
01-15 23:38:21.894  1380  1411 I storaged: storaged: Start
01-15 23:38:21.902     0     0 W healthd : battery l=56 v=7 t=0.0 h=2 st=3 chg=
01-15 23:38:21.995     0     0 E ipa-wan ipa_wwan_ioctl: 1582 dev(rmnet_data3) register to IPA
01-15 23:38:22.134  1869  1869 V PackageManager: reconcileAppsData finished 28 packages
01-15 23:38:22.135  1869  2011 D SystemServerInitThreadPool: Started executing prepareAppData
01-15 23:38:22.144     0     0 E ipa-wan ipa_wwan_ioctl: 1582 dev(rmnet_data2) register to IPA
01-15 23:38:22.293  1869  1869 I commit_sys_config_file: [package-user-0,8]
01-15 23:38:22.293  1869  1869 I commit_sys_config_file: [package,158]
01-15 23:38:22.293  1869  1869 I boot_progress_pms_ready: 59487
01-15 23:38:22.327  1869  1869 D PackageManager: Ephemeral resolver NOT found; no matching intent filters
01-15 23:38:22.328  1869  1869 D PackageManager: Instant App installer not found with android.intent.action.INSTALL_INSTANT_APP_PACKAGE
01-15 23:38:22.328  1869  1869 D PackageManager: Clear ephemeral installer activity
01-15 23:38:22.343     0     0 E ipa-wan ipa_wwan_ioctl: 1582 dev(rmnet_data4) register to IPA
01-15 23:38:22.400  1869  1869 I Watchdog: Resuming HandlerChecker: main thread for reason: packagemanagermain. Pause count: 0
01-15 23:38:22.400  1869  1869 D SystemServerTiming: StartPackageManagerService took to complete: 1532ms
01-15 23:38:22.400  1869  1869 I sysui_multi_action: [757,804,799,boot_package_manager_init_ready,801,59595,802,1]
01-15 23:38:22.401  1869  1869 I SystemServer: StartOtaDexOptService
01-15 23:38:22.401  1869  1869 I Watchdog: Pausing HandlerChecker: main thread for reason: moveab. Pause count: 1
01-15 23:38:22.402  1869  1869 D OTADexopt: No upgrade, skipping A/B artifacts check.
01-15 23:38:22.403  1869  1869 I Watchdog: Resuming HandlerChecker: main thread for reason: moveab. Pause count: 0
01-15 23:38:22.403  1869  1869 D SystemServerTiming: StartOtaDexOptService took to complete: 2ms
01-15 23:38:22.403  1869  1869 I SystemServer: StartUserManagerService
01-15 23:38:22.403  1869  1869 I SystemServiceManager: Starting com.android.server.pm.UserManagerService$LifeCycle
01-15 23:38:22.404  1869  1869 D SystemServerTiming: StartUserManagerService took to complete: 1ms
01-15 23:38:22.404  1869  1869 I SystemServer: InitAttributerCache
01-15 23:38:22.404  1869  1869 D SystemServerTiming: InitAttributerCache took to complete: 0ms
01-15 23:38:22.404  1869  1869 I SystemServer: SetSystemProcess
01-15 23:38:22.414  1869  1869 I am_uid_running: 1000
01-15 23:38:22.416  1869  1869 I am_uid_active: 1000
01-15 23:38:22.417  1869  1869 D SystemServerTiming: SetSystemProcess took to complete: 13ms
01-15 23:38:22.417  1869  1869 I SystemServer: InitWatchdog
01-15 23:38:22.418  1869  1869 D SystemServerTiming: InitWatchdog took to complete: 1ms
01-15 23:38:22.420  1869  1869 I SystemServer: StartOverlayManagerService
01-15 23:38:22.438     0     0 I init    : Received control message 'start' for 'idmap2d' from pid: 1869 (system_server)
01-15 23:38:22.506  1869  1923 I commit_sys_config_file: [package-perms-0,11]
01-15 23:38:22.511     0     0 E FAKE_BATTERY: fake_batt_get_property: batt_mv=7608
01-15 23:38:22.662  1869  1869 D SystemServerTiming: StartOverlayManagerService took to complete: 242ms
01-15 23:38:22.662  1869  1869 I SystemServer: StartSensorPrivacyService
01-15 23:38:22.665  1869  1869 D SystemServerTiming: StartSensorPrivacyService took to complete: 3ms
01-15 23:38:22.666  1869  1869 I SystemServer: StartBatteryService
01-15 23:38:22.666  1869  1869 I SystemServiceManager: Starting com.android.server.BatteryService
01-15 23:38:22.666  1869  2028 D SystemServerInitThreadPool: Started executing StartSensorService
01-15 23:38:22.674  1869  1915 I commit_sys_config_file: [overlays,16]
01-15 23:38:22.680  1869  1922 I battery_status: [3,2,1,0,]
01-15 23:38:22.680  1869  1922 I battery_level: [56,7,0]
01-15 23:38:22.680  1869  1922 E BatteryService: breath leds update!
01-15 23:38:22.682  1869  1928 E BatteryExternalStatsWorker: no controller energy info supplied for telephony
01-15 23:38:22.685     0     0 E FAKE_BATTERY: fake_batt_get_property: batt_mv=7608
01-15 23:38:22.687     0     0 W healthd : battery l=56 v=7 t=0.0 h=2 st=3 chg=
01-15 23:38:22.687  1869  2028 D SystemServerTimingAsync: StartSensorService took to complete: 21ms
01-15 23:38:22.687  1869  2028 D SystemServerInitThreadPool: Finished executing StartSensorService
01-15 23:38:22.690  1869  1928 E KernelCpuSpeedReader: Failed to read cpu-freq: /sys/devices/system/cpu/cpu4/cpufreq/stats/time_in_state: open failed: ENOENT (No su
ch file or directory)
01-15 23:38:22.691  1869  1928 E KernelCpuSpeedReader: Failed to read cpu-freq: /sys/devices/system/cpu/cpu0/cpufreq/stats/time_in_state: open failed: ENOENT (No su
ch file or directory)
01-15 23:38:22.699     0     0 E FAKE_BATTERY: fake_batt_get_property: batt_mv=7608
01-15 23:38:22.699  1869  1869 I HealthServiceWrapper: health: HealthServiceWrapper listening to instance default
01-15 23:38:22.699  1869  1869 I BatteryService: health: Waited 0ms and received the update.
01-15 23:38:22.699  1869  1869 E BatteryService: breath leds register!
01-15 23:38:22.702  1869  1869 D SystemServerTiming: StartBatteryService took to complete: 36ms
01-15 23:38:22.702  1869  1869 I SystemServer: StartUsageService
01-15 23:38:22.702  1869  1869 I SystemServiceManager: Starting com.android.server.usage.UsageStatsService
01-15 23:38:22.702     0     0 W healthd : battery l=56 v=7 t=0.0 h=2 st=3 chg=
01-15 23:38:22.716  1869  1928 E KernelCpuSpeedReader: Failed to read cpu-freq: /sys/devices/system/cpu/cpu0/cpufreq/stats/time_in_state: open failed: ENOENT (No su
ch file or directory)
01-15 23:38:22.717  1869  1928 E KernelCpuSpeedReader: Failed to read cpu-freq: /sys/devices/system/cpu/cpu4/cpufreq/stats/time_in_state: open failed: ENOENT (No su
ch file or directory)
01-15 23:38:22.721     0     0 E FAKE_BATTERY: fake_batt_get_property: batt_mv=7608
01-15 23:38:22.722     0     0 W healthd : battery l=56 v=7 t=0.0 h=2 st=3 chg=
01-15 23:38:22.732  1869  1928 E KernelCpuSpeedReader: Failed to read cpu-freq: /sys/devices/system/cpu/cpu0/cpufreq/stats/time_in_state: open failed: ENOENT (No su
ch file or directory)
01-15 23:38:22.733  1869  1928 E KernelCpuSpeedReader: Failed to read cpu-freq: /sys/devices/system/cpu/cpu4/cpufreq/stats/time_in_state: open failed: ENOENT (No su
ch file or directory)
01-15 23:38:22.734  1869  1869 I UsageStatsService: User[0] Rollover scheduled @ 2022-01-16 18:26:55(1642357615115)
01-15 23:38:22.734  1869  1869 D SystemServerTiming: StartUsageService took to complete: 33ms
01-15 23:38:22.735  1869  1869 I SystemServer: StartWebViewUpdateService
01-15 23:38:22.735  1869  1869 I SystemServiceManager: Starting com.android.server.webkit.WebViewUpdateService
01-15 23:38:22.738  1869  1869 D SystemServerTiming: StartWebViewUpdateService took to complete: 3ms
01-15 23:38:22.738  1869  1869 I SystemServer: StartCachedDeviceStateService
01-15 23:38:22.738  1869  1869 I SystemServiceManager: Starting com.android.server.CachedDeviceStateService
01-15 23:38:22.738  1869  1869 D SystemServerTiming: StartCachedDeviceStateService took to complete: 0ms
01-15 23:38:22.738  1869  1869 I SystemServer: StartBinderCallsStatsService
01-15 23:38:22.738  1869  1869 I SystemServiceManager: Starting com.android.server.BinderCallsStatsService$LifeCycle
01-15 23:38:22.739  1869  1869 D SystemServerTiming: StartBinderCallsStatsService took to complete: 2ms
01-15 23:38:22.740  1869  1869 I SystemServer: StartLooperStatsService
01-15 23:38:22.740  1869  1869 I SystemServiceManager: Starting com.android.server.LooperStatsService$Lifecycle
01-15 23:38:22.741  1869  1869 D SystemServerTiming: StartLooperStatsService took to complete: 2ms
01-15 23:38:22.742  1869  1869 I SystemServer: StartRollbackManagerService
01-15 23:38:22.742  1869  1869 I SystemServiceManager: Starting com.android.server.rollback.RollbackManagerService
01-15 23:38:22.751  1869  1869 D SystemServerTiming: StartRollbackManagerService took to complete: 9ms
01-15 23:38:22.751  1869  1869 I SystemServer: StartBugreportManagerService
01-15 23:38:22.751  1869  1869 I SystemServiceManager: Starting com.android.server.os.BugreportManagerService
01-15 23:38:22.753  1869  1869 D SystemServerTiming: StartBugreportManagerService took to complete: 1ms
01-15 23:38:22.753  1869  1869 I SystemServer: GpuService
01-15 23:38:22.753  1869  1869 I SystemServiceManager: Starting com.android.server.gpu.GpuService
01-15 23:38:22.753  1869  1869 D SystemServerTiming: GpuService took to complete: 0ms
01-15 23:38:22.753  1869  1869 I SystemServer: StartKeyAttestationApplicationIdProviderService
01-15 23:38:22.754  1869  2040 D SystemServerInitThreadPool: Started executing SecondaryZygotePreload
01-15 23:38:22.754  1869  2040 I SystemServer: SecondaryZygotePreload
01-15 23:38:22.755  1869  1869 D SystemServerTiming: StartKeyAttestationApplicationIdProviderService took to complete: 1ms
01-15 23:38:22.755  1869  1869 I SystemServer: StartKeyChainSystemService
01-15 23:38:22.755  1869  1869 I SystemServiceManager: Starting com.android.server.security.KeyChainSystemService
01-15 23:38:22.755  1869  1869 D SystemServerTiming: StartKeyChainSystemService took to complete: 0ms
01-15 23:38:22.755  1869  1869 I SystemServer: StartSchedulingPolicyService
01-15 23:38:22.756  1869  2041 D SystemServerInitThreadPool: Started executing SchedulingPolicyService.<init>
01-15 23:38:22.757  1869  1869 D SystemServerTiming: StartSchedulingPolicyService took to complete: 2ms
01-15 23:38:22.757  1869  1869 I SystemServer: StartTelecomLoaderService
01-15 23:38:22.757  1869  1869 I SystemServiceManager: Starting com.android.server.telecom.TelecomLoaderService
01-15 23:38:22.758  1869  1869 D SystemServerTiming: StartTelecomLoaderService took to complete: 0ms
01-15 23:38:22.758  1869  1869 I SystemServer: StartTelephonyRegistry
01-15 23:38:22.760  1869  1869 D SystemServerTiming: StartTelephonyRegistry took to complete: 2ms
01-15 23:38:22.760  1869  1869 I SystemServer: StartEntropyMixer
01-15 23:38:22.762  1869  1869 W EntropyMixer: Failed to add HW RNG output to entropy pool
01-15 23:38:22.762  1869  1869 W EntropyMixer: java.io.FileNotFoundException: /dev/hw_random: open failed: EACCES (Permission denied)
01-15 23:38:22.762  1869  1869 W EntropyMixer:  at libcore.io.IoBridge.open(IoBridge.java:496)
01-15 23:38:22.762  1869  1869 W EntropyMixer:  at java.io.FileInputStream.<init>(FileInputStream.java:159)
01-15 23:38:22.762  1869  1869 W EntropyMixer:  at java.io.FileInputStream.<init>(FileInputStream.java:115)
01-15 23:38:22.762  1869  1869 W EntropyMixer:  at com.android.server.RandomBlock.fromFile(RandomBlock.java:45)
01-15 23:38:22.762  1869  1869 W EntropyMixer:  at com.android.server.EntropyMixer.addHwRandomEntropy(EntropyMixer.java:205)
01-15 23:38:22.762  1869  1869 W EntropyMixer:  at com.android.server.EntropyMixer.<init>(EntropyMixer.java:115)
01-15 23:38:22.762  1869  1869 W EntropyMixer:  at com.android.server.EntropyMixer.<init>(EntropyMixer.java:97)
01-15 23:38:22.762  1869  1869 W EntropyMixer:  at com.android.server.SystemServer.startOtherServices(SystemServer.java:975)
01-15 23:38:22.762  1869  1869 W EntropyMixer:  at com.android.server.SystemServer.run(SystemServer.java:517)
01-15 23:38:22.762  1869  1869 W EntropyMixer:  at com.android.server.SystemServer.main(SystemServer.java:354)
01-15 23:38:22.762  1869  1869 W EntropyMixer:  at java.lang.reflect.Method.invoke(Native Method)
01-15 23:38:22.762  1869  1869 W EntropyMixer:  at com.android.internal.os.RuntimeInit$MethodAndArgsCaller.run(RuntimeInit.java:492)
01-15 23:38:22.762  1869  1869 W EntropyMixer:  at com.android.internal.os.ZygoteInit.main(ZygoteInit.java:913)
01-15 23:38:22.762  1869  1869 W EntropyMixer: Caused by: android.system.ErrnoException: open failed: EACCES (Permission denied)
01-15 23:38:22.762  1869  1869 W EntropyMixer:  at libcore.io.Linux.open(Native Method)
01-15 23:38:22.762  1869  1869 W EntropyMixer:  at libcore.io.ForwardingOs.open(ForwardingOs.java:167)
01-15 23:38:22.762  1869  1869 W EntropyMixer:  at libcore.io.BlockGuardOs.open(BlockGuardOs.java:252)
01-15 23:38:22.762  1869  1869 W EntropyMixer:  at libcore.io.IoBridge.open(IoBridge.java:482)
01-15 23:38:22.762  1869  1869 W EntropyMixer:  ... 12 more
01-15 23:38:22.762  1869  1869 I EntropyMixer: Writing entropy...
01-15 23:38:22.772  1869  1869 D SystemServerTiming: StartEntropyMixer took to complete: 13ms
01-15 23:38:22.772  1869  1869 I SystemServer: StartAccountManagerService
01-15 23:38:22.773  1869  1869 I SystemServiceManager: Starting com.android.server.accounts.AccountManagerService$Lifecycle
01-15 23:38:22.782  1869  1869 D SystemServerTiming: StartAccountManagerService took to complete: 9ms
01-15 23:38:22.782  1869  1869 I SystemServer: StartContentService
01-15 23:38:22.782  1869  1869 I SystemServiceManager: Starting com.android.server.content.ContentService$Lifecycle
01-15 23:38:22.784  1869  1869 D SystemServerTiming: StartContentService took to complete: 1ms
01-15 23:38:22.784  1869  1869 I SystemServer: InstallSystemProviders
01-15 23:38:22.821  1869  1869 I SettingsState: No settings state /data/system/users/0/settings_config.xml
01-15 23:38:22.841  1869  1923 W ProcessCpuTracker: Failed to stat(/proc/2035): android.system.ErrnoException: stat failed: ENOENT (No such file or directory)
01-15 23:38:22.841  1869  1923 W ProcessCpuTracker: Skipping unknown process pid 2035
01-15 23:38:22.849  1320  1320 D ZygoteInitTiming_lazy: BeginPreload took to complete: 27ms
01-15 23:38:22.851  1869  1869 D SystemServerTiming: InstallSystemProviders took to complete: 67ms
01-15 23:38:22.851  1869  1869 I SystemServer: StartDropBoxManager
01-15 23:38:22.851  1869  1869 I SystemServiceManager: Starting com.android.server.DropBoxManagerService
01-15 23:38:22.853  1869  1869 D SystemServerTiming: StartDropBoxManager took to complete: 1ms
01-15 23:38:22.853  1869  1869 I SystemServer: StartVibratorService
01-15 23:38:22.856  1869  2041 D SystemServerInitThreadPool: Finished executing SchedulingPolicyService.<init>
01-15 23:38:22.859  1869  1869 I auditd  : type=1400 audit(0.0:77): avc: denied { read } for comm="system_server" name="hctosys" dev="sysfs" ino=36342 scontext=u:r:
system_server:s0 tcontext=u:object_r:sysfs:s0 tclass=file permissive=0
01-15 23:38:22.867  1869  1869 D SystemServerTiming: StartVibratorService took to complete: 13ms
01-15 23:38:22.867  1869  1869 I SystemServer: StartDynamicSystemService
01-15 23:38:22.869  1869  1869 D SystemServerTiming: StartDynamicSystemService took to complete: 2ms
01-15 23:38:22.869  1869  1869 I SystemServer: StartConsumerIrService
01-15 23:38:22.869     0     0 E ipa-wan ipa_wwan_ioctl: 1582 dev(rmnet_data5) register to IPA
01-15 23:38:22.871  1869  1869 D SystemServerTiming: StartConsumerIrService took to complete: 3ms
01-15 23:38:22.872  1869  1869 I SystemServer: StartAlarmManagerService
01-15 23:38:22.877  1869  1869 D SystemServerTiming: StartAlarmManagerService took to complete: 5ms
01-15 23:38:22.877  1869  1869 I SystemServer: StartInputManagerService
01-15 23:38:22.877  1869  1869 I InputManager: Initializing input manager, mUseDevInputEventForAudioJack=true
01-15 23:38:22.888  1869  1869 D SystemServerTiming: StartInputManagerService took to complete: 11ms
01-15 23:38:22.888  1869  1869 I SystemServer: StartWindowManagerService
01-15 23:38:22.891  1869  1916 I WindowManager: No existing display settings, starting empty
01-15 23:38:22.915  1869  1915 I DropBoxManagerService: add tag=system_server_strictmode isTagEnabled=true flags=0x2
01-15 23:38:22.915  1869  1869 D SystemServerTiming: StartWindowManagerService took to complete: 27ms
01-15 23:38:22.915  1869  1869 I SystemServer: SetWindowManagerService
01-15 23:38:22.917  1869  2011 D SystemServerTimingAsync: AppDataFixup took to complete: 782ms
01-15 23:38:22.944  1869  1869 I wm_stack_created: 0
01-15 23:38:22.948  1869  1869 D SystemServerTiming: SetWindowManagerService took to complete: 33ms
01-15 23:38:22.948  1869  1869 I SystemServer: WindowManagerServiceOnInitReady
01-15 23:38:22.960  1869  1869 D SystemServerTiming: WindowManagerServiceOnInitReady took to complete: 12ms
01-15 23:38:22.961  1869  1869 I SystemServer: StartInputManager
01-15 23:38:22.961  1869  1869 I InputManager: Starting input manager
01-15 23:38:22.962  1869  2050 D SystemServerInitThreadPool: Started executing StartHidlServices
01-15 23:38:22.963  1869  1869 D SystemServerTiming: StartInputManager took to complete: 2ms
01-15 23:38:22.963  1869  1869 I SystemServer: DisplayManagerWindowManagerAndInputReady
01-15 23:38:22.963  1869  1869 D SystemServerTiming: DisplayManagerWindowManagerAndInputReady took to complete: 0ms
01-15 23:38:22.963  1869  1869 I SystemServer: StartBluetoothService
01-15 23:38:22.963  1869  1869 I SystemServiceManager: Starting com.android.server.BluetoothService
01-15 23:38:22.964  1869  1869 D BluetoothManagerService: Loading stored name and address
01-15 23:38:22.965  1869  1869 D BluetoothManagerService: Stored bluetooth Name=QCOM-BTD,Address=22:22:F5:F1:80:FC
01-15 23:38:22.965  1869  1869 D BluetoothManagerService: Bluetooth persisted state: 1
01-15 23:38:22.965  1869  1869 D BluetoothManagerService: Startup: Bluetooth persisted state is ON.
01-15 23:38:22.965  1869  1869 D BluetoothManagerService: Detected SystemUiUid: 10090
01-15 23:38:22.965  1869  1869 D SystemServerTiming: StartBluetoothService took to complete: 1ms
01-15 23:38:22.965  1869  1869 I SystemServer: IpConnectivityMetrics
01-15 23:38:22.965  1869  1869 I SystemServiceManager: Starting com.android.server.connectivity.IpConnectivityMetrics
01-15 23:38:22.966  1869  1869 D SystemServerTiming: IpConnectivityMetrics took to complete: 1ms
01-15 23:38:22.966  1869  1869 I SystemServer: NetworkWatchlistService
01-15 23:38:22.966  1869  1869 I SystemServiceManager: Starting com.android.server.net.watchlist.NetworkWatchlistService$Lifecycle
01-15 23:38:22.973  1869  2050 D SystemServerTimingAsync: StartHidlServices took to complete: 10ms
01-15 23:38:22.973  1869  2050 D SystemServerInitThreadPool: Finished executing StartHidlServices
01-15 23:38:22.978  1869  1869 I WatchlistSettings: Reload watchlist settings done
01-15 23:38:22.980  1869  1869 D SystemServerTiming: NetworkWatchlistService took to complete: 14ms
01-15 23:38:22.980  1869  1869 I SystemServer: PinnerService
01-15 23:38:22.980  1869  1869 I SystemServiceManager: Starting com.android.server.PinnerService
01-15 23:38:22.983  1869  1869 D SystemServerTiming: PinnerService took to complete: 3ms
01-15 23:38:22.983  1869  1869 I SystemServer: ActivityTriggerService
01-15 23:38:22.983  1869  1869 I SystemServiceManager: Starting com.android.server.ActivityTriggerService
01-15 23:38:22.983  1869  1869 I ActivityTriggerService: Starting ActivityTriggerService
01-15 23:38:22.983  1869  2053 I WatchlistLoggingHandler: No need to aggregate record yet.
01-15 23:38:22.983  1869  2053 I WatchlistLoggingHandler: Milliseconds spent on tryAggregateRecords(): 4
01-15 23:38:22.984  1869  1869 D SystemServerTiming: ActivityTriggerService took to complete: 1ms
01-15 23:38:22.984  1869  1869 I SystemServer: SignedConfigService
01-15 23:38:22.984  1869  1869 D SystemServerTiming: SignedConfigService took to complete: 0ms
01-15 23:38:23.023  1869  1869 I SystemServer: StartInputMethodManagerLifecycle
01-15 23:38:23.023  1869  1869 I SystemServiceManager: Starting com.android.server.inputmethod.InputMethodManagerService$Lifecycle
01-15 23:38:23.025  1869  1915 I DropBoxManagerService: add tag=system_server_strictmode isTagEnabled=true flags=0x2
01-15 23:38:23.030  1869  1869 D SystemServerTiming: StartInputMethodManagerLifecycle took to complete: 8ms
01-15 23:38:23.031  1869  1869 I SystemServer: StartAccessibilityManagerService
01-15 23:38:23.031  1869  1869 I SystemServiceManager: Starting com.android.server.accessibility.AccessibilityManagerService$Lifecycle
01-15 23:38:23.031  1869  1915 I DropBoxManagerService: add tag=system_server_strictmode isTagEnabled=true flags=0x2
01-15 23:38:23.033  1869  1869 D SystemServerTiming: StartAccessibilityManagerService took to complete: 3ms
01-15 23:38:23.033  1869  1869 I SystemServer: MakeDisplayReady
01-15 23:38:23.034  1869  1869 I configuration_changed: 536894968
01-15 23:38:23.036  1869  1869 I ActivityTaskManager: Config changes=20005df8 {1.0 ?mcc?mnc [zh_CN] ldltr sw360dp w360dp h568dp 480dpi nrml port ?uimode ?night fing
er -keyb/v/h -nav/h winConfig={ mBounds=Rect(0, 0 - 1080, 1920) mAppBounds=Rect(0, 0 - 1080, 1776) mWindowingMode=fullscreen mDisplayWindowingMode=fullscreen mActiv
ityType=undefined mAlwaysOnTop=undefined mRotation=ROTATION_0} s.2}
01-15 23:38:23.036  1869  1915 I DropBoxManagerService: add tag=system_server_strictmode isTagEnabled=true flags=0x2
01-15 23:38:23.037  1869  1869 I ActivityTaskManager: Override config changes=60007dfc {1.0 ?mcc?mnc [zh_CN] ldltr sw360dp w360dp h568dp 480dpi nrml port ?uimode ?n
ight finger -keyb/v/h -nav/h winConfig={ mBounds=Rect(0, 0 - 1080, 1920) mAppBounds=Rect(0, 0 - 1080, 1776) mWindowingMode=fullscreen mDisplayWindowingMode=fullscre
en mActivityType=undefined mAlwaysOnTop=undefined mRotation=ROTATION_0} s.2} for displayId=0
01-15 23:38:23.038  1658  1658 I imsrcsd : getAndroidPropValue : vendor.ims.modem.multisub.cap[2]
01-15 23:38:23.038  1869  1869 I sysui_multi_action: [757,1659,758,4,759,1,1660,0]
01-15 23:38:23.038  1658  1658 I imsrcsd : Uce Service HAL  detected modemVersion[2]
01-15 23:38:23.038  1658  1658 I imsrcsd : Uce Service HAL  loading lib-imsrcs-v2
01-15 23:38:23.038     0     0 I init    : processing action (sys.sysctl.extra_free_kbytes=*) from (/init.rc:820)
01-15 23:38:23.044  1869  1869 D SystemServerTiming: MakeDisplayReady took to complete: 11ms
01-15 23:38:23.045  1869  1869 I SystemServer: StartStorageManagerService
01-15 23:38:23.045  1869  1869 I SystemServiceManager: Starting com.android.server.StorageManagerService$Lifecycle
01-15 23:38:23.059  1869  2059 D StorageManagerService: Thinking about init, mBootCompleted=false, mDaemonConnected=true
01-15 23:38:23.059  1869  2059 D StorageManagerService: Thinking about reset, mBootCompleted=false, mDaemonConnected=true
01-15 23:38:23.059  1869  1869 D SystemServerTiming: StartStorageManagerService took to complete: 14ms
01-15 23:38:23.059  1869  1869 I SystemServer: StartStorageStatsService
01-15 23:38:23.059  1869  1869 I SystemServiceManager: Starting com.android.server.usage.StorageStatsService$Lifecycle
01-15 23:38:23.061   615   668 E vold    : Failed to read field SystemLocale: Success
01-15 23:38:23.063  1869  2059 E StorageManagerService: Failed to read field SystemLocale
01-15 23:38:23.063  1869  2059 E StorageManagerService: android.os.ServiceSpecificException: Failed to read field SystemLocale (code 0)
01-15 23:38:23.063  1869  2059 E StorageManagerService:         at android.os.Parcel.createException(Parcel.java:2085)
01-15 23:38:23.063  1869  2059 E StorageManagerService:         at android.os.Parcel.readException(Parcel.java:2039)
01-15 23:38:23.063  1869  2059 E StorageManagerService:         at android.os.Parcel.readException(Parcel.java:1987)
01-15 23:38:23.063  1869  2059 E StorageManagerService:         at android.os.IVold$Stub$Proxy.fdeGetField(IVold.java:2006)
01-15 23:38:23.063  1869  2059 E StorageManagerService:         at com.android.server.StorageManagerService.getField(StorageManagerService.java:2624)
01-15 23:38:23.063  1869  2059 E StorageManagerService:         at com.android.server.StorageManagerService.copyLocaleFromMountService(StorageManagerService.java:10
87)
01-15 23:38:23.063  1869  2059 E StorageManagerService:         at com.android.server.StorageManagerService.handleDaemonConnected(StorageManagerService.java:1080)
01-15 23:38:23.063  1869  2059 E StorageManagerService:         at com.android.server.StorageManagerService.access$1100(StorageManagerService.java:189)
01-15 23:38:23.063  1869  2059 E StorageManagerService:         at com.android.server.StorageManagerService$StorageManagerServiceHandler.handleMessage(StorageManage
rService.java:603)
01-15 23:38:23.063  1869  2059 E StorageManagerService:         at android.os.Handler.dispatchMessage(Handler.java:107)
01-15 23:38:23.063  1869  2059 E StorageManagerService:         at android.os.Looper.loop(Looper.java:214)
01-15 23:38:23.063  1869  2059 E StorageManagerService:         at android.os.HandlerThread.run(HandlerThread.java:67)
01-15 23:38:23.065  1869  1924 I am_wtf  : [0,1869,system_server,-1,StorageManagerService,Failed to read field SystemLocale]
01-15 23:38:23.067  1869  1924 I DropBoxManagerService: add tag=system_server_wtf isTagEnabled=true flags=0x2
01-15 23:38:23.073  1869  1869 D SystemServerTiming: StartStorageStatsService took to complete: 15ms
01-15 23:38:23.074  1869  1869 I SystemServer: StartUiModeManager
01-15 23:38:23.074  1869  1869 I SystemServiceManager: Starting com.android.server.UiModeManagerService
01-15 23:38:23.076  1869  2060 D SystemServerInitThreadPool: Started executing UiModeManager.onStart
01-15 23:38:23.078  1869  2060 I configuration_changed: 512
01-15 23:38:23.078  1869  1869 D SystemServerTiming: StartUiModeManager took to complete: 4ms
01-15 23:38:23.078  1869  1869 I SystemServer: UpdatePackagesIfNeeded
01-15 23:38:23.078  1869  1869 I Watchdog: Pausing HandlerChecker: main thread for reason: dexopt. Pause count: 1
01-15 23:38:23.078  1869  1869 I Watchdog: Resuming HandlerChecker: main thread for reason: dexopt. Pause count: 0
01-15 23:38:23.079  1869  1869 D SystemServerTiming: UpdatePackagesIfNeeded took to complete: 0ms
01-15 23:38:23.079  1869  1869 I SystemServer: PerformFstrimIfNeeded
01-15 23:38:23.080  1869  2060 I ActivityTaskManager: Config changes=200 {1.0 ?mcc?mnc [zh_CN] ldltr sw360dp w360dp h568dp 480dpi nrml port finger -keyb/v/h -nav/h
winConfig={ mBounds=Rect(0, 0 - 1080, 1920) mAppBounds=Rect(0, 0 - 1080, 1776) mWindowingMode=fullscreen mDisplayWindowingMode=fullscreen mActivityType=undefined mA
lwaysOnTop=undefined mRotation=ROTATION_0} s.4}
01-15 23:38:23.080  1869  1869 D SystemServerTiming: PerformFstrimIfNeeded took to complete: 1ms
01-15 23:38:23.080  1869  1869 I SystemServer: StartLockSettingsService
01-15 23:38:23.080  1869  1869 I SystemServiceManager: Starting com.android.server.locksettings.LockSettingsService$Lifecycle
01-15 23:38:23.081  1869  2060 I ActivityTaskManager: Override config changes=200 {1.0 ?mcc?mnc [zh_CN] ldltr sw360dp w360dp h568dp 480dpi nrml port finger -keyb/v/
h -nav/h winConfig={ mBounds=Rect(0, 0 - 1080, 1920) mAppBounds=Rect(0, 0 - 1080, 1776) mWindowingMode=fullscreen mDisplayWindowingMode=fullscreen mActivityType=und
efined mAlwaysOnTop=undefined mRotation=ROTATION_0} s.4} for displayId=0
01-15 23:38:23.083  1869  2060 D SystemServerInitThreadPool: Finished executing UiModeManager.onStart
