inux.cc(639)] GKI TASK_DEAD received. exit thread 3...
01-15 01:52:51.094  3104  3356 I libnfc_nci: [INFO:nfc_task.cc(430)] nfc_task terminated
01-15 01:52:51.094  3104  3356 E libnfc_nci: [ERROR:gki_ulinux.cc(98)] gki_task task_id=3 terminating
01-15 01:52:51.195  3104  4210 I libnfc_nci: [INFO:gki_ulinux.cc(317)] task NFCA_TASK dead
01-15 01:52:51.195  3104  4210 I libnfc_nci: [INFO:gki_ulinux.cc(1090)] GKI_exit_task 3 done
01-15 01:52:51.198  3104  3353 I libnfc_nci: [INFO:gki_ulinux.cc(495)] GKI_run exit
01-15 01:52:51.198  3104  3353 I libnfc_nci: [INFO:NfcAdaptation.cc(542)] NfcAdaptation::NFCA_TASK: exit
01-15 01:52:51.198  3104  3353 E libnfc_nci: [ERROR:gki_ulinux.cc(98)] gki_task task_id=4 terminating
01-15 01:52:51.195  3104  4210 I libnfc_nci: [INFO:NfcAdaptation.cc(487)] NfcAdaptation::Finalize: exit
01-15 01:52:51.203  3104  4210 I libnfc_nci: [INFO:NativeNfcManager.cpp(1503)] nfcManager_doDeinitialize: exit
01-15 01:52:51.228  2141  2796 D Avrcp_ext: AudioManager Player: ID:23 -- type:android.media.SoundPool -- u/pid:10090/2171 -- state:idle -- attr:AudioAttributes: us
age=USAGE_ASSISTANCE_SONIFICATION content=CONTENT_TYPE_SONIFICATION flags=0x800 tags= bundle=null
01-15 01:52:51.229  2141  2796 D Avrcp_ext: AudioManager Player: ID:15 -- type:android.media.SoundPool -- u/pid:1000/1860 -- state:idle -- attr:AudioAttributes: usa
ge=USAGE_ASSISTANCE_SONIFICATION content=CONTENT_TYPE_SONIFICATION flags=0x800 tags= bundle=null
01-15 01:52:51.232  2141  2796 D Avrcp_ext: AudioManager Player: ID:31 -- type:android.media.SoundPool -- u/pid:10074/3076 -- state:idle -- attr:AudioAttributes: us
age=USAGE_NOTIFICATION content=CONTENT_TYPE_UNKNOWN flags=0x800 tags= bundle=null
01-15 01:52:51.232  2141  2796 D Avrcp_ext: AudioManager isPlaying: false
01-15 01:52:51.299   761   914 W SDM     : HWPrimary::PopulateDisplayAttributes: Driver doesn't report panel physical width and height - defaulting to 320dpi
01-15 01:52:51.665   761   914 W SDM     : HWPrimary::PopulateDisplayAttributes: Driver doesn't report panel physical width and height - defaulting to 320dpi
01-15 01:52:51.865  1340  1355 W ServiceManagement: Waited one second for android.hardware.drm@1.0::IDrmFactory/widevine
01-15 01:52:51.871  1340  1355 I ServiceManagement: getService: Trying again for android.hardware.drm@1.0::IDrmFactory/widevine...
01-15 01:52:51.885     0     0 I init    : Received control message 'interface_start' for 'android.hardware.drm@1.0::IDrmFactory/widevine' from pid: 605 (/system/bi
n/hwservicemanager)
01-15 01:52:51.885     0     0 E init    : Could not find 'android.hardware.drm@1.0::IDrmFactory/widevine' for ctl.interface_start
01-15 01:52:52.872  1340  1355 W ServiceManagement: Waited one second for android.hardware.drm@1.0::IDrmFactory/widevine
01-15 01:52:52.883  1340  1355 I ServiceManagement: getService: Trying again for android.hardware.drm@1.0::IDrmFactory/widevine...
01-15 01:52:52.903     0     0 I init    : Received control message 'interface_start' for 'android.hardware.drm@1.0::IDrmFactory/widevine' from pid: 605 (/system/bi
n/hwservicemanager)
01-15 01:52:52.903     0     0 E init    : Could not find 'android.hardware.drm@1.0::IDrmFactory/widevine' for ctl.interface_start
01-15 01:52:52.916   761   914 W SDM     : HWPrimary::PopulateDisplayAttributes: Driver doesn't report panel physical width and height - defaulting to 320dpi
01-15 01:52:53.059   749   802 D audio_hw_primary: out_standby: enter: stream (0xf1f3e800) usecase(1: low-latency-playback)
01-15 01:52:53.095     0     0 E q6asm_callback: payload size of 8 is less than expected.
01-15 01:52:53.240   749   802 D audio_hw_primary: disable_audio_route: reset and update mixer path: low-latency-playback
01-15 01:52:53.249   749   802 E soundtrigger: audio_extn_sound_trigger_update_stream_status: invalid input device 0x0, for event 2
01-15 01:52:53.249   749   802 D soundtrigger: audio_extn_sound_trigger_update_stream_status: uc_info->id 1 of type 0 for Event 2, with Raise=0
01-15 01:52:53.250   749   802 D msm8974_platform: platform_split_snd_device: snd_device(2) num devices(0) new_snd_devices(0)
01-15 01:52:53.250   749   802 I msm8974_platform: platform_get_custom_mtmx_params: no matching param with id 0 ip_ch 2 op_ch 2 uc_id 1 snd_dev 2
01-15 01:52:53.250   749   802 D hardware_info: hw_info_append_hw_type : device_name = speaker
01-15 01:52:53.251   749   802 D audio_hw_primary: disable_snd_device: snd_device(2: speaker)
01-15 01:52:53.251   749   802 D msm8974_platform: platform_split_snd_device: snd_device(2) num devices(0) new_snd_devices(0)
01-15 01:52:53.261   761   914 W SDM     : HWPrimary::PopulateDisplayAttributes: Driver doesn't report panel physical width and height - defaulting to 320dpi
01-15 01:52:53.290   749   802 I soundtrigger: audio_extn_sound_trigger_update_device_status: device 0x2 of type 0 for Event 0, with Raise=0
01-15 01:52:53.291   749   802 D audio_hw_primary: out_standby: exit
01-15 01:52:53.478     0     0 D goodix-ts 4-005d: [0][298 632 20]
01-15 01:52:53.517     0     0 I chatty  : uid=0(root) logd identical 4 lines
01-15 01:52:53.527     0     0 D goodix-ts 4-005d: [0][298 632 20]
01-15 01:52:53.571     0     0 D goodix-ts 4-005d: Invalid finger points
01-15 01:52:53.573  2535  2535 I sysui_multi_action: [757,853,758,4,854,connecteddevice.AdvancedConnectedDeviceDashboardFragment/toggle_nfc,1089,1]
01-15 01:52:53.573  3104  4210 I NfcService: Enabling NFC
01-15 01:52:53.591   761   914 W SDM     : HWPrimary::PopulateDisplayAttributes: Driver doesn't report panel physical width and height - defaulting to 320dpi
01-15 01:52:53.595  3104  4210 I com.android.nf: loadConfigEntry
01-15 01:52:53.597  3104  4210 I com.android.nf: ConfigFile - Parsing file '/vendor/etc/libnfc-nci.conf'
01-15 01:52:53.597  3104  4210 I com.android.nf: ConfigFile - [APPL_TRACE_LEVEL] = 0xFF
01-15 01:52:53.597  3104  4210 I com.android.nf: ConfigFile - [PROTOCOL_TRACE_LEVEL] = 0xFFFFFFFF
01-15 01:52:53.597  3104  4210 I com.android.nf: ConfigFile - [NFC_DEBUG_ENABLED] = 0x01
01-15 01:52:53.597  3104  4210 I com.android.nf: ConfigFile - [NFA_STORAGE] = "/data/nfc"
01-15 01:52:53.597  3104  4210 I com.android.nf: ConfigFile - [UICC_LISTEN_TECH_MASK] = 0x07
01-15 01:52:53.597  3104  4210 I com.android.nf: ConfigFile - [NFA_HCI_DEFAULT_DEST_GATE] = 0xF0
01-15 01:52:53.597  3104  4210 I com.android.nf: ConfigFile - [HOST_LISTEN_TECH_MASK] = 0x07
01-15 01:52:53.597  3104  4210 I com.android.nf: ConfigFile - [NXP_FWD_FUNCTIONALITY_ENABLE] = 0x01
01-15 01:52:53.597  3104  4210 I com.android.nf: ConfigFile - [AID_FOR_EMPTY_SELECT] = {08:A0:00:00:01:51:00:00:00}
01-15 01:52:53.597  3104  4210 I com.android.nf: ConfigFile - [SCREEN_OFF_POWER_STATE] = 1
01-15 01:52:53.597  3104  4210 I com.android.nf: ConfigFile - [POLLING_TECH_MASK] = 0xEF
01-15 01:52:53.598  3104  4210 I com.android.nf: ConfigFile - [P2P_LISTEN_TECH_MASK] = 0xC5
01-15 01:52:53.598  3104  4210 I com.android.nf: ConfigFile - [PRESERVE_STORAGE] = 0x01
01-15 01:52:53.598  3104  4210 I com.android.nf: ConfigFile - [NFA_DM_DISC_NTF_TIMEOUT] = 0
01-15 01:52:53.598  3104  4210 I com.android.nf: ConfigFile - [AID_MATCHING_MODE] = 0x01
01-15 01:52:53.600   605   605 E SELinux : avc:  denied  { find } for interface=vendor.nxp.nxpnfc::INxpNfc sid=u:r:nfc:s0 pid=3104 scontext=u:r:nfc:s0 tcontext=u:ob
ject_r:nxpnfc_hwservice:s0 tclass=hwservice_manager permissive=0
01-15 01:52:53.600   605   605 I auditd  : avc:  denied  { find } for interface=vendor.nxp.nxpnfc::INxpNfc sid=u:r:nfc:s0 pid=3104 scontext=u:r:nfc:s0 tcontext=u:ob
ject_r:nxpnfc_hwservice:s0 tclass=hwservice_manager permissive=0
01-15 01:52:53.603  3104  4210 I libnfc_nci: [INFO:NfcAdaptation.cc(610)] Failed to retrieve the NXP NFC HAL!
01-15 01:52:53.604  3104  4210 I libnfc_nci: [INFO:NfcAdaptation.cc(616)] NfcAdaptation::InitializeHalDeviceContext: INfc::getService()
01-15 01:52:53.607   761   828 W SDM     : HWPrimary::PopulateDisplayAttributes: Driver doesn't report panel physical width and height - defaulting to 320dpi
01-15 01:52:53.607   749  4131 D audio_hw_primary: start_output_stream: enter: stream(0xf1f3e800)usecase(1: low-latency-playback) devices(0x2) is_haptic_usecase(0)
01-15 01:52:53.609   749  4131 D audio_hw_primary: select_devices for use case (low-latency-playback)
01-15 01:52:53.609   749  4131 I msm8974_platform: platform_check_and_set_codec_backend_cfg:becf: afe: bitwidth 16, samplerate 48000 channels 2, backend_idx 0 useca
se = 1 device (speaker)
01-15 01:52:53.609   749  4131 D msm8974_platform: platform_split_snd_device: snd_device(2) num devices(1) new_snd_devices(0)
01-15 01:52:53.609   749  4131 I msm8974_platform: platform_check_and_set_codec_backend_cfg: new_snd_devices[0] is 2
01-15 01:52:53.610   749  4131 I msm8974_platform: platform_check_codec_backend_cfg:becf: afe: bitwidth 16, samplerate 48000 channels 2, backend_idx 0 usecase = 1 d
evice (speaker)
01-15 01:52:53.611   749  4131 E audio_hw_extn: audio_extn_enable_hifi_filter: Could not get ctl for mixer cmd - HiFi Filter, using default control
01-15 01:52:53.611   749  4131 D msm8974_platform: platform_check_codec_backend_cfg:becf: updated afe: bitwidth 16, samplerate 48000 channels 2,backend_idx 0 usecas
e = 1 device (speaker)
01-15 01:52:53.611   749  4131 D msm8974_platform: platform_check_codec_backend_cfg:becf: afe: playback on codec device not supporting native playback set default S
ample Rate(48k)
01-15 01:52:53.611   749  4131 I msm8974_platform: platform_check_codec_backend_cfg:becf: afe: Codec selected backend: 0 updated bit width: 16 and sample rate: 4800
0
01-15 01:52:53.612   749  4131 D audio_hw_primary: check_usecases_codec_backend:becf: force routing 0
01-15 01:52:53.612   749  4131 E msm8974_platform: platform_check_backends_match: Invalid snd_device =
01-15 01:52:53.612   749  4131 D audio_hw_primary: check_usecases_codec_backend:becf: (72) check_usecases curr device: speaker, usecase device: backends match 0
01-15 01:52:53.612   749  4131 D audio_hw_primary: check_usecases_codec_backend:becf: check_usecases num.of Usecases to switch 0
01-15 01:52:53.612   749  4131 D hardware_info: hw_info_append_hw_type : device_name = speaker
01-15 01:52:53.613   749  4131 D msm8974_platform: platform_split_snd_device: snd_device(2) num devices(0) new_snd_devices(0)
01-15 01:52:53.613   749  4131 D audio_hw_primary: enable_snd_device: snd_device(2: speaker)
01-15 01:52:53.613   749  4131 I soundtrigger: audio_extn_sound_trigger_update_device_status: device 0x2 of type 0 for Event 1, with Raise=0
01-15 01:52:53.613   749  4131 D audio_route: Apply path: speaker
01-15 01:52:53.617  3104  4210 I libnfc_nci: [INFO:NfcAdaptation.cc(627)] NfcAdaptation::InitializeHalDeviceContext: INfc::getService() returned 0x7c22c8a460 (remot
e)
01-15 01:52:53.617  3104  4210 I libnfc_nci: [INFO:NfcAdaptation.cc(634)] NfcAdaptation::InitializeHalDeviceContext: INfc::getService() returned 0x7c22c8a460 (remot
e)
01-15 01:52:53.618   767   767 D NxpHal  : persist_uicc_enabled : 0
01-15 01:52:53.618   767   767 D NxpExtns: find found NFA_PROPRIETARY_CFG=║��═��p��
01-15 01:52:53.618  3104  4210 I libnfc_nci: [INFO:NfcAdaptation.cc(271)] NfcAdaptation::HalIoctl arg=30
01-15 01:52:53.619  3104  4210 I libnfc_nci: [INFO:NfcAdaptation.cc(278)] NfcAdaptation::HalIoctl Ioctl Completed for Type=0
01-15 01:52:53.619  3104  4210 I libnfc_nci: [INFO:NfcAdaptation.cc(287)] HAL_NFC_GET_NXP_CONFIG ioctl return value = 0
01-15 01:52:53.619  3104  4210 I com.android.nf: loadConfigExit
01-15 01:52:53.619  3104  4210 I libnfc_nci: [INFO:NativeNfcManager.cpp(206)] initializeGlobalDebugEnabledFlag: level=1
01-15 01:52:53.620  3104  4210 I libnfc_nci: [INFO:PowerSwitch.cpp(95)] PowerSwitch::initialize: level=PS-FULL (1)
01-15 01:52:53.620  3104  4210 I libnfc_nci: [INFO:PowerSwitch.cpp(100)] PowerSwitch::initialize: desired screen-off state=1
01-15 01:52:53.620  3104  4210 I libnfc_nci: [INFO:NfcAdaptation.cc(126)] initializeGlobalDebugEnabledFlag: level=1
01-15 01:52:53.620  3104  4210 I libnfc_nci: [INFO:NfcAdaptation.cc(384)] NfcAdaptation::Initialize: enter
01-15 01:52:53.620  3104  4210 I libnfc_nci: [INFO:NfcAdaptation.cc(410)] NfcAdaptation::Initialize: Overriding NFA_POLL_BAIL_OUT_MODE to use 1
01-15 01:52:53.620  3104  4210 I libnfc_nci: [INFO:libmain.cc(196)] verify_stack_non_volatile_store
01-15 01:52:53.620  3104  4210 I libnfc_nci: [INFO:CrcChecksum.cc(94)] crcChecksumVerifyIntegrity: filename=/data/nfc/nfaStorage.bin1
01-15 01:52:53.634  3104  4210 I libnfc_nci: [INFO:CrcChecksum.cc(112)] crcChecksumVerifyIntegrity: data size=228
01-15 01:52:53.634  3104  4210 I libnfc_nci: [INFO:CrcChecksum.cc(94)] crcChecksumVerifyIntegrity: filename=/data/nfc/nfaStorage.bin4
01-15 01:52:53.635  3104  4210 I libnfc_nci: [INFO:CrcChecksum.cc(94)] crcChecksumVerifyIntegrity: filename=/data/nfc/nfaStorage.bin2
01-15 01:52:53.635  3104  4210 I libnfc_nci: [INFO:CrcChecksum.cc(94)] crcChecksumVerifyIntegrity: filename=/data/nfc/nfaStorage.bin3
01-15 01:52:53.635  3104  4210 I libnfc_nci: [INFO:CrcChecksum.cc(94)] crcChecksumVerifyIntegrity: filename=/data/nfc/nfaStorage.bin5
01-15 01:52:53.635  3104  4210 I libnfc_nci: [INFO:NfcAdaptation.cc(448)] Initialize: preserve stack NV store
01-15 01:52:53.636  3104  4210 I libnfc_nci: [INFO:gki_ulinux.cc(194)] GKI_create_task func=0x0x7bcaa1d560  id=4  name=NFCA_TASK  stack=0x0x0  stackSize=0
01-15 01:52:53.636  3104  4210 I libnfc_nci: [INFO:gki_ulinux.cc(220)] GKI creating task 4, pCond/pMutex=0x0/0x0
01-15 01:52:53.636  3104  4210 I libnfc_nci: [INFO:gki_ulinux.cc(262)] Leaving GKI_create_task 0x7bcaa1d560 4 7c224f2d50 NFCA_TASK 0x0 0
01-15 01:52:53.637  3104  4210 I libnfc_nci: [INFO:gki_ulinux.cc(194)] GKI_create_task func=0x0x7bcaa1d564  id=0  name=NFCA_THREAD  stack=0x0x0  stackSize=0
01-15 01:52:53.637  3104  4210 I libnfc_nci: [INFO:gki_ulinux.cc(220)] GKI creating task 0, pCond/pMutex=0x0/0x0
01-15 01:52:53.637  3104  4210 I libnfc_nci: [INFO:gki_ulinux.cc(262)] Leaving GKI_create_task 0x7bcaa1d564 0 7c223f5d50 NFCA_THREAD 0x0 0
01-15 01:52:53.639  3104 13231 I libnfc_nci: [INFO:gki_ulinux.cc(89)] gki_task_entry task_id=4, thread_id=7c224f2d50/7c224f2d50, pCond/pMutex=0x0/0x0
01-15 01:52:53.641  3104 13231 I libnfc_nci: [INFO:NfcAdaptation.cc(540)] NfcAdaptation::NFCA_TASK: enter
01-15 01:52:53.642  3104 13231 I libnfc_nci: [INFO:gki_ulinux.cc(423)] GKI_run enter
01-15 01:52:53.642  3104 13231 I libnfc_nci: [INFO:gki_ulinux.cc(433)] Start/Stop GKI_timer_update_registered!
01-15 01:52:53.642  3104 13231 I libnfc_nci: [INFO:gki_ulinux.cc(452)] GKI_run, run_cond(0x7bcaa28ea0)=1
01-15 01:52:53.645   761   828 W SDM     : HWPrimary::PopulateDisplayAttributes: Driver doesn't report panel physical width and height - defaulting to 320dpi
01-15 01:52:53.654   749  4131 I audio_hw_utils: audio_extn_utils_update_stream_output_app_type_cfg Allowing 24 and above bits playback on speaker ONLY at default s
ampling rate
01-15 01:52:53.654   749  4131 D audio_hw_primary: audio_is_true_native_stream_active:napb: (0) (low-latency-playback)id (1) sr 48000 bw (16) device speaker
01-15 01:52:53.654   749  4131 E soundtrigger: audio_extn_sound_trigger_update_stream_status: invalid input device 0x0, for event 3
01-15 01:52:53.654   749  4131 D soundtrigger: audio_extn_sound_trigger_update_stream_status: uc_info->id 1 of type 0 for Event 3, with Raise=0
01-15 01:52:53.655   749  4131 D audio_hw_utils: audio_extn_utils_send_app_type_cfg: usecase->out_snd_device speaker
01-15 01:52:53.655   749  4131 D msm8974_platform: platform_split_snd_device: snd_device(2) num devices(0) new_snd_devices(0)
01-15 01:52:53.655   749  4131 D audio_hw_utils: audio_extn_btsco_get_sample_rate:Not a BT SCO device, need not update sampling rate
01-15 01:52:53.656   749  4131 I audio_hw_utils: send_app_type_cfg_for_device PLAYBACK app_type 69937, acdb_dev_id 15, sample_rate 48000, snd_device_be_idx 135
01-15 01:52:53.659   749  4131 D msm8974_platform: platform_split_snd_device: snd_device(2) num devices(1) new_snd_devices(0)
01-15 01:52:53.660   749  4131 D audio_hw_utils: audio_extn_btsco_get_sample_rate:Not a BT SCO device, need not update sampling rate
01-15 01:52:53.660   749  4131 D ACDB-LOADER: ACDB -> send_audio_cal, acdb_id = 15, path = 0, app id = 0x11131, sample rate = 48000
01-15 01:52:53.660   749  4131 D ACDB-LOADER: ACDB -> send_asm_topology
01-15 01:52:53.660   749  4131 D ACDB-LOADER: ACDB -> ACDB_CMD_GET_AUDPROC_STREAM_TOPOLOGY_ID
01-15 01:52:53.660   749  4131 D ACDB-LOADER: ACDB -> send_adm_topology
01-15 01:52:53.660   749  4131 D ACDB-LOADER: ACDB -> ACDB_CMD_GET_AUDPROC_COMMON_TOPOLOGY_ID
01-15 01:52:53.661   749  4131 D ACDB-LOADER: ACDB -> send_audtable
01-15 01:52:53.661   749  4131 D ACDB-LOADER: ACDB -> ACDB_CMD_GET_AUDPROC_COMMON_TABLE_SIZE
01-15 01:52:53.661   749  4131 D ACDB-LOADER: ACDB -> ACDB_CMD_GET_AUDPROC_COMMON_TABLE
01-15 01:52:53.661   749  4131 D ACDB-LOADER: ACDB -> AUDIO_SET_AUDPROC_CAL
01-15 01:52:53.661   749  4131 D ACDB-LOADER: ACDB -> send_audvoltable
01-15 01:52:53.661   749  4131 D ACDB-LOADER: ACDB -> ACDB_CMD_GET_AUDPROC_VOL_STEP_TABLE_SIZE
01-15 01:52:53.661   749  4131 D ACDB-LOADER: ACDB -> ACDB_CMD_GET_AUDPROC_GAIN_DEP_STEP_TABLE, vol index 0
01-15 01:52:53.662   749  4131 D ACDB-LOADER: ACDB -> AUDIO_SET_VOL_CAL cal type = 12
01-15 01:52:53.662   749  4131 D ACDB-LOADER: ACDB -> ACDB_CMD_GET_AUDPROC_STREAM_TABLE_SIZE
01-15 01:52:53.662   749  4131 D ACDB-LOADER: ACDB -> send_audstrmtable
01-15 01:52:53.662   749  4131 D ACDB-LOADER: ACDB -> ACDB_CMD_GET_AUDPROC_STREAM_TABLE_V2
01-15 01:52:53.662   749  4131 D ACDB-LOADER: ACDB -> audstrm_cal->cal_type.cal_data.cal_size = 16
01-15 01:52:53.662   749  4131 D ACDB-LOADER: ACDB -> send_afe_topology
01-15 01:52:53.662   749  4131 D ACDB-LOADER: ACDB -> ACDB_CMD_GET_AFE_TOPOLOGY_ID
01-15 01:52:53.663   749  4131 D ACDB-LOADER: ACDB -> GET_AFE_TOPOLOGY_ID for adcd_id 15, Topology Id 1025e
01-15 01:52:53.663   749  4131 D ACDB-LOADER: ACDB -> send_afe_cal
01-15 01:52:53.663   749  4131 D ACDB-LOADER: ACDB -> ACDB_CMD_GET_AFE_COMMON_TABLE_SIZE
01-15 01:52:53.663   749  4131 D ACDB-LOADER: ACDB -> ACDB_CMD_GET_AFE_COMMON_TABLE
01-15 01:52:53.663   749  4131 D ACDB-LOADER: ACDB -> AUDIO_SET_AFE_CAL
01-15 01:52:53.663   749  4131 D ACDB-LOADER: ACDB -> send_hw_delay : acdb_id = 15 path = 0
01-15 01:52:53.663   749  4131 D ACDB-LOADER: ACDB -> ACDB_AVSYNC_INFO: ACDB_CMD_GET_DEVICE_PROPERTY
01-15 01:52:53.664   749  4131 D msm8974_platform: platform_split_snd_device: snd_device(2) num devices(0) new_snd_devices(0)
01-15 01:52:53.664   749  4131 I msm8974_platform: platform_get_custom_mtmx_params: no matching param with id 0 ip_ch 2 op_ch 2 uc_id 1 snd_dev 2
01-15 01:52:53.664   749  4131 D audio_hw_primary: enable_audio_route: apply mixer and update path: low-latency-playback
01-15 01:52:53.664   749  4131 D audio_route: Apply path: low-latency-playback
01-15 01:52:53.670  3104 13232 I libnfc_nci: [INFO:gki_ulinux.cc(89)] gki_task_entry task_id=0, thread_id=7c223f5d50/7c223f5d50, pCond/pMutex=0x0/0x0
01-15 01:52:53.670   749  4131 D audio_hw_primary: select_devices: done
01-15 01:52:53.670  3104 13232 I libnfc_nci: [INFO:NfcAdaptation.cc(557)] NfcAdaptation::Thread: enter
01-15 01:52:53.670  3104 13232 I libnfc_nci: [INFO:gki_ulinux.cc(194)] GKI_create_task func=0x0x7bcaa1d558  id=3  name=NFC_TASK  stack=0x0x0  stackSize=0
01-15 01:52:53.671  3104 13232 I libnfc_nci: [INFO:gki_ulinux.cc(220)] GKI creating task 3, pCond/pMutex=0x7c223f5a10/0x7c223f59e8
01-15 01:52:53.671  3104 13232 I libnfc_nci: [INFO:gki_ulinux.cc(262)] Leaving GKI_create_task 0x7bcaa1d558 3 7c222f8d50 NFC_TASK 0x0 0
01-15 01:52:53.678  3104 13233 I libnfc_nci: [INFO:gki_ulinux.cc(89)] gki_task_entry task_id=3, thread_id=7c222f8d50/7c222f8d50, pCond/pMutex=0x7c223f5a10/0x7c223f5
9e8
01-15 01:52:53.678  3104 13233 I libnfc_nci: [INFO:nfc_task.cc(352)] NFC_TASK started.
01-15 01:52:53.678  3104 13233 I libnfc_nci: [INFO:gki_ulinux.cc(558)] GKI_wait task=3, pCond/pMutex = 0x7c223f5a10/0x7c223f59e8
01-15 01:52:53.678  3104 13232 I libnfc_nci: [INFO:gki_ulinux.cc(1090)] GKI_exit_task 0 done
01-15 01:52:53.678  3104 13232 I libnfc_nci: [INFO:NfcAdaptation.cc(570)] NfcAdaptation::Thread: exit
01-15 01:52:53.678  3104  4210 I libnfc_nci: [INFO:NfcAdaptation.cc(466)] NfcAdaptation::Initialize: exit
01-15 01:52:53.678  3104 13232 E libnfc_nci: [ERROR:gki_ulinux.cc(98)] gki_task task_id=0 terminating
01-15 01:52:53.678  3104  4210 I libnfc_nci: [INFO:nfa_dm_api.cc(60)] NFA_Init
01-15 01:52:53.678  3104  4210 I libnfc_nci: [INFO:nfa_dm_main.cc(97)] nfa_dm_init
01-15 01:52:53.678  3104  4210 I libnfc_nci: [INFO:nfa_sys_main.cc(133)] id=1, enable_cplt_mask=0x0
01-15 01:52:53.678  3104  4210 I libnfc_nci: [INFO:nfa_p2p_main.cc(477)] nfa_p2p_init
01-15 01:52:53.678  3104  4210 I libnfc_nci: [INFO:nfa_sys_main.cc(133)] id=3, enable_cplt_mask=0x8
01-15 01:52:53.678  3104  4210 I libnfc_nci: [INFO:nfa_rw_main.cc(70)] nfa_rw_init
01-15 01:52:53.679  3104  4210 I libnfc_nci: [INFO:nfa_sys_main.cc(133)] id=5, enable_cplt_mask=0x28
01-15 01:52:53.679  3104  4210 I libnfc_nci: [INFO:nfa_ce_main.cc(76)] nfa_ce_init
01-15 01:52:53.679  3104  4210 I libnfc_nci: [INFO:nfa_sys_main.cc(133)] id=6, enable_cplt_mask=0x68
01-15 01:52:53.679  3104  4210 I libnfc_nci: [INFO:nfa_ee_main.cc(99)] nfa_ee_init
01-15 01:52:53.679  3104  4210 I libnfc_nci: [INFO:nfa_sys_main.cc(133)] id=2, enable_cplt_mask=0x6c
01-15 01:52:53.679  3104  4210 I libnfc_nci: [INFO:nfa_hci_main.cc(191)] nfa_hci_init
01-15 01:52:53.679  3104  4210 I libnfc_nci: [INFO:nfa_sys_main.cc(133)] id=7, enable_cplt_mask=0xec
01-15 01:52:53.679  3104  4210 I libnfc_nci: [INFO:llcp_main.cc(57)] llcp_init
01-15 01:52:53.679  3104  4210 I libnfc_nci: [INFO:llcp_main.cc(89)] num_rx_buff = 9, rx_congest_start = 6, rx_congest_end = 4, max_num_ll_rx_buff = 2
01-15 01:52:53.679  3104  4210 I libnfc_nci: [INFO:llcp_main.cc(102)] max_num_tx_buff = 21, max_num_ll_tx_buff = 6
01-15 01:52:53.679  3104  4210 I libnfc_nci: [INFO:llcp_api.cc(369)] SAP:0x1, link_type:0x2, ServiceName:<urn:nfc:sn:sdp>
01-15 01:52:53.679  3104  4210 I libnfc_nci: [INFO:llcp_api.cc(453)] Registered SAP = 0x01
01-15 01:52:53.679  3104  4210 I libnfc_nci: [INFO:nfa_dm_api.cc(102)] NFA_Enable
01-15 01:52:53.679  3104 13233 I libnfc_nci: [INFO:nfa_sys_main.cc(77)] NFA got event 0x0100
01-15 01:52:53.679  3104 13233 I libnfc_nci: [INFO:nfa_dm_main.cc(122)] event: NFA_DM_API_ENABLE_EVT (0x00)
01-15 01:52:53.679  3104 13233 I libnfc_nci: [INFO:nfa_dm_act.cc(433)] nfa_dm_enable
01-15 01:52:53.680  3104 13233 I libnfc_nci: [INFO:nfc_main.cc(664)] NFC_Enable
01-15 01:52:53.680  3104 13233 I libnfc_nci: [INFO:nfc_main.cc(326)] nfc_set_state 0 (NONE)->1 (W4_HAL_OPEN)
01-15 01:52:53.680  3104 13233 I libnfc_nci: [INFO:NfcAdaptation.cc(681)] NfcAdaptation::HalOpen
01-15 01:52:53.680   767   767 D android.hardware.nfc@1.2-impl: Nfc::open Enter
01-15 01:52:53.680   767   767 D NxpHal  : phNxpNci_MinOpen(): enter
01-15 01:52:53.681   767   767 D NxpHal  : nfc_debug_enabled : 1
01-15 01:52:53.681   767   767 D NxpExtns: find found NXPLOG_NCIHAL_LOGLEVEL=(0x3)
01-15 01:52:53.681   767   767 D NxpExtns: find found NXPLOG_EXTNS_LOGLEVEL=(0x3)
01-15 01:52:53.681   767   767 D NxpExtns: find found NXPLOG_TML_LOGLEVEL=(0x3)
01-15 01:52:53.681   767   767 D NxpExtns: find found NXPLOG_FWDNLD_LOGLEVEL=(0x3)
01-15 01:52:53.681   767   767 D NxpExtns: find found NXPLOG_NCIX_LOGLEVEL=(0x3)
01-15 01:52:53.681   767   767 D NxpExtns: find found NXPLOG_NCIR_LOGLEVEL=(0x3)
01-15 01:52:53.682   767   767 D NxpNfcHal: phNxpLog_InitializeLogLevel: global =1, Fwdnld =3, extns =3,                 hal =3, tml =3, ncir =3,                 nc
ix =3
01-15 01:52:53.682   767   767 D NxpHal  : Entering phNxpNciHal_init_monitor
01-15 01:52:53.682   767   767 D NxpHal  : Returning with SUCCESS
01-15 01:52:53.683   767   767 D EseAdaptation: EseAdaptation::Initialize: enter
01-15 01:52:53.683   767   767 D EseAdaptation: EseAdaptation::InitializeHalDeviceContext: enter
01-15 01:52:53.699     0     0 E nq-nci 6-0028: nfc_open: 10,54
01-15 01:52:53.699     0     0 E nq-nci 6-0028: gpio_set_value disable: nfc_ioctl_power_states: info: ffffffe3ab7f4000
01-15 01:52:53.683   767   767 D EseAdaptation: EseAdaptation::InitializeHalDeviceContext: INxpEse::tryGetService()
01-15 01:52:53.683   605   605 E SELinux : avc:  denied  { find } for interface=vendor.nxp.nxpese::INxpEse sid=u:r:hal_nfc_default:s0 pid=767 scontext=u:r:hal_nfc_d
efault:s0 tcontext=u:object_r:default_android_hwservice:s0 tclass=hwservice_manager permissive=0
01-15 01:52:53.683   605   605 I auditd  : avc:  denied  { find } for interface=vendor.nxp.nxpese::INxpEse sid=u:r:hal_nfc_default:s0 pid=767 scontext=u:r:hal_nfc_d
efault:s0 tcontext=u:object_r:default_android_hwservice:s0 tclass=hwservice_manager permissive=0
01-15 01:52:53.684   767   767 D EseAdaptation: EseAdaptation::InitializeHalDeviceContext: Failed to retrieve the NXP ESE HAL!
01-15 01:52:53.684   767   767 D EseAdaptation: EseAdaptation::InitializeHalDeviceContext: exit
01-15 01:52:53.684   767   767 D EseAdaptation: EseAdaptation::Initialize: exit
01-15 01:52:53.684   767   767 D NxpExtns: find found NXP_NFC_DEV_NODE=/dev/nq-nci
01-15 01:52:53.684   767   767 D NxpTml  : Opening port=/dev/nq-nci
01-15 01:52:53.688   767   767 D NxpTml  : phTmlNfc_i2c_reset(), VEN level 0
01-15 01:52:53.704   767   767 D NxpTml  : phTmlNfc_i2c_reset(), VEN level 1
01-15 01:52:53.714     0     0 E nq-nci 6-0028: gpio_set_value enable: nfc_ioctl_power_states: info: ffffffe3ab7f4000
01-15 01:52:53.715   767 13235 D NxpTml  : PN54X - Tml Reader Thread Started................
01-15 01:52:53.715   767 13236 D NxpTml  : PN54X - Tml Writer Thread Started................
01-15 01:52:53.715   767 13236 D NxpTml  : PN54X - Tml Writer Thread Running................
01-15 01:52:53.716   767   767 D NfccPowerTracker: NfccPowerTracker::ProcessCmd: Enter,Recieved len :4
01-15 01:52:53.716   767 13235 D NxpTml  : PN54X - Read requested.....
01-15 01:52:53.716   767 13235 D NxpTml  : PN54X - Invoking I2C Read.....
01-15 01:52:53.716   767 13236 D NxpTml  : PN54X - Write requested.....
01-15 01:52:53.716   767 13236 D NxpTml  : PN54X - Invoking I2C Write.....
01-15 01:52:53.716   767 13238 D NxpHal  : thread started
01-15 01:52:53.727     0     0 E nq-nci 6-0028: nfc_read : reading 3 bytes.
01-15 01:52:53.727     0     0 E i2c-msm-v2 c1b6000.i2c: NACK: slave not responding, ensure its powered: msgs(n:1 cur:0 tx) bc(rx:0 tx:4) mode:FIFO slv_addr:0x28 MS
TR_STS:0x0d1300c8 OPER:0x00000090
01-15 01:52:53.731     0     0 E nq-nci 6-0028: nfc_write: failed to write -107
01-15 01:52:53.734     0     0 E q6core_get_service_version: Failed to get service size for service id 7 with error -95
01-15 01:52:53.738     0     0 E q6asm_callback: payload size of 8 is less than expected.
01-15 01:52:53.757   767 13236 D NxpTml  : _i2c_write() errno : 5
01-15 01:52:53.757   767 13236 D NxpTml  : PN54X - Error in I2C Write.....
01-15 01:52:53.757   767 13236 D NxpTml  : PN54X - Posting Fresh Write message.....
01-15 01:52:53.757   767 13236 D NxpTml  : PN54X - Tml Writer Thread Running................
01-15 01:52:53.757   767 13238 D NxpHal  : write error status = 0x1ff
01-15 01:52:53.757   767   767 D NxpHal  : write_unlocked failed - PN54X Maybe in Standby Mode - Retry
01-15 01:52:53.739     0     0 E q6asm_callback: payload size of 8 is less than expected.
01-15 01:52:53.768     0     0 E q6core_get_service_version: Failed to get service size for service id 8 with error -95
01-15 01:52:53.768   767 13236 D NxpTml  : PN54X - Write requested.....
01-15 01:52:53.768   767 13236 D NxpTml  : PN54X - Invoking I2C Write.....
01-15 01:52:53.770   767 13236 D NxpNciX : len =   4 > 20000100
01-15 01:52:53.770   767 13236 D NxpTml  : PN54X - I2C Write successful.....
01-15 01:52:53.770   767 13236 D NxpTml  : PN54X - Posting Fresh Write message.....
01-15 01:52:53.770   767 13236 D NxpTml  : PN54X - Tml Writer Thread Running................
01-15 01:52:53.771   767 13238 D NxpHal  : write successful status = 0x0
01-15 01:52:53.771   767   767 D NxpHal  : Response timer started
01-15 01:52:53.771   767   767 D NxpHal  : Waiting after ext cmd sent
01-15 01:52:53.773   767 13235 D NxpTml  : PN54X - I2C Read successful.....
01-15 01:52:53.773   767 13235 D NxpNciR : len =   6 > 400003001100
01-15 01:52:53.773   767 13235 D NxpTml  : PN54X - Posting read message.....
01-15 01:52:53.774   767 13238 D NxpHal  : read successful status = 0x0
01-15 01:52:53.774   767 13238 D NxpHal  : CORE_RESET_RSP NCI1.0
01-15 01:52:53.774   767   767 D NxpHal  : Response timer stopped
01-15 01:52:53.774   767   767 D NxpHal  : Checking response
01-15 01:52:53.774   767   767 D NfccPowerTracker: NfccPowerTracker::ProcessCmd: Enter,Recieved len :3
01-15 01:52:53.774   767 13236 D NxpTml  : PN54X - Write requested.....
01-15 01:52:53.774   767 13236 D NxpTml  : PN54X - Invoking I2C Write.....
01-15 01:52:53.774   767 13235 D NxpTml  : PN54X - Read requested.....
01-15 01:52:53.782     0     0 E nq-nci 6-0028: nfc_read : reading 3 bytes.
01-15 01:52:53.785     0     0 E nq-nci 6-0028: nfc_read : reading 3 bytes.
01-15 01:52:53.787     0     0 E q6core_get_service_version: Failed to get service size for service id 7 with error -95
01-15 01:52:53.788     0     0 E q6asm_callback: payload size of 8 is less than expected.
01-15 01:52:53.774   767 13235 D NxpTml  : PN54X - Invoking I2C Read.....
01-15 01:52:53.776   767 13236 D NxpNciX : len =   3 > 200100
01-15 01:52:53.776   767 13236 D NxpTml  : PN54X - I2C Write successful.....
01-15 01:52:53.776   767 13236 D NxpTml  : PN54X - Posting Fresh Write message.....
01-15 01:52:53.776   767 13236 D NxpTml  : PN54X - Tml Writer Thread Running................
01-15 01:52:53.791   767 13238 D NxpHal  : write successful status = 0x0
01-15 01:52:53.792   767   767 D NxpHal  : Response timer started
01-15 01:52:53.792   767   767 D NxpHal  : Waiting after ext cmd sent
01-15 01:52:53.798   749  4131 D msm8974_platform: platform_set_channel_map mixer_ctl_name:Playback Channel Map13
01-15 01:52:53.807     0     0 E nq-nci 6-0028: nfc_read : reading 25 bytes.
01-15 01:52:53.799   749  4131 D msm8974_platform: platform_set_channel_map: set mapping(1 2 0 0 0 0 0 0) for channel:2
01-15 01:52:53.801   767 13235 D NxpTml  : PN54X - I2C Read successful.....
01-15 01:52:53.801   767 13235 D NxpNciR : len =  28 > 40011900031E030008000102038081828302D002FF020004881001A0
01-15 01:52:53.801   767 13235 D NxpTml  : PN54X - Posting read message.....
01-15 01:52:53.801   767 13238 D NxpHal  : read successful status = 0x0
01-15 01:52:53.801   767 13238 D NxpHal  : CORE_INIT_RSP NCI1.0 received !
01-15 01:52:53.812     0     0 E nq-nci 6-0028: nfc_read : reading 3 bytes.
01-15 01:52:53.801   767 13238 D NxpHal  : getChipType HwVersion : 0x88
01-15 01:52:53.801   767 13238 D NxpHal  : getChipType Product : PN548C2
01-15 01:52:53.801   767 13238 D NxpHal  : phNxpNciHal_configFeatureList chipType = 3
01-15 01:52:53.801   767 13238 D NxpHal  : NxpNci> FW Version: 10.1.a0
01-15 01:52:53.802   767 13235 D NxpTml  : PN54X - Read requested.....
01-15 01:52:53.802   767 13235 D NxpTml  : PN54X - Invoking I2C Read.....
01-15 01:52:53.802   767   767 D NxpHal  : Response timer stopped
01-15 01:52:53.802   767   767 D NxpHal  : Checking response
01-15 01:52:53.802   767   767 D NxpExtns: find found NXP_I2C_FRAGMENTATION_ENABLED=(0x0)
01-15 01:52:53.802   749  4131 D audio_hw_primary: start_output_stream: exit
01-15 01:52:53.802   767   767 D NfccPowerTracker: NfccPowerTracker::ProcessCmd: Enter,Recieved len :6
01-15 01:52:53.802   767 13236 D NxpTml  : PN54X - Write requested.....
01-15 01:52:53.802   767 13236 D NxpTml  : PN54X - Invoking I2C Write.....
01-15 01:52:53.806   767 13236 D NxpNciX : len =   6 > 20030301A005
01-15 01:52:53.806   767 13236 D NxpTml  : PN54X - I2C Write successful.....
01-15 01:52:53.806   767 13236 D NxpTml  : PN54X - Posting Fresh Write message.....
01-15 01:52:53.806   767 13236 D NxpTml  : PN54X - Tml Writer Thread Running................
01-15 01:52:53.806   767 13238 D NxpHal  : write successful status = 0x0
01-15 01:52:53.806   767   767 D NxpHal  : Response timer started
01-15 01:52:53.806   767   767 D NxpHal  : Waiting after ext cmd sent
01-15 01:52:53.808   767 13235 D NxpTml  : PN54X - I2C Read successful.....
01-15 01:52:53.808   767 13235 D NxpNciR : len =   9 > 4003060001A0050100
01-15 01:52:53.808   767 13235 D NxpTml  : PN54X - Posting read message.....
01-15 01:52:53.809   767 13238 D NxpHal  : read successful status = 0x0
01-15 01:52:53.809   767 13238 D NxpHal  : phNxpNciHal_print_res_status: response status =STATUS_OK
01-15 01:52:53.809   767   767 D NxpHal  : Response timer stopped
01-15 01:52:53.809   767   767 D NxpHal  : Checking response
01-15 01:52:53.809   767   767 W NxpFwDnld: firmware type not found. Taking default value: 1
01-15 01:52:53.811   767   767 D NxpFwDnld: @@@/vendor/lib/libpn548ad_fw.so
01-15 01:52:53.817     0     0 E q6asm_callback: payload size of 8 is less than expected.
01-15 01:52:53.818     0     0 E nq-nci 6-0028: nfc_read : reading 6 bytes.
01-15 01:52:53.811   767   767 E NxpFwDnld: NULL handler : unable to load the library file, specify correct path
01-15 01:52:53.811   767   767 D NxpFwDnld: FW Image Length - ImageInfoLen 0
01-15 01:52:53.811   767   767 D NxpFwDnld: FW Image Info Pointer - pImageInfo 0x0
01-15 01:52:53.811   767   767 E NxpFwDnld: Image extraction Failed - invalid imginfo or imginfolen!!
01-15 01:52:53.811   767   767 E NxpFwDnld: Error loading libpn54x_fw !!
01-15 01:52:53.811   767   767 D NxpHal  : FW version for FW file = 0x0
01-15 01:52:53.811   767   767 D NxpHal  : FW version from device = 0x1001a0
01-15 01:52:53.811   767   767 E NxpHal  : Wrong FW Version >>> Firmware download not allowed
01-15 01:52:53.812   767   767 D NxpHal  : FW download Rejected. Continuiing Nfc Init
01-15 01:52:53.812   767   767 D NfccPowerTracker: NfccPowerTracker::ProcessCmd: Enter,Recieved len :5
01-15 01:52:53.815   767 13236 D NxpTml  : PN54X - Write requested.....
01-15 01:52:53.815   767 13236 D NxpTml  : PN54X - Invoking I2C Write.....
01-15 01:52:53.812   767 13235 D NxpTml  : PN54X - Read requested.....
01-15 01:52:53.819   767 13235 D NxpTml  : PN54X - Invoking I2C Read.....
01-15 01:52:53.820   767 13236 D NxpNciX : len =   5 > 2003020100
01-15 01:52:53.820   767 13236 D NxpTml  : PN54X - I2C Write successful.....
01-15 01:52:53.820   767 13236 D NxpTml  : PN54X - Posting Fresh Write message.....
01-15 01:52:53.820   767 13236 D NxpTml  : PN54X - Tml Writer Thread Running................
01-15 01:52:53.821   767 13238 D NxpHal  : write successful status = 0x0
01-15 01:52:53.821   767   767 D NxpHal  : Response timer started
01-15 01:52:53.821   767   767 D NxpHal  : Waiting after ext cmd sent
01-15 01:52:53.830     0     0 E nq-nci 6-0028: nfc_read : reading 3 bytes.
01-15 01:52:53.831     0     0 E nq-nci 6-0028: nfc_read : reading 6 bytes.
01-15 01:52:53.828   767 13235 D NxpTml  : PN54X - I2C Read successful.....
01-15 01:52:53.828   767 13235 D NxpNciR : len =   9 > 40030600010002F401
01-15 01:52:53.828   767 13235 D NxpTml  : PN54X - Posting read message.....
01-15 01:52:53.828   767 13238 D NxpHal  : read successful status = 0x0
01-15 01:52:53.828   767 13238 D NxpHal  : phNxpNciHal_print_res_status: response status =STATUS_OK
01-15 01:52:53.828   767   767 D NxpHal  : Response timer stopped
01-15 01:52:53.828   767   767 D NxpHal  : Checking response
01-15 01:52:53.828   767   767 D NfccPowerTracker: mStandbyTimePerDiscLoopInMillisec value : 500
01-15 01:52:53.828   767   767 D NxpHal  : phNxpNciHal_MinOpen(): exit
01-15 01:52:53.828   767   767 D android.hardware.nfc@1.2-impl: Nfc::open Exit
01-15 01:52:53.829   767 13235 D NxpTml  : PN54X - Read requested.....
01-15 01:52:53.840     0     0 E nq-nci 6-0028: nfc_read : reading 3 bytes.
01-15 01:52:53.829   767 13235 D NxpTml  : PN54X - Invoking I2C Read.....
01-15 01:52:53.830  3104  3259 I libnfc_nci: [INFO:nfc_main.cc(568)] nfc_main_hal_cback event: HAL_NFC_OPEN_CPLT_EVT(0x0), status=0
01-15 01:52:53.833  3104 13233 I libnfc_nci: [INFO:nfc_task.cc(362)] NFC_TASK got NFC_TASK_EVT_TRANSPORT_READY.
01-15 01:52:53.833  3104 13233 I libnfc_nci: [INFO:nfc_main.cc(326)] nfc_set_state 1 (W4_HAL_OPEN)->2 (CORE_INIT)
01-15 01:52:53.834  3104 13233 I libnfc_nci: [INFO:NfcAdaptation.cc(751)] NfcAdaptation::HalWrite
01-15 01:52:53.834   767   767 D NxpExtns: find found MIFARE_READER_ENABLE=(0x1)
01-15 01:52:53.834   767   767 D NfccPowerTracker: NfccPowerTracker::ProcessCmd: Enter,Recieved len :4
01-15 01:52:53.834   767 13236 D NxpTml  : PN54X - Write requested.....
01-15 01:52:53.834   767 13236 D NxpTml  : PN54X - Invoking I2C Write.....
01-15 01:52:53.837   767 13236 D NxpNciX : len =   4 > 20000101
01-15 01:52:53.837   767 13236 D NxpTml  : PN54X - I2C Write successful.....
01-15 01:52:53.837   767 13236 D NxpTml  : PN54X - Posting Fresh Write message.....
01-15 01:52:53.837   767 13236 D NxpTml  : PN54X - Tml Writer Thread Running................
01-15 01:52:53.838   767 13238 D NxpHal  : write successful status = 0x0
01-15 01:52:53.862   767 13235 D NxpTml  : PN54X - I2C Read successful.....
01-15 01:52:53.863   767 13235 D NxpNciR : len =   6 > 400003001101
01-15 01:52:53.863   767 13235 D NxpTml  : PN54X - Posting read message.....
01-15 01:52:53.863   767 13238 D NxpHal  : read successful status = 0x0
01-15 01:52:53.863   767 13238 D NxpHal  : CORE_RESET_RSP NCI1.0
01-15 01:52:53.864   767 13235 D NxpTml  : PN54X - Read requested.....
01-15 01:52:53.864   767 13235 D NxpTml  : PN54X - Invoking I2C Read.....
01-15 01:52:53.864  3104 13233 I libnfc_nci: [INFO:nfc_ncif.cc(399)] NFC received rsp gid:0
01-15 01:52:53.865  3104 13233 I libnfc_nci: [INFO:nci_hrcv.cc(62)] nci_proc_core_rsp opcode:0x0
01-15 01:52:53.865  3104 13233 I libnfc_nci: [INFO:nfc_ncif.cc(1430)] CORE_RESET_RSP len :0x3
01-15 01:52:53.865  3104 13233 I libnfc_nci: [INFO:NfcAdaptation.cc(751)] NfcAdaptation::HalWrite
01-15 01:52:53.871   767   767 D NxpExtns: find found MIFARE_READER_ENABLE=(0x1)
01-15 01:52:53.871   767   767 D NfccPowerTracker: NfccPowerTracker::ProcessCmd: Enter,Recieved len :3
01-15 01:52:53.871   767 13236 D NxpTml  : PN54X - Write requested.....
01-15 01:52:53.871   767 13236 D NxpTml  : PN54X - Invoking I2C Write.....
01-15 01:52:53.874   767 13236 D NxpNciX : len =   3 > 200100
01-15 01:52:53.872     0     0 I chatty  : uid=0(root) logd identical 1 line
01-15 01:52:53.875     0     0 E nq-nci 6-0028: nfc_read : reading 3 bytes.
01-15 01:52:53.884     0     0 E nq-nci 6-0028: nfc_read : reading 25 bytes.
01-15 01:52:53.890     0     0 E nq-nci 6-0028: nfc_read : reading 3 bytes.
01-15 01:52:53.874   767 13236 D NxpTml  : PN54X - I2C Write successful.....
01-15 01:52:53.874   767 13236 D NxpTml  : PN54X - Posting Fresh Write message.....
01-15 01:52:53.874   767 13236 D NxpTml  : PN54X - Tml Writer Thread Running................
01-15 01:52:53.874   767 13235 D NxpTml  : PN54X - I2C Read successful.....
01-15 01:52:53.875   767 13238 D NxpHal  : write successful status = 0x0
01-15 01:52:53.875   767 13235 D NxpNciR : len =  28 > 40011900031E030008000102038081828302D002FF020004881001A0
01-15 01:52:53.875   767 13235 D NxpTml  : PN54X - Posting read message.....
01-15 01:52:53.875   767 13238 D NxpHal  : read successful status = 0x0
01-15 01:52:53.875   767 13238 D NxpHal  : CORE_INIT_RSP NCI1.0 received !
01-15 01:52:53.875   767 13238 D NxpHal  : NxpNci> FW Version: 10.1.a0
01-15 01:52:53.877  3104 13233 I libnfc_nci: [INFO:nfc_ncif.cc(399)] NFC received rsp gid:0
01-15 01:52:53.877  3104 13233 I libnfc_nci: [INFO:nci_hrcv.cc(62)] nci_proc_core_rsp opcode:0x1
01-15 01:52:53.878  3104 13233 I libnfc_nci: [INFO:nfc_ncif.cc(1486)] scbr support: 0x1
01-15 01:52:53.878  3104 13233 I libnfc_nci: [INFO:nfc_main.cc(326)] nfc_set_state 2 (CORE_INIT)->3 (W4_POST_INIT_CPLT)
01-15 01:52:53.878  3104 13233 I libnfc_nci: [INFO:NfcAdaptation.cc(769)] NfcAdaptation::HalCoreInitialized
01-15 01:52:53.879   767   767 D NxpExtns: find found NXP_ACT_PROP_EXTN=/╗
01-15 01:52:53.879   767   767 D NfccPowerTracker: NfccPowerTracker::ProcessCmd: Enter,Recieved len :3
01-15 01:52:53.893     0     0 E nq-nci 6-0028: nfc_read : reading 5 bytes.
01-15 01:52:53.897     0     0 E nq-nci 6-0028: nfc_read : reading 3 bytes.
01-15 01:52:53.879   767 13236 D NxpTml  : PN54X - Write requested.....
01-15 01:52:53.879   767 13235 D NxpTml  : PN54X - Read requested.....
01-15 01:52:53.879   767 13236 D NxpTml  : PN54X - Invoking I2C Write.....
01-15 01:52:53.879   767 13235 D NxpTml  : PN54X - Invoking I2C Read.....
01-15 01:52:53.882   767 13236 D NxpNciX : len =   3 > 2F0200
01-15 01:52:53.882   767 13236 D NxpTml  : PN54X - I2C Write successful.....
01-15 01:52:53.882   767 13236 D NxpTml  : PN54X - Posting Fresh Write message.....
01-15 01:52:53.882   767 13236 D NxpTml  : PN54X - Tml Writer Thread Running................
01-15 01:52:53.882   767 13238 D NxpHal  : write successful status = 0x0
01-15 01:52:53.883   767   767 D NxpHal  : Response timer started
01-15 01:52:53.883   767   767 D NxpHal  : Waiting after ext cmd sent
01-15 01:52:53.903     0     0 E nq-nci 6-0028: nfc_read : reading 2 bytes.
01-15 01:52:53.883   767 13235 D NxpTml  : PN54X - I2C Read successful.....
01-15 01:52:53.906     0     0 E nq-nci 6-0028: nfc_read : reading 3 bytes.
01-15 01:52:53.883   767 13235 D NxpNciR : len =   8 > 4F02050000009F97
01-15 01:52:53.883   767 13235 D NxpTml  : PN54X - Posting read message.....
01-15 01:52:53.884  1340  1355 W ServiceManagement: Waited one second for android.hardware.drm@1.0::IDrmFactory/widevine
01-15 01:52:53.885   767 13238 D NxpHal  : read successful status = 0x0
01-15 01:52:53.885   767   767 D NxpHal  : Response timer stopped
01-15 01:52:53.886   767 13235 D NxpTml  : PN54X - Read requested.....
01-15 01:52:53.886   767 13235 D NxpTml  : PN54X - Invoking I2C Read.....
01-15 01:52:53.885   767   767 D NxpHal  : Checking response
01-15 01:52:53.887   767   767 D NfccPowerTracker: NfccPowerTracker::ProcessCmd: Enter,Recieved len :8
01-15 01:52:53.887   767 13236 D NxpTml  : PN54X - Write requested.....
01-15 01:52:53.887   767 13236 D NxpTml  : PN54X - Invoking I2C Write.....
01-15 01:52:53.890   767 13236 D NxpNciX : len =   8 > 20020501A0070103
01-15 01:52:53.890   767 13236 D NxpTml  : PN54X - I2C Write successful.....
01-15 01:52:53.911     0     0 E nq-nci 6-0028: nfc_read : reading 37 bytes.
01-15 01:52:53.890   767 13236 D NxpTml  : PN54X - Posting Fresh Write message.....
01-15 01:52:53.890   767 13236 D NxpTml  : PN54X - Tml Writer Thread Running................
01-15 01:52:53.891   767 13238 D NxpHal  : write successful status = 0x0
01-15 01:52:53.921     0     0 E nq-nci 6-0028: nfc_read : reading 3 bytes.
01-15 01:52:53.923     0     0 I init    : Received control message 'interface_start' for 'android.hardware.drm@1.0::IDrmFactory/widevine' from pid: 605 (/system/bi
n/hwservicemanager)
01-15 01:52:53.893   767   767 D NxpHal  : Response timer started
01-15 01:52:53.893   767   767 D NxpHal  : Waiting after ext cmd sent
01-15 01:52:53.894   767 13235 D NxpTml  : PN54X - I2C Read successful.....
01-15 01:52:53.894   767 13235 D NxpNciR : len =   5 > 4002020000
01-15 01:52:53.894   767 13235 D NxpTml  : PN54X - Posting read message.....
01-15 01:52:53.894   767 13238 D NxpHal  : read successful status = 0x0
01-15 01:52:53.894   767 13238 D NxpHal  : phNxpNciHal_print_res_status: response status =STATUS_OK
01-15 01:52:53.894   767   767 D NxpHal  : Response timer stopped
01-15 01:52:53.923     0     0 E init    : Could not find 'android.hardware.drm@1.0::IDrmFactory/widevine' for ctl.interface_start
01-15 01:52:53.928     0     0 E nq-nci 6-0028: nfc_read : reading 14 bytes.
01-15 01:52:53.894   767   767 D NxpHal  : Checking response
01-15 01:52:53.894   767   767 D NfccPowerTracker: NfccPowerTracker::ProcessCmd: Enter,Recieved len :6
01-15 01:52:53.894   767 13236 D NxpTml  : PN54X - Write requested.....
01-15 01:52:53.895   767 13236 D NxpTml  : PN54X - Invoking I2C Write.....
01-15 01:52:53.895  1340  1355 I ServiceManagement: getService: Trying again for android.hardware.drm@1.0::IDrmFactory/widevine...
01-15 01:52:53.895   767 13235 D NxpTml  : PN54X - Read requested.....
01-15 01:52:53.895   767 13235 D NxpTml  : PN54X - Invoking I2C Read.....
01-15 01:52:53.896   767 13236 D NxpNciX : len =   6 > 20030301A00F
01-15 01:52:53.896   767 13236 D NxpTml  : PN54X - I2C Write successful.....
01-15 01:52:53.896   767 13236 D NxpTml  : PN54X - Posting Fresh Write message.....
01-15 01:52:53.896   767 13236 D NxpTml  : PN54X - Tml Writer Thread Running................
01-15 01:52:53.896   767 13238 D NxpHal  : write successful status = 0x0
01-15 01:52:53.897   767   767 D NxpHal  : Response timer started
01-15 01:52:53.897   767   767 D NxpHal  : Waiting after ext cmd sent
01-15 01:52:53.909   767 13235 D NxpTml  : PN54X - I2C Read successful.....
01-15 01:52:53.909   767 13235 D NxpNciR : len =  40 > 4003250001A00F200000000000000000000000000000000000000000000000000000000000000000
01-15 01:52:53.909   767 13235 D NxpTml  : PN54X - Posting read message.....
01-15 01:52:53.909   767 13238 D NxpHal  : read successful status = 0x0
01-15 01:52:53.910   767 13238 D NxpHal  : phNxpNciHal_print_res_status: response status =STATUS_OK
01-15 01:52:53.910   767   767 D NxpHal  : Response timer stopped
01-15 01:52:53.910   767   767 D NxpHal  : Checking response
01-15 01:52:53.910   767 13235 D NxpTml  : PN54X - Read requested.....
01-15 01:52:53.910   767   767 E NxpHal  : enter phNxpNciHal_check_clock_config
01-15 01:52:53.910   767 13235 D NxpTml  : PN54X - Invoking I2C Read.....
01-15 01:52:53.910   767   767 D NxpExtns: find found NXP_SYS_CLK_SRC_SEL=(0x1)
01-15 01:52:53.910   767   767 D NxpExtns: find found NXP_SYS_CLK_FREQ_SEL=(0x0)
01-15 01:52:53.939     0     0 E nq-nci 6-0028: nfc_read : reading 3 bytes.
01-15 01:52:53.910   767   767 D NxpExtns: find found NXP_SYS_CLOCK_TO_CFG=(0x1)
01-15 01:52:53.910   767   767 D NxpFwDnld: gphNxpNciHal_fw_IoctlCtx.bClkSrcVal = 0x1
01-15 01:52:53.910   767   767 D NxpFwDnld: gphNxpNciHal_fw_IoctlCtx.bClkFreqVal = 0x0
01-15 01:52:53.911   767   767 D NxpFwDnld: gphNxpNciHal_fw_IoctlCtx.bTimeout = 0x1
01-15 01:52:53.911   767   767 D NfccPowerTracker: NfccPowerTracker::ProcessCmd: Enter,Recieved len :10
01-15 01:52:53.911   767 13236 D NxpTml  : PN54X - Write requested.....
01-15 01:52:53.911   767 13236 D NxpTml  : PN54X - Invoking I2C Write.....
01-15 01:52:53.913   605   605 I hwservicemanager: getTransport: Cannot find entry vendor.qti.hardware.servicetracker@1.0::IServicetracker/default in either framewo
rk or device manifest.
01-15 01:52:53.914   767 13236 D NxpNciX : len =  10 > 20030703A002A003A004
01-15 01:52:53.914   767 13236 D NxpTml  : PN54X - I2C Write successful.....
01-15 01:52:53.914   767 13236 D NxpTml  : PN54X - Posting Fresh Write message.....
01-15 01:52:53.914   767 13236 D NxpTml  : PN54X - Tml Writer Thread Running................
01-15 01:52:53.914   767 13238 D NxpHal  : write successful status = 0x0
01-15 01:52:53.914   767   767 D NxpHal  : Response timer started
01-15 01:52:53.914   767   767 D NxpHal  : Waiting after ext cmd sent
01-15 01:52:53.916   605   605 I hwservicemanager: getTransport: Cannot find entry vendor.qti.hardware.servicetracker@1.0::IServicetracker/default in either framewo
rk or device manifest.
01-15 01:52:53.927   767 13235 D NxpTml  : PN54X - I2C Read successful.....
01-15 01:52:53.927   767 13235 D NxpNciR : len =  17 > 40030E0003A0020101A0030108A0040101
01-15 01:52:53.927   767 13235 D NxpTml  : PN54X - Posting read message.....
01-15 01:52:53.928   767 13238 D NxpHal  : read successful status = 0x0
01-15 01:52:53.928   767 13238 D NxpHal  : phNxpNciHal_print_res_status: response status =STATUS_OK
01-15 01:52:53.928   767   767 D NxpHal  : Response timer stopped
01-15 01:52:53.928   767   767 D NxpHal  : Checking response
01-15 01:52:53.928   767   767 E NxpHal  :  phNxpNciHal_check_clock_config end
01-15 01:52:53.929   767 13235 D NxpTml  : PN54X - Read requested.....
01-15 01:52:53.929   767 13235 D NxpTml  : PN54X - Invoking I2C Read.....
01-15 01:52:53.929   767   767 D NxpExtns: find found NXP_NFC_PROFILE_EXTN= ╗║╔�D╔
01-15 01:52:53.929   767   767 D NfccPowerTracker: NfccPowerTracker::ProcessCmd: Enter,Recieved len :8
01-15 01:52:53.929   767 13236 D NxpTml  : PN54X - Write requested.....
01-15 01:52:53.930   767 13236 D NxpTml  : PN54X - Invoking I2C Write.....
01-15 01:52:53.932   767 13236 D NxpNciX : len =   8 > 20020501A0440100
01-15 01:52:53.932   767 13236 D NxpTml  : PN54X - I2C Write successful.....
01-15 01:52:53.932   767 13236 D NxpTml  : PN54X - Posting Fresh Write message.....
01-15 01:52:53.932   767 13238 D NxpHal  : write successful status = 0x0
01-15 01:52:53.933   767 13236 D NxpTml  : PN54X - Tml Writer Thread Running................
01-15 01:52:53.933   767   767 D NxpHal  : Response timer started
01-15 01:52:53.933   767   767 D NxpHal  : Waiting after ext cmd sent
01-15 01:52:53.936   767 13235 D NxpTml  : PN54X - I2C Read successful.....
01-15 01:52:53.936   767 13235 D NxpNciR : len =   5 > 4002020000
01-15 01:52:53.936   767 13235 D NxpTml  : PN54X - Posting read message.....
01-15 01:52:53.939   767 13238 D NxpHal  : read successful status = 0x0
01-15 01:52:53.939   767 13238 D NxpHal  : phNxpNciHal_print_res_status: response status =STATUS_OK
01-15 01:52:53.939   767   767 D NxpHal  : Response timer stopped
01-15 01:52:53.939   767   767 D NxpHal  : Checking response
01-15 01:52:53.939   767   767 D NxpHal  : Applying Settings: isNxpConfigModified()=0, fw_download_success=0, anti_tearing_recovery_success=0
01-15 01:52:53.939   767 13235 D NxpTml  : PN54X - Read requested.....
