01-14 18:29:08.846  4135  5818 I libnfc_nci: [INFO:nfa_dm_discover.cc(1361)] activated_handle=1
01-14 18:29:08.846  4135  5818 I libnfc_nci: [INFO:nfa_dm_act.cc(1557)] event:0x02
01-14 18:29:08.846  4135  5818 I libnfc_nci: [INFO:nfa_rw_main.cc(179)] nfa_rw_handle_event event: NFA_RW_DEACTIVATE_NTF_EVT (0x502), flags: 00000021
01-14 18:29:08.846  4135  5818 I libnfc_nci: [INFO:nfa_sys_ptim.cc(156)] nfa_sys_ptim_stop_timer 0x768e6b24f8
01-14 18:29:08.846  4135  5818 I libnfc_nci: [INFO:nfa_sys_ptim.cc(163)] ptim timer stop
01-14 18:29:08.847  4135  5818 I libnfc_nci: [INFO:nfa_rw_act.cc(192)] Stopped presence check timer (if started)
01-14 18:29:08.847  4135  5818 I libnfc_nci: [INFO:NativeNfcManager.cpp(276)] nfaConnectionCallback: event= 6
01-14 18:29:08.847  4135  5818 I libnfc_nci: [INFO:NativeNfcManager.cpp(429)] nfaConnectionCallback: NFA_DEACTIVATED_EVT   Type: 1, gIsTagDeactivating: 1
01-14 18:29:08.847  4135  5818 I libnfc_nci: [INFO:NfcTag.cpp(148)] NfcTag::setDeactivationState: state=1
01-14 18:29:08.847  4135  5818 I libnfc_nci: [INFO:nfa_dm_discover.cc(1685)] old_state: POLL_ACTIVE (4), new_state: W4_HOST_SELECT (3) disc_flags: 0x1
01-14 18:29:08.848  4135  5818 I libnfc_nci: [INFO:nfa_dm_discover.cc(2571)] new state: W4_HOST_SELECT (3), disc_flags: 0x1
01-14 18:29:08.848  4525  5820 D NxpTml  : PN54X - Read requested.....
01-14 18:29:08.848  4525  5820 D NxpTml  : PN54X - Invoking I2C Read.....
01-14 18:29:08.848  4135  4135 I libnfc_nci: [INFO:NativeNfcTag.cpp(690)] reSelect: select interface 128
01-14 18:29:08.848  4135  4135 I libnfc_nci: [INFO:nfa_dm_api.cc(800)] rf_disc_id:0x1, protocol:0x80, rf_interface:0x80
01-14 18:29:08.848  4135  5818 I libnfc_nci: [INFO:nfa_sys_main.cc(77)] NFA got event 0x0111
01-14 18:29:08.848  4135  5818 I libnfc_nci: [INFO:nfa_dm_main.cc(122)] event: NFA_DM_API_SELECT_EVT (0x11)
01-14 18:29:08.848  4135  5818 I libnfc_nci: [INFO:nfa_dm_act.cc(1322)] nfa_dm_act_select
01-14 18:29:08.848  4135  5818 I libnfc_nci: [INFO:nfa_dm_discover.cc(2721)] rf_disc_id:0x1, protocol:0x80, rf_interface:0x80
01-14 18:29:08.848  4135  5818 I libnfc_nci: [INFO:nfa_dm_discover.cc(2518)] state: W4_HOST_SELECT (3), event: SELECT_CMD(3) disc_flags: 0x11
01-14 18:29:08.848  4135  5818 I libnfc_nci: [INFO:NfcAdaptation.cc(751)] NfcAdaptation::HalWrite
01-14 18:29:08.848  4525  4525 D NxpExtns: find found MIFARE_READER_ENABLE=(0x1)
01-14 18:29:08.849  4525  4525 D NfccPowerTracker: NfccPowerTracker::ProcessCmd: Enter,Recieved len :6
01-14 18:29:08.849  4525  5821 D NxpTml  : PN54X - Write requested.....
01-14 18:29:08.849  4525  5821 D NxpTml  : PN54X - Invoking I2C Write.....
01-14 18:29:08.863     0     0 E nq-nci 6-0028: nfc_read : reading 1 bytes.
01-14 18:29:08.866     0     0 E nq-nci 6-0028: nfc_read : reading 3 bytes.
01-14 18:29:08.851  4525  5821 D NxpNciX : len =   6 > 210403018080
01-14 18:29:08.851  4525  5821 D NxpTml  : PN54X - I2C Write successful.....
01-14 18:29:08.851  4525  5821 D NxpTml  : PN54X - Posting Fresh Write message.....
01-14 18:29:08.851  4525  5821 D NxpTml  : PN54X - Tml Writer Thread Running................
01-14 18:29:08.851  4525  5823 D NxpHal  : write successful status = 0x0
01-14 18:29:08.851  4135  5818 I libnfc_nci: [INFO:nfa_dm_discover.cc(2571)] new state: W4_HOST_SELECT (3), disc_flags: 0x11
01-14 18:29:08.853  4525  5820 D NxpTml  : PN54X - I2C Read successful.....
01-14 18:29:08.853  4525  5820 D NxpNciR : len =   4 > 41040100
01-14 18:29:08.853  4525  5820 D NxpTml  : PN54X - Posting read message.....
01-14 18:29:08.853  4525  5823 D NxpHal  : read successful status = 0x0
01-14 18:29:08.854  4135  5818 I libnfc_nci: [INFO:nfc_ncif.cc(399)] NFC received rsp gid:1
01-14 18:29:08.854  4135  5818 I libnfc_nci: [INFO:nfa_dm_discover.cc(694)] event:0x4003
01-14 18:29:08.854  4135  5818 I libnfc_nci: [INFO:nfa_dm_discover.cc(2518)] state: W4_HOST_SELECT (3), event: SELECT_RSP(4) disc_flags: 0x11
01-14 18:29:08.854  4135  5818 I libnfc_nci: [INFO:NativeNfcManager.cpp(276)] nfaConnectionCallback: event= 3
01-14 18:29:08.854  4135  5818 I libnfc_nci: [INFO:NativeNfcManager.cpp(333)] nfaConnectionCallback: NFA_SELECT_RESULT_EVT: status = 0, gIsSelectingRfInterface = 1,
 sIsDisabling=0
01-14 18:29:08.854  4135  5818 I libnfc_nci: [INFO:nfa_dm_discover.cc(2571)] new state: W4_HOST_SELECT (3), disc_flags: 0x1
01-14 18:29:08.855  4525  5820 D NxpTml  : PN54X - Read requested.....
01-14 18:29:08.855  4525  5820 D NxpTml  : PN54X - Invoking I2C Read.....
01-14 18:29:08.863  4525  5820 D NxpTml  : PN54X - I2C Read successful.....
01-14 18:29:08.863  4525  5820 D NxpNciR : len =  23 > 61051401808000FF010904000442C48A92010800000000
01-14 18:29:08.863  4525  5820 D NxpTml  : PN54X - Posting read message.....
01-14 18:29:08.864  4525  5823 D NxpHal  : read successful status = 0x0
01-14 18:29:08.864  4525  5823 D NxpHal  : NxpNci: RF Interface = MIFARE
01-14 18:29:08.864  4525  5823 D NxpHal  : NxpNci: Protocol = MIFARE
01-14 18:29:08.864  4525  5823 D NxpHal  : NxpNci: Mode = A Passive Poll
01-14 18:29:08.864  4525  5823 D NfccPowerTracker: NfccPowerTracker::ProcessNtf: Enter
01-14 18:29:08.864  4135  5818 I libnfc_nci: [INFO:nfc_ncif.cc(440)] NFC received ntf gid:1
01-14 18:29:08.864  4135  5818 I libnfc_nci: [INFO:nfa_dm_discover.cc(3030)] returning TRUE
01-14 18:29:08.864  4135  5818 I libnfc_nci: [INFO:nfc_main.cc(326)] nfc_set_state 4 (IDLE)->5 (OPEN)
01-14 18:29:08.864  4135  5818 I libnfc_nci: [INFO:nfc_ncif.cc(907)] nfc_ncif_proc_activate:20 0, mode:0x00
01-14 18:29:08.864  4135  5818 I libnfc_nci: [INFO:nfa_dm_discover.cc(694)] event:0x4004
01-14 18:29:08.865  4135  5818 I libnfc_nci: [INFO:nfa_dm_discover.cc(2518)] state: W4_HOST_SELECT (3), event: ACTIVATED_NTF(5) disc_flags: 0x1
01-14 18:29:08.865  4135  5818 I libnfc_nci: [INFO:nfa_dm_discover.cc(1685)] old_state: W4_HOST_SELECT (3), new_state: POLL_ACTIVE (4) disc_flags: 0x1
01-14 18:29:08.865  4135  5818 I libnfc_nci: [INFO:nfa_dm_discover.cc(1192)] tech_n_mode:0x0, proto:0x80
01-14 18:29:08.865  4135  5818 I libnfc_nci: [INFO:nfa_dm_discover.cc(674)] tech_n_mode:0x0, protocol:0x80, disc_mask:0x2000
01-14 18:29:08.865  4135  5818 I libnfc_nci: [INFO:nfa_dm_discover.cc(1320)] activated_protocol:0x80, activated_handle: 0x1
01-14 18:29:08.865  4135  5818 I libnfc_nci: [INFO:nfa_dm_act.cc(1557)] event:0x01
01-14 18:29:08.865  4135  5818 I libnfc_nci: [INFO:nfa_rw_main.cc(179)] nfa_rw_handle_event event: NFA_RW_ACTIVATE_NTF_EVT (0x501), flags: 00000001
01-14 18:29:08.865  4135  5818 I libnfc_nci: [INFO:nfa_rw_act.cc(2538)] nfa_rw_activate_ntf
01-14 18:29:08.869     0     0 E nq-nci 6-0028: nfc_read : reading 20 bytes.
01-14 18:29:08.878     0     0 E nq-nci 6-0028: nfc_read : reading 3 bytes.
01-14 18:29:08.865  4135  5818 I libnfc_nci: [INFO:rw_main.cc(206)] RW_SetActivatedTagType protocol:128, technology:0, SAK:8
01-14 18:29:08.865  4135  5818 I libnfc_nci: [INFO:rw_mfc.cc(551)] rw_mfc_select
01-14 18:29:08.865  4135  5818 I libnfc_nci: [INFO:nfa_dm_act.cc(1709)] status:0x0
01-14 18:29:08.865  4135  5818 I libnfc_nci: [INFO:NativeNfcManager.cpp(276)] nfaConnectionCallback: event= 5
01-14 18:29:08.865  4135  5818 I libnfc_nci: [INFO:NativeNfcManager.cpp(360)] nfaConnectionCallback: NFA_ACTIVATED_EVT: gIsSelectingRfInterface=1, sIsDisabling=0
01-14 18:29:08.865  4135  5818 I libnfc_nci: [INFO:NfcTag.cpp(165)] NfcTag::setActivationState: state=2
01-14 18:29:08.865  4135  5818 I libnfc_nci: [INFO:nfa_dm_discover.cc(2571)] new state: POLL_ACTIVE (4), disc_flags: 0x1
01-14 18:29:08.865  4135  4135 I libnfc_nci: [INFO:NativeNfcTag.cpp(709)] reSelect: select completed; sConnectOk=1
01-14 18:29:08.865  4135  4135 I libnfc_nci: [INFO:NativeNfcTag.cpp(728)] reSelect: exit; status=0
01-14 18:29:08.865  4135  4135 I libnfc_nci: [INFO:NativeNfcTag.cpp(799)] nativeNfcTag_doReconnect: exit 0x0
01-14 18:29:08.865  4135  4135 I libnfc_nci: [INFO:NativeNfcTag.cpp(1221)] nativeNfcTag_doCheckNdef: try NFA_RwDetectNDef
01-14 18:29:08.865  4135  4135 E libnfc_nci: [ERROR:phNxpExtns_MifareStd.cpp(1548)] Mifare : phLibNfc_GetKeyNumberMFC Key found
01-14 18:29:08.865  4135  4135 E libnfc_nci: [ERROR:phNxpExtns_MifareStd.cpp(1555)] Mifare : phLibNfc_GetKeyNumberMFC returning = 0x0 Key = 0x0
01-14 18:29:08.865  4135  4135 I libnfc_nci: [INFO:nfa_dm_api.cc(936)] data_len:3
01-14 18:29:08.867  4135  5818 I libnfc_nci: [INFO:nfa_sys_main.cc(77)] NFA got event 0x010C
01-14 18:29:08.867  4135  5818 I libnfc_nci: [INFO:nfa_dm_main.cc(122)] event: NFA_DM_API_RAW_FRAME_EVT (0x0c)
01-14 18:29:08.867  4135  5818 I libnfc_nci: [INFO:nfa_dm_act.cc(1160)] nfa_dm_act_send_raw_frame
01-14 18:29:08.867  4135  5818 I libnfc_nci: [INFO:nfc_ncif.cc(152)] nfc_ncif_send_data :0, num_buff:1 qc:0
01-14 18:29:08.867  4135  5818 I libnfc_nci: [INFO:NfcAdaptation.cc(751)] NfcAdaptation::HalWrite
01-14 18:29:08.868  4525  5820 D NxpTml  : PN54X - Read requested.....
01-14 18:29:08.868  4525  4525 D NxpExtns: find found MIFARE_READER_ENABLE=(0x1)
01-14 18:29:08.868  4525  5820 D NxpTml  : PN54X - Invoking I2C Read.....
01-14 18:29:08.868  4525  4525 D NfccPowerTracker: NfccPowerTracker::ProcessCmd: Enter,Recieved len :6
01-14 18:29:08.868  4525  5821 D NxpTml  : PN54X - Write requested.....
01-14 18:29:08.868  4525  5821 D NxpTml  : PN54X - Invoking I2C Write.....
01-14 18:29:08.870  4525  5821 D NxpNciX : len =   6 > 000003400000
01-14 18:29:08.870  4525  5821 D NxpTml  : PN54X - I2C Write successful.....
01-14 18:29:08.870  4525  5821 D NxpTml  : PN54X - Posting Fresh Write message.....
01-14 18:29:08.870  4525  5821 D NxpTml  : PN54X - Tml Writer Thread Running................
01-14 18:29:08.870  4525  5823 D NxpHal  : write successful status = 0x0
01-14 18:29:08.873  4525  5820 D NxpTml  : PN54X - I2C Read successful.....
01-14 18:29:08.873  4525  5820 D NxpNciR : len =   6 > 600603010001
01-14 18:29:08.873  4525  5820 D NxpTml  : PN54X - Posting read message.....
01-14 18:29:08.873  4525  5823 D NxpHal  : read successful status = 0x0
01-14 18:29:08.873  4525  5823 D NfccPowerTracker: NfccPowerTracker::ProcessNtf: Enter
01-14 18:29:08.874  4135  5818 I libnfc_nci: [INFO:nfc_ncif.cc(440)] NFC received ntf gid:0
01-14 18:29:08.874  4135  5818 I libnfc_nci: [INFO:nci_hrcv.cc(127)] nci_proc_core_ntf opcode:0x6
01-14 18:29:08.874  4135  5818 I libnfc_nci: [INFO:nfc_ncif.cc(152)] nfc_ncif_send_data :0, num_buff:1 qc:0
01-14 18:29:08.875  4525  5820 D NxpTml  : PN54X - Read requested.....
01-14 18:29:08.875  4525  5820 D NxpTml  : PN54X - Invoking I2C Read.....
01-14 18:29:08.885     0     0 E nq-nci 6-0028: nfc_read : reading 3 bytes.
01-14 18:29:08.889     0     0 E nq-nci 6-0028: nfc_read : reading 2 bytes.
01-14 18:29:08.883  4525  5820 D NxpTml  : PN54X - I2C Read successful.....
01-14 18:29:08.883  4525  5820 D NxpNciR : len =   5 > 0000024000
01-14 18:29:08.883  4525  5820 D NxpTml  : PN54X - Posting read message.....
01-14 18:29:08.883  4525  5823 D NxpHal  : read successful status = 0x0
01-14 18:29:08.884  4135  5818 I libnfc_nci: [INFO:nfc_ncif.cc(393)] NFC received data
01-14 18:29:08.884  4135  5818 I libnfc_nci: [INFO:nfc_ncif.cc(1652)] nfc_ncif_proc_data 0x000002
01-14 18:29:08.884  4135  5818 I libnfc_nci: [INFO:nfc_ncif.cc(1657)] nfc_ncif_proc_data len:2
01-14 18:29:08.885  4135  5818 I libnfc_nci: [INFO:rw_mfc.cc(640)] rw_mfc_conn_cback conn_id=0, evt=0x6003
01-14 18:29:08.885  4135  5818 I libnfc_nci: [INFO:nfa_rw_act.cc(1496)] nfa_rw_cback: event=0xc7
01-14 18:29:08.885  4135  5818 I libnfc_nci: [INFO:nfa_rw_act.cc(1408)] nfa_rw_handle_mfc_evt() event = 0xC7
01-14 18:29:08.885  4525  5820 D NxpTml  : PN54X - Read requested.....
01-14 18:29:08.885  4135  5818 I libnfc_nci: [INFO:nfa_rw_act.cc(119)] nfa_rw_send_data_to_upper: Len [0x2] Status [OK]
01-14 18:29:08.885  4525  5820 D NxpTml  : PN54X - Invoking I2C Read.....
01-14 18:29:08.885  4135  5818 I libnfc_nci: [INFO:nfa_dm_act.cc(1378)] event:0x9
01-14 18:29:08.885  4135  5818 I libnfc_nci: [INFO:NativeNfcManager.cpp(276)] nfaConnectionCallback: event= 9
01-14 18:29:08.885  4135  5818 I libnfc_nci: [INFO:NativeNfcManager.cpp(516)] nfaConnectionCallback: NFA_DATA_EVT: status = 0x0, len = 2
01-14 18:29:08.885  4135  5818 I libnfc_nci: [INFO:NativeNfcTag.cpp(870)] nativeNfcTag_doTransceiveStatus: data len=2
01-14 18:29:08.885  4135  5818 I libnfc_nci: [INFO:nfa_dm_api.cc(936)] data_len:3
01-14 18:29:08.885  4135  5818 I libnfc_nci: [INFO:nfa_sys_main.cc(77)] NFA got event 0x010C
01-14 18:29:08.885  4135  5818 I libnfc_nci: [INFO:nfa_dm_main.cc(122)] event: NFA_DM_API_RAW_FRAME_EVT (0x0c)
01-14 18:29:08.885  4135  5818 I libnfc_nci: [INFO:nfa_dm_act.cc(1160)] nfa_dm_act_send_raw_frame
01-14 18:29:08.885  4135  5818 I libnfc_nci: [INFO:nfc_ncif.cc(152)] nfc_ncif_send_data :0, num_buff:1 qc:0
01-14 18:29:08.885  4135  5818 I libnfc_nci: [INFO:NfcAdaptation.cc(751)] NfcAdaptation::HalWrite
01-14 18:29:08.885  4525  4525 D NxpExtns: find found MIFARE_READER_ENABLE=(0x1)
01-14 18:29:08.885  4525  4525 D NfccPowerTracker: NfccPowerTracker::ProcessCmd: Enter,Recieved len :6
01-14 18:29:08.886  4525  5821 D NxpTml  : PN54X - Write requested.....
01-14 18:29:08.886  4525  5821 D NxpTml  : PN54X - Invoking I2C Write.....
01-14 18:29:08.887  4525  5821 D NxpNciX : len =   6 > 000003103003
01-14 18:29:08.887  4525  5821 D NxpTml  : PN54X - I2C Write successful.....
01-14 18:29:08.887  4525  5821 D NxpTml  : PN54X - Posting Fresh Write message.....
01-14 18:29:08.888  4525  5821 D NxpTml  : PN54X - Tml Writer Thread Running................
01-14 18:29:08.888  4525  5823 D NxpHal  : write successful status = 0x0
01-14 18:29:08.896     0     0 E nq-nci 6-0028: nfc_read : reading 3 bytes.
01-14 18:29:08.894  4525  5820 D NxpTml  : PN54X - I2C Read successful.....
01-14 18:29:08.894  4525  5820 D NxpNciR : len =   6 > 600603010001
01-14 18:29:08.894  4525  5820 D NxpTml  : PN54X - Posting read message.....
01-14 18:29:08.894  4525  5823 D NxpHal  : read successful status = 0x0
01-14 18:29:08.894  4525  5823 D NfccPowerTracker: NfccPowerTracker::ProcessNtf: Enter
01-14 18:29:08.896  4525  5820 D NxpTml  : PN54X - Read requested.....
01-14 18:29:08.896  4135  5818 I libnfc_nci: [INFO:nfc_ncif.cc(440)] NFC received ntf gid:0
01-14 18:29:08.896  4525  5820 D NxpTml  : PN54X - Invoking I2C Read.....
01-14 18:29:08.896  4135  5818 I libnfc_nci: [INFO:nci_hrcv.cc(127)] nci_proc_core_ntf opcode:0x6
01-14 18:29:08.896  4135  5818 I libnfc_nci: [INFO:nfc_ncif.cc(152)] nfc_ncif_send_data :0, num_buff:1 qc:0
01-14 18:29:08.906     0     0 E nq-nci 6-0028: nfc_read : reading 3 bytes.
01-14 18:29:08.911     0     0 E nq-nci 6-0028: nfc_read : reading 18 bytes.
01-14 18:29:08.905  4525  5820 D NxpTml  : PN54X - I2C Read successful.....
01-14 18:29:08.905  4525  5820 D NxpNciR : len =  21 > 00001210000000000000787788C100000000000000
01-14 18:29:08.905  4525  5820 D NxpTml  : PN54X - Posting read message.....
01-14 18:29:08.905  4525  5823 D NxpHal  : read successful status = 0x0
01-14 18:29:08.906  4135  5818 I libnfc_nci: [INFO:nfc_ncif.cc(393)] NFC received data
01-14 18:29:08.906  4135  5818 I libnfc_nci: [INFO:nfc_ncif.cc(1652)] nfc_ncif_proc_data 0x000012
01-14 18:29:08.906  4135  5818 I libnfc_nci: [INFO:nfc_ncif.cc(1657)] nfc_ncif_proc_data len:18
01-14 18:29:08.906  4135  5818 I libnfc_nci: [INFO:rw_mfc.cc(640)] rw_mfc_conn_cback conn_id=0, evt=0x6003
01-14 18:29:08.906  4135  5818 I libnfc_nci: [INFO:nfa_rw_act.cc(1496)] nfa_rw_cback: event=0xc7
01-14 18:29:08.906  4135  5818 I libnfc_nci: [INFO:nfa_rw_act.cc(1408)] nfa_rw_handle_mfc_evt() event = 0xC7
01-14 18:29:08.906  4135  5818 I libnfc_nci: [INFO:nfa_rw_act.cc(119)] nfa_rw_send_data_to_upper: Len [0x12] Status [OK]
01-14 18:29:08.906  4135  5818 I libnfc_nci: [INFO:nfa_dm_act.cc(1378)] event:0x9
01-14 18:29:08.906  4135  5818 I libnfc_nci: [INFO:NativeNfcManager.cpp(276)] nfaConnectionCallback: event= 9
01-14 18:29:08.906  4135  5818 I libnfc_nci: [INFO:NativeNfcManager.cpp(516)] nfaConnectionCallback: NFA_DATA_EVT: status = 0x0, len = 18
01-14 18:29:08.906  4135  5818 I libnfc_nci: [INFO:NativeNfcTag.cpp(870)] nativeNfcTag_doTransceiveStatus: data len=18
01-14 18:29:08.906  4135  5818 I libnfc_nci: [INFO:nfa_dm_api.cc(936)] data_len:3
01-14 18:29:08.906  4135  5818 I libnfc_nci: [INFO:nfa_sys_main.cc(77)] NFA got event 0x010C
01-14 18:29:08.906  4135  5818 I libnfc_nci: [INFO:nfa_dm_main.cc(122)] event: NFA_DM_API_RAW_FRAME_EVT (0x0c)
01-14 18:29:08.906  4135  5818 I libnfc_nci: [INFO:nfa_dm_act.cc(1160)] nfa_dm_act_send_raw_frame
01-14 18:29:08.906  4135  5818 I libnfc_nci: [INFO:nfc_ncif.cc(152)] nfc_ncif_send_data :0, num_buff:1 qc:0
01-14 18:29:08.906  4135  5818 I libnfc_nci: [INFO:NfcAdaptation.cc(751)] NfcAdaptation::HalWrite
01-14 18:29:08.908  4525  4525 D NxpExtns: find found MIFARE_READER_ENABLE=(0x1)
01-14 18:29:08.908  4525  4525 D NfccPowerTracker: NfccPowerTracker::ProcessCmd: Enter,Recieved len :6
01-14 18:29:08.908  4525  5820 D NxpTml  : PN54X - Read requested.....
01-14 18:29:08.908  4525  5820 D NxpTml  : PN54X - Invoking I2C Read.....
01-14 18:29:08.908  4525  5821 D NxpTml  : PN54X - Write requested.....
01-14 18:29:08.908  4525  5821 D NxpTml  : PN54X - Invoking I2C Write.....
01-14 18:29:08.912  4525  5821 D NxpNciX : len =   6 > 000003103001
01-14 18:29:08.912  4525  5821 D NxpTml  : PN54X - I2C Write successful.....
01-14 18:29:08.912  4525  5821 D NxpTml  : PN54X - Posting Fresh Write message.....
01-14 18:29:08.912  4525  5821 D NxpTml  : PN54X - Tml Writer Thread Running................
01-14 18:29:08.912  4525  5823 D NxpHal  : write successful status = 0x0
01-14 18:29:08.919     0     0 E nq-nci 6-0028: nfc_read : reading 3 bytes.
01-14 18:29:08.914  4525  5820 D NxpTml  : PN54X - I2C Read successful.....
01-14 18:29:08.914  4525  5820 D NxpNciR : len =   6 > 600603010001
01-14 18:29:08.914  4525  5820 D NxpTml  : PN54X - Posting read message.....
01-14 18:29:08.914  4525  5823 D NxpHal  : read successful status = 0x0
01-14 18:29:08.914  4525  5823 D NfccPowerTracker: NfccPowerTracker::ProcessNtf: Enter
01-14 18:29:08.916  4135  5818 I libnfc_nci: [INFO:nfc_ncif.cc(440)] NFC received ntf gid:0
01-14 18:29:08.916  4135  5818 I libnfc_nci: [INFO:nci_hrcv.cc(127)] nci_proc_core_ntf opcode:0x6
01-14 18:29:08.916  4135  5818 I libnfc_nci: [INFO:nfc_ncif.cc(152)] nfc_ncif_send_data :0, num_buff:1 qc:0
01-14 18:29:08.916  4525  5820 D NxpTml  : PN54X - Read requested.....
01-14 18:29:08.916  4525  5820 D NxpTml  : PN54X - Invoking I2C Read.....
01-14 18:29:08.927     0     0 E nq-nci 6-0028: nfc_read : reading 3 bytes.
01-14 18:29:08.931     0     0 E nq-nci 6-0028: nfc_read : reading 18 bytes.
01-14 18:29:08.926  4525  5820 D NxpTml  : PN54X - I2C Read successful.....
01-14 18:29:08.926  4525  5820 D NxpNciR : len =  21 > 00001210140103E103E103E103E103E103E103E100
01-14 18:29:08.926  4525  5820 D NxpTml  : PN54X - Posting read message.....
01-14 18:29:08.926  4525  5823 D NxpHal  : read successful status = 0x0
01-14 18:29:08.927  4525  5820 D NxpTml  : PN54X - Read requested.....
01-14 18:29:08.927  4525  5820 D NxpTml  : PN54X - Invoking I2C Read.....
01-14 18:29:08.927  4135  5818 I libnfc_nci: [INFO:nfc_ncif.cc(393)] NFC received data
01-14 18:29:08.927  4135  5818 I libnfc_nci: [INFO:nfc_ncif.cc(1652)] nfc_ncif_proc_data 0x000012
01-14 18:29:08.928  4135  5818 I libnfc_nci: [INFO:nfc_ncif.cc(1657)] nfc_ncif_proc_data len:18
01-14 18:29:08.928  4135  5818 I libnfc_nci: [INFO:rw_mfc.cc(640)] rw_mfc_conn_cback conn_id=0, evt=0x6003
01-14 18:29:08.928  4135  5818 I libnfc_nci: [INFO:nfa_rw_act.cc(1496)] nfa_rw_cback: event=0xc7
01-14 18:29:08.928  4135  5818 I libnfc_nci: [INFO:nfa_rw_act.cc(1408)] nfa_rw_handle_mfc_evt() event = 0xC7
01-14 18:29:08.928  4135  5818 I libnfc_nci: [INFO:nfa_rw_act.cc(119)] nfa_rw_send_data_to_upper: Len [0x12] Status [OK]
01-14 18:29:08.928  4135  5818 I libnfc_nci: [INFO:nfa_dm_act.cc(1378)] event:0x9
01-14 18:29:08.928  4135  5818 I libnfc_nci: [INFO:NativeNfcManager.cpp(276)] nfaConnectionCallback: event= 9
01-14 18:29:08.928  4135  5818 I libnfc_nci: [INFO:NativeNfcManager.cpp(516)] nfaConnectionCallback: NFA_DATA_EVT: status = 0x0, len = 18
01-14 18:29:08.928  4135  5818 I libnfc_nci: [INFO:NativeNfcTag.cpp(870)] nativeNfcTag_doTransceiveStatus: data len=18
01-14 18:29:08.928  4135  5818 I libnfc_nci: [INFO:nfa_dm_api.cc(936)] data_len:3
01-14 18:29:08.928  4135  5818 I libnfc_nci: [INFO:nfa_sys_main.cc(77)] NFA got event 0x010C
01-14 18:29:08.928  4135  5818 I libnfc_nci: [INFO:nfa_dm_main.cc(122)] event: NFA_DM_API_RAW_FRAME_EVT (0x0c)
01-14 18:29:08.928  4135  5818 I libnfc_nci: [INFO:nfa_dm_act.cc(1160)] nfa_dm_act_send_raw_frame
01-14 18:29:08.928  4135  5818 I libnfc_nci: [INFO:nfc_ncif.cc(152)] nfc_ncif_send_data :0, num_buff:1 qc:0
01-14 18:29:08.928  4135  5818 I libnfc_nci: [INFO:NfcAdaptation.cc(751)] NfcAdaptation::HalWrite
01-14 18:29:08.938     0     0 E nq-nci 6-0028: nfc_read : reading 3 bytes.
01-14 18:29:08.929  4525  4525 D NxpExtns: find found MIFARE_READER_ENABLE=(0x1)
01-14 18:29:08.929  4525  4525 D NfccPowerTracker: NfccPowerTracker::ProcessCmd: Enter,Recieved len :6
01-14 18:29:08.929  4525  5821 D NxpTml  : PN54X - Write requested.....
01-14 18:29:08.929  4525  5821 D NxpTml  : PN54X - Invoking I2C Write.....
01-14 18:29:08.931  4525  5821 D NxpNciX : len =   6 > 000003103002
01-14 18:29:08.931  4525  5821 D NxpTml  : PN54X - I2C Write successful.....
01-14 18:29:08.932  4525  5821 D NxpTml  : PN54X - Posting Fresh Write message.....
01-14 18:29:08.932  4525  5821 D NxpTml  : PN54X - Tml Writer Thread Running................
01-14 18:29:08.932  4525  5823 D NxpHal  : write successful status = 0x0
01-14 18:29:08.948     0     0 E nq-nci 6-0028: nfc_read : reading 3 bytes.
01-14 18:29:08.951     0     0 E nq-nci 6-0028: nfc_read : reading 18 bytes.
01-14 18:29:08.935  4525  5820 D NxpTml  : PN54X - I2C Read successful.....
01-14 18:29:08.935  4525  5820 D NxpNciR : len =   6 > 600603010001
01-14 18:29:08.935  4525  5820 D NxpTml  : PN54X - Posting read message.....
01-14 18:29:08.935  4525  5823 D NxpHal  : read successful status = 0x0
01-14 18:29:08.935  4525  5823 D NfccPowerTracker: NfccPowerTracker::ProcessNtf: Enter
01-14 18:29:08.938  4525  5820 D NxpTml  : PN54X - Read requested.....
01-14 18:29:08.938  4525  5820 D NxpTml  : PN54X - Invoking I2C Read.....
01-14 18:29:08.938  4135  5818 I libnfc_nci: [INFO:nfc_ncif.cc(440)] NFC received ntf gid:0
01-14 18:29:08.938  4135  5818 I libnfc_nci: [INFO:nci_hrcv.cc(127)] nci_proc_core_ntf opcode:0x6
01-14 18:29:08.938  4135  5818 I libnfc_nci: [INFO:nfc_ncif.cc(152)] nfc_ncif_send_data :0, num_buff:1 qc:0
01-14 18:29:08.947  4525  5820 D NxpTml  : PN54X - I2C Read successful.....
01-14 18:29:08.947  4525  5820 D NxpNciR : len =  21 > 0000121003E103E103E103E103E103E103E103E100
01-14 18:29:08.947  4525  5820 D NxpTml  : PN54X - Posting read message.....
01-14 18:29:08.947  4525  5823 D NxpHal  : read successful status = 0x0
01-14 18:29:08.948  4135  5818 I libnfc_nci: [INFO:nfc_ncif.cc(393)] NFC received data
01-14 18:29:08.948  4135  5818 I libnfc_nci: [INFO:nfc_ncif.cc(1652)] nfc_ncif_proc_data 0x000012
01-14 18:29:08.948  4135  5818 I libnfc_nci: [INFO:nfc_ncif.cc(1657)] nfc_ncif_proc_data len:18
01-14 18:29:08.948  4135  5818 I libnfc_nci: [INFO:rw_mfc.cc(640)] rw_mfc_conn_cback conn_id=0, evt=0x6003
01-14 18:29:08.948  4135  5818 I libnfc_nci: [INFO:nfa_rw_act.cc(1496)] nfa_rw_cback: event=0xc7
01-14 18:29:08.948  4135  5818 I libnfc_nci: [INFO:nfa_rw_act.cc(1408)] nfa_rw_handle_mfc_evt() event = 0xC7
01-14 18:29:08.948  4135  5818 I libnfc_nci: [INFO:nfa_rw_act.cc(119)] nfa_rw_send_data_to_upper: Len [0x12] Status [OK]
01-14 18:29:08.948  4135  5818 I libnfc_nci: [INFO:nfa_dm_act.cc(1378)] event:0x9
01-14 18:29:08.948  4525  5820 D NxpTml  : PN54X - Read requested.....
01-14 18:29:08.948  4525  5820 D NxpTml  : PN54X - Invoking I2C Read.....
01-14 18:29:08.948  4135  5818 I libnfc_nci: [INFO:NativeNfcManager.cpp(276)] nfaConnectionCallback: event= 9
01-14 18:29:08.948  4135  5818 I libnfc_nci: [INFO:NativeNfcManager.cpp(516)] nfaConnectionCallback: NFA_DATA_EVT: status = 0x0, len = 18
01-14 18:29:08.949  4135  5818 I libnfc_nci: [INFO:NativeNfcTag.cpp(870)] nativeNfcTag_doTransceiveStatus: data len=18
01-14 18:29:08.949  4135  5818 E libnfc_nci: [ERROR:phNxpExtns_MifareStd.cpp(1548)] Mifare : phLibNfc_GetKeyNumberMFC Key found
01-14 18:29:08.949  4135  5818 E libnfc_nci: [ERROR:phNxpExtns_MifareStd.cpp(1555)] Mifare : phLibNfc_GetKeyNumberMFC returning = 0x0 Key = 0x1
01-14 18:29:08.949  4135  5818 I libnfc_nci: [INFO:nfa_dm_api.cc(936)] data_len:3
01-14 18:29:08.949  4135  5818 I libnfc_nci: [INFO:nfa_sys_main.cc(77)] NFA got event 0x010C
01-14 18:29:08.949  4135  5818 I libnfc_nci: [INFO:nfa_dm_main.cc(122)] event: NFA_DM_API_RAW_FRAME_EVT (0x0c)
01-14 18:29:08.949  4135  5818 I libnfc_nci: [INFO:nfa_dm_act.cc(1160)] nfa_dm_act_send_raw_frame
01-14 18:29:08.949  4135  5818 I libnfc_nci: [INFO:nfc_ncif.cc(152)] nfc_ncif_send_data :0, num_buff:1 qc:0
01-14 18:29:08.949  4135  5818 I libnfc_nci: [INFO:NfcAdaptation.cc(751)] NfcAdaptation::HalWrite
01-14 18:29:08.949  4525  4525 D NxpExtns: find found MIFARE_READER_ENABLE=(0x1)
01-14 18:29:08.949  4525  4525 D NfccPowerTracker: NfccPowerTracker::ProcessCmd: Enter,Recieved len :6
01-14 18:29:08.949  4525  5821 D NxpTml  : PN54X - Write requested.....
01-14 18:29:08.949  4525  5821 D NxpTml  : PN54X - Invoking I2C Write.....
01-14 18:29:08.952  4525  5821 D NxpNciX : len =   6 > 000003400101
01-14 18:29:08.952  4525  5821 D NxpTml  : PN54X - I2C Write successful.....
01-14 18:29:08.952  4525  5821 D NxpTml  : PN54X - Posting Fresh Write message.....
01-14 18:29:08.952  4525  5821 D NxpTml  : PN54X - Tml Writer Thread Running................
01-14 18:29:08.953  4525  5820 D NxpTml  : PN54X - I2C Read successful.....
01-14 18:29:08.953  4525  5823 D NxpHal  : write successful status = 0x0
01-14 18:29:08.953  4525  5820 D NxpNciR : len =   6 > 600603010001
01-14 18:29:08.953  4525  5820 D NxpTml  : PN54X - Posting read message.....
01-14 18:29:08.953  4525  5823 D NxpHal  : read successful status = 0x0
01-14 18:29:08.953  4525  5823 D NfccPowerTracker: NfccPowerTracker::ProcessNtf: Enter
01-14 18:29:08.954  4135  5818 I libnfc_nci: [INFO:nfc_ncif.cc(440)] NFC received ntf gid:0
01-14 18:29:08.954  4135  5818 I libnfc_nci: [INFO:nci_hrcv.cc(127)] nci_proc_core_ntf opcode:0x6
01-14 18:29:08.954  4135  5818 I libnfc_nci: [INFO:nfc_ncif.cc(152)] nfc_ncif_send_data :0, num_buff:1 qc:0
01-14 18:29:08.954  4525  5820 D NxpTml  : PN54X - Read requested.....
01-14 18:29:08.954  4525  5820 D NxpTml  : PN54X - Invoking I2C Read.....
01-14 18:29:08.956  4525  5820 D NxpTml  : PN54X - I2C Read successful.....
01-14 18:29:08.956  4525  5820 D NxpNciR : len =   5 > 0000024000
01-14 18:29:08.956  4525  5820 D NxpTml  : PN54X - Posting read message.....
01-14 18:29:08.956  4525  5823 D NxpHal  : read successful status = 0x0
01-14 18:29:08.957  4135  5818 I libnfc_nci: [INFO:nfc_ncif.cc(393)] NFC received data
01-14 18:29:08.957  4135  5818 I libnfc_nci: [INFO:nfc_ncif.cc(1652)] nfc_ncif_proc_data 0x000002
01-14 18:29:08.957  4135  5818 I libnfc_nci: [INFO:nfc_ncif.cc(1657)] nfc_ncif_proc_data len:2
01-14 18:29:08.957  4135  5818 I libnfc_nci: [INFO:rw_mfc.cc(640)] rw_mfc_conn_cback conn_id=0, evt=0x6003
01-14 18:29:08.957  4135  5818 I libnfc_nci: [INFO:nfa_rw_act.cc(1496)] nfa_rw_cback: event=0xc7
01-14 18:29:08.957  4135  5818 I libnfc_nci: [INFO:nfa_rw_act.cc(1408)] nfa_rw_handle_mfc_evt() event = 0xC7
01-14 18:29:08.957  4135  5818 I libnfc_nci: [INFO:nfa_rw_act.cc(119)] nfa_rw_send_data_to_upper: Len [0x2] Status [OK]
01-14 18:29:08.957  4135  5818 I libnfc_nci: [INFO:nfa_dm_act.cc(1378)] event:0x9
01-14 18:29:08.957  4135  5818 I libnfc_nci: [INFO:NativeNfcManager.cpp(276)] nfaConnectionCallback: event= 9
01-14 18:29:08.957  4135  5818 I libnfc_nci: [INFO:NativeNfcManager.cpp(516)] nfaConnectionCallback: NFA_DATA_EVT: status = 0x0, len = 2
01-14 18:29:08.957  4135  5818 I libnfc_nci: [INFO:NativeNfcTag.cpp(870)] nativeNfcTag_doTransceiveStatus: data len=2
01-14 18:29:08.958  4135  5818 I libnfc_nci: [INFO:nfa_dm_api.cc(936)] data_len:3
01-14 18:29:08.958  4135  5818 I libnfc_nci: [INFO:nfa_sys_main.cc(77)] NFA got event 0x010C
01-14 18:29:08.958  4525  5820 D NxpTml  : PN54X - Read requested.....
01-14 18:29:08.958  4525  5820 D NxpTml  : PN54X - Invoking I2C Read.....
01-14 18:29:08.958  4135  5818 I libnfc_nci: [INFO:nfa_dm_main.cc(122)] event: NFA_DM_API_RAW_FRAME_EVT (0x0c)
01-14 18:29:08.958  4135  5818 I libnfc_nci: [INFO:nfa_dm_act.cc(1160)] nfa_dm_act_send_raw_frame
01-14 18:29:08.958  4135  5818 I libnfc_nci: [INFO:nfc_ncif.cc(152)] nfc_ncif_send_data :0, num_buff:1 qc:0
01-14 18:29:08.958  4135  5818 I libnfc_nci: [INFO:NfcAdaptation.cc(751)] NfcAdaptation::HalWrite
01-14 18:29:08.959  4525  4525 D NxpExtns: find found MIFARE_READER_ENABLE=(0x1)
01-14 18:29:08.959  4525  4525 D NfccPowerTracker: NfccPowerTracker::ProcessCmd: Enter,Recieved len :6
01-14 18:29:08.959  4525  5821 D NxpTml  : PN54X - Write requested.....
01-14 18:29:08.959  4525  5821 D NxpTml  : PN54X - Invoking I2C Write.....
01-14 18:29:08.961  4525  5821 D NxpNciX : len =   6 > 000003103007
01-14 18:29:08.961  4525  5821 D NxpTml  : PN54X - I2C Write successful.....
01-14 18:29:08.961  4525  5821 D NxpTml  : PN54X - Posting Fresh Write message.....
01-14 18:29:08.961  4525  5821 D NxpTml  : PN54X - Tml Writer Thread Running................
01-14 18:29:08.961  4525  5823 D NxpHal  : write successful status = 0x0
01-14 18:29:08.961  4525  5820 D NxpTml  : PN54X - I2C Read successful.....
01-14 18:29:08.962  4525  5820 D NxpNciR : len =   6 > 600603010001
01-14 18:29:08.962  4525  5820 D NxpTml  : PN54X - Posting read message.....
01-14 18:29:08.962  4525  5823 D NxpHal  : read successful status = 0x0
01-14 18:29:08.962  4525  5823 D NfccPowerTracker: NfccPowerTracker::ProcessNtf: Enter
01-14 18:29:08.964  4135  5818 I libnfc_nci: [INFO:nfc_ncif.cc(440)] NFC received ntf gid:0
01-14 18:29:08.964  4135  5818 I libnfc_nci: [INFO:nci_hrcv.cc(127)] nci_proc_core_ntf opcode:0x6
01-14 18:29:08.964  4135  5818 I libnfc_nci: [INFO:nfc_ncif.cc(152)] nfc_ncif_send_data :0, num_buff:1 qc:0
01-14 18:29:08.964  4525  5820 D NxpTml  : PN54X - Read requested.....
01-14 18:29:08.964  4525  5820 D NxpTml  : PN54X - Invoking I2C Read.....
01-14 18:29:08.966  4525  5820 D NxpTml  : PN54X - I2C Read successful.....
01-14 18:29:08.966  4525  5820 D NxpNciR : len =  21 > 000012100000000000007F07884000000000000000
01-14 18:29:08.966  4525  5820 D NxpTml  : PN54X - Posting read message.....
01-14 18:29:08.967  4525  5823 D NxpHal  : read successful status = 0x0
01-14 18:29:08.968  4135  5818 I libnfc_nci: [INFO:nfc_ncif.cc(393)] NFC received data
01-14 18:29:08.968  4135  5818 I libnfc_nci: [INFO:nfc_ncif.cc(1652)] nfc_ncif_proc_data 0x000012
01-14 18:29:08.968  4135  5818 I libnfc_nci: [INFO:nfc_ncif.cc(1657)] nfc_ncif_proc_data len:18
01-14 18:29:08.968  4135  5818 I libnfc_nci: [INFO:rw_mfc.cc(640)] rw_mfc_conn_cback conn_id=0, evt=0x6003
01-14 18:29:08.968  4525  5820 D NxpTml  : PN54X - Read requested.....
01-14 18:29:08.968  4135  5818 I libnfc_nci: [INFO:nfa_rw_act.cc(1496)] nfa_rw_cback: event=0xc7
01-14 18:29:08.968  4525  5820 D NxpTml  : PN54X - Invoking I2C Read.....
01-14 18:29:08.968  4135  5818 I libnfc_nci: [INFO:nfa_rw_act.cc(1408)] nfa_rw_handle_mfc_evt() event = 0xC7
01-14 18:29:08.968  4135  5818 I libnfc_nci: [INFO:nfa_rw_act.cc(119)] nfa_rw_send_data_to_upper: Len [0x12] Status [OK]
01-14 18:29:08.968  4135  5818 I libnfc_nci: [INFO:nfa_dm_act.cc(1378)] event:0x9
01-14 18:29:08.968  4135  5818 I libnfc_nci: [INFO:NativeNfcManager.cpp(276)] nfaConnectionCallback: event= 9
01-14 18:29:08.968  4135  5818 I libnfc_nci: [INFO:NativeNfcManager.cpp(516)] nfaConnectionCallback: NFA_DATA_EVT: status = 0x0, len = 18
01-14 18:29:08.968  4135  5818 I libnfc_nci: [INFO:NativeNfcTag.cpp(870)] nativeNfcTag_doTransceiveStatus: data len=18
01-14 18:29:08.969  4135  5818 I libnfc_nci: [INFO:nfa_dm_api.cc(936)] data_len:3
01-14 18:29:08.969  4135  5818 I libnfc_nci: [INFO:nfa_sys_main.cc(77)] NFA got event 0x010C
01-14 18:29:08.969  4135  5818 I libnfc_nci: [INFO:nfa_dm_main.cc(122)] event: NFA_DM_API_RAW_FRAME_EVT (0x0c)
01-14 18:29:08.969  4135  5818 I libnfc_nci: [INFO:nfa_dm_act.cc(1160)] nfa_dm_act_send_raw_frame
01-14 18:29:08.969  4135  5818 I libnfc_nci: [INFO:nfc_ncif.cc(152)] nfc_ncif_send_data :0, num_buff:1 qc:0
01-14 18:29:08.969  4135  5818 I libnfc_nci: [INFO:NfcAdaptation.cc(751)] NfcAdaptation::HalWrite
01-14 18:29:08.969  4525  4525 D NxpExtns: find found MIFARE_READER_ENABLE=(0x1)
01-14 18:29:08.969  4525  4525 D NfccPowerTracker: NfccPowerTracker::ProcessCmd: Enter,Recieved len :6
01-14 18:29:08.969  4525  5821 D NxpTml  : PN54X - Write requested.....
01-14 18:29:08.969  4525  5821 D NxpTml  : PN54X - Invoking I2C Write.....
01-14 18:29:08.971  4525  5821 D NxpNciX : len =   6 > 000003103004
01-14 18:29:08.971  4525  5821 D NxpTml  : PN54X - I2C Write successful.....
01-14 18:29:08.971  4525  5821 D NxpTml  : PN54X - Posting Fresh Write message.....
01-14 18:29:08.971  4525  5821 D NxpTml  : PN54X - Tml Writer Thread Running................
01-14 18:29:08.971  4525  5823 D NxpHal  : write successful status = 0x0
01-14 18:29:08.972  4525  5820 D NxpTml  : PN54X - I2C Read successful.....
01-14 18:29:08.972  4525  5820 D NxpNciR : len =   6 > 600603010001
01-14 18:29:08.972  4525  5820 D NxpTml  : PN54X - Posting read message.....
01-14 18:29:08.972  4525  5823 D NxpHal  : read successful status = 0x0
01-14 18:29:08.972  4525  5823 D NfccPowerTracker: NfccPowerTracker::ProcessNtf: Enter
01-14 18:29:08.973  4135  5818 I libnfc_nci: [INFO:nfc_ncif.cc(440)] NFC received ntf gid:0
01-14 18:29:08.973  4135  5818 I libnfc_nci: [INFO:nci_hrcv.cc(127)] nci_proc_core_ntf opcode:0x6
01-14 18:29:08.973  4135  5818 I libnfc_nci: [INFO:nfc_ncif.cc(152)] nfc_ncif_send_data :0, num_buff:1 qc:0
01-14 18:29:08.973  4525  5820 D NxpTml  : PN54X - Read requested.....
01-14 18:29:08.973  4525  5820 D NxpTml  : PN54X - Invoking I2C Read.....
01-14 18:29:08.975  4525  5820 D NxpTml  : PN54X - I2C Read successful.....
01-14 18:29:08.975  4525  5820 D NxpNciR : len =  21 > 0000121000000312D1010E5402656E303039716400
01-14 18:29:08.975  4525  5820 D NxpTml  : PN54X - Posting read message.....
01-14 18:29:08.975  4525  5823 D NxpHal  : read successful status = 0x0
01-14 18:29:08.976  4135  5818 I libnfc_nci: [INFO:nfc_ncif.cc(393)] NFC received data
01-14 18:29:08.976  4135  5818 I libnfc_nci: [INFO:nfc_ncif.cc(1652)] nfc_ncif_proc_data 0x000012
01-14 18:29:08.976  4135  5818 I libnfc_nci: [INFO:nfc_ncif.cc(1657)] nfc_ncif_proc_data len:18
01-14 18:29:08.976  4135  5818 I libnfc_nci: [INFO:rw_mfc.cc(640)] rw_mfc_conn_cback conn_id=0, evt=0x6003
01-14 18:29:08.976  4525  5820 D NxpTml  : PN54X - Read requested.....
01-14 18:29:08.976  4525  5820 D NxpTml  : PN54X - Invoking I2C Read.....
01-14 18:29:08.976  4135  5818 I libnfc_nci: [INFO:nfa_rw_act.cc(1496)] nfa_rw_cback: event=0xc7
01-14 18:29:08.977  4135  5818 I libnfc_nci: [INFO:nfa_rw_act.cc(1408)] nfa_rw_handle_mfc_evt() event = 0xC7
01-14 18:29:08.977  4135  5818 I libnfc_nci: [INFO:nfa_rw_act.cc(119)] nfa_rw_send_data_to_upper: Len [0x12] Status [OK]
01-14 18:29:08.977  4135  5818 I libnfc_nci: [INFO:nfa_dm_act.cc(1378)] event:0x9
01-14 18:29:08.977  4135  5818 I libnfc_nci: [INFO:NativeNfcManager.cpp(276)] nfaConnectionCallback: event= 9
01-14 18:29:08.977  4135  5818 I libnfc_nci: [INFO:NativeNfcManager.cpp(516)] nfaConnectionCallback: NFA_DATA_EVT: status = 0x0, len = 18
01-14 18:29:08.977  4135  5818 I libnfc_nci: [INFO:NativeNfcTag.cpp(870)] nativeNfcTag_doTransceiveStatus: data len=18
01-14 18:29:08.977  4135  5818 I libnfc_nci: [INFO:NativeNfcManager.cpp(276)] nfaConnectionCallback: event= 8
01-14 18:29:08.977  4135  5818 I libnfc_nci: [INFO:NativeNfcManager.cpp(503)] nfaConnectionCallback: NFA_NDEF_DETECT_EVT: status = 0x0, protocol = 128, max_size = 7
16, cur_size = 18, flags = 0x6
01-14 18:29:08.978  4135  5818 I libnfc_nci: [INFO:NativeNfcTag.cpp(1134)] nativeNfcTag_doCheckNdefResult: flag formatted for ndef
01-14 18:29:08.978  4135  5818 I libnfc_nci: [INFO:NativeNfcTag.cpp(1137)] nativeNfcTag_doCheckNdefResult: flag ndef supported
01-14 18:29:08.978  4135  4135 I libnfc_nci: [INFO:NativeNfcTag.cpp(773)] nativeNfcTag_doReconnect: enter
01-14 18:29:08.978  4135  4135 I libnfc_nci: [INFO:NativeNfcTag.cpp(609)] reSelect: enter; rf intf = 128, current intf = 128
01-14 18:29:08.978  4135  4135 I libnfc_nci: [INFO:NativeNfcTag.cpp(656)] reSelect: deactivate to sleep
01-14 18:29:08.978  4135  4135 I libnfc_nci: [INFO:nfa_dm_api.cc(895)] sleep_mode:1
01-14 18:29:08.978  4135  5818 I libnfc_nci: [INFO:nfa_sys_main.cc(77)] NFA got event 0x0113
01-14 18:29:08.978  4135  5818 I libnfc_nci: [INFO:nfa_dm_main.cc(122)] event: NFA_DM_API_DEACTIVATE_EVT (0x13)
01-14 18:29:08.978  4135  5818 I libnfc_nci: [INFO:nfa_dm_act.cc(755)] nfa_dm_act_deactivate
01-14 18:29:08.978  4135  5818 I libnfc_nci: [INFO:nfa_dm_discover.cc(2752)] deactivate_type:0x1
01-14 18:29:08.978  4135  5818 I libnfc_nci: [INFO:nfa_dm_discover.cc(2518)] state: POLL_ACTIVE (4), event: DEACTIVATE_CMD(6) disc_flags: 0x1
01-14 18:29:08.978  4135  5818 I libnfc_nci: [INFO:nfc_main.cc(1127)] NFC_Deactivate 5 (OPEN) deactivate_type:1
01-14 18:29:08.978  4135  5818 I libnfc_nci: [INFO:nfc_main.cc(326)] nfc_set_state 5 (OPEN)->6 (CLOSING)
01-14 18:29:08.978  4135  5818 I libnfc_nci: [INFO:nfc_main.cc(1145)] act_protocol 128 credits:1/1
01-14 18:29:08.979  4135  5818 I libnfc_nci: [INFO:NfcAdaptation.cc(751)] NfcAdaptation::HalWrite
01-14 18:29:08.979  4525  4525 D NxpExtns: find found MIFARE_READER_ENABLE=(0x1)
01-14 18:29:08.979  4525  4525 D NfccPowerTracker: NfccPowerTracker::ProcessCmd: Enter,Recieved len :4
01-14 18:29:08.979  4525  5821 D NxpTml  : PN54X - Write requested.....
01-14 18:29:08.979  4525  5821 D NxpTml  : PN54X - Invoking I2C Write.....
01-14 18:29:08.981  4525  5821 D NxpNciX : len =   4 > 21060101
01-14 18:29:08.981  4525  5821 D NxpTml  : PN54X - I2C Write successful.....
01-14 18:29:08.981  4525  5821 D NxpTml  : PN54X - Posting Fresh Write message.....
01-14 18:29:08.981  4525  5821 D NxpTml  : PN54X - Tml Writer Thread Running................
01-14 18:29:08.981  4525  5823 D NxpHal  : write successful status = 0x0
01-14 18:29:08.982  4135  5818 I libnfc_nci: [INFO:nfa_sys_ptim.cc(128)] nfa_sys_ptim_start_timer 0x768e6b14e0
01-14 18:29:08.982  4135  5818 I libnfc_nci: [INFO:nfa_sys_ptim.cc(133)] ptim timer start
01-14 18:29:08.982  4135  5818 I libnfc_nci: [INFO:nfa_dm_discover.cc(2571)] new state: POLL_ACTIVE (4), disc_flags: 0x61
01-14 18:29:08.982  4135  5818 I libnfc_nci: [INFO:nfa_sys_ptim.cc(156)] nfa_sys_ptim_stop_timer 0x768e6b24f8
01-14 18:29:08.982  4135  5818 I libnfc_nci: [INFO:nfa_rw_act.cc(192)] Stopped presence check timer (if started)
01-14 18:29:08.982  4525  5820 D NxpTml  : PN54X - I2C Read successful.....
01-14 18:29:08.982  4525  5820 D NxpNciR : len =   4 > 41060100
01-14 18:29:08.982  4525  5820 D NxpTml  : PN54X - Posting read message.....
01-14 18:29:08.982  4525  5823 D NxpHal  : read successful status = 0x0
01-14 18:29:08.985  4525  5820 D NxpTml  : PN54X - Read requested.....
01-14 18:29:08.985  4525  5820 D NxpTml  : PN54X - Invoking I2C Read.....
01-14 18:29:08.985  4135  5818 I libnfc_nci: [INFO:nfc_ncif.cc(399)] NFC received rsp gid:1
01-14 18:29:08.985  4135  5818 I libnfc_nci: [INFO:nfa_dm_discover.cc(3030)] returning TRUE
01-14 18:29:08.985  4135  5818 I libnfc_nci: [INFO:nfc_main.cc(326)] nfc_set_state 6 (CLOSING)->4 (IDLE)
01-14 18:29:08.985  4135  5818 I libnfc_nci: [INFO:rw_mfc.cc(640)] rw_mfc_conn_cback conn_id=0, evt=0x6002
01-14 18:29:08.985  4135  5818 I libnfc_nci: [INFO:rw_mfc.cc(723)] rw_mfc_conn_cback RW_MFC_STATE_NOT_ACTIVATED
01-14 18:29:08.985  4135  5818 I libnfc_nci: [INFO:nfa_dm_discover.cc(694)] event:0x4005
01-14 18:29:08.985  4135  5818 I libnfc_nci: [INFO:nfa_dm_discover.cc(2518)] state: POLL_ACTIVE (4), event: DEACTIVATE_RSP(7) disc_flags: 0x61
01-14 18:29:08.985  4135  5818 I libnfc_nci: [INFO:nfa_dm_discover.cc(2571)] new state: POLL_ACTIVE (4), disc_flags: 0x41
01-14 18:29:08.987  4525  5820 D NxpTml  : PN54X - I2C Read successful.....
01-14 18:29:08.987  4525  5820 D NxpNciR : len =   5 > 6106020100
01-14 18:29:08.987  4525  5820 D NxpTml  : PN54X - Posting read message.....
01-14 18:29:08.987  4525  5823 D NxpHal  : read successful status = 0x0
01-14 18:29:08.987  4525  5823 D NfccPowerTracker: NfccPowerTracker::ProcessNtf: Enter
01-14 18:29:08.987  4525  5823 D NfccPowerTracker: mActiveDurationFromLastScreenUpdate: 1474
01-14 18:29:08.987  4135  5818 I libnfc_nci: [INFO:nfc_ncif.cc(440)] NFC received ntf gid:1
01-14 18:29:08.987  4135  5818 I libnfc_nci: [INFO:nfa_dm_discover.cc(3030)] returning TRUE
01-14 18:29:08.987  4135  5818 I libnfc_nci: [INFO:nfc_main.cc(326)] nfc_set_state 4 (IDLE)->4 (IDLE)
01-14 18:29:08.987  4135  5818 I libnfc_nci: [INFO:nfa_dm_discover.cc(1662)] nfa_dm_disc_data_cback
01-14 18:29:08.987  4135  5818 I libnfc_nci: [INFO:nfa_dm_discover.cc(694)] event:0x4005
01-14 18:29:08.987  4135  5818 I libnfc_nci: [INFO:nfa_dm_discover.cc(2518)] state: POLL_ACTIVE (4), event: DEACTIVATE_NTF(8) disc_flags: 0x41
01-14 18:29:08.988  4135  5818 I libnfc_nci: [INFO:nfa_sys_ptim.cc(156)] nfa_sys_ptim_stop_timer 0x768e6b14e0
01-14 18:29:08.988  4135  5818 I libnfc_nci: [INFO:nfa_sys_ptim.cc(163)] ptim timer stop
01-14 18:29:08.988  4135  5818 I libnfc_nci: [INFO:nfa_dm_discover.cc(1361)] activated_handle=1
01-14 18:29:08.988  4525  5820 D NxpTml  : PN54X - Read requested.....
01-14 18:29:08.988  4525  5820 D NxpTml  : PN54X - Invoking I2C Read.....
01-14 18:29:08.988  4135  5818 I libnfc_nci: [INFO:nfa_dm_act.cc(1557)] event:0x02
01-14 18:29:08.988  4135  5818 I libnfc_nci: [INFO:nfa_rw_main.cc(179)] nfa_rw_handle_event event: NFA_RW_DEACTIVATE_NTF_EVT (0x502), flags: 00000021
01-14 18:29:08.988  4135  5818 I libnfc_nci: [INFO:nfa_sys_ptim.cc(156)] nfa_sys_ptim_stop_timer 0x768e6b24f8
01-14 18:29:08.988  4135  5818 I libnfc_nci: [INFO:nfa_sys_ptim.cc(163)] ptim timer stop
01-14 18:29:08.988  4135  5818 I libnfc_nci: [INFO:nfa_rw_act.cc(192)] Stopped presence check timer (if started)
01-14 18:29:08.988  4135  5818 I libnfc_nci: [INFO:NativeNfcManager.cpp(276)] nfaConnectionCallback: event= 6
01-14 18:29:08.988  4135  5818 I libnfc_nci: [INFO:NativeNfcManager.cpp(429)] nfaConnectionCallback: NFA_DEACTIVATED_EVT   Type: 1, gIsTagDeactivating: 1
01-14 18:29:08.988  4135  5818 I libnfc_nci: [INFO:NfcTag.cpp(148)] NfcTag::setDeactivationState: state=1
01-14 18:29:08.988  4135  5818 I libnfc_nci: [INFO:nfa_dm_discover.cc(1685)] old_state: POLL_ACTIVE (4), new_state: W4_HOST_SELECT (3) disc_flags: 0x1
01-14 18:29:08.988  4135  5818 I libnfc_nci: [INFO:nfa_dm_discover.cc(2571)] new state: W4_HOST_SELECT (3), disc_flags: 0x1
01-14 18:29:08.989  4135  4135 I libnfc_nci: [INFO:NativeNfcTag.cpp(690)] reSelect: select interface 128
01-14 18:29:08.989  4135  4135 I libnfc_nci: [INFO:nfa_dm_api.cc(800)] rf_disc_id:0x1, protocol:0x80, rf_interface:0x80
01-14 18:29:08.989  4135  5818 I libnfc_nci: [INFO:nfa_sys_main.cc(77)] NFA got event 0x0111
01-14 18:29:08.989  4135  5818 I libnfc_nci: [INFO:nfa_dm_main.cc(122)] event: NFA_DM_API_SELECT_EVT (0x11)
01-14 18:29:08.989  4135  5818 I libnfc_nci: [INFO:nfa_dm_act.cc(1322)] nfa_dm_act_select
01-14 18:29:08.989  4135  5818 I libnfc_nci: [INFO:nfa_dm_discover.cc(2721)] rf_disc_id:0x1, protocol:0x80, rf_interface:0x80
01-14 18:29:08.989  4135  5818 I libnfc_nci: [INFO:nfa_dm_discover.cc(2518)] state: W4_HOST_SELECT (3), event: SELECT_CMD(3) disc_flags: 0x11
01-14 18:29:08.989  4135  5818 I libnfc_nci: [INFO:NfcAdaptation.cc(751)] NfcAdaptation::HalWrite
01-14 18:29:08.989  4525  4525 D NxpExtns: find found MIFARE_READER_ENABLE=(0x1)
01-14 18:29:08.989  4525  4525 D NfccPowerTracker: NfccPowerTracker::ProcessCmd: Enter,Recieved len :6
01-14 18:29:08.989  4525  5821 D NxpTml  : PN54X - Write requested.....
01-14 18:29:08.989  4525  5821 D NxpTml  : PN54X - Invoking I2C Write.....
01-14 18:29:08.991  4525  5821 D NxpNciX : len =   6 > 210403018080
01-14 18:29:08.991  4525  5821 D NxpTml  : PN54X - I2C Write successful.....
01-14 18:29:08.991  4525  5821 D NxpTml  : PN54X - Posting Fresh Write message.....
01-14 18:29:08.991  4525  5821 D NxpTml  : PN54X - Tml Writer Thread Running................
01-14 18:29:08.991  4525  5823 D NxpHal  : write successful status = 0x0
01-14 18:29:08.992  4135  5818 I libnfc_nci: [INFO:nfa_dm_discover.cc(2571)] new state: W4_HOST_SELECT (3), disc_flags: 0x11
01-14 18:29:08.993  4525  5820 D NxpTml  : PN54X - I2C Read successful.....
01-14 18:29:08.993  4525  5820 D NxpNciR : len =   4 > 41040100
01-14 18:29:08.993  4525  5820 D NxpTml  : PN54X - Posting read message.....
01-14 18:29:08.993  4525  5823 D NxpHal  : read successful status = 0x0
01-14 18:29:08.994  4135  5818 I libnfc_nci: [INFO:nfc_ncif.cc(399)] NFC received rsp gid:1
01-14 18:29:08.994  4135  5818 I libnfc_nci: [INFO:nfa_dm_discover.cc(694)] event:0x4003
01-14 18:29:08.994  4135  5818 I libnfc_nci: [INFO:nfa_dm_discover.cc(2518)] state: W4_HOST_SELECT (3), event: SELECT_RSP(4) disc_flags: 0x11
01-14 18:29:08.994  4135  5818 I libnfc_nci: [INFO:NativeNfcManager.cpp(276)] nfaConnectionCallback: event= 3
01-14 18:29:08.994  4135  5818 I libnfc_nci: [INFO:NativeNfcManager.cpp(333)] nfaConnectionCallback: NFA_SELECT_RESULT_EVT: status = 0, gIsSelectingRfInterface = 1,
 sIsDisabling=0
01-14 18:29:08.994  4135  5818 I libnfc_nci: [INFO:nfa_dm_discover.cc(2571)] new state: W4_HOST_SELECT (3), disc_flags: 0x1
01-14 18:29:08.994  4525  5820 D NxpTml  : PN54X - Read requested.....
01-14 18:29:08.994  4525  5820 D NxpTml  : PN54X - Invoking I2C Read.....
01-14 18:29:08.996  4525  5820 D NxpTml  : PN54X - I2C Read successful.....
01-14 18:29:08.996  4525  5820 D NxpNciR : len =  23 > 61051401808000FF010904000442C48A92010800000000
01-14 18:29:08.996  4525  5820 D NxpTml  : PN54X - Posting read message.....
01-14 18:29:08.997  4525  5823 D NxpHal  : read successful status = 0x0
01-14 18:29:08.997  4525  5823 D NxpHal  : NxpNci: RF Interface = MIFARE
01-14 18:29:08.997  4525  5823 D NxpHal  : NxpNci: Protocol = MIFARE
01-14 18:29:08.997  4525  5823 D NxpHal  : NxpNci: Mode = A Passive Poll
01-14 18:29:08.997  4525  5823 D NfccPowerTracker: NfccPowerTracker::ProcessNtf: Enter
01-14 18:29:08.997  4135  5818 I libnfc_nci: [INFO:nfc_ncif.cc(440)] NFC received ntf gid:1
01-14 18:29:08.998  4135  5818 I libnfc_nci: [INFO:nfa_dm_discover.cc(3030)] returning TRUE
01-14 18:29:08.998  4135  5818 I libnfc_nci: [INFO:nfc_main.cc(326)] nfc_set_state 4 (IDLE)->5 (OPEN)
01-14 18:29:08.998  4135  5818 I libnfc_nci: [INFO:nfc_ncif.cc(907)] nfc_ncif_proc_activate:20 0, mode:0x00
01-14 18:29:08.998  4135  5818 I libnfc_nci: [INFO:nfa_dm_discover.cc(694)] event:0x4004
01-14 18:29:08.998  4135  5818 I libnfc_nci: [INFO:nfa_dm_discover.cc(2518)] state: W4_HOST_SELECT (3), event: ACTIVATED_NTF(5) disc_flags: 0x1
01-14 18:29:08.998  4135  5818 I libnfc_nci: [INFO:nfa_dm_discover.cc(1685)] old_state: W4_HOST_SELECT (3), new_state: POLL_ACTIVE (4) disc_flags: 0x1
01-14 18:29:08.998  4135  5818 I libnfc_nci: [INFO:nfa_dm_discover.cc(1192)] tech_n_mode:0x0, proto:0x80
01-14 18:29:08.998  4135  5818 I libnfc_nci: [INFO:nfa_dm_discover.cc(674)] tech_n_mode:0x0, protocol:0x80, disc_mask:0x2000
01-14 18:29:08.998  4135  5818 I libnfc_nci: [INFO:nfa_dm_discover.cc(1320)] activated_protocol:0x80, activated_handle: 0x1
01-14 18:29:08.998  4135  5818 I libnfc_nci: [INFO:nfa_dm_act.cc(1557)] event:0x01
01-14 18:29:08.998  4135  5818 I libnfc_nci: [INFO:nfa_rw_main.cc(179)] nfa_rw_handle_event event: NFA_RW_ACTIVATE_NTF_EVT (0x501), flags: 00000001
01-14 18:29:08.998  4135  5818 I libnfc_nci: [INFO:nfa_rw_act.cc(2538)] nfa_rw_activate_ntf
01-14 18:29:08.998  4135  5818 I libnfc_nci: [INFO:rw_main.cc(206)] RW_SetActivatedTagType protocol:128, technology:0, SAK:8
01-14 18:29:08.998  4135  5818 I libnfc_nci: [INFO:rw_mfc.cc(551)] rw_mfc_select
01-14 18:29:08.998  4135  5818 I libnfc_nci: [INFO:nfa_dm_act.cc(1709)] status:0x0
01-14 18:29:08.998  4135  5818 I libnfc_nci: [INFO:NativeNfcManager.cpp(276)] nfaConnectionCallback: event= 5
01-14 18:29:08.998  4135  5818 I libnfc_nci: [INFO:NativeNfcManager.cpp(360)] nfaConnectionCallback: NFA_ACTIVATED_EVT: gIsSelectingRfInterface=1, sIsDisabling=0
01-14 18:29:08.998  4525  5820 D NxpTml  : PN54X - Read requested.....
01-14 18:29:08.998  4525  5820 D NxpTml  : PN54X - Invoking I2C Read.....
01-14 18:29:08.998  4135  5818 I libnfc_nci: [INFO:NfcTag.cpp(165)] NfcTag::setActivationState: state=2
01-14 18:29:08.998  4135  5818 I libnfc_nci: [INFO:nfa_dm_discover.cc(2571)] new state: POLL_ACTIVE (4), disc_flags: 0x1
01-14 18:29:08.999  4135  4135 I libnfc_nci: [INFO:NativeNfcTag.cpp(709)] reSelect: select completed; sConnectOk=1
01-14 18:29:08.999  4135  4135 I libnfc_nci: [INFO:NativeNfcTag.cpp(728)] reSelect: exit; status=0
01-14 18:29:08.999  4135  4135 I libnfc_nci: [INFO:NativeNfcTag.cpp(799)] nativeNfcTag_doReconnect: exit 0x0
01-14 18:29:08.999  4135  4135 I libnfc_nci: [INFO:NativeNfcTag.cpp(1290)] nativeNfcTag_doCheckNdef: exit; status=0x0
01-14 18:29:08.999  4135  4135 I libnfc_nci: [INFO:NativeNfcTag.cpp(275)] nativeNfcTag_doRead: enter
01-14 18:29:08.999  4135  4135 E libnfc_nci: [ERROR:phNxpExtns_MifareStd.cpp(1548)] Mifare : phLibNfc_GetKeyNumberMFC Key found
01-14 18:29:08.999  4135  4135 E libnfc_nci: [ERROR:phNxpExtns_MifareStd.cpp(1555)] Mifare : phLibNfc_GetKeyNumberMFC returning = 0x0 Key = 0x1
01-14 18:29:08.999  4135  4135 I libnfc_nci: [INFO:nfa_dm_api.cc(936)] data_len:3
01-14 18:29:09.000  4135  5818 I libnfc_nci: [INFO:nfa_sys_main.cc(77)] NFA got event 0x010C
