01-15 23:32:04.196     0     0 E         : (NULL device *): wsa881x_gpio_ctrl: Failed to turn state 1; ret=-22
01-15 23:32:04.197     0     0 E mdss_dp_usbpd_setup: get_usbpd phandle failed (-517)
01-15 23:32:04.197     0     0 E mdss_dp_probe: Error usbpd setup!
01-15 23:32:04.203     0     0 E swr-wcd msm_sdw_swr_ctrl: swrm_get_logical_dev_num: device id 0x0 does not match with 0x20170212
01-15 23:32:04.203     0     0 E swr_get_logical_dev_num: Error -22 to get logical addr for device 20170212
01-15 23:32:04.203     0     0 W wsa881x : probe of wsa881x.20170212 failed with error -22
01-15 23:32:04.205     0     0 E platform soc: wsa_spkr_en1_pinctrl: msm_cdc_pinctrl_get_gpiodata: cannot find cdc gpio info
01-15 23:32:04.206     0     0 E qpnp-pdphy 800f000.qcom,spmi: qcom,pm660@0:qcom,usb-pdphy@1700: usbpd_create failed: -517
01-15 23:32:04.207     0     0 E platform soc: wsa_spkr_en1_pinctrl: msm_cdc_pinctrl_get_gpiodata: cannot find cdc gpio info
01-15 23:32:04.207     0     0 E         : (NULL device *): wsa881x_gpio_ctrl: Failed to turn state 1; ret=-22
01-15 23:32:04.207     0     0 I sysmon-qmi: sysmon_clnt_svc_arrive: Connection established between QMI handle and adsp's SSCTL service
01-15 23:32:04.214     0     0 E swr-wcd msm_sdw_swr_ctrl: swrm_get_logical_dev_num: device id 0x0 does not match with 0x21170213
01-15 23:32:04.214     0     0 E swr_get_logical_dev_num: Error -22 to get logical addr for device 21170213
01-15 23:32:04.214     0     0 W wsa881x : probe of wsa881x.21170213 failed with error -22
01-15 23:32:04.217     0     0 E platform soc: wsa_spkr_en2_pinctrl: msm_cdc_pinctrl_get_gpiodata: cannot find cdc gpio info
01-15 23:32:04.218     0     0 E platform soc: wsa_spkr_en2_pinctrl: msm_cdc_pinctrl_get_gpiodata: cannot find cdc gpio info
01-15 23:32:04.218     0     0 E         : (NULL device *): wsa881x_gpio_ctrl: Failed to turn state 1; ret=-22
01-15 23:32:04.225     0     0 E diag    : In diag_send_feature_mask_update, control channel is not open, p: 1, ffffff8276b76fe8
01-15 23:32:04.225     0     0 E diag    : In diag_send_peripheral_buffering_mode, buffering flag not set for 1
01-15 23:32:04.226     0     0 E swr-wcd msm_sdw_swr_ctrl: swrm_get_logical_dev_num: device id 0x0 does not match with 0x21170214
01-15 23:32:04.226     0     0 E swr_get_logical_dev_num: Error -22 to get logical addr for device 21170214
01-15 23:32:04.226     0     0 W wsa881x : probe of wsa881x.21170214 failed with error -22
01-15 23:32:04.226     0     0 E diag    : In diag_send_peripheral_buffering_mode, buffering flag not set for 1
01-15 23:32:04.229     0     0 I sdm660-asoc-snd soc: sound: msm_internal_init: default codec configured
01-15 23:32:04.229     0     0 E /soc/sound: could not get #gpio-cells for /soc/msm_cdc_pinctrl@75
01-15 23:32:04.238     0     0 E sdm660-asoc-snd soc: sound: ASoC: CODEC DAI btfm_bt_sco_a2dp_slim_rx not registered
01-15 23:32:04.241     0     0 E mdss_dp_usbpd_setup: get_usbpd phandle failed (-517)
01-15 23:32:04.241     0     0 E mdss_dp_probe: Error usbpd setup!
01-15 23:32:04.243     0     0 I sps     : BAM 0x0000000015204000 (va:0xffffff800bdc0000) enabled: ver:0x19, number of pipes:13
01-15 23:32:04.249     0     0 I sps     : BAM 0x0000000015204000 is registered.
01-15 23:32:04.249     0     0 E qpnp-pdphy 800f000.qcom,spmi: qcom,pm660@0:qcom,usb-pdphy@1700: usbpd_create failed: -517
01-15 23:32:04.415     0     0 D goodix-ts 4-005d: [0][59 1147 12]
01-15 23:32:04.426     0     0 D goodix-ts 4-005d: Invalid finger points
01-15 23:32:04.436     0     0 D goodix-ts 4-005d: [0][59 1147 12]
01-15 23:32:04.447     0     0 D goodix-ts 4-005d: Invalid finger points
01-15 23:32:04.458     0     0 D goodix-ts 4-005d: [0][59 1147 12]
01-15 23:32:04.468     0     0 D goodix-ts 4-005d: Invalid finger points
01-15 23:32:04.479     0     0 D goodix-ts 4-005d: [0][59 1147 12]
01-15 23:32:04.490     0     0 D goodix-ts 4-005d: Invalid finger points
01-15 23:32:04.501     0     0 D goodix-ts 4-005d: [0][59 1147 12]
01-15 23:32:04.511     0     0 D goodix-ts 4-005d: Invalid finger points
01-15 23:32:04.522     0     0 D goodix-ts 4-005d: [0][59 1147 12]
01-15 23:32:04.533     0     0 D goodix-ts 4-005d: Invalid finger points
01-15 23:32:04.538     0     0 E ueventd : selinux_android_restorecon(/sys/devices/soc/800f000.qcom,spmi/spmi-0/spmi0-00/800f000.qcom,spmi:qcom,pm660@0:qcom,usb-pdp
hy@1700/usbpd/usbpd0) failed: No such file or directory
01-15 23:32:04.543     0     0 D goodix-ts 4-005d: [0][59 1147 12]
01-15 23:32:04.557     0     0 I sdm660-asoc-snd soc: sound: msm_internal_init: default codec configured
01-15 23:32:04.559     0     0 I ueventd : firmware: loading 'cdsp.b05' for '/devices/soc/1a300000.qcom,turing/firmware/cdsp.b05'
01-15 23:32:04.573     0     0 E /soc/sound: could not get #gpio-cells for /soc/msm_cdc_pinctrl@75
01-15 23:32:04.586     0     0 D goodix-ts 4-005d: Invalid finger points
01-15 23:32:04.594     0     0 I ueventd : loading /devices/soc/1a300000.qcom,turing/firmware/cdsp.b05 took 35ms
01-15 23:32:04.609     0     0 I ueventd : firmware: loading 'cdsp.b06' for '/devices/soc/1a300000.qcom,turing/firmware/cdsp.b06'
01-15 23:32:04.614     0     0 I ueventd : loading /devices/soc/1a300000.qcom,turing/firmware/cdsp.b06 took 5ms
01-15 23:32:04.615     0     0 E msm-pcm-routing soc: qcom,msm-pcm-routing: ASoC: no sink widget found for MM_UL28
01-15 23:32:04.615     0     0 E msm-pcm-routing soc: qcom,msm-pcm-routing: ASoC: Failed to add route MultiMedia28 Mixer -> direct -> MM_UL28
01-15 23:32:04.615     0     0 E msm-pcm-routing soc: qcom,msm-pcm-routing: ASoC: no sink widget found for MM_UL29
01-15 23:32:04.615     0     0 E msm-pcm-routing soc: qcom,msm-pcm-routing: ASoC: Failed to add route MultiMedia29 Mixer -> direct -> MM_UL29
01-15 23:32:04.618     0     0 E msm-pcm-routing soc: qcom,msm-pcm-routing: ASoC: no sink widget found for AUDIO_REF_EC_UL28 MUX
01-15 23:32:04.618     0     0 E msm-pcm-routing soc: qcom,msm-pcm-routing: ASoC: Failed to add route PRI_MI2S_TX -> PRI_MI2S_TX -> AUDIO_REF_EC_UL28 MUX
01-15 23:32:04.618     0     0 E msm-pcm-routing soc: qcom,msm-pcm-routing: ASoC: no sink widget found for AUDIO_REF_EC_UL28 MUX
01-15 23:32:04.618     0     0 E msm-pcm-routing soc: qcom,msm-pcm-routing: ASoC: Failed to add route SEC_MI2S_TX -> SEC_MI2S_TX -> AUDIO_REF_EC_UL28 MUX
01-15 23:32:04.618     0     0 E msm-pcm-routing soc: qcom,msm-pcm-routing: ASoC: no sink widget found for AUDIO_REF_EC_UL28 MUX
01-15 23:32:04.618     0     0 E msm-pcm-routing soc: qcom,msm-pcm-routing: ASoC: Failed to add route TERT_MI2S_TX -> TERT_MI2S_TX -> AUDIO_REF_EC_UL28 MUX
01-15 23:32:04.618     0     0 E msm-pcm-routing soc: qcom,msm-pcm-routing: ASoC: no sink widget found for AUDIO_REF_EC_UL28 MUX
01-15 23:32:04.618     0     0 E msm-pcm-routing soc: qcom,msm-pcm-routing: ASoC: Failed to add route QUAT_MI2S_TX -> QUAT_MI2S_TX -> AUDIO_REF_EC_UL28 MUX
01-15 23:32:04.618     0     0 E msm-pcm-routing soc: qcom,msm-pcm-routing: ASoC: no sink widget found for AUDIO_REF_EC_UL29 MUX
01-15 23:32:04.618     0     0 E msm-pcm-routing soc: qcom,msm-pcm-routing: ASoC: Failed to add route PRI_MI2S_TX -> PRI_MI2S_TX -> AUDIO_REF_EC_UL29 MUX
01-15 23:32:04.618     0     0 E msm-pcm-routing soc: qcom,msm-pcm-routing: ASoC: no sink widget found for AUDIO_REF_EC_UL29 MUX
01-15 23:32:04.618     0     0 E msm-pcm-routing soc: qcom,msm-pcm-routing: ASoC: Failed to add route SEC_MI2S_TX -> SEC_MI2S_TX -> AUDIO_REF_EC_UL29 MUX
01-15 23:32:04.618     0     0 E msm-pcm-routing soc: qcom,msm-pcm-routing: ASoC: no sink widget found for AUDIO_REF_EC_UL29 MUX
01-15 23:32:04.618     0     0 E msm-pcm-routing soc: qcom,msm-pcm-routing: ASoC: Failed to add route TERT_MI2S_TX -> TERT_MI2S_TX -> AUDIO_REF_EC_UL29 MUX
01-15 23:32:04.618     0     0 E msm-pcm-routing soc: qcom,msm-pcm-routing: ASoC: no sink widget found for AUDIO_REF_EC_UL29 MUX
01-15 23:32:04.618     0     0 E msm-pcm-routing soc: qcom,msm-pcm-routing: ASoC: Failed to add route QUAT_MI2S_TX -> QUAT_MI2S_TX -> AUDIO_REF_EC_UL29 MUX
01-15 23:32:04.618     0     0 E msm-pcm-routing soc: qcom,msm-pcm-routing: ASoC: no source widget found for AUDIO_REF_EC_UL28 MUX
01-15 23:32:04.618     0     0 E msm-pcm-routing soc: qcom,msm-pcm-routing: ASoC: Failed to add route AUDIO_REF_EC_UL28 MUX -> direct -> MM_UL28
01-15 23:32:04.618     0     0 E msm-pcm-routing soc: qcom,msm-pcm-routing: ASoC: no source widget found for AUDIO_REF_EC_UL29 MUX
01-15 23:32:04.618     0     0 E msm-pcm-routing soc: qcom,msm-pcm-routing: ASoC: Failed to add route AUDIO_REF_EC_UL29 MUX -> direct -> MM_UL29
01-15 23:32:04.622     0     0 I ueventd : firmware: loading 'cdsp.b07' for '/devices/soc/1a300000.qcom,turing/firmware/cdsp.b07'
01-15 23:32:04.638     0     0 W         : msm_digital_codec msm_digital_codec: ASoC: Failed to create AIF2 Capture debugfs file
01-15 23:32:04.643     0     0 I ueventd : loading /devices/soc/1a300000.qcom,turing/firmware/cdsp.b07 took 21ms
01-15 23:32:04.694     0     0 I subsys-pil-tz 1a300000.qcom,turing: cdsp: Brought out of reset
01-15 23:32:04.704     0     0 I subsys-pil-tz 1a300000.qcom,turing: Subsystem error monitoring/handling services are up
01-15 23:32:04.704     0     0 I subsys-pil-tz 1a300000.qcom,turing: cdsp: Power/Clock ready interrupt received
01-15 23:32:04.704     0     0 E sdm660-asoc-snd soc: sound: control 2:0:0:MultiMedia5 Mixer QUAT_MI2S_TX:0 is already present
01-15 23:32:04.704     0     0 E msm-pcm-routing soc: qcom,msm-pcm-routing: ASoC: failed to add widget MultiMedia5 Mixer dapm kcontrol MultiMedia5 Mixer QUAT_MI2S_T
X: -16
01-15 23:32:04.817     0     0 E msm-pcm-routing soc: qcom,msm-pcm-routing: ASoC: mux AUDIO_REF_EC_UL16 MUX has no paths
01-15 23:32:04.848     0     0 E diag    : In diag_send_feature_mask_update, control channel is not open, p: 5, ffffff8276b77488
01-15 23:32:04.848     0     0 E diag    : In diag_send_peripheral_buffering_mode, buffering flag not set for 5
01-15 23:32:04.849     0     0 E diag    : In diag_send_peripheral_buffering_mode, buffering flag not set for 5
01-15 23:32:04.943     0     0 I sdm660-asoc-snd soc: sound: wcd_mbhc_start: qcom,msm-mbhc-usbc-audio-supported in dt node is missing or false
01-15 23:32:04.943     0     0 I sdm660-asoc-snd soc: sound: wcd_mbhc_start: skipping USB c analog configuration
01-15 23:32:04.991     0     0 I input   : sdm660-snd-card-mtp Headset Jack as /devices/soc/soc:sound/sound/card0/input3
01-15 23:32:04.992     0     0 I input   : sdm660-snd-card-mtp Button Jack as /devices/soc/soc:sound/sound/card0/input4
01-15 23:32:04.999     0     0 E mdss_dp_usbpd_setup: get_usbpd phandle failed (-517)
01-15 23:32:04.999     0     0 E mdss_dp_probe: Error usbpd setup!
01-15 23:32:05.007     0     0 E qpnp-pdphy 800f000.qcom,spmi: qcom,pm660@0:qcom,usb-pdphy@1700: usbpd_create failed: -517
01-15 23:32:05.086     0     0 I init    : Service 'exec 14 (/vendor/bin/init.qcom.early_boot.sh)' (pid 693) exited with status 0 waiting took 1.235000 seconds
01-15 23:32:05.089   751   751 I auditd  : type=1400 audit(0.0:12): avc: denied { execute } for comm="init" name="init.qti.can.sh" dev="mmcblk0p18" ino=263 scontext
=u:r:init:s0 tcontext=u:object_r:vendor_file:s0 tclass=file permissive=0
01-15 23:32:05.089     0     0 I init    : starting service 'exec 15 (/vendor/bin/init.qti.can.sh)'...
01-15 23:32:05.105     0     0 I init    : SVC_EXEC service 'exec 15 (/vendor/bin/init.qti.can.sh)' pid 751 (uid 0 gid 0+0 context u:r:qti_init_shell:s0) started; w
aiting...
01-15 23:32:05.107     0     0 E init    : cannot execve('/vendor/bin/init.qti.can.sh'): Permission denied
01-15 23:32:05.150     0     0 I init    : Service 'exec 15 (/vendor/bin/init.qti.can.sh)' (pid 751) exited with status 127 waiting took 0.046000 seconds
01-15 23:32:05.181     0     0 I init    : processing action (early-boot) from (/system/etc/init/installd.rc:5)
01-15 23:32:05.207     0     0 I init    : processing action (boot) from (/init.rc:657)
01-15 23:32:05.213     0     0 E init    : property 'dev.mnt.blk.data' doesn't exist while expanding '/sys/fs/f2fs/${dev.mnt.blk.data}/cp_interval'
01-15 23:32:05.213     0     0 I init    : Command 'write /sys/fs/f2fs/${dev.mnt.blk.data}/cp_interval 200' action=boot (/init.rc:690) took 0ms and failed: cannot e
xpand '/sys/fs/f2fs/${dev.mnt.blk.data}/cp_interval'
01-15 23:32:05.223     0     0 E init    : property 'dev.mnt.blk.data' doesn't exist while expanding '/sys/fs/f2fs/${dev.mnt.blk.data}/gc_urgent_sleep_time'
01-15 23:32:05.240     0     0 I init    : Command 'write /sys/fs/f2fs/${dev.mnt.blk.data}/gc_urgent_sleep_time 50' action=boot (/init.rc:691) took 16ms and failed:
 cannot expand '/sys/fs/f2fs/${dev.mnt.blk.data}/gc_urgent_sleep_time'
01-15 23:32:05.264     0     0 I init    : starting service 'vendor.audio-hal-2-0'...
01-15 23:32:05.278     0     0 I init    : starting service 'hidl_memory'...
01-15 23:32:05.285     0     0 I init    : starting service 'system_suspend'...
01-15 23:32:05.292     0     0 I init    : starting service 'healthd'...
01-15 23:32:05.299     0     0 I init    : starting service 'vendor.bluetooth-1-0-qti'...
01-15 23:32:05.306     0     0 I init    : starting service 'vendor.camera-provider-2-4'...
01-15 23:32:05.312     0     0 E init    : couldn't write 757 to /dev/cpuset/camera-daemon/tasks: No such file or directory
01-15 23:32:05.313     0     0 I init    : starting service 'vendor.cas-hal-1-1'...
01-15 23:32:05.327     0     0 I init    : starting service 'vendor.configstore-hal'...
01-15 23:32:05.334     0     0 I init    : starting service 'vendor.drm-hal-1-0'...
01-15 23:32:05.341     0     0 I init    : starting service 'vendor.drm-clearkey-hal-1-2'...
01-15 23:32:05.348     0     0 I init    : starting service 'gnss_service'...
01-15 23:32:05.355     0     0 I init    : starting service 'vendor.gralloc-2-0'...
01-15 23:32:05.361     0     0 I init    : starting service 'vendor.hwcomposer-2-1'...
01-15 23:32:05.368     0     0 I init    : starting service 'health-hal-2-0'...
01-15 23:32:05.375     0     0 I init    : starting service 'vendor.light-hal-2-0'...
01-15 23:32:05.375     0     0 I init    : Opened file '/dev/kmsg', flags 1
01-15 23:32:05.375     0     0 I init    : Created socket '/dev/socket/pps', mode 660, user 1000, group 1000
01-15 23:32:05.378     0     0 W healthd : Unknown power supply type 'BMS'
01-15 23:32:05.378     0     0 W healthd : Unknown power supply type 'Main'
01-15 23:32:05.382     0     0 I init    : starting service 'vendor.memtrack-hal-1-0'...
01-15 23:32:05.383     0     0 W healthd : ignore: usb-ignore
01-15 23:32:05.383     0     0 W healthd : ignore: battery-ignore
01-15 23:32:05.383     0     0 W healthd : BatteryTemperaturePath not found
01-15 23:32:05.383     0     0 W healthd : BatteryTechnologyPath not found
01-15 23:32:05.384     0     0 W healthd : BatteryCurrentNowPath not found
01-15 23:32:05.384     0     0 W healthd : BatteryFullChargePath not found
01-15 23:32:05.384     0     0 W healthd : BatteryCycleCountPath not found
01-15 23:32:05.387     0     0 E FAKE_BATTERY: fake_batt_get_property: batt_mv=7608
01-15 23:32:05.389     0     0 I init    : starting service 'vendor.nfc_hal_service'...
01-15 23:32:05.389     0     0 W healthd : battery l=56 v=7 t=0.0 h=2 st=3 chg=
01-15 23:32:05.396     0     0 I init    : starting service 'vendor.power-hal-1-0'...
01-15 23:32:05.403     0     0 I init    : starting service 'vendor.sensors-hal-1-0'...
01-15 23:32:05.410     0     0 I init    : starting service 'vendor.thermal-hal-1-0'...
01-15 23:32:05.417     0     0 I init    : starting service 'vendor.usb-hal-1-0'...
01-15 23:32:05.424     0     0 I init    : starting service 'vendor.vibrator-1-0'...
01-15 23:32:05.431     0     0 I init    : starting service 'vendor.wifi_hal_legacy'...
01-15 23:32:05.438     0     0 I init    : starting service 'display-color-hal-1-0'...
01-15 23:32:05.445     0     0 I init    : starting service 'qti_esepowermanager_service'...
01-15 23:32:05.452     0     0 I init    : starting service 'perf-hal-2-0'...
01-15 23:32:05.474     0     0 I init    : starting service 'qdutils_disp-1-0'...
01-15 23:32:05.504     0     0 I init    : starting service 'qteeconnector-hal-1-0'...
01-15 23:32:05.543     0     0 I init    : starting service 'soter-1-0'...
01-15 23:32:05.617     0     0 I init    : starting service 'tui_comm-1-0'...
01-15 23:32:05.663     0     0 I init    : Command 'class_start hal' action=boot (/init.rc:762) took 399ms and succeeded
01-15 23:32:05.664     0     0 I init    : starting service 'qcom-c_core-sh'...
01-15 23:32:05.679     0     0 I init    : starting service 'vendor.qrtr-ns'...
01-15 23:32:05.697     0     0 I init    : starting service 'irsc_util'...
01-15 23:32:05.707     0     0 W healthd : Unknown power supply type 'BMS'
01-15 23:32:05.707     0     0 W healthd : Unknown power supply type 'Main'
01-15 23:32:05.717     0     0 I init    : starting service 'vendor-sensor-sh'...
01-15 23:32:05.722     0     0 W healthd : ignore: usb-ignore
01-15 23:32:05.722     0     0 W healthd : ignore: battery-ignore
01-15 23:32:05.730     0     0 W healthd : BatteryTemperaturePath not found
01-15 23:32:05.730     0     0 W healthd : BatteryTechnologyPath not found
01-15 23:32:05.741     0     0 E init    : Could not start service 'esepmdaemon' as part of class 'core': Cannot find '/system/vendor/bin/esepmdaemon': No such file
 or directory
01-15 23:32:05.741     0     0 I init    : starting service 'cs-early-boot'...
01-15 23:32:05.743     0     0 W healthd : BatteryCurrentNowPath not found
01-15 23:32:05.743     0     0 W healthd : BatteryFullChargePath not found
01-15 23:32:05.743     0     0 W healthd : BatteryCycleCountPath not found
01-15 23:32:05.749     0     0 E FAKE_BATTERY: fake_batt_get_property: batt_mv=7608
01-15 23:32:05.751     0     0 W healthd : battery l=56 v=7 t=0.0 h=2 st=3 chg=
01-15 23:32:05.770   797   797 I irsc_util: Starting irsc tool
01-15 23:32:05.778   797   797 I irsc_util: Num of entries:297
01-15 23:32:05.784   797   797 I irsc_util: Ending irsc tool
01-15 23:32:05.786   776   776 I android.hardware.wifi@1.0-service: Wifi Hal is booting up...
01-15 23:32:05.797   776   776 I ServiceManagement: Registered android.hardware.wifi@1.3::IWifi/default (start delay of 373ms)
01-15 23:32:05.808     0     0 I init    : starting service 'vendor.per_mgr'...
01-15 23:32:05.818     0     0 I init    : starting service 'vendor.pd_mapper'...
01-15 23:32:05.835     0     0 I init    : starting service 'ashmemd'...
01-15 23:32:05.849     0     0 I init    : starting service 'audioserver'...
01-15 23:32:05.865     0     0 I init    : starting service 'gpu'...
01-15 23:32:05.878     0     0 I init    : starting service 'lmkd'...
01-15 23:32:05.893     0     0 I init    : starting service 'surfaceflinger'...
01-15 23:32:05.905     0     0 I init    : Created socket '/dev/socket/lmkd', mode 660, user 1000, group 1000
01-15 23:32:05.908     0     0 I init    : starting service 'vendor.rmt_storage'...
01-15 23:32:05.924     0     0 E init    : Failed to bind socket 'pdx/system/vr/display/client': No such file or directory
01-15 23:32:05.926     0     0 E init    : Failed to bind socket 'pdx/system/vr/display/manager': No such file or directory
01-15 23:32:05.927     0     0 I init    : starting service 'vendor.tftp_server'...
01-15 23:32:05.937     0     0 I init    : Command 'class_start core' action=boot (/init.rc:764) took 273ms and succeeded
01-15 23:32:05.939     0     0 I init    : Service 'irsc_util' (pid 797) exited with status 0
01-15 23:32:05.940     0     0 I init    : processing action (boot) from (/init.usb.rc:21)
01-15 23:32:05.943     0     0 I init    : processing action (persist.sys.usb.config=* && boot) from (/init.usb.rc:102)
01-15 23:32:05.943     0     0 I init    : processing action (boot) from (/vendor/etc/init/hw/init.qcom.rc:113)
01-15 23:32:05.955     0     0 I ueventd : firmware: loading 'cmnlib64.mdt' for '/devices/virtual/qseecom/qseecom/cmnlib64.mdt'
01-15 23:32:05.967     0     0 I ueventd : loading /devices/virtual/qseecom/qseecom/cmnlib64.mdt took 11ms
01-15 23:32:05.996     0     0 E FAKE_BATTERY: fake_batt_get_property: batt_mv=7608
01-15 23:32:05.999     0     0 I ueventd : firmware: loading 'cmnlib64.b00' for '/devices/virtual/qseecom/qseecom/cmnlib64.b00'
01-15 23:32:06.001     0     0 E init    : Failed to bind socket 'pdx/system/vr/display/vsync': No such file or directory
01-15 23:32:06.013     0     0 I ueventd : loading /devices/virtual/qseecom/qseecom/cmnlib64.b00 took 15ms
01-15 23:32:06.022     0     0 I servloc : service_locator_svc_arrive: Connection established with the Service locator
01-15 23:32:06.022     0     0 I servloc : init_service_locator: Service locator initialized
01-15 23:32:06.039     0     0 I ueventd : firmware: loading 'cmnlib64.b01' for '/devices/virtual/qseecom/qseecom/cmnlib64.b01'
01-15 23:32:06.041     0     0 I audio_notifer_reg_service: service PDR_ADSP is in use
01-15 23:32:06.043     0     0 E rmt_storage: INFO:check_support_using_libmdm: Modem subsystem found on target!
01-15 23:32:06.047     0     0 E selinux : avc:  denied  { set } for property=persist.camera.gyro.disable pid=589 uid=0 gid=0 scontext=u:r:vendor_init:s0 tcontext=u
:object_r:default_prop:s0 tclass=property_service permissive=0
01-15 23:32:06.047     0     0 E init    : Subcontext init could not set 'persist.camera.gyro.disable' to '0': SELinux permission check failed
01-15 23:32:06.047     0     0 I ueventd : loading /devices/virtual/qseecom/qseecom/cmnlib64.b01 took 8ms
01-15 23:32:06.049   589   589 I auditd  : type=1400 audit(0.0:13): avc: denied { setattr } for comm="init" name="rawdump" dev="tmpfs" ino=12878 scontext=u:r:vendor
_init:s0 tcontext=u:object_r:block_device:s0 tclass=lnk_file permissive=0
01-15 23:32:06.049   589   589 I auditd  : type=1400 audit(0.0:14): avc: denied { setattr } for comm="init" name="rawdump" dev="tmpfs" ino=12878 scontext=u:r:vendor
_init:s0 tcontext=u:object_r:block_device:s0 tclass=lnk_file permissive=0
01-15 23:32:06.049     0     0 I init    : Command 'chmod 0755 /system/bin/ip' action=boot (/vendor/etc/init/hw/init.qcom.rc:174) took 1ms and failed: fchmodat() fa
iled: Read-only file system
01-15 23:32:06.049     0     0 I service-notifier: root_service_service_arrive: Connection established between QMI handle and 74 service
01-15 23:32:06.050     0     0 I init    : Received control message 'start' for 'vendor.sensors.qti' from pid: 840 (start vendor.sensors.qti)
01-15 23:32:06.051     0     0 I init    : starting service 'vendor.sensors.qti'...
01-15 23:32:06.061     0     0 I ueventd : firmware: loading 'cmnlib64.b02' for '/devices/virtual/qseecom/qseecom/cmnlib64.b02'
01-15 23:32:06.065     0     0 E rmt_storage: INFO:main: Done with init now waiting for messages!
01-15 23:32:06.069     0     0 I init    : Command 'chown root system /dev/block/bootdevice/by-name/rawdump' action=boot (/vendor/etc/init/hw/init.qcom.rc:200) took
 0ms and failed: lchown() failed: Permission denied
01-15 23:32:06.070     0     0 I init    : Command 'chmod 0660 /dev/block/bootdevice/by-name/rawdump' action=boot (/vendor/etc/init/hw/init.qcom.rc:201) took 0ms an
d failed: fchmodat() failed: Permission denied
01-15 23:32:06.084     0     0 I ueventd : loading /devices/virtual/qseecom/qseecom/cmnlib64.b02 took 22ms
01-15 23:32:06.093     0     0 I init    : processing action (boot) from (/vendor/etc/init/hw/init.qcom.usb.rc:51)
01-15 23:32:06.094     0     0 I init    : Command 'mount configfs none /config' action=boot (/vendor/etc/init/hw/init.qcom.usb.rc:53) took 0ms and failed: mount()
failed: Device or resource busy
01-15 23:32:06.105     0     0 I         : Mass Storage Function, version: 2009/09/11
01-15 23:32:06.105     0     0 I LUN     : removable file: (no medium)
01-15 23:32:06.106     0     0 I ueventd : firmware: loading 'cmnlib64.b03' for '/devices/virtual/qseecom/qseecom/cmnlib64.b03'
01-15 23:32:06.116     0     0 I         : file system registered
01-15 23:32:06.124     0     0 I f_cdev_alloc: port_name:at_usb0 (ffffffc365205400) portno:(0)
01-15 23:32:06.128     0     0 I f_cdev_alloc: port_name:at_usb1 (ffffffc36538cc00) portno:(1)
01-15 23:32:06.132     0     0 I f_cdev_alloc: port_name:at_usb2 (ffffffc36538d400) portno:(2)
01-15 23:32:06.134     0     0 I init    : Received control message 'start' for 'vendor.sensors' from pid: 854 (start vendor.sensors)
01-15 23:32:06.134     0     0 E init    : Could not ctl.start for 'vendor.sensors': Cannot find '/vendor/bin/sscrpcd': No such file or directory
01-15 23:32:06.138     0     0 I ueventd : loading /devices/virtual/qseecom/qseecom/cmnlib64.b03 took 32ms
01-15 23:32:06.145     0     0 W healthd : battery l=56 v=7 t=0.0 h=2 st=3 chg=
01-15 23:32:06.165     0     0 I ueventd : firmware: loading 'cmnlib64.b04' for '/devices/virtual/qseecom/qseecom/cmnlib64.b04'
01-15 23:32:06.167     0     0 E mdss_dsi_event_handler: unhandled event=1
01-15 23:32:06.179   863   863 I auditd  : type=1400 audit(0.0:15): avc: denied { read } for comm="getprop" name="u:object_r:default_prop:s0" dev="tmpfs" ino=4636 s
context=u:r:qti_init_shell:s0 tcontext=u:object_r:default_prop:s0 tclass=file permissive=0
01-15 23:32:06.186     0     0 I init    : Service 'vendor-sensor-sh' (pid 798) exited with status 0
01-15 23:32:06.187     0     0 I ueventd : loading /devices/virtual/qseecom/qseecom/cmnlib64.b04 took 30ms
01-15 23:32:06.204     0     0 I ueventd : firmware: loading 'cmnlib64.b05' for '/devices/virtual/qseecom/qseecom/cmnlib64.b05'
01-15 23:32:06.213     0     0 I ueventd : loading /devices/virtual/qseecom/qseecom/cmnlib64.b05 took 14ms
01-15 23:32:06.238     0     0 I ueventd : firmware: loading 'cmnlib64.b06' for '/devices/virtual/qseecom/qseecom/cmnlib64.b06'
01-15 23:32:06.252     0     0 I ueventd : loading /devices/virtual/qseecom/qseecom/cmnlib64.b06 took 16ms
01-15 23:32:06.268     0     0 I init    : starting service 'vendor.qcom-usb-sh'...
01-15 23:32:06.269   852   852 I auditd  : type=1400 audit(0.0:16): avc: denied { read } for comm="sensors.qti" name="soc0" dev="sysfs" ino=47246 scontext=u:r:senso
rs:s0 tcontext=u:object_r:sysfs:s0 tclass=dir permissive=0
01-15 23:32:06.274     0     0 I init    : processing action (boot) from (/vendor/etc/init/hw/init.target.rc:64)
01-15 23:32:06.275     0     0 I init    : Command 'start rmt_storage' action=boot (/vendor/etc/init/hw/init.target.rc:65) took 0ms and failed: service rmt_storage
not found
01-15 23:32:06.275     0     0 I init    : Command 'start rfs_access' action=boot (/vendor/etc/init/hw/init.target.rc:66) took 0ms and failed: service rfs_access no
t found
01-15 23:32:06.277     0     0 I ueventd : firmware: loading 'a530_pm4.fw' for '/devices/soc/5000000.qcom,kgsl-3d0/kgsl/kgsl-3d0/a530_pm4.fw'
01-15 23:32:06.283     0     0 I ueventd : loading /devices/soc/5000000.qcom,kgsl-3d0/kgsl/kgsl-3d0/a530_pm4.fw took 6ms
01-15 23:32:06.293     0     0 I ueventd : firmware: loading 'cmnlib64.mdt' for '/devices/virtual/qseecom/qseecom/cmnlib64.mdt'
01-15 23:32:06.303     0     0 I ueventd : loading /devices/virtual/qseecom/qseecom/cmnlib64.mdt took 11ms
01-15 23:32:06.311     0     0 I ueventd : firmware: loading 'a530_pfp.fw' for '/devices/soc/5000000.qcom,kgsl-3d0/kgsl/kgsl-3d0/a530_pfp.fw'
01-15 23:32:06.315     0     0 I ueventd : loading /devices/soc/5000000.qcom,kgsl-3d0/kgsl/kgsl-3d0/a530_pfp.fw took 8ms
01-15 23:32:06.329     0     0 I ueventd : firmware: loading 'cmnlib64.b00' for '/devices/virtual/qseecom/qseecom/cmnlib64.b00'
01-15 23:32:06.338     0     0 I ueventd : loading /devices/virtual/qseecom/qseecom/cmnlib64.b00 took 12ms
01-15 23:32:06.349     0     0 I ueventd : firmware: loading 'a512_zap.mdt' for '/devices/soc/soc:qcom,kgsl-hyp/firmware/a512_zap.mdt'
01-15 23:32:06.352     0     0 I ueventd : loading /devices/soc/soc:qcom,kgsl-hyp/firmware/a512_zap.mdt took 3ms
01-15 23:32:06.355     0     0 I ueventd : firmware: loading 'cmnlib64.b01' for '/devices/virtual/qseecom/qseecom/cmnlib64.b01'
01-15 23:32:06.358     0     0 I ueventd : loading /devices/virtual/qseecom/qseecom/cmnlib64.b01 took 3ms
01-15 23:32:06.361     0     0 I alloc_contig_range: [fc500, fc600) PFNs busy
01-15 23:32:06.367     0     0 I ueventd : firmware: loading 'cmnlib64.b02' for '/devices/virtual/qseecom/qseecom/cmnlib64.b02'
01-15 23:32:06.368     0     0 I alloc_contig_range: [fc600, fc700) PFNs busy
01-15 23:32:06.374     0     0 I alloc_contig_range: [fc700, fc800) PFNs busy
01-15 23:32:06.376     0     0 I ueventd : loading /devices/virtual/qseecom/qseecom/cmnlib64.b02 took 8ms
01-15 23:32:06.384     0     0 I subsys-pil-tz soc: qcom,kgsl-hyp: a512_zap: loading from 0x00000000fc800000 to 0x00000000fc802000
01-15 23:32:06.388     0     0 I ueventd : firmware: loading 'cmnlib64.b03' for '/devices/virtual/qseecom/qseecom/cmnlib64.b03'
01-15 23:32:06.393     0     0 I ueventd : loading /devices/virtual/qseecom/qseecom/cmnlib64.b03 took 7ms
01-15 23:32:06.405     0     0 I ueventd : firmware: loading 'cmnlib64.b04' for '/devices/virtual/qseecom/qseecom/cmnlib64.b04'
01-15 23:32:06.411     0     0 I ueventd : loading /devices/virtual/qseecom/qseecom/cmnlib64.b04 took 8ms
01-15 23:32:06.414     0     0 I ueventd : firmware: loading 'a512_zap.b02' for '/devices/soc/soc:qcom,kgsl-hyp/firmware/a512_zap.b02'
01-15 23:32:06.419     0     0 I msm_pm_qos_add_request: add request
01-15 23:32:06.419     0     0 I ueventd : loading /devices/soc/soc:qcom,kgsl-hyp/firmware/a512_zap.b02 took 7ms
01-15 23:32:06.422     0     0 I subsys-pil-tz soc: qcom,kgsl-hyp: a512_zap: Brought out of reset
01-15 23:32:06.422     0     0 I ueventd : firmware: loading 'cmnlib64.b05' for '/devices/virtual/qseecom/qseecom/cmnlib64.b05'
01-15 23:32:06.425     0     0 E devfreq soc: qcom,kgsl-busmon: Couldn't update frequency transition information.
01-15 23:32:06.428     0     0 I ueventd : loading /devices/virtual/qseecom/qseecom/cmnlib64.b05 took 6ms
01-15 23:32:06.437     0     0 I ueventd : firmware: loading 'cmnlib64.b06' for '/devices/virtual/qseecom/qseecom/cmnlib64.b06'
01-15 23:32:06.444     0     0 I ueventd : loading /devices/virtual/qseecom/qseecom/cmnlib64.b06 took 9ms
01-15 23:32:06.445     0     0 W QSEECOM : qseecom_load_app: App (soter64) does'nt exist, loading apps for first time
01-15 23:32:06.465     0     0 I msm_cci_init: 1439: hw_version = 0x10060000
01-15 23:32:06.465     0     0 E         : ov13850_q13v06k probe succeeded
01-15 23:32:06.471     0     0 W QSEECOM : qseecom_load_app: App with id 131074 (soter64) now loaded
01-15 23:32:06.534     0     0 I msm_cci_init: 1439: hw_version = 0x10060000
01-15 23:32:06.535     0     0 E         : ov5648 probe succeeded
01-15 23:32:06.542     0     0 I init    : Command 'insmod /vendor/lib/modules/qca_cld3_wlan.ko' action=boot (/vendor/etc/init/hw/init.target.rc:111) took 219ms and
 failed: finit_module for "/vendor/lib/modules/qca_cld3_wlan.ko" failed: Required key not available
01-15 23:32:06.544     0     0 I init    : Received control message 'start' for 'console' from pid: 892 (start console)
01-15 23:32:06.546     0     0 I init    : starting service 'console'...
01-15 23:32:06.555     0     0 I msm_csid_init: CSID_VERSION = 0x30050000
01-15 23:32:06.560     0     0 E init    : setpgid failed for console: Operation not permitted
01-15 23:32:06.563     0     0 I init    : processing action (boot) from (/system/etc/init/bootstat.rc:63)
01-15 23:32:06.563     0     0 I init    : processing action (boot) from (/system/etc/init/dumpstate.rc:1)
01-15 23:32:06.564     0     0 E         : msm_csid_irq CSID0_IRQ_STATUS_ADDR = 0x800
01-15 23:32:06.564     0     0 I init    : processing action (boot) from (/system/etc/init/gsid.rc:14)
01-15 23:32:06.567     0     0 I init    : starting service 'exec 16 (/system/bin/gsid run-startup-tasks)'...
01-15 23:32:06.570     0     0 I msm_csid_init: CSID_VERSION = 0x30050000
01-15 23:32:06.572     0     0 I init    : processing action (boot) from (/vendor/etc/init/netmgrd.rc:6)
01-15 23:32:06.574     0     0 I init    : Service 'qcom-c_core-sh' (pid 792) exited with status 0
01-15 23:32:06.574     0     0 E         : msm_csid_irq CSID2_IRQ_STATUS_ADDR = 0x800
01-15 23:32:06.577     0     0 I init    : processing action (boot) from (/vendor/etc/init/port-bridge.rc:6)
01-15 23:32:06.578     0     0 I init    : processing action (enable_property_trigger) from (<Builtin Action>:0)
01-15 23:32:06.578     0     0 I init    : processing action (security.perf_harden=1) from (/init.rc:833)
01-15 23:32:06.580     0     0 I init    : processing action (ro.debuggable=1) from (/init.rc:857)
01-15 23:32:06.580     0     0 I init    : processing action (persist.vendor.qcomsysd.enabled=1) from (/vendor/etc/init/hw/init.qcom.rc:432)
01-15 23:32:06.581     0     0 I init    : processing action (vendor.display.lcd_density=*) from (/vendor/etc/init/hw/init.qcom.rc:1007)
01-15 23:32:06.581     0     0 I init    : processing action (vendor.gpu.available_frequencies=*) from (/vendor/etc/init/hw/init.qcom.rc:1080)
01-15 23:32:06.582     0     0 E selinux : avc:  denied  { set } for property=ro.vendor.gpu.available_frequencies pid=589 uid=0 gid=0 scontext=u:r:vendor_init:s0 tc
ontext=u:object_r:freq_prop:s0 tclass=property_service permissive=0
01-15 23:32:06.582     0     0 E init    : Subcontext init could not set 'ro.vendor.gpu.available_frequencies' to '647000000 588000000 465000000 370000000 266000000
 160000000 ': SELinux permission check failed
01-15 23:32:06.601     0     0 I init    : processing action (sys.usb.config=adb && sys.usb.configfs=1) from (/vendor/etc/init/hw/init.msm.usb.configfs.rc:1354)
01-15 23:32:06.603     0     0 I init    : processing action (vendor.usb.controller=*) from (/vendor/etc/init/hw/init.target.rc:126)
01-15 23:32:06.604     0     0 I init    : processing action (init.svc.vendor.per_mgr=running) from (/vendor/etc/init/hw/init.target.rc:142)
01-15 23:32:06.605     0     0 I init    : starting service 'vendor.per_proxy'...
01-15 23:32:06.611     0     0 I init    : processing action (init.svc.surfaceflinger=running) from (/vendor/etc/init/hw/init.target.rc:417)
01-15 23:32:06.613     0     0 I init    : starting service 'ppd'...
01-15 23:32:06.619     0     0 I init    : processing action (sys.usb.config=adb && sys.usb.configfs=1) from (/init.usb.configfs.rc:17)
01-15 23:32:06.619     0     0 I init    : starting service 'adbd'...
01-15 23:32:06.625     0     0 I init    : Created socket '/dev/socket/pps', mode 660, user 1000, group 1000
01-15 23:32:06.626     0     0 I init    : processing action (ro.iorapd.enable=false) from (/system/etc/init/iorapd.rc:24)
01-15 23:32:06.626     0     0 I init    : processing action (ro.boot.slot_suffix=*) from (/system/etc/init/update_engine.rc:8)
01-15 23:32:06.626     0     0 I init    : processing action (defaultcrypto) from (/system/etc/init/vdc.rc:2)
01-15 23:32:06.628     0     0 I init    : starting service 'exec 17 (/system/bin/vdc --wait cryptfs mountdefaultencrypted)'...
01-15 23:32:06.635     0     0 I init    : SVC_EXEC service 'exec 17 (/system/bin/vdc --wait cryptfs mountdefaultencrypted)' pid 933 (uid 0 gid 0+0 context default)
 started; waiting...
01-15 23:32:06.638     0     0 I init    : Created socket '/dev/socket/adbd', mode 660, user 1000, group 1000
01-15 23:32:06.694     0     0 E         : msm_qti_pp_get_rms_value_control, back not active to query rms be_idx:3
01-15 23:32:06.718     0     0 I init    : Service 'exec 16 (/system/bin/gsid run-startup-tasks)' (pid 929) exited with status 0
01-15 23:32:06.723   617   944 I Cryptfs : cryptfs_check_passwd
01-15 23:32:06.724     0     0 D vdc     : Waited 0ms for vold
01-15 23:32:06.726     0     0 E msm_voice_sound_focus_get: Error getting Sound Focus Params, err=-22
01-15 23:32:06.727     0     0 E msm_voice_source_tracking_get: Error getting Source Tracking Params, err=-22
01-15 23:32:06.728   617   944 D         : HW based disk encryption is enabled
01-15 23:32:06.733   617   944 D Cryptfs : crypt_ftr->fs_size = 42721215
01-15 23:32:06.733   617   944 D         : HW based disk encryption is enabled
01-15 23:32:06.733   617   944 I Cryptfs : Using scrypt with keymaster for cryptfs KDF
01-15 23:32:06.734     0     0 E msm_audio_get_copp_idx_from_port_id: Invalid FE, exiting
01-15 23:32:06.737     0     0 I subsys-restart: __subsystem_get(): Changing subsys fw_name to modem
01-15 23:32:06.741     0     0 I init    : Service 'exec 17 (/system/bin/vdc --wait cryptfs mountdefaultencrypted)' (pid 933) exited with status 0 waiting took 0.10
8000 seconds
01-15 23:32:06.741     0     0 E msm_audio_sound_focus_get: Could not get copp idx for port_id=16385
01-15 23:32:06.747     0     0 I         : IPA received MPSS BEFORE_POWERUP
01-15 23:32:06.748     0     0 E ipa2_uc_state_check: 301 uC is not loaded
01-15 23:32:06.748     0     0 E msm_audio_get_copp_idx_from_port_id: Invalid FE, exiting
01-15 23:32:06.748     0     0 E msm_audio_source_tracking_get: Could not get copp idx for port_id=16385
01-15 23:32:06.749     0     0 E msm_voice_sound_focus_get: Error getting Sound Focus Params, err=-22
01-15 23:32:06.749     0     0 E msm_voice_source_tracking_get: Error getting Source Tracking Params, err=-22
01-15 23:32:06.750     0     0 E msm_audio_get_copp_idx_from_port_id: Invalid FE, exiting
01-15 23:32:06.750     0     0 E msm_audio_sound_focus_get: Could not get copp idx for port_id=4101
01-15 23:32:06.750     0     0 E msm_audio_get_copp_idx_from_port_id: Invalid FE, exiting
01-15 23:32:06.750     0     0 E msm_audio_source_tracking_get: Could not get copp idx for port_id=4101
01-15 23:32:06.751     0     0 E msm_voice_sound_focus_get: Error getting Sound Focus Params, err=-22
01-15 23:32:06.752     0     0 E msm_voice_source_tracking_get: Error getting Source Tracking Params, err=-22
01-15 23:32:06.752     0     0 E msm_audio_get_copp_idx_from_port_id: Invalid FE, exiting
01-15 23:32:06.752     0     0 E msm_audio_sound_focus_get: Could not get copp idx for port_id=4149
01-15 23:32:06.753     0     0 E msm_audio_get_copp_idx_from_port_id: Invalid FE, exiting
01-15 23:32:06.753     0     0 E msm_audio_source_tracking_get: Could not get copp idx for port_id=4149
01-15 23:32:06.754     0     0 I core_get_license_status: cmdrsp_license_result.result = 0x15 for module 0x131ff
01-15 23:32:06.757     0     0 E msm-ext-disp-audio-codec-rx soc: qcom,msm_ext_disp:qcom,msm-ext-disp-audio-codec-rx: msm_ext_disp_audio_type_get: codec_data, get_a
udio_edid_blk() or get_intf_id is NULL
01-15 23:32:06.783     0     0 I         : read descriptors
01-15 23:32:06.784     0     0 I         : read strings
01-15 23:32:06.788     0     0 I init    : processing action (sys.usb.config=adb && sys.usb.configfs=1 && sys.usb.ffs.ready=1) from (/init.usb.configfs.rc:20)
01-15 23:32:06.793     0     0 E msm_dai_q6_slim_rx_drift_get: afe port not started. dai_data->status_mask = 0
01-15 23:32:06.795     0     0 E msm_dai_q6_ext_disp_drift_get: afe port not started. status_mask = 0
01-15 23:32:06.839   823   823 I auditd  : type=1400 audit(0.0:17): avc: denied { search } for comm="surfaceflinger" name="gpu" dev="tmpfs" ino=20619 scontext=u:r:s
urfaceflinger:s0 tcontext=u:object_r:vendor_gles_data_file:s0 tclass=dir permissive=0
01-15 23:32:06.869     0     0 E msm_adsp_stream_callback_get: ASM Stream PP event queue is not initialized.
01-15 23:32:06.929   823   823 I chatty  : uid=1000(system) /system/bin/surfaceflinger identical 8 lines
01-15 23:32:06.929   823   823 I auditd  : type=1400 audit(0.0:26): avc: denied { search } for comm="surfaceflinger" name="gpu" dev="tmpfs" ino=20619 scontext=u:r:s
urfaceflinger:s0 tcontext=u:object_r:vendor_gles_data_file:s0 tclass=dir permissive=0
01-15 23:32:06.930     0     0 E ipa_sps_irq_control_all: 963 EP (5) not allocated.
01-15 23:32:06.944     0     0 E msm_adsp_stream_callback_get: ASM Stream PP event queue is not initialized.
01-15 23:32:06.945     0     0 I         : IPA BEFORE_POWERUP handling is complete
01-15 23:32:06.946     0     0 E msm_adsp_stream_callback_get: ASM Stream PP event queue is not initialized.
01-15 23:32:06.959     0     0 I ueventd : firmware: loading 'modem.mdt' for '/devices/soc/4080000.qcom,mss/firmware/modem.mdt'
01-15 23:32:06.965     0     0 I ueventd : loading /devices/soc/4080000.qcom,mss/firmware/modem.mdt took 7ms
01-15 23:32:06.967     0     0 I pil-q6v5-mss 4080000.qcom,mss: modem: loading from 0x000000008ac00000 to 0x0000000092200000
01-15 23:32:06.989     0     0 I ueventd : firmware: loading 'mba.mbn' for '/devices/soc/4080000.qcom,mss/firmware/mba.mbn'
01-15 23:32:06.992     0     0 E msm-dwc3 a800000.ssusb: Could not get usb psy
01-15 23:32:06.994     0     0 E msm_adsp_stream_callback_get: ASM Stream PP event queue is not initialized.
01-15 23:32:06.998     0     0 I ueventd : loading /devices/soc/4080000.qcom,mss/firmware/mba.mbn took 10ms
01-15 23:32:06.998     0     0 E msm_compr_audio_effects_config_get: stream or effects inactive
01-15 23:32:06.999   961   961 I auditd  : type=1400 audit(0.0:27): avc: denied { read } for comm="ueventd" name="mmcblk0p39" dev="tmpfs" ino=4928 scontext=u:r:ueve
ntd:s0 tcontext=u:object_r:mba_debug_dev:s0 tclass=blk_file permissive=0
01-15 23:32:07.005     0     0 E msm_adsp_stream_callback_get: ASM Stream PP event queue is not initialized.
01-15 23:32:07.018     0     0 I ueventd : firmware: loading 'msadp' for '/devices/soc/4080000.qcom,mss/firmware/msadp'
01-15 23:32:07.021     0     0 E ueventd : firmware: could not find firmware for msadp
01-15 23:32:07.023     0     0 W pil-q6v5-mss 4080000.qcom,mss: Debug policy not present - msadp. Continue.
01-15 23:32:07.023     0     0 I ueventd : loading /devices/soc/4080000.qcom,mss/firmware/msadp took 6ms
01-15 23:32:07.027     0     0 I pil-q6v5-mss 4080000.qcom,mss: Loading MBA and DP (if present) from 0x0000000094800000 to 0x0000000094900000 size 100000
01-15 23:32:07.077     0     0 I pil-q6v5-mss 4080000.qcom,mss: MBA boot done
01-15 23:32:07.081     0     0 I android_work: sent uevent USB_STATE=CONNECTED
01-15 23:32:07.099     0     0 I init    : processing action (persist.vendor.usb.config=*) from (/vendor/etc/init/hw/init.qcom.usb.rc:116)
01-15 23:32:07.101     0     0 I init    : processing action (persist.vendor.usb.config=*) from (/vendor/etc/init/hw/init.qcom.factory.rc:67)
01-15 23:32:07.103     0     0 E msm_adsp_stream_callback_get: ASM Stream PP event queue is not initialized.
01-15 23:32:07.107     0     0 E msm_compr_audio_effects_config_get: stream or effects inactive
01-15 23:32:07.108     0     0 I ueventd : firmware: loading 'modem.b02' for '/devices/soc/4080000.qcom,mss/firmware/modem.b02'
01-15 23:32:07.111     0     0 E msm_adsp_stream_callback_get: ASM Stream PP event queue is not initialized.
01-15 23:32:07.124     0     0 I ueventd : loading /devices/soc/4080000.qcom,mss/firmware/modem.b02 took 17ms
01-15 23:32:07.127     0     0 E msm_compr_audio_effects_config_get: stream or effects inactive
01-15 23:32:07.129     0     0 E msm_adsp_stream_callback_get: ASM Stream PP event queue is not initialized.
01-15 23:32:07.139     0     0 I ueventd : firmware: loading 'modem.b03' for '/devices/soc/4080000.qcom,mss/firmware/modem.b03'
01-15 23:32:07.147     0     0 I ueventd : loading /devices/soc/4080000.qcom,mss/firmware/modem.b03 took 8ms
01-15 23:32:07.150     0     0 E msm_adsp_stream_callback_get: ASM Stream PP event queue is not initialized.
01-15 23:32:07.162     0     0 I ueventd : firmware: loading 'modem.b04' for '/devices/soc/4080000.qcom,mss/firmware/modem.b04'
01-15 23:32:07.175     0     0 I ueventd : loading /devices/soc/4080000.qcom,mss/firmware/modem.b04 took 14ms
01-15 23:32:07.191     0     0 I ueventd : firmware: loading 'modem.b05' for '/devices/soc/4080000.qcom,mss/firmware/modem.b05'
01-15 23:32:07.211     0     0 I configfs-gadget gadget: high-speed config #1: b
01-15 23:32:07.211     0     0 E msm-dwc3 a800000.ssusb: Could not get usb psy
01-15 23:32:07.212     0     0 I android_work: sent uevent USB_STATE=CONFIGURED
01-15 23:32:07.221     0     0 I ueventd : loading /devices/soc/4080000.qcom,mss/firmware/modem.b05 took 30ms
01-15 23:32:07.227     0     0 I MSM-CPP cpp_init_hardware: 1141 CPP HW Version: 0x60010002
01-15 23:32:07.227     0     0 E MSM-CPP cpp_init_hardware: 1159 stream_cnt:0
01-15 23:32:07.229     0     0 I ueventd : firmware: loading 'modem.b06' for '/devices/soc/4080000.qcom,mss/firmware/modem.b06'
01-15 23:32:07.238     0     0 I ueventd : firmware: loading 'cpp_firmware_v1_12_0.fw' for '/devices/soc/ca04000.qcom,cpp/firmware/cpp_firmware_v1_12_0.fw'
01-15 23:32:07.239     0     0 I ueventd : loading /devices/soc/4080000.qcom,mss/firmware/modem.b06 took 10ms
01-15 23:32:07.248     0     0 I ueventd : loading /devices/soc/ca04000.qcom,cpp/firmware/cpp_firmware_v1_12_0.fw took 11ms
01-15 23:32:07.254     0     0 E msm_adsp_stream_callback_get: ASM Stream PP event queue is not initialized.
01-15 23:32:07.255     0     0 I ueventd : firmware: loading 'modem.b07' for '/devices/soc/4080000.qcom,mss/firmware/modem.b07'
01-15 23:32:07.256     0     0 E msm_compr_audio_effects_config_get: stream or effects inactive
01-15 23:32:07.262     0     0 E msm_adsp_stream_callback_get: ASM Stream PP event queue is not initialized.
01-15 23:32:07.262     0     0 I MSM-CPP cpp_release_hardware: 1222 cpp hw release done
01-15 23:32:07.272     0     0 I ueventd : loading /devices/soc/4080000.qcom,mss/firmware/modem.b07 took 17ms
01-15 23:32:07.278     0     0 E msm_compr_audio_effects_config_get: stream or effects inactive
01-15 23:32:07.280     0     0 E msm_adsp_stream_callback_get: ASM Stream PP event queue is not initialized.
01-15 23:32:07.292     0     0 I ueventd : firmware: loading 'modem.b08' for '/devices/soc/4080000.qcom,mss/firmware/modem.b08'
01-15 23:32:07.295     0     0 E msm_compr_audio_effects_config_get: stream or effects inactive
01-15 23:32:07.296     0     0 E msm_adsp_stream_callback_get: ASM Stream PP event queue is not initialized.
01-15 23:32:07.306     0     0 I ueventd : loading /devices/soc/4080000.qcom,mss/firmware/modem.b08 took 15ms
01-15 23:32:07.312     0     0 E msm_compr_audio_effects_config_get: stream or effects inactive
01-15 23:32:07.313     0     0 E msm_adsp_stream_callback_get: ASM Stream PP event queue is not initialized.
01-15 23:32:07.322     0     0 I ueventd : firmware: loading 'modem.b09' for '/devices/soc/4080000.qcom,mss/firmware/modem.b09'
01-15 23:32:07.324     0     0 I init    : starting service 'vendor.ipacm'...
01-15 23:32:07.328     0     0 E msm_compr_audio_effects_config_get: stream or effects inactive
01-15 23:32:07.330     0     0 E msm_adsp_stream_callback_get: ASM Stream PP event queue is not initialized.
01-15 23:32:07.343     0     0 I ueventd : loading /devices/soc/4080000.qcom,mss/firmware/modem.b09 took 21ms
01-15 23:32:07.351     0     0 E         : msm_pcm_volume_ctl_get substream or runtime not found
01-15 23:32:07.365     0     0 I ueventd : firmware: loading 'modem.b10' for '/devices/soc/4080000.qcom,mss/firmware/modem.b10'
01-15 23:32:07.435     0     0 E msm_adsp_stream_callback_get: ASM Stream PP event queue is not initialized.
01-15 23:32:07.445     0     0 I ueventd : loading /devices/soc/4080000.qcom,mss/firmware/modem.b10 took 80ms
01-15 23:32:07.455     0     0 I ueventd : firmware: loading 'modem.b11' for '/devices/soc/4080000.qcom,mss/firmware/modem.b11'
01-15 23:32:07.500     0     0 I ueventd : loading /devices/soc/4080000.qcom,mss/firmware/modem.b11 took 45ms
01-15 23:32:07.507   617   944 I Cryptfs : Signing safely-padded object
01-15 23:32:07.519   757   757 I auditd  : type=1400 audit(0.0:28): avc: denied { read } for comm="android.hardwar" name="name" dev="sysfs" ino=52090 scontext=u:r:h
al_camera_default:s0 tcontext=u:object_r:sysfs:s0 tclass=file permissive=0
01-15 23:32:07.520     0     0 I ueventd : firmware: loading 'modem.b12' for '/devices/soc/4080000.qcom,mss/firmware/modem.b12'
01-15 23:32:07.521   617   944 I vold    : List of Keymaster HALs found:
01-15 23:32:07.522   617   944 I vold    : Keymaster HAL #1: Keymaster HAL: 4 from QTI SecurityLevel: TRUSTED_ENVIRONMENT HAL: android.hardware.keymaster@4.0::IKeym
asterDevice/default
01-15 23:32:07.524   617   944 D vold    : Computing HMAC with params { (seed: c645108668d18d54667bc5494f3f138a6cfa7a683866313539ad3caea326b19, nonce: b58bda85ada6e
82a788f4529da8ebc185d24c2ad92a1b7dbd0d35edb8bfc7) }
01-15 23:32:07.525   617   944 D vold    : Computing HMAC for Keymaster HAL: 4 from QTI SecurityLevel: TRUSTED_ENVIRONMENT HAL: android.hardware.keymaster@4.0::IKey
masterDevice/default
01-15 23:32:07.529   617   944 I vold    : Using Keymaster HAL: 4 from QTI for encryption.  Security level: TRUSTED_ENVIRONMENT, HAL: android.hardware.keymaster@4.0
::IKeymasterDevice/default
01-15 23:32:07.532     0     0 E ipa2_nat_del_cmd: 799 Nat table not initialized
01-15 23:32:07.561     0     0 E platform soc: sdw_clk_data_pinctrl: msm_cdc_pinctrl_get_gpiodata: cannot find cdc gpio info
01-15 23:32:07.660     0     0 I msm_pm_qos_update_request: update request 100
01-15 23:32:07.660     0     0 I msm_pm_qos_add_request: add requestmsm_pm_qos_update_request: update request -1
01-15 23:32:07.660     0     0 I msm_pm_qos_add_request: add request
01-15 23:32:07.670     0     0 I msm_csid_init: CSID_VERSION = 0x30050000
01-15 23:32:07.676     0     0 E         : msm_csid_irq CSID0_IRQ_STATUS_ADDR = 0x800
01-15 23:32:07.711     0     0 I msm_cci_init: 1439: hw_version = 0x10060000
01-15 23:32:07.718     0     0 I MSM-CPP cpp_init_hardware: 1141 CPP HW Version: 0x60010002
01-15 23:32:07.718     0     0 E MSM-CPP cpp_init_hardware: 1159 stream_cnt:0
01-15 23:32:07.765     0     0 D goodix-ts 4-005d: ts_resume
01-15 23:32:07.765     0     0 D goodix-ts 4-005d: Already in awake state
