01-17 18:18:13.112     0     0 E init    : Could not start service 'crashdata-sh' as part of class 'late_start': File /vendor/bin/init.qcom.crashdata.sh(labeled "u:
object_r:vendor_file:s0") has incorrect label or no domain transition from u:r:init:s0 to another SELinux domain defined. Have you configured your service correctly
? https://source.android.com/security/selinux/device-policy#label_new_services_and_address_denials
01-17 18:18:13.162     0     0 E init    : Could not start service 'qvop-daemon' as part of class 'late_start': Cannot find '/vendor/bin/qvop-daemon': No such file
or directory
01-17 18:18:13.174     0     0 I init    : starting service 'vendor.atfwd'...
01-17 18:18:13.207     0     0 E init    : Could not start service 'qseeproxydaemon' as part of class 'late_start': Cannot find '/system/vendor/bin/qseeproxydaemon'
: No such file or directory
01-17 18:18:13.221     0     0 E init    : Could not start service 'seemp_healthd' as part of class 'late_start': Cannot find '/vendor/bin/seemp_healthd': No such f
ile or directory
01-17 18:18:13.238     0     0 E init    : Could not start service 'chre' as part of class 'late_start': Cannot find '/vendor/bin/chre': No such file or directory
01-17 18:18:13.251     0     0 E init    : Could not start service 'audiod' as part of class 'late_start': Cannot find '/system/vendor/bin/audiod': No such file or
directory
01-17 18:18:13.262     0     0 E init    : Could not start service 'mdtpd' as part of class 'late_start': Cannot find '/system/vendor/bin/mdtpd': No such file or di
rectory
01-17 18:18:13.276     0     0 E init    : Could not start service 'seempd' as part of class 'late_start': Cannot find '/system/bin/seempd': No such file or directo
ry
01-17 18:18:13.289  1313  1313 I auditd  : type=1400 audit(0.0:75): avc: denied { read } for comm="thermal-engine" name="soc" dev="sysfs" ino=15319 scontext=u:r:the
rmal-engine:s0 tcontext=u:object_r:sysfs:s0 tclass=dir permissive=0
01-17 18:18:13.291     0     0 I init    : starting service 'gatekeeperd'...
01-17 18:18:13.310     0     0 I init    : starting service 'tombstoned'...
01-17 18:18:13.325  1502  1502 F linker  : CANNOT LINK EXECUTABLE "/vendor/bin/hw/android.hardware.nfc@1.2-service": library "vendor.nxp.eventprocessor@1.0.so" not
found
01-17 18:18:13.329  1313  1313 I auditd  : type=1400 audit(0.0:76): avc: denied { read } for comm="thermal-engine" name="name" dev="sysfs" ino=47666 scontext=u:r:th
ermal-engine:s0 tcontext=u:object_r:sysfs:s0 tclass=file permissive=0
01-17 18:18:13.332     0     0 I init    : Created socket '/dev/socket/tombstoned_crash', mode 666, user 1000, group 1000
01-17 18:18:13.334     0     0 I init    : Created socket '/dev/socket/tombstoned_intercept', mode 666, user 1000, group 1000
01-17 18:18:13.336     0     0 I init    : Created socket '/dev/socket/tombstoned_java_trace', mode 666, user 1000, group 1000
01-17 18:18:13.340     0     0 I init    : starting service 'update_engine'...
01-17 18:18:13.372     0     0 I init    : starting service 'usbd'...
01-17 18:18:13.403     0     0 I init    : starting service 'dpmd'...
01-17 18:18:13.407  1322  1322 I imsrcsd : Uce Service HAL  loading imsrcsbaseimpl
01-17 18:18:13.429     0     0 I init    : starting service 'vendor.qdmastatsd'...
01-17 18:18:13.437     0     0 I init    : Created socket '/dev/socket/dpmd', mode 660, user 0, group 1001
01-17 18:18:13.439     0     0 I init    : Created socket '/dev/socket/tcm', mode 660, user 0, group 3003
01-17 18:18:13.441     0     0 I init    : Created socket '/dev/socket/dpmwrapper', mode 660, user 0, group 3003
01-17 18:18:13.447     0     0 E IPC_RTR : process_new_server_msg: Server 00001003 create rejected, version = 0
01-17 18:18:13.527     0     0 E init    : Could not start service 'vendor.tlocd' as part of class 'late_start': Cannot find '/vendor/bin/tloc_daemon': No such file
 or directory
01-17 18:18:13.527     0     0 I init    : Command 'class_start late_start' action=vold.decrypt=trigger_restart_framework (/init.rc:801) took 631ms and succeeded
01-17 18:18:13.528     0     0 I init    : starting service 'vendor.nfc_hal_service'...
01-17 18:18:13.574     0     0 E ipa2_nat_del_cmd: 799 Nat table not initialized
01-17 18:18:13.579     0     0 E ipa_sps_irq_control_all: 963 EP (5) not allocated.
01-17 18:18:13.613     0     0 I init    : Service 'vendor.nfc_hal_service' (pid 1502) exited with status 1
01-17 18:18:13.613     0     0 I init    : Sending signal 9 to service 'vendor.nfc_hal_service' (pid 1502) process group...
01-17 18:18:13.622  1322  1322 I imsrcsd : Starting Service for First Time imsbaseimpl
01-17 18:18:13.625     0     0 I libprocessgroup: Successfully killed process cgroup uid 1027 pid 1502 in 9ms
01-17 18:18:13.633  1322  1322 I ServiceManagement: Registered com.qualcomm.qti.uceservice@2.1::IUceService/com.qualcomm.qti.uceservice (start delay of 1646ms)
01-17 18:18:13.634  1322  1322 I imsrcsd : ImsRcsBaseImpl CM_IMSCONNECTIONMANAGER_CREATE_CONNECTION Before Registering Service
01-17 18:18:13.635     0     0 E THERM-BALANCE: Parallel PSY entry not found.
01-17 18:18:13.638     0     0 E init    : updatable process 'vendor.nfc_hal_service' exited 4 times before boot completed
01-17 18:18:13.639  1322  1322 I ServiceManagement: Registered com.qualcomm.qti.imscmservice@2.2::IImsCmService/qti.ims.connectionmanagerservice (start delay of 165
2ms)
01-17 18:18:13.640     0     0 E init    : Init cannot set 'ro.init.updatable_crashing' to '1': Read-only property was already set
01-17 18:18:13.640  1322  1322 I imsrcsd : ImsRcsBaseImpl CM_IMSCONNECTIONMANAGER_CREATE_CONNECTION After Registering Service
01-17 18:18:13.658  1322  1322 I ServiceManagement: Registered vendor.qti.ims.callinfo@1.0::IService/default (start delay of 1671ms)
01-17 18:18:13.658  1322  1322 I imsrcsd : ImsRcsBaseImpl ImsCallInfo After Registering Service
01-17 18:18:13.663     0     0 I init    : Service 'usbd' (pid 1484) exited with status 0
01-17 18:18:13.670     0     0 I init    : processing action (vold.decrypt=trigger_restart_framework) from (/vendor/etc/init/hw/init.qcom.rc:542)
01-17 18:18:13.678     0     0 E HVDCP2  : Not valid charger for hvdcp2.
01-17 18:18:13.679     0     0 I init    : Command 'start wcnss-service' action=vold.decrypt=trigger_restart_framework (/vendor/etc/init/hw/init.qcom.rc:544) took 8
ms and failed: service wcnss-service not found
01-17 18:18:13.679     0     0 E CP      : charge_pump missing
01-17 18:18:13.681     0     0 I init    : processing action (vold.decrypt=trigger_restart_framework) from (/vendor/etc/init/hw/init.target.rc:384)
01-17 18:18:13.684     0     0 E STD-PD  : Registered STD_PD
01-17 18:18:13.690     0     0 I msm_pm_qos_update_request: update request 100
01-17 18:18:13.690     0     0 I msm_pm_qos_add_request: add request
01-17 18:18:13.690     0     0 I msm_pm_qos_update_request: update request -1
01-17 18:18:13.719     0     0 I msm_pm_qos_add_request: add request
01-17 18:18:13.719     0     0 I msm_csid_init: CSID_VERSION = 0x30050000
01-17 18:18:13.722     0     0 E hvdcpd  : Not valid charger for hvdcp3.
01-17 18:18:13.724     0     0 E PPS     : Registered PPS
01-17 18:18:13.735     0     0 E         : msm_csid_irq CSID0_IRQ_STATUS_ADDR = 0x800
01-17 18:18:13.736     0     0 I init    : processing action (persist.vendor.qcomsysd.enabled=1) from (/vendor/etc/init/hw/init.qcom.rc:432)
01-17 18:18:13.749     0     0 E CTM     : directory /sys/class/power_supply/usb/ does not exist
01-17 18:18:13.752     0     0 I init    : processing action (persist.vendor.usb.config=*) from (/vendor/etc/init/hw/init.qcom.usb.rc:116)
01-17 18:18:13.756     0     0 E SOH-D   : SOH file not exposed, disable SOH
01-17 18:18:13.759     0     0 I MSM-CPP cpp_init_hardware: 1141 CPP HW Version: 0x60010002
01-17 18:18:13.759     0     0 E MSM-CPP cpp_init_hardware: 1159 stream_cnt:0
01-17 18:18:13.769     0     0 I msm_cci_init: 1439: hw_version = 0x10060000
01-17 18:18:13.778     0     0 I msm_thermal: set_enabled enabled = 0
01-17 18:18:13.789     0     0 I init    : Service 'bpfloader' (pid 1336) exited with status 0
01-17 18:18:13.790     0     0 I init    : Received control message 'start' for 'vendor.qcrild' from pid: 1607 (start vendor.qcrild)
01-17 18:18:13.791     0     0 I init    : processing action (persist.vendor.usb.config=*) from (/vendor/etc/init/hw/init.qcom.factory.rc:67)
01-17 18:18:13.831     0     0 I init    : Received control message 'stop' for 'ril-daemon' from pid: 1435 (stop ril-daemon)
01-17 18:18:13.831     0     0 E init    : Could not find 'ril-daemon' for ctl.stop
01-17 18:18:13.875     0     0 I init    : processing action (init.svc.zygote=running) from (/vendor/etc/init/hw/init.target.rc:426)
01-17 18:18:13.938     0     0 I init    : processing action (vendor.ims.QMI_DAEMON_STATUS=1) from (/vendor/etc/init/hw/init.target.rc:381)
01-17 18:18:13.941     0     0 I init    : starting service 'vendor.imsdatadaemon'...
01-17 18:18:13.953     0     0 I init    : processing action (vendor.ims.QMI_DAEMON_STATUS=1) from (/vendor/etc/init/imsdatadaemon.rc:14)
01-17 18:18:13.955     0     0 I init    : Created socket '/dev/socket/ims_datad', mode 660, user 1000, group 1001
01-17 18:18:13.957     0     0 I init    : Service 'nqnfcinfo' (pid 1428) exited with status 0
01-17 18:18:13.960     0     0 I init    : Received control message 'start' for 'vendor.msm_irqbalance' from pid: 1578 (start vendor.msm_irqbalance)
01-17 18:18:13.961     0     0 I init    : starting service 'vendor.msm_irqbalance'...
01-17 18:18:13.974     0     0 I init    : Received control message 'stop' for 'vendor.ril-daemon' from pid: 1581 (stop vendor.ril-daemon)
01-17 18:18:13.977     0     0 I MSM-CPP cpp_release_hardware: 1222 cpp hw release done
01-17 18:18:14.039     0     0 I msm_pm_qos_update_request: update request 100
01-17 18:18:14.039     0     0 I msm_pm_qos_add_request: add requestmsm_pm_qos_update_request: update request -1
01-17 18:18:14.039     0     0 I msm_pm_qos_add_request: add request
01-17 18:18:14.062     0     0 I msm_csid_init: CSID_VERSION = 0x30050000
01-17 18:18:14.062     0     0 I capability: warning: `msm_irqbalance' uses 32-bit capabilities (legacy support in use)
01-17 18:18:14.063     0     0 I init    : starting service 'vendor.qcrild'...
01-17 18:18:14.072     0     0 E         : msm_csid_irq CSID2_IRQ_STATUS_ADDR = 0x800
01-17 18:18:14.099     0     0 I MSM-CPP cpp_init_hardware: 1141 CPP HW Version: 0x60010002
01-17 18:18:14.099     0     0 E MSM-CPP cpp_init_hardware: 1159 stream_cnt:0
01-17 18:18:14.122     0     0 I msm_cci_init: 1439: hw_version = 0x10060000
01-17 18:18:14.147  1332  1332 I sysui_multi_action: [757,804,799,boot_zygote_init,801,56788,802,1]
01-17 18:18:14.156  1332  1332 I boot_progress_preload_start: 56799
01-17 18:18:14.200     0     0 I init    : Received control message 'start' for 'vendor.qcrild2' from pid: 1632 (start vendor.qcrild2)
01-17 18:18:14.201     0     0 I init    : starting service 'vendor.qcrild2'...
01-17 18:18:14.221     0     0 I init    : processing action (vendor.ims.DATA_DAEMON_STATUS=1) from (/vendor/etc/init/hw/init.target.rc:403)
01-17 18:18:14.221     0     0 I init    : Sending signal 9 to service 'vendor.ims_rtp_daemon' (pid 1321) process group...
01-17 18:18:14.232  1332  1332 D Zygote64Timing: BeginPreload took to complete: 75ms
01-17 18:18:14.251     0     0 I libprocessgroup: Successfully killed process cgroup uid 1000 pid 1321 in 29ms
01-17 18:18:14.270     0     0 I init    : processing action (vendor.ims.DATA_DAEMON_STATUS=1) from (/vendor/etc/init/ims_rtp_daemon.rc:13)
01-17 18:18:14.272     0     0 I init    : Service 'vendor.ims_rtp_daemon' (pid 1321) received signal 9
01-17 18:18:14.281     0     0 I init    : Received control message 'stop' for 'vendor.imsrcsservice' from pid: 1594 (/system/vendor/bin/imsdatadaemon)
01-17 18:18:14.281     0     0 I init    : Sending signal 9 to service 'vendor.imsrcsservice' (pid 1322) process group...
01-17 18:18:14.286     0     0 I MSM-CPP cpp_release_hardware: 1222 cpp hw release done
01-17 18:18:14.320     0     0 I libprocessgroup: Successfully killed process cgroup uid 1000 pid 1322 in 39ms
01-17 18:18:14.325     0     0 I init    : Received control message 'start' for 'vendor.imsrcsservice' from pid: 1594 (/system/vendor/bin/imsdatadaemon)
01-17 18:18:14.328     0     0 I init    : Service 'vendor.imsrcsservice' (pid 1322) received signal 9
01-17 18:18:14.332     0     0 E ip_local_port_range: prefer different parity for start/end values.
01-17 18:18:14.335     0     0 I init    : Received control message 'start' for 'vendor.dataqti' from pid: 1655 (start vendor.dataqti)
01-17 18:18:14.337     0     0 I init    : starting service 'vendor.dataqti'...
01-17 18:18:14.350     0     0 I init    : processing action (ro.vendor.ril.mbn_copy_completed=1) from (/vendor/etc/init/hw/init.qcom.rc:817)
01-17 18:18:14.352     0     0 I init    : Created socket '/dev/socket/qti_dpm_uds_file', mode 660, user 1001, group 1001
01-17 18:18:14.364  1333  1333 I sysui_multi_action: [757,804,799,boot_zygote_init,801,57006,802,1]
01-17 18:18:14.378  1333  1333 D Zygote32Timing: PostZygoteInitGC took to complete: 12ms
01-17 18:18:14.378  1333  1333 D Zygote32Timing: ZygoteInit took to complete: 12ms
01-17 18:18:14.422     0     0 I init    : Received control message 'start' for 'vendor.dataadpl' from pid: 1684 (start vendor.dataadpl)
01-17 18:18:14.424     0     0 I init    : starting service 'vendor.dataadpl'...
01-17 18:18:14.438     0     0 I init    : Created socket '/dev/socket/adpl_cmd_uds_file', mode 660, user 1001, group 1001
01-17 18:18:14.440     0     0 I init    : Service 'qcom-sh' (pid 1439) exited with status 0
01-17 18:18:14.515     0     0 I init    : Service 'qcom-c_main-sh' (pid 1311) exited with status 0
01-17 18:18:14.528     0     0 I init    : Received control message 'stop' for 'vendor.dataadpl' from pid: 1687 (/system/vendor/bin/adpl)
01-17 18:18:14.528     0     0 I init    : Sending signal 9 to service 'vendor.dataadpl' (pid 1687) process group...
01-17 18:18:14.545     0     0 I libprocessgroup: Successfully killed process cgroup uid 1001 pid 1687 in 16ms
01-17 18:18:14.548     0     0 I init    : Service 'vendor.dataadpl' (pid 1687) received signal 9
--------- beginning of radio
01-17 18:18:15.233  1332  1332 D TelephonyManager: No /proc/cmdline exception=java.io.FileNotFoundException: /proc/cmdline: open failed: EACCES (Permission denied)
01-17 18:18:15.233  1332  1332 D TelephonyManager: /proc/cmdline=
01-17 18:18:15.233  1622  1710 I chatty  : uid=1001(radio) DispatcherModul expire 5 lines
01-17 18:18:15.301  1622  1808 I chatty  : uid=1001(radio) MBN_OTA expire 7 lines
01-17 18:18:15.307  1622  1740 I chatty  : uid=1001(radio) main expire 8 lines
01-17 18:18:15.355  1332  1332 D Zygote64Timing: PreloadClasses took to complete: 1124ms
01-17 18:18:15.376  1332  1332 D Zygote64Timing: CacheNonBootClasspathClassLoaders took to complete: 21ms
01-17 18:18:15.721  1332  1332 D Zygote64Timing: PreloadResources took to complete: 344ms
01-17 18:18:15.802  1650  1650 I chatty  : uid=1001(radio) main expire 19 lines
01-17 18:18:15.807  1332  1332 I boot_progress_preload_end: 58450
01-17 18:18:15.807  1332  1332 D Zygote64Timing: ZygotePreload took to complete: 1651ms
01-17 18:18:15.809  1650  1824 I chatty  : uid=1001(radio) main expire 17 lines
01-17 18:18:15.875  1332  1332 D Zygote64Timing: PostZygoteInitGC took to complete: 67ms
01-17 18:18:15.875  1332  1332 D Zygote64Timing: ZygoteInit took to complete: 1719ms
01-17 18:18:15.875  1650  1711 I chatty  : uid=1001(radio) DispatcherModul expire 9 lines
01-17 18:18:15.896  1650  1840 I chatty  : uid=1001(radio) DataModule-Loop expire 1 line
01-17 18:18:15.933  1650  1849 I chatty  : uid=1001(radio) SapModule-Loope expire 1 line
01-17 18:18:15.937  1650  1826 I chatty  : uid=1001(radio) main expire 7 lines
01-17 18:18:16.151     0     0 E init    : Unable to set property 'ro.vendor.ril.svlte1x' to 'false' from uid:1001 gid:1001 pid:1650: Read-only property was already
 set
01-17 18:18:16.153     0     0 E init    : Unable to set property 'ro.vendor.ril.svdo' to 'false' from uid:1001 gid:1001 pid:1650: Read-only property was already se
t
01-17 18:18:16.187     0     0 I icnss   : WLAN FW is ready: 0xd87
01-17 18:18:16.258  1869  1869 I SystemServer: InitBeforeStartServices
01-17 18:18:16.260  1650  1921 I chatty  : uid=1001(radio) MBN_OTA expire 1 line
01-17 18:18:16.264  1869  1869 I system_server_start: [1,58901,58901]
01-17 18:18:16.265  1869  1869 I SystemServer: Entered the Android system server!
01-17 18:18:16.265  1869  1869 I boot_progress_system_run: 58908
01-17 18:18:16.265  1869  1869 I sysui_multi_action: [757,804,799,boot_system_server_init,801,58908,802,1]
01-17 18:18:16.383     0     0 E ipa_sps_irq_control_all: 963 EP (5) not allocated.
01-17 18:18:16.387     0     0 E ipa_sps_irq_control_all: 963 EP (5) not allocated.
01-17 18:18:16.392     0     0 E ipa-wan handle_ingress_format: 1295 get AGG size 8192 count 10
01-17 18:18:16.395     0     0 E ipa_sps_irq_control_all: 963 EP (5) not allocated.
01-17 18:18:16.404     0     0 E ipa_assign_policy_v2: 3220 get close-by 8192
01-17 18:18:16.407     0     0 E ipa_assign_policy_v2: 3221 set rx_buff_sz 7808
01-17 18:18:16.413     0     0 E ipa_assign_policy_v2: 3242 set aggr_limit 6
01-17 18:18:16.576  1869  1869 D SystemServerTiming: InitBeforeStartServices took to complete: 317ms
01-17 18:18:16.576  1869  1869 I SystemServer: StartServices
01-17 18:18:16.576  1869  1869 I SystemServer: StartWatchdog
01-17 18:18:16.601  1869  1869 D SystemServerTiming: StartWatchdog took to complete: 24ms
01-17 18:18:16.601  1869  1869 I SystemServer: Reading configuration...
01-17 18:18:16.601  1869  1869 I SystemServer: ReadingSystemConfig
01-17 18:18:16.602  1869  1869 D SystemServerTiming: ReadingSystemConfig took to complete: 1ms
01-17 18:18:16.602  1869  1869 I SystemServer: StartInstaller
01-17 18:18:16.602  1869  1869 I SystemServiceManager: Starting com.android.server.pm.Installer
01-17 18:18:16.603  1869  1935 D SystemServerInitThreadPool: Started executing ReadingSystemConfig
01-17 18:18:16.606  1869  1869 D SystemServerTiming: StartInstaller took to complete: 4ms
01-17 18:18:16.606  1869  1869 I SystemServer: DeviceIdentifiersPolicyService
01-17 18:18:16.606  1869  1869 I SystemServiceManager: Starting com.android.server.os.DeviceIdentifiersPolicyService
01-17 18:18:16.607  1869  1869 D SystemServerTiming: DeviceIdentifiersPolicyService took to complete: 1ms
01-17 18:18:16.607  1869  1869 I SystemServer: UriGrantsManagerService
01-17 18:18:16.607  1869  1869 I SystemServiceManager: Starting com.android.server.uri.UriGrantsManagerService$Lifecycle
01-17 18:18:16.609  1869  1869 D SystemServerTiming: UriGrantsManagerService took to complete: 1ms
01-17 18:18:16.609  1869  1869 I SystemServer: StartActivityManager
01-17 18:18:16.609  1869  1869 I SystemServiceManager: Starting com.android.server.wm.ActivityTaskManagerService$Lifecycle
01-17 18:18:16.618  1869  1869 I SystemServiceManager: Starting com.android.server.am.ActivityManagerService$Lifecycle
01-17 18:18:16.644  1869  1869 I ActivityManager: Memory class: 256
01-17 18:18:16.666  1869  1869 D BatteryStatsImpl: Reading daily items from /data/system/batterystats-daily.xml
01-17 18:18:16.686  1869  1945 E BatteryExternalStatsWorker: no controller energy info supplied for telephony
01-17 18:18:16.691  1869  1945 I KernelCpuUidFreqTimeReader: mPerClusterTimesAvailable=false
01-17 18:18:16.704  1869  1945 E KernelCpuSpeedReader: Failed to read cpu-freq: /sys/devices/system/cpu/cpu4/cpufreq/stats/time_in_state: open failed: ENOENT (No su
ch file or directory)
01-17 18:18:16.704  1869  1945 E KernelCpuSpeedReader: Failed to read cpu-freq: /sys/devices/system/cpu/cpu0/cpufreq/stats/time_in_state: open failed: ENOENT (No su
ch file or directory)
01-17 18:18:16.712  1869  1945 W KernelMemoryBandwidthStats: No kernel memory bandwidth stats available
01-17 18:18:16.728     0     0 E ipa-wan ipa_wwan_ioctl: 1582 dev(rmnet_data0) register to IPA
01-17 18:18:16.735  1869  1938 I commit_sys_config_file: [batterystats,16]
01-17 18:18:16.747  1869  1869 I IntentFirewall: Read new rules (A:0 B:0 S:0)
01-17 18:18:16.748  1869  1938 I commit_sys_config_file: [batterystats,12]
01-17 18:18:16.750  1869  1935 W SystemConfig: No directory /product/etc/sysconfig, skipping
01-17 18:18:16.791  1869  1935 W SystemConfig: No directory /product_services/etc/sysconfig, skipping
01-17 18:18:16.792  1869  1935 W SystemConfig: No directory /product_services/etc/permissions, skipping
01-17 18:18:16.792  1869  1935 D SystemServerInitThreadPool: Finished executing ReadingSystemConfig
01-17 18:18:16.812  1869  1869 D AppOps  : AppOpsService published
01-17 18:18:16.812  1869  1869 W SystemServiceManager: Service com.android.server.am.ActivityManagerService$Lifecycle took 57 ms in onStart
01-17 18:18:16.812  1869  1869 D SystemServerTiming: StartActivityManager took to complete: 204ms
01-17 18:18:16.812  1869  1869 I SystemServer: StartPowerManager
01-17 18:18:16.812  1869  1869 I SystemServiceManager: Starting com.android.server.power.PowerManagerService
01-17 18:18:16.830  1869  1869 D SystemServerTiming: StartPowerManager took to complete: 17ms
01-17 18:18:16.830  1869  1869 I SystemServer: StartThermalManager
01-17 18:18:16.830  1869  1869 I SystemServiceManager: Starting com.android.server.power.ThermalManagerService
01-17 18:18:16.831  1869  1869 D SystemServerTiming: StartThermalManager took to complete: 1ms
01-17 18:18:16.831  1869  1869 I SystemServer: InitPowerManagement
01-17 18:18:16.832  1869  1869 D SystemServerTiming: InitPowerManagement took to complete: 2ms
01-17 18:18:16.832  1869  1869 I SystemServer: StartRecoverySystemService
01-17 18:18:16.832  1869  1869 I SystemServiceManager: Starting com.android.server.RecoverySystemService
01-17 18:18:16.833  1869  1869 D SystemServerTiming: StartRecoverySystemService took to complete: 1ms
01-17 18:18:16.835  1869  1869 V RescueParty: Disabled because of active USB connection
01-17 18:18:16.835  1869  1869 I SystemServer: StartLightsService
01-17 18:18:16.835  1869  1869 I SystemServiceManager: Starting com.android.server.lights.LightsService
01-17 18:18:16.841  1869  1869 D SystemServerTiming: StartLightsService took to complete: 6ms
01-17 18:18:16.841  1869  1869 I SystemServer: StartSidekickService
01-17 18:18:16.841  1869  1869 D SystemServerTiming: StartSidekickService took to complete: 0ms
01-17 18:18:16.841  1869  1869 I SystemServer: StartDisplayManager
01-17 18:18:16.841  1869  1869 I SystemServiceManager: Starting com.android.server.display.DisplayManagerService
01-17 18:18:16.845  1869  1869 D SystemServerTiming: StartDisplayManager took to complete: 5ms
01-17 18:18:16.845  1869  1869 I SystemServer: WaitForDisplay
01-17 18:18:16.845  1869  1869 I SystemServiceManager: Starting phase 100
01-17 18:18:16.853  1869  1929 I DisplayManagerService: Display device added: DisplayDeviceInfo{"": uniqueId="local:0", 1080 x 1920, modeId 1, defaultModeId
 1, supportedModes [{id=1, width=1080, height=1920, fps=60.000004}], colorMode 0, supportedColorModes [0], HdrCapabilities android.view.Display$HdrCapabilities@40f1
6308, density 480, 318.976 x 320.842 dpi, appVsyncOff 1000000, presDeadline 16666666, touch INTERNAL, rotation 0, type BUILT_IN, address {port=0}, state UNKNOWN, FL
AG_DEFAULT_DISPLAY, FLAG_ROTATES_WITH_CONTENT, FLAG_SECURE, FLAG_SUPPORTS_PROTECTED_BUFFERS}
01-17 18:18:16.859  1869  1869 D SystemServerTiming: WaitForDisplay took to complete: 14ms
01-17 18:18:16.859  1869  1929 I DisplayManagerService: Display device changed state: "", ON
01-17 18:18:16.859  1869  1869 I sysui_multi_action: [757,804,799,boot_package_manager_init_start,801,59502,802,1]
01-17 18:18:16.859  1869  1869 I SystemServer: StartPackageManagerService
01-17 18:18:16.860  1869  1869 I Watchdog: Pausing HandlerChecker: main thread for reason: packagemanagermain. Pause count: 1
01-17 18:18:16.871  1869  1869 I boot_progress_pms_start: 59514
01-17 18:18:16.884  1869  1869 D SELinuxMMAC: Using policy file /system/etc/selinux/plat_mac_permissions.xml
01-17 18:18:16.886  1869  1869 D SELinuxMMAC: Using policy file /vendor/etc/selinux/vendor_mac_permissions.xml
01-17 18:18:17.058  1958  1958 I imsrcsd : Uce Service HAL  is starting up...
01-17 18:18:17.058  1958  1958 I imsrcsd : getAndroidPropValue : vendor.ims.DATA_DAEMON_STATUS[1]
01-17 18:18:17.125  1869  1950 W ProcessCpuTracker: Failed to stat(/proc/1949): android.system.ErrnoException: stat failed: ENOENT (No such file or directory)
01-17 18:18:17.125  1869  1950 W ProcessCpuTracker: Skipping unknown process pid 1949
01-17 18:18:17.186  1869  1869 I boot_progress_pms_system_scan_start: 59828
01-17 18:18:17.190  1869  1869 D PackageManager: Keeping known cache 9728029fdd41f9eda5eb148855f9deb556a27107
01-17 18:18:17.190  1869  1869 W PackageManager: Wiping cache directory because the system partition changed.
01-17 18:18:17.220     0     0 E ipa-wan ipa_wwan_ioctl: 1582 dev(rmnet_data1) register to IPA
01-17 18:18:17.238  1869  1869 W PackageManager: Failed to parse /system/framework/oat: Missing base APK in /system/framework/oat
01-17 18:18:17.238  1869  1869 W PackageManager: Failed to parse /system/framework/arm: Missing base APK in /system/framework/arm
01-17 18:18:17.240  1869  1869 W PackageManager: Failed to parse /system/framework/arm64: Missing base APK in /system/framework/arm64
01-17 18:18:17.263     0     0 I init    : starting service 'vendor.ims_rtp_daemon'...
01-17 18:18:17.274     0     0 I init    : starting service 'vendor.imsrcsservice'...
01-17 18:18:17.393  1869  1989 W PackageParser: Ignoring duplicate uses-permissions/uses-permissions-sdk-m: android.permission.CHANGE_WIFI_STATE in package: com.and
roid.nfc at: Binary XML file line #69
01-17 18:18:17.393  1869  1989 W PackageParser: Ignoring duplicate uses-permissions/uses-permissions-sdk-m: android.permission.ACCESS_WIFI_STATE in package: com.and
roid.nfc at: Binary XML file line #70
01-17 18:18:17.415  1869  1869 I PackageManager: /system/app/NfcNci changed; collecting certs
01-17 18:18:17.500  1869  1869 W PackageManager: Skipping provider name androidx.lifecycle.process.lifecycle-process (in package com.android.settings): name already
 used by com.android.systemui
01-17 18:18:17.572  1869  1869 I PackageManager: Finished scanning system apps. Time: 386 ms, packageCount: 184 , timePerPackage: 2 , cached: 183
01-17 18:18:17.572  1869  1869 I boot_progress_pms_data_scan_start: 60214
01-17 18:18:17.584  1869  1869 I PackageManager: Finished scanning non-system apps. Time: 13 ms, packageCount: 4 , timePerPackage: 3 , cached: 4
01-17 18:18:17.587  1869  1869 E PackageManager: updateAllSharedLibrariesLPw failed: Package com.qualcomm.qti.uim requires unavailable shared library com.qualcomm.q
ti.uim.uimservicelibrary; failing!
01-17 18:18:17.587  1869  1869 E PackageManager: updateAllSharedLibrariesLPw failed: Package com.android.nfc requires unavailable shared library com.nxp.nfc; failin
g!
01-17 18:18:17.592  1869  1869 I boot_progress_pms_scan_end: 60235
01-17 18:18:17.592  1869  1869 I PackageManager: Time to scan packages: 0.407 seconds
01-17 18:18:17.594  1869  1869 I PackageManager: Un-granting permission android.permission.GLOBAL_SEARCH from package com.android.quicksearchbox (protectionLevel=18
 flags=0x3008be45)
01-17 18:18:17.596  1869  1869 I PackageManager: Un-granting permission android.permission.MANAGE_DOCUMENTS from package com.android.mms (protectionLevel=262146 fla
gs=0x2849be65)
01-17 18:18:17.597  1869  1869 I PackageManager: Un-granting permission android.permission.MOUNT_UNMOUNT_FILESYSTEMS from package com.ksxy.nfc.demo.sdk (protectionL
evel=18 flags=0x3808be44)
01-17 18:18:17.603  1869  1869 I PackageManager: Un-granting permission android.permission.INTERACT_ACROSS_USERS_FULL from package org.codeaurora.snapcam (protectio
nLevel=258 flags=0x2058bc45)
01-17 18:18:17.603  1869  1869 I PackageManager: Un-granting permission android.permission.SET_ORIENTATION from package org.codeaurora.snapcam (protectionLevel=2 fl
ags=0x2058bc45)
01-17 18:18:17.605  1869  1869 V PackageManager: reconcileAppsData for null u0 0x3 migrateAppData=true
01-17 18:18:17.649     0     0 E ipa-wan ipa_wwan_ioctl: 1582 dev(rmnet_data2) register to IPA
01-17 18:18:17.656  1366  1424 E storaged: getService package_native failed
01-17 18:18:17.665  1366  1424 I storaged: storaged: Start
01-17 18:18:17.673     0     0 W healthd : battery l=73 v=7 t=0.0 h=2 st=3 chg=
01-17 18:18:17.871     0     0 E ipa-wan ipa_wwan_ioctl: 1582 dev(rmnet_data3) register to IPA
01-17 18:18:17.933     0     0 E FAKE_BATTERY: fake_batt_get_property: batt_mv=7914
01-17 18:18:18.127  1869  1869 V PackageManager: reconcileAppsData finished 28 packages
01-17 18:18:18.128  1869  2027 D SystemServerInitThreadPool: Started executing prepareAppData
01-17 18:18:18.275     0     0 I init    : starting service 'vendor.nfc_hal_service'...
01-17 18:18:18.294  1869  1869 I commit_sys_config_file: [package-user-0,14]
01-17 18:18:18.294  1869  1869 I commit_sys_config_file: [package,167]
01-17 18:18:18.294  1869  1869 I boot_progress_pms_ready: 60937
01-17 18:18:18.301     0     0 E ipa-wan ipa_wwan_ioctl: 1582 dev(rmnet_data4) register to IPA
01-17 18:18:18.311  2030  2030 F linker  : CANNOT LINK EXECUTABLE "/vendor/bin/hw/android.hardware.nfc@1.2-service": library "vendor.nxp.eventprocessor@1.0.so" not
found
01-17 18:18:18.326     0     0 I init    : Service 'vendor.nfc_hal_service' (pid 2030) exited with status 1
01-17 18:18:18.326     0     0 I init    : Sending signal 9 to service 'vendor.nfc_hal_service' (pid 2030) process group...
01-17 18:18:18.326     0     0 I libprocessgroup: Successfully killed process cgroup uid 1027 pid 2030 in 0ms
01-17 18:18:18.327     0     0 E init    : updatable process 'vendor.nfc_hal_service' exited 4 times before boot completed
01-17 18:18:18.327     0     0 E init    : Init cannot set 'ro.init.updatable_crashing' to '1': Read-only property was already set
01-17 18:18:18.329  1869  1869 D PackageManager: Ephemeral resolver NOT found; no matching intent filters
01-17 18:18:18.329  1869  1869 D PackageManager: Instant App installer not found with android.intent.action.INSTALL_INSTANT_APP_PACKAGE
01-17 18:18:18.329  1869  1869 D PackageManager: Clear ephemeral installer activity
01-17 18:18:18.399  1869  1869 I Watchdog: Resuming HandlerChecker: main thread for reason: packagemanagermain. Pause count: 0
01-17 18:18:18.400  1869  1869 D SystemServerTiming: StartPackageManagerService took to complete: 1541ms
01-17 18:18:18.400  1869  1869 I sysui_multi_action: [757,804,799,boot_package_manager_init_ready,801,61043,802,1]
01-17 18:18:18.401  1869  1869 I SystemServer: StartOtaDexOptService
01-17 18:18:18.401  1869  1869 I Watchdog: Pausing HandlerChecker: main thread for reason: moveab. Pause count: 1
01-17 18:18:18.402  1869  1869 D OTADexopt: No upgrade, skipping A/B artifacts check.
01-17 18:18:18.402  1869  1869 I Watchdog: Resuming HandlerChecker: main thread for reason: moveab. Pause count: 0
01-17 18:18:18.402  1869  1869 D SystemServerTiming: StartOtaDexOptService took to complete: 1ms
01-17 18:18:18.402  1869  1869 I SystemServer: StartUserManagerService
01-17 18:18:18.402  1869  1869 I SystemServiceManager: Starting com.android.server.pm.UserManagerService$LifeCycle
01-17 18:18:18.403  1869  1869 D SystemServerTiming: StartUserManagerService took to complete: 1ms
01-17 18:18:18.403  1869  1869 I SystemServer: InitAttributerCache
01-17 18:18:18.403  1869  1869 D SystemServerTiming: InitAttributerCache took to complete: 0ms
01-17 18:18:18.403  1869  1869 I SystemServer: SetSystemProcess
01-17 18:18:18.410  1869  1869 I am_uid_running: 1000
01-17 18:18:18.413  1869  1869 I am_uid_active: 1000
01-17 18:18:18.413  1869  1869 D SystemServerTiming: SetSystemProcess took to complete: 10ms
01-17 18:18:18.413  1869  1869 I SystemServer: InitWatchdog
01-17 18:18:18.414  1869  1869 D SystemServerTiming: InitWatchdog took to complete: 1ms
01-17 18:18:18.416  1869  1869 I SystemServer: StartOverlayManagerService
01-17 18:18:18.434     0     0 I init    : Received control message 'start' for 'idmap2d' from pid: 1869 (system_server)
01-17 18:18:18.508  1869  1938 I commit_sys_config_file: [package-perms-0,12]
01-17 18:18:18.645  1869  1869 D SystemServerTiming: StartOverlayManagerService took to complete: 228ms
01-17 18:18:18.645  1869  1869 I SystemServer: StartSensorPrivacyService
01-17 18:18:18.648  1869  1869 D SystemServerTiming: StartSensorPrivacyService took to complete: 3ms
01-17 18:18:18.648  1869  1869 I SystemServer: StartBatteryService
01-17 18:18:18.649  1869  1869 I SystemServiceManager: Starting com.android.server.BatteryService
01-17 18:18:18.649  1869  2043 D SystemServerInitThreadPool: Started executing StartSensorService
01-17 18:18:18.654  1869  1928 I commit_sys_config_file: [overlays,10]
01-17 18:18:18.663  1869  1937 I battery_status: [3,2,1,0,]
01-17 18:18:18.663  1869  1937 I battery_level: [73,7,0]
01-17 18:18:18.663  1869  1937 E BatteryService: breath leds update!
01-17 18:18:18.664  1869  1945 E BatteryExternalStatsWorker: no controller energy info supplied for telephony
01-17 18:18:18.668     0     0 E FAKE_BATTERY: fake_batt_get_property: batt_mv=7914
01-17 18:18:18.670     0     0 W healthd : battery l=73 v=7 t=0.0 h=2 st=3 chg=
01-17 18:18:18.674     0     0 E FAKE_BATTERY: fake_batt_get_property: batt_mv=7914
01-17 18:18:18.679  1869  2043 D SystemServerTimingAsync: StartSensorService took to complete: 29ms
01-17 18:18:18.679  1869  2043 D SystemServerInitThreadPool: Finished executing StartSensorService
01-17 18:18:18.679  1869  1945 E KernelCpuSpeedReader: Failed to read cpu-freq: /sys/devices/system/cpu/cpu4/cpufreq/stats/time_in_state: open failed: ENOENT (No su
ch file or directory)
01-17 18:18:18.679  1869  1945 E KernelCpuSpeedReader: Failed to read cpu-freq: /sys/devices/system/cpu/cpu0/cpufreq/stats/time_in_state: open failed: ENOENT (No su
ch file or directory)
01-17 18:18:18.683  1869  1869 I HealthServiceWrapper: health: HealthServiceWrapper listening to instance default
01-17 18:18:18.683  1869  1869 I BatteryService: health: Waited 0ms and received the update.
01-17 18:18:18.683  1869  1869 E BatteryService: breath leds register!
01-17 18:18:18.684     0     0 W healthd : battery l=73 v=7 t=0.0 h=2 st=3 chg=
01-17 18:18:18.687  1869  1869 D SystemServerTiming: StartBatteryService took to complete: 38ms
01-17 18:18:18.687  1869  1869 I SystemServer: StartUsageService
01-17 18:18:18.687  1869  1869 I SystemServiceManager: Starting com.android.server.usage.UsageStatsService
01-17 18:18:18.703  1869  1945 E KernelCpuSpeedReader: Failed to read cpu-freq: /sys/devices/system/cpu/cpu0/cpufreq/stats/time_in_state: open failed: ENOENT (No su
ch file or directory)
01-17 18:18:18.704  1869  1945 E KernelCpuSpeedReader: Failed to read cpu-freq: /sys/devices/system/cpu/cpu4/cpufreq/stats/time_in_state: open failed: ENOENT (No su
ch file or directory)
01-17 18:18:18.707     0     0 E FAKE_BATTERY: fake_batt_get_property: batt_mv=7914
01-17 18:18:18.709     0     0 W healthd : battery l=73 v=7 t=0.0 h=2 st=3 chg=
01-17 18:18:18.711  1869  1869 I UsageStatsService: User[0] Rollover scheduled @ 2022-01-17 18:39:20(1642444760516)
01-17 18:18:18.712  1869  1869 D SystemServerTiming: StartUsageService took to complete: 24ms
01-17 18:18:18.712  1869  1869 I SystemServer: StartWebViewUpdateService
01-17 18:18:18.712  1869  1869 I SystemServiceManager: Starting com.android.server.webkit.WebViewUpdateService
01-17 18:18:18.714  1869  1869 D SystemServerTiming: StartWebViewUpdateService took to complete: 3ms
01-17 18:18:18.715  1869  1869 I SystemServer: StartCachedDeviceStateService
01-17 18:18:18.715  1869  1869 I SystemServiceManager: Starting com.android.server.CachedDeviceStateService
01-17 18:18:18.715  1869  1869 D SystemServerTiming: StartCachedDeviceStateService took to complete: 0ms
01-17 18:18:18.715  1869  1869 I SystemServer: StartBinderCallsStatsService
01-17 18:18:18.715  1869  1869 I SystemServiceManager: Starting com.android.server.BinderCallsStatsService$LifeCycle
01-17 18:18:18.716  1869  1945 E KernelCpuSpeedReader: Failed to read cpu-freq: /sys/devices/system/cpu/cpu0/cpufreq/stats/time_in_state: open failed: ENOENT (No su
ch file or directory)
01-17 18:18:18.716  1869  1869 D SystemServerTiming: StartBinderCallsStatsService took to complete: 1ms
01-17 18:18:18.716  1869  1869 I SystemServer: StartLooperStatsService
01-17 18:18:18.716  1869  1869 I SystemServiceManager: Starting com.android.server.LooperStatsService$Lifecycle
01-17 18:18:18.717  1869  1945 E KernelCpuSpeedReader: Failed to read cpu-freq: /sys/devices/system/cpu/cpu4/cpufreq/stats/time_in_state: open failed: ENOENT (No su
ch file or directory)
01-17 18:18:18.718  1869  1869 D SystemServerTiming: StartLooperStatsService took to complete: 2ms
01-17 18:18:18.718  1869  1869 I SystemServer: StartRollbackManagerService
01-17 18:18:18.718  1869  1869 I SystemServiceManager: Starting com.android.server.rollback.RollbackManagerService
01-17 18:18:18.736  1869  1869 D SystemServerTiming: StartRollbackManagerService took to complete: 18ms
01-17 18:18:18.736  1869  1869 I SystemServer: StartBugreportManagerService
01-17 18:18:18.736  1869  1869 I SystemServiceManager: Starting com.android.server.os.BugreportManagerService
01-17 18:18:18.738  1869  1869 D SystemServerTiming: StartBugreportManagerService took to complete: 2ms
01-17 18:18:18.738  1869  1869 I SystemServer: GpuService
01-17 18:18:18.738  1869  1869 I SystemServiceManager: Starting com.android.server.gpu.GpuService
01-17 18:18:18.738  1869  1869 D SystemServerTiming: GpuService took to complete: 0ms
01-17 18:18:18.739  1869  1869 I SystemServer: StartKeyAttestationApplicationIdProviderService
01-17 18:18:18.740  1869  2055 D SystemServerInitThreadPool: Started executing SecondaryZygotePreload
01-17 18:18:18.740  1869  2055 I SystemServer: SecondaryZygotePreload
01-17 18:18:18.741  1869  1869 D SystemServerTiming: StartKeyAttestationApplicationIdProviderService took to complete: 1ms
01-17 18:18:18.741  1869  1869 I SystemServer: StartKeyChainSystemService
01-17 18:18:18.741  1869  1869 I SystemServiceManager: Starting com.android.server.security.KeyChainSystemService
01-17 18:18:18.741  1869  1869 D SystemServerTiming: StartKeyChainSystemService took to complete: 1ms
01-17 18:18:18.741  1869  1869 I SystemServer: StartSchedulingPolicyService
01-17 18:18:18.742  1869  2056 D SystemServerInitThreadPool: Started executing SchedulingPolicyService.<init>
01-17 18:18:18.743  1869  1869 D SystemServerTiming: StartSchedulingPolicyService took to complete: 1ms
01-17 18:18:18.743  1869  1869 I SystemServer: StartTelecomLoaderService
01-17 18:18:18.743  1869  1869 I SystemServiceManager: Starting com.android.server.telecom.TelecomLoaderService
01-17 18:18:18.743  1869  1869 D SystemServerTiming: StartTelecomLoaderService took to complete: 1ms
01-17 18:18:18.743  1869  1869 I SystemServer: StartTelephonyRegistry
01-17 18:18:18.745  1869  1869 D SystemServerTiming: StartTelephonyRegistry took to complete: 2ms
01-17 18:18:18.745  1869  1869 I SystemServer: StartEntropyMixer
01-17 18:18:18.748  1869  1869 W EntropyMixer: Failed to add HW RNG output to entropy pool
01-17 18:18:18.748  1869  1869 W EntropyMixer: java.io.FileNotFoundException: /dev/hw_random: open failed: EACCES (Permission denied)
01-17 18:18:18.748  1869  1869 W EntropyMixer:  at libcore.io.IoBridge.open(IoBridge.java:496)
01-17 18:18:18.748  1869  1869 W EntropyMixer:  at java.io.FileInputStream.<init>(FileInputStream.java:159)
01-17 18:18:18.748  1869  1869 W EntropyMixer:  at java.io.FileInputStream.<init>(FileInputStream.java:115)
01-17 18:18:18.748  1869  1869 W EntropyMixer:  at com.android.server.RandomBlock.fromFile(RandomBlock.java:45)
01-17 18:18:18.748  1869  1869 W EntropyMixer:  at com.android.server.EntropyMixer.addHwRandomEntropy(EntropyMixer.java:205)
01-17 18:18:18.748  1869  1869 W EntropyMixer:  at com.android.server.EntropyMixer.<init>(EntropyMixer.java:115)
01-17 18:18:18.748  1869  1869 W EntropyMixer:  at com.android.server.EntropyMixer.<init>(EntropyMixer.java:97)
01-17 18:18:18.748  1869  1869 W EntropyMixer:  at com.android.server.SystemServer.startOtherServices(SystemServer.java:975)
01-17 18:18:18.748  1869  1869 W EntropyMixer:  at com.android.server.SystemServer.run(SystemServer.java:517)
01-17 18:18:18.748  1869  1869 W EntropyMixer:  at com.android.server.SystemServer.main(SystemServer.java:354)
01-17 18:18:18.748  1869  1869 W EntropyMixer:  at java.lang.reflect.Method.invoke(Native Method)
01-17 18:18:18.748  1869  1869 W EntropyMixer:  at com.android.internal.os.RuntimeInit$MethodAndArgsCaller.run(RuntimeInit.java:492)
01-17 18:18:18.748  1869  1869 W EntropyMixer:  at com.android.internal.os.ZygoteInit.main(ZygoteInit.java:913)
01-17 18:18:18.748  1869  1869 W EntropyMixer: Caused by: android.system.ErrnoException: open failed: EACCES (Permission denied)
01-17 18:18:18.748  1869  1869 W EntropyMixer:  at libcore.io.Linux.open(Native Method)
01-17 18:18:18.748  1869  1869 W EntropyMixer:  at libcore.io.ForwardingOs.open(ForwardingOs.java:167)
01-17 18:18:18.748  1869  1869 W EntropyMixer:  at libcore.io.BlockGuardOs.open(BlockGuardOs.java:252)
01-17 18:18:18.748  1869  1869 W EntropyMixer:  at libcore.io.IoBridge.open(IoBridge.java:482)
01-17 18:18:18.748  1869  1869 W EntropyMixer:  ... 12 more
01-17 18:18:18.748  1869  1869 I EntropyMixer: Writing entropy...
01-17 18:18:18.758  1869  1869 D SystemServerTiming: StartEntropyMixer took to complete: 13ms
01-17 18:18:18.758  1869  1869 I SystemServer: StartAccountManagerService
01-17 18:18:18.758  1869  1869 I SystemServiceManager: Starting com.android.server.accounts.AccountManagerService$Lifecycle
01-17 18:18:18.770  1869  1869 D SystemServerTiming: StartAccountManagerService took to complete: 12ms
01-17 18:18:18.770  1869  1869 I SystemServer: StartContentService
01-17 18:18:18.770  1869  1869 I SystemServiceManager: Starting com.android.server.content.ContentService$Lifecycle
01-17 18:18:18.772  1869  1869 D SystemServerTiming: StartContentService took to complete: 1ms
01-17 18:18:18.772  1869  1869 I SystemServer: InstallSystemProviders
01-17 18:18:18.803     0     0 E ipa-wan ipa_wwan_ioctl: 1582 dev(rmnet_data5) register to IPA
01-17 18:18:18.809  1333  1333 D ZygoteInitTiming_lazy: BeginPreload took to complete: 20ms
01-17 18:18:18.816  1869  1869 I SettingsState: No settings state /data/system/users/0/settings_config.xml
01-17 18:18:18.833  1869  1938 W ProcessCpuTracker: Failed to stat(/proc/2052): android.system.ErrnoException: stat failed: ENOENT (No such file or directory)
01-17 18:18:18.833  1869  1938 W ProcessCpuTracker: Skipping unknown process pid 2052
01-17 18:18:18.846  1869  2056 D SystemServerInitThreadPool: Finished executing SchedulingPolicyService.<init>
01-17 18:18:18.851  1869  1869 D SystemServerTiming: InstallSystemProviders took to complete: 79ms
01-17 18:18:18.851  1869  1869 I SystemServer: StartDropBoxManager
01-17 18:18:18.851  1869  1869 I SystemServiceManager: Starting com.android.server.DropBoxManagerService
01-17 18:18:18.853  1869  1869 D SystemServerTiming: StartDropBoxManager took to complete: 2ms
01-17 18:18:18.853  1869  1869 I SystemServer: StartVibratorService
01-17 18:18:18.859  1869  1869 I auditd  : type=1400 audit(0.0:77): avc: denied { read } for comm="system_server" name="hctosys" dev="sysfs" ino=36320 scontext=u:r:
system_server:s0 tcontext=u:object_r:sysfs:s0 tclass=file permissive=0
01-17 18:18:18.864  1869  1869 D SystemServerTiming: StartVibratorService took to complete: 11ms
01-17 18:18:18.864  1869  1869 I SystemServer: StartDynamicSystemService
01-17 18:18:18.866  1869  1869 D SystemServerTiming: StartDynamicSystemService took to complete: 1ms
01-17 18:18:18.866  1869  1869 I SystemServer: StartConsumerIrService
01-17 18:18:18.869  1869  1869 D SystemServerTiming: StartConsumerIrService took to complete: 3ms
01-17 18:18:18.869  1869  1869 I SystemServer: StartAlarmManagerService
01-17 18:18:18.874  1869  1869 D SystemServerTiming: StartAlarmManagerService took to complete: 6ms
01-17 18:18:18.874  1869  1869 I SystemServer: StartInputManagerService
01-17 18:18:18.874  1869  1869 I InputManager: Initializing input manager, mUseDevInputEventForAudioJack=true
01-17 18:18:18.893  1869  1869 D SystemServerTiming: StartInputManagerService took to complete: 18ms
01-17 18:18:18.893  1869  1869 I SystemServer: StartWindowManagerService
01-17 18:18:18.897  1869  1929 I WindowManager: No existing display settings, starting empty
01-17 18:18:18.916  1869  1928 I DropBoxManagerService: add tag=system_server_strictmode isTagEnabled=true flags=0x2
01-17 18:18:18.918  1869  1869 D SystemServerTiming: StartWindowManagerService took to complete: 25ms
01-17 18:18:18.918  1869  1869 I SystemServer: SetWindowManagerService
01-17 18:18:18.955  1869  1869 I wm_stack_created: 0
01-17 18:18:18.955  1869  2027 D SystemServerTimingAsync: AppDataFixup took to complete: 827ms
01-17 18:18:18.958  1869  1869 D SystemServerTiming: SetWindowManagerService took to complete: 40ms
01-17 18:18:18.958  1869  1869 I SystemServer: WindowManagerServiceOnInitReady
01-17 18:18:18.975  1869  1869 D SystemServerTiming: WindowManagerServiceOnInitReady took to complete: 16ms
01-17 18:18:18.975  1869  1869 I SystemServer: StartInputManager
01-17 18:18:18.976  1869  1869 I InputManager: Starting input manager
01-17 18:18:18.981  1869  1869 D SystemServerTiming: StartInputManager took to complete: 5ms
01-17 18:18:18.981  1869  1869 I SystemServer: DisplayManagerWindowManagerAndInputReady
01-17 18:18:18.981  1869  1869 D SystemServerTiming: DisplayManagerWindowManagerAndInputReady took to complete: 0ms
01-17 18:18:18.981  1869  1869 I SystemServer: StartBluetoothService
01-17 18:18:18.981  1869  1869 I SystemServiceManager: Starting com.android.server.BluetoothService
01-17 18:18:18.982  1869  1869 D BluetoothManagerService: Loading stored name and address
01-17 18:18:18.982  1869  1869 D BluetoothManagerService: Stored bluetooth Name=QCOM-BTD,Address=22:22:F5:F1:80:FC
01-17 18:18:18.982  1869  2067 D SystemServerInitThreadPool: Started executing StartHidlServices
01-17 18:18:18.982  1869  1869 D BluetoothManagerService: Bluetooth persisted state: 1
01-17 18:18:18.982  1869  1869 D BluetoothManagerService: Startup: Bluetooth persisted state is ON.
01-17 18:18:18.982  1869  1869 D BluetoothManagerService: Detected SystemUiUid: 10090
01-17 18:18:18.982  1869  1869 D SystemServerTiming: StartBluetoothService took to complete: 2ms
01-17 18:18:18.982  1869  1869 I SystemServer: IpConnectivityMetrics
01-17 18:18:18.982  1869  1869 I SystemServiceManager: Starting com.android.server.connectivity.IpConnectivityMetrics
01-17 18:18:18.983  1869  1869 D SystemServerTiming: IpConnectivityMetrics took to complete: 0ms
01-17 18:18:18.983  1869  1869 I SystemServer: NetworkWatchlistService
01-17 18:18:18.983  1869  1869 I SystemServiceManager: Starting com.android.server.net.watchlist.NetworkWatchlistService$Lifecycle
01-17 18:18:18.992  1869  1869 I WatchlistSettings: Reload watchlist settings done
01-17 18:18:18.992  1869  2067 D SystemServerTimingAsync: StartHidlServices took to complete: 9ms
01-17 18:18:18.992  1869  2067 D SystemServerInitThreadPool: Finished executing StartHidlServices
01-17 18:18:18.994  1869  1869 D SystemServerTiming: NetworkWatchlistService took to complete: 10ms
01-17 18:18:18.994  1869  1869 I SystemServer: PinnerService
01-17 18:18:18.994  1869  1869 I SystemServiceManager: Starting com.android.server.PinnerService
01-17 18:18:18.997  1869  2070 I WatchlistLoggingHandler: No need to aggregate record yet.
01-17 18:18:18.997  1869  2070 I WatchlistLoggingHandler: Milliseconds spent on tryAggregateRecords(): 0
01-17 18:18:19.000  1869  1869 D SystemServerTiming: PinnerService took to complete: 7ms
01-17 18:18:19.000  1869  1869 I SystemServer: ActivityTriggerService
01-17 18:18:19.000  1869  1869 I SystemServiceManager: Starting com.android.server.ActivityTriggerService
01-17 18:18:19.000  1869  1869 I ActivityTriggerService: Starting ActivityTriggerService
01-17 18:18:19.001  1869  1869 D SystemServerTiming: ActivityTriggerService took to complete: 1ms
01-17 18:18:19.001  1869  1869 I SystemServer: SignedConfigService
01-17 18:18:19.002  1869  1869 D SystemServerTiming: SignedConfigService took to complete: 0ms
01-17 18:18:19.031  1869  1869 I SystemServer: StartInputMethodManagerLifecycle
01-17 18:18:19.031  1869  1869 I SystemServiceManager: Starting com.android.server.inputmethod.InputMethodManagerService$Lifecycle
01-17 18:18:19.042  1869  1869 D SystemServerTiming: StartInputMethodManagerLifecycle took to complete: 12ms
01-17 18:18:19.042  1869  1869 I SystemServer: StartAccessibilityManagerService
01-17 18:18:19.042  1869  1869 I SystemServiceManager: Starting com.android.server.accessibility.AccessibilityManagerService$Lifecycle
01-17 18:18:19.046     0     0 I init    : processing action (sys.sysctl.extra_free_kbytes=*) from (/init.rc:820)
01-17 18:18:19.047  1869  1869 D SystemServerTiming: StartAccessibilityManagerService took to complete: 4ms
01-17 18:18:19.047  1869  1869 I SystemServer: MakeDisplayReady
01-17 18:18:19.048  1869  1869 I configuration_changed: 536894968
01-17 18:18:19.049  1869  1928 I DropBoxManagerService: add tag=system_server_strictmode isTagEnabled=true flags=0x2
01-17 18:18:19.050  1869  1869 I ActivityTaskManager: Config changes=20005df8 {1.0 ?mcc?mnc [zh_CN] ldltr sw360dp w360dp h568dp 480dpi nrml port ?uimode ?night fing
