01-15 01:53:29.974   767 13238 D NxpHal  : read successful status = 0x0
01-15 01:53:29.974  3104 13233 I libnfc_nci: [INFO:nfc_ncif.cc(399)] NFC received rsp gid:1
01-15 01:53:29.974  3104 13233 I libnfc_nci: [INFO:nfa_dm_discover.cc(694)] event:0x4003
01-15 01:53:29.975  3104 13233 I libnfc_nci: [INFO:nfa_dm_discover.cc(2518)] state: W4_HOST_SELECT (3), event: SELECT_RSP(4) disc_flags: 0x11
01-15 01:53:29.975  3104 13233 I libnfc_nci: [INFO:NativeNfcManager.cpp(276)] nfaConnectionCallback: event= 3
01-15 01:53:29.975   767 13235 D NxpTml  : PN54X - Read requested.....
01-15 01:53:29.975   767 13235 D NxpTml  : PN54X - Invoking I2C Read.....
01-15 01:53:29.975  3104 13233 I libnfc_nci: [INFO:NativeNfcManager.cpp(333)] nfaConnectionCallback: NFA_SELECT_RESULT_EVT: status = 0, gIsSelectingRfInterface = 1,
 sIsDisabling=0
01-15 01:53:29.975  3104 13233 I libnfc_nci: [INFO:nfa_dm_discover.cc(2571)] new state: W4_HOST_SELECT (3), disc_flags: 0x1
01-15 01:53:29.985   767 13235 D NxpTml  : PN54X - I2C Read successful.....
01-15 01:53:29.986   767 13235 D NxpNciR : len =  23 > 61051401808000FF010904000442C48A92010800000000
01-15 01:53:29.986   767 13235 D NxpTml  : PN54X - Posting read message.....
01-15 01:53:29.986   767 13238 D NxpHal  : read successful status = 0x0
01-15 01:53:29.986   767 13238 D NxpHal  : NxpNci: RF Interface = MIFARE
01-15 01:53:29.986   767 13238 D NxpHal  : NxpNci: Protocol = MIFARE
01-15 01:53:29.986   767 13238 D NxpHal  : NxpNci: Mode = A Passive Poll
01-15 01:53:29.986   767 13238 D NfccPowerTracker: NfccPowerTracker::ProcessNtf: Enter
01-15 01:53:29.987  3104 13233 I libnfc_nci: [INFO:nfc_ncif.cc(440)] NFC received ntf gid:1
01-15 01:53:29.987  3104 13233 I libnfc_nci: [INFO:nfa_dm_discover.cc(3030)] returning TRUE
01-15 01:53:29.987  3104 13233 I libnfc_nci: [INFO:nfc_main.cc(326)] nfc_set_state 4 (IDLE)->5 (OPEN)
01-15 01:53:29.987  3104 13233 I libnfc_nci: [INFO:nfc_ncif.cc(907)] nfc_ncif_proc_activate:20 0, mode:0x00
01-15 01:53:29.988  3104 13233 I libnfc_nci: [INFO:nfa_dm_discover.cc(694)] event:0x4004
01-15 01:53:29.988  3104 13233 I libnfc_nci: [INFO:nfa_dm_discover.cc(2518)] state: W4_HOST_SELECT (3), event: ACTIVATED_NTF(5) disc_flags: 0x1
01-15 01:53:29.988  3104 13233 I libnfc_nci: [INFO:nfa_dm_discover.cc(1685)] old_state: W4_HOST_SELECT (3), new_state: POLL_ACTIVE (4) disc_flags: 0x1
01-15 01:53:29.988  3104 13233 I libnfc_nci: [INFO:nfa_dm_discover.cc(1192)] tech_n_mode:0x0, proto:0x80
01-15 01:53:29.988  3104 13233 I libnfc_nci: [INFO:nfa_dm_discover.cc(674)] tech_n_mode:0x0, protocol:0x80, disc_mask:0x2000
01-15 01:53:29.988  3104 13233 I libnfc_nci: [INFO:nfa_dm_discover.cc(1320)] activated_protocol:0x80, activated_handle: 0x1
01-15 01:53:29.988  3104 13233 I libnfc_nci: [INFO:nfa_dm_act.cc(1557)] event:0x01
01-15 01:53:29.988  3104 13233 I libnfc_nci: [INFO:nfa_rw_main.cc(179)] nfa_rw_handle_event event: NFA_RW_ACTIVATE_NTF_EVT (0x501), flags: 00000001
01-15 01:53:29.988  3104 13233 I libnfc_nci: [INFO:nfa_rw_act.cc(2538)] nfa_rw_activate_ntf
01-15 01:53:29.988  3104 13233 I libnfc_nci: [INFO:rw_main.cc(206)] RW_SetActivatedTagType protocol:128, technology:0, SAK:8
01-15 01:53:29.988  3104 13233 I libnfc_nci: [INFO:rw_mfc.cc(551)] rw_mfc_select
01-15 01:53:29.988  3104 13233 I libnfc_nci: [INFO:nfa_dm_act.cc(1709)] status:0x0
01-15 01:53:29.988  3104 13233 I libnfc_nci: [INFO:NativeNfcManager.cpp(276)] nfaConnectionCallback: event= 5
01-15 01:53:29.988  3104 13233 I libnfc_nci: [INFO:NativeNfcManager.cpp(360)] nfaConnectionCallback: NFA_ACTIVATED_EVT: gIsSelectingRfInterface=1, sIsDisabling=0
01-15 01:53:29.988  3104 13233 I libnfc_nci: [INFO:NfcTag.cpp(165)] NfcTag::setActivationState: state=2
01-15 01:53:29.988  3104 13233 I libnfc_nci: [INFO:nfa_dm_discover.cc(2571)] new state: POLL_ACTIVE (4), disc_flags: 0x1
01-15 01:53:29.989  3104  3104 I libnfc_nci: [INFO:NativeNfcTag.cpp(709)] reSelect: select completed; sConnectOk=1
01-15 01:53:29.989  3104  3104 I libnfc_nci: [INFO:NativeNfcTag.cpp(728)] reSelect: exit; status=0
01-15 01:53:29.989  3104  3104 I libnfc_nci: [INFO:NativeNfcTag.cpp(799)] nativeNfcTag_doReconnect: exit 0x0
01-15 01:53:29.989   767 13235 D NxpTml  : PN54X - Read requested.....
01-15 01:53:29.989   767 13235 D NxpTml  : PN54X - Invoking I2C Read.....
01-15 01:53:30.004     0     0 E nq-nci 6-0028: nfc_read : reading 1 bytes.
01-15 01:53:30.006     0     0 E nq-nci 6-0028: nfc_read : reading 3 bytes.
01-15 01:53:30.011     0     0 E nq-nci 6-0028: nfc_read : reading 2 bytes.
01-15 01:53:29.989  3104  3104 I libnfc_nci: [INFO:NativeNfcTag.cpp(1193)] nativeNfcTag_doCheckNdef: enter
01-15 01:53:29.989  3104  3104 I libnfc_nci: [INFO:NativeNfcTag.cpp(773)] nativeNfcTag_doReconnect: enter
01-15 01:53:29.989  3104  3104 I libnfc_nci: [INFO:NativeNfcTag.cpp(609)] reSelect: enter; rf intf = 128, current intf = 128
01-15 01:53:29.989  3104  3104 I libnfc_nci: [INFO:NativeNfcTag.cpp(656)] reSelect: deactivate to sleep
01-15 01:53:29.989  3104  3104 I libnfc_nci: [INFO:nfa_dm_api.cc(895)] sleep_mode:1
01-15 01:53:29.990  3104 13233 I libnfc_nci: [INFO:nfa_sys_main.cc(77)] NFA got event 0x0113
01-15 01:53:29.990  3104 13233 I libnfc_nci: [INFO:nfa_dm_main.cc(122)] event: NFA_DM_API_DEACTIVATE_EVT (0x13)
01-15 01:53:29.990  3104 13233 I libnfc_nci: [INFO:nfa_dm_act.cc(755)] nfa_dm_act_deactivate
01-15 01:53:29.990  3104 13233 I libnfc_nci: [INFO:nfa_dm_discover.cc(2752)] deactivate_type:0x1
01-15 01:53:29.990  3104 13233 I libnfc_nci: [INFO:nfa_dm_discover.cc(2518)] state: POLL_ACTIVE (4), event: DEACTIVATE_CMD(6) disc_flags: 0x1
01-15 01:53:29.990  3104 13233 I libnfc_nci: [INFO:nfc_main.cc(1127)] NFC_Deactivate 5 (OPEN) deactivate_type:1
01-15 01:53:29.990  3104 13233 I libnfc_nci: [INFO:nfc_main.cc(326)] nfc_set_state 5 (OPEN)->6 (CLOSING)
01-15 01:53:29.990  3104 13233 I libnfc_nci: [INFO:nfc_main.cc(1145)] act_protocol 128 credits:1/1
01-15 01:53:29.990  3104 13233 I libnfc_nci: [INFO:NfcAdaptation.cc(751)] NfcAdaptation::HalWrite
01-15 01:53:29.991   767   767 D NxpExtns: find found MIFARE_READER_ENABLE=(0x1)
01-15 01:53:29.991   767   767 D NfccPowerTracker: NfccPowerTracker::ProcessCmd: Enter,Recieved len :4
01-15 01:53:29.991   767 13236 D NxpTml  : PN54X - Write requested.....
01-15 01:53:29.991   767 13236 D NxpTml  : PN54X - Invoking I2C Write.....
01-15 01:53:29.994   767 13236 D NxpNciX : len =   4 > 21060101
01-15 01:53:29.994   767 13236 D NxpTml  : PN54X - I2C Write successful.....
01-15 01:53:29.994   767 13236 D NxpTml  : PN54X - Posting Fresh Write message.....
01-15 01:53:29.994   767 13236 D NxpTml  : PN54X - Tml Writer Thread Running................
01-15 01:53:29.994   767 13238 D NxpHal  : write successful status = 0x0
01-15 01:53:29.994  3104 13233 I libnfc_nci: [INFO:nfa_sys_ptim.cc(128)] nfa_sys_ptim_start_timer 0x7bcaa254e0
01-15 01:53:29.995  3104 13233 I libnfc_nci: [INFO:nfa_sys_ptim.cc(133)] ptim timer start
01-15 01:53:29.995  3104 13233 I libnfc_nci: [INFO:nfa_dm_discover.cc(2571)] new state: POLL_ACTIVE (4), disc_flags: 0x61
01-15 01:53:29.995  3104 13233 I libnfc_nci: [INFO:nfa_sys_ptim.cc(156)] nfa_sys_ptim_stop_timer 0x7bcaa264f8
01-15 01:53:29.995  3104 13233 I libnfc_nci: [INFO:nfa_rw_act.cc(192)] Stopped presence check timer (if started)
01-15 01:53:29.995   767 13235 D NxpTml  : PN54X - I2C Read successful.....
01-15 01:53:30.017     0     0 E nq-nci 6-0028: nfc_read : reading 3 bytes.
01-15 01:53:29.995   767 13235 D NxpNciR : len =   4 > 41060100
01-15 01:53:29.995   767 13235 D NxpTml  : PN54X - Posting read message.....
01-15 01:53:29.995   767 13238 D NxpHal  : read successful status = 0x0
01-15 01:53:29.996   767 13235 D NxpTml  : PN54X - Read requested.....
01-15 01:53:29.996   767 13235 D NxpTml  : PN54X - Invoking I2C Read.....
01-15 01:53:29.998  3104 13233 I libnfc_nci: [INFO:nfc_ncif.cc(399)] NFC received rsp gid:1
01-15 01:53:29.998  3104 13233 I libnfc_nci: [INFO:nfa_dm_discover.cc(3030)] returning TRUE
01-15 01:53:29.998  3104 13233 I libnfc_nci: [INFO:nfc_main.cc(326)] nfc_set_state 6 (CLOSING)->4 (IDLE)
01-15 01:53:29.998  3104 13233 I libnfc_nci: [INFO:rw_mfc.cc(640)] rw_mfc_conn_cback conn_id=0, evt=0x6002
01-15 01:53:29.998  3104 13233 I libnfc_nci: [INFO:rw_mfc.cc(723)] rw_mfc_conn_cback RW_MFC_STATE_NOT_ACTIVATED
01-15 01:53:29.998  3104 13233 I libnfc_nci: [INFO:nfa_dm_discover.cc(694)] event:0x4005
01-15 01:53:29.998  3104 13233 I libnfc_nci: [INFO:nfa_dm_discover.cc(2518)] state: POLL_ACTIVE (4), event: DEACTIVATE_RSP(7) disc_flags: 0x61
01-15 01:53:29.998  3104 13233 I libnfc_nci: [INFO:nfa_dm_discover.cc(2571)] new state: POLL_ACTIVE (4), disc_flags: 0x41
01-15 01:53:30.005   767 13235 D NxpTml  : PN54X - I2C Read successful.....
01-15 01:53:30.005   767 13235 D NxpNciR : len =   5 > 6106020100
01-15 01:53:30.005   767 13235 D NxpTml  : PN54X - Posting read message.....
01-15 01:53:30.005   767 13238 D NxpHal  : read successful status = 0x0
01-15 01:53:30.005   767 13238 D NfccPowerTracker: NfccPowerTracker::ProcessNtf: Enter
01-15 01:53:30.005   767 13238 D NfccPowerTracker: mActiveDurationFromLastScreenUpdate: 7301
01-15 01:53:30.006   767 13235 D NxpTml  : PN54X - Read requested.....
01-15 01:53:30.006   767 13235 D NxpTml  : PN54X - Invoking I2C Read.....
01-15 01:53:30.006  3104 13233 I libnfc_nci: [INFO:nfc_ncif.cc(440)] NFC received ntf gid:1
01-15 01:53:30.006  3104 13233 I libnfc_nci: [INFO:nfa_dm_discover.cc(3030)] returning TRUE
01-15 01:53:30.006  3104 13233 I libnfc_nci: [INFO:nfc_main.cc(326)] nfc_set_state 4 (IDLE)->4 (IDLE)
01-15 01:53:30.006  3104 13233 I libnfc_nci: [INFO:nfa_dm_discover.cc(1662)] nfa_dm_disc_data_cback
01-15 01:53:30.006  3104 13233 I libnfc_nci: [INFO:nfa_dm_discover.cc(694)] event:0x4005
01-15 01:53:30.006  3104 13233 I libnfc_nci: [INFO:nfa_dm_discover.cc(2518)] state: POLL_ACTIVE (4), event: DEACTIVATE_NTF(8) disc_flags: 0x41
01-15 01:53:30.006  3104 13233 I libnfc_nci: [INFO:nfa_sys_ptim.cc(156)] nfa_sys_ptim_stop_timer 0x7bcaa254e0
01-15 01:53:30.006  3104 13233 I libnfc_nci: [INFO:nfa_sys_ptim.cc(163)] ptim timer stop
01-15 01:53:30.006  3104 13233 I libnfc_nci: [INFO:nfa_dm_discover.cc(1361)] activated_handle=1
01-15 01:53:30.006  3104 13233 I libnfc_nci: [INFO:nfa_dm_act.cc(1557)] event:0x02
01-15 01:53:30.006  3104 13233 I libnfc_nci: [INFO:nfa_rw_main.cc(179)] nfa_rw_handle_event event: NFA_RW_DEACTIVATE_NTF_EVT (0x502), flags: 00000021
01-15 01:53:30.006  3104 13233 I libnfc_nci: [INFO:nfa_sys_ptim.cc(156)] nfa_sys_ptim_stop_timer 0x7bcaa264f8
01-15 01:53:30.006  3104 13233 I libnfc_nci: [INFO:nfa_sys_ptim.cc(163)] ptim timer stop
01-15 01:53:30.006  3104 13233 I libnfc_nci: [INFO:nfa_rw_act.cc(192)] Stopped presence check timer (if started)
01-15 01:53:30.006  3104 13233 I libnfc_nci: [INFO:NativeNfcManager.cpp(276)] nfaConnectionCallback: event= 6
01-15 01:53:30.007  3104 13233 I libnfc_nci: [INFO:NativeNfcManager.cpp(429)] nfaConnectionCallback: NFA_DEACTIVATED_EVT   Type: 1, gIsTagDeactivating: 1
01-15 01:53:30.007  3104 13233 I libnfc_nci: [INFO:NfcTag.cpp(148)] NfcTag::setDeactivationState: state=1
01-15 01:53:30.007  3104 13233 I libnfc_nci: [INFO:nfa_dm_discover.cc(1685)] old_state: POLL_ACTIVE (4), new_state: W4_HOST_SELECT (3) disc_flags: 0x1
01-15 01:53:30.007  3104 13233 I libnfc_nci: [INFO:nfa_dm_discover.cc(2571)] new state: W4_HOST_SELECT (3), disc_flags: 0x1
01-15 01:53:30.007  3104  3104 I libnfc_nci: [INFO:NativeNfcTag.cpp(690)] reSelect: select interface 128
01-15 01:53:30.007  3104  3104 I libnfc_nci: [INFO:nfa_dm_api.cc(800)] rf_disc_id:0x1, protocol:0x80, rf_interface:0x80
01-15 01:53:30.007  3104 13233 I libnfc_nci: [INFO:nfa_sys_main.cc(77)] NFA got event 0x0111
01-15 01:53:30.007  3104 13233 I libnfc_nci: [INFO:nfa_dm_main.cc(122)] event: NFA_DM_API_SELECT_EVT (0x11)
01-15 01:53:30.007  3104 13233 I libnfc_nci: [INFO:nfa_dm_act.cc(1322)] nfa_dm_act_select
01-15 01:53:30.007  3104 13233 I libnfc_nci: [INFO:nfa_dm_discover.cc(2721)] rf_disc_id:0x1, protocol:0x80, rf_interface:0x80
01-15 01:53:30.007  3104 13233 I libnfc_nci: [INFO:nfa_dm_discover.cc(2518)] state: W4_HOST_SELECT (3), event: SELECT_CMD(3) disc_flags: 0x11
01-15 01:53:30.007  3104 13233 I libnfc_nci: [INFO:NfcAdaptation.cc(751)] NfcAdaptation::HalWrite
01-15 01:53:30.022     0     0 E nq-nci 6-0028: nfc_read : reading 1 bytes.
01-15 01:53:30.027     0     0 E nq-nci 6-0028: nfc_read : reading 3 bytes.
01-15 01:53:30.031     0     0 E nq-nci 6-0028: nfc_read : reading 20 bytes.
01-15 01:53:30.007   767   767 D NxpExtns: find found MIFARE_READER_ENABLE=(0x1)
01-15 01:53:30.007   767   767 D NfccPowerTracker: NfccPowerTracker::ProcessCmd: Enter,Recieved len :6
01-15 01:53:30.008   767 13236 D NxpTml  : PN54X - Write requested.....
01-15 01:53:30.008   767 13236 D NxpTml  : PN54X - Invoking I2C Write.....
01-15 01:53:30.009   767 13236 D NxpNciX : len =   6 > 210403018080
01-15 01:53:30.010   767 13236 D NxpTml  : PN54X - I2C Write successful.....
01-15 01:53:30.010   767 13236 D NxpTml  : PN54X - Posting Fresh Write message.....
01-15 01:53:30.010   767 13236 D NxpTml  : PN54X - Tml Writer Thread Running................
01-15 01:53:30.010   767 13238 D NxpHal  : write successful status = 0x0
01-15 01:53:30.010  3104 13233 I libnfc_nci: [INFO:nfa_dm_discover.cc(2571)] new state: W4_HOST_SELECT (3), disc_flags: 0x11
01-15 01:53:30.015   767 13235 D NxpTml  : PN54X - I2C Read successful.....
01-15 01:53:30.015   767 13235 D NxpNciR : len =   4 > 41040100
01-15 01:53:30.015   767 13235 D NxpTml  : PN54X - Posting read message.....
01-15 01:53:30.016   767 13238 D NxpHal  : read successful status = 0x0
01-15 01:53:30.016  3104 13233 I libnfc_nci: [INFO:nfc_ncif.cc(399)] NFC received rsp gid:1
01-15 01:53:30.016  3104 13233 I libnfc_nci: [INFO:nfa_dm_discover.cc(694)] event:0x4003
01-15 01:53:30.016  3104 13233 I libnfc_nci: [INFO:nfa_dm_discover.cc(2518)] state: W4_HOST_SELECT (3), event: SELECT_RSP(4) disc_flags: 0x11
01-15 01:53:30.016  3104 13233 I libnfc_nci: [INFO:NativeNfcManager.cpp(276)] nfaConnectionCallback: event= 3
01-15 01:53:30.016  3104 13233 I libnfc_nci: [INFO:NativeNfcManager.cpp(333)] nfaConnectionCallback: NFA_SELECT_RESULT_EVT: status = 0, gIsSelectingRfInterface = 1,
 sIsDisabling=0
01-15 01:53:30.017  3104 13233 I libnfc_nci: [INFO:nfa_dm_discover.cc(2571)] new state: W4_HOST_SELECT (3), disc_flags: 0x1
01-15 01:53:30.017   767 13235 D NxpTml  : PN54X - Read requested.....
01-15 01:53:30.017   767 13235 D NxpTml  : PN54X - Invoking I2C Read.....
01-15 01:53:30.025   767 13235 D NxpTml  : PN54X - I2C Read successful.....
01-15 01:53:30.025   767 13235 D NxpNciR : len =  23 > 61051401808000FF010904000442C48A92010800000000
01-15 01:53:30.025   767 13235 D NxpTml  : PN54X - Posting read message.....
01-15 01:53:30.026   767 13238 D NxpHal  : read successful status = 0x0
01-15 01:53:30.026   767 13238 D NxpHal  : NxpNci: RF Interface = MIFARE
01-15 01:53:30.026   767 13238 D NxpHal  : NxpNci: Protocol = MIFARE
01-15 01:53:30.026   767 13238 D NxpHal  : NxpNci: Mode = A Passive Poll
01-15 01:53:30.026   767 13238 D NfccPowerTracker: NfccPowerTracker::ProcessNtf: Enter
01-15 01:53:30.027  3104 13233 I libnfc_nci: [INFO:nfc_ncif.cc(440)] NFC received ntf gid:1
01-15 01:53:30.039     0     0 E nq-nci 6-0028: nfc_read : reading 3 bytes.
01-15 01:53:30.027  3104 13233 I libnfc_nci: [INFO:nfa_dm_discover.cc(3030)] returning TRUE
01-15 01:53:30.027  3104 13233 I libnfc_nci: [INFO:nfc_main.cc(326)] nfc_set_state 4 (IDLE)->5 (OPEN)
01-15 01:53:30.027  3104 13233 I libnfc_nci: [INFO:nfc_ncif.cc(907)] nfc_ncif_proc_activate:20 0, mode:0x00
01-15 01:53:30.027  3104 13233 I libnfc_nci: [INFO:nfa_dm_discover.cc(694)] event:0x4004
01-15 01:53:30.027  3104 13233 I libnfc_nci: [INFO:nfa_dm_discover.cc(2518)] state: W4_HOST_SELECT (3), event: ACTIVATED_NTF(5) disc_flags: 0x1
01-15 01:53:30.027  3104 13233 I libnfc_nci: [INFO:nfa_dm_discover.cc(1685)] old_state: W4_HOST_SELECT (3), new_state: POLL_ACTIVE (4) disc_flags: 0x1
01-15 01:53:30.027  3104 13233 I libnfc_nci: [INFO:nfa_dm_discover.cc(1192)] tech_n_mode:0x0, proto:0x80
01-15 01:53:30.027  3104 13233 I libnfc_nci: [INFO:nfa_dm_discover.cc(674)] tech_n_mode:0x0, protocol:0x80, disc_mask:0x2000
01-15 01:53:30.027  3104 13233 I libnfc_nci: [INFO:nfa_dm_discover.cc(1320)] activated_protocol:0x80, activated_handle: 0x1
01-15 01:53:30.027  3104 13233 I libnfc_nci: [INFO:nfa_dm_act.cc(1557)] event:0x01
01-15 01:53:30.027  3104 13233 I libnfc_nci: [INFO:nfa_rw_main.cc(179)] nfa_rw_handle_event event: NFA_RW_ACTIVATE_NTF_EVT (0x501), flags: 00000001
01-15 01:53:30.027  3104 13233 I libnfc_nci: [INFO:nfa_rw_act.cc(2538)] nfa_rw_activate_ntf
01-15 01:53:30.027  3104 13233 I libnfc_nci: [INFO:rw_main.cc(206)] RW_SetActivatedTagType protocol:128, technology:0, SAK:8
01-15 01:53:30.027  3104 13233 I libnfc_nci: [INFO:rw_mfc.cc(551)] rw_mfc_select
01-15 01:53:30.028  3104 13233 I libnfc_nci: [INFO:nfa_dm_act.cc(1709)] status:0x0
01-15 01:53:30.028  3104 13233 I libnfc_nci: [INFO:NativeNfcManager.cpp(276)] nfaConnectionCallback: event= 5
01-15 01:53:30.028  3104 13233 I libnfc_nci: [INFO:NativeNfcManager.cpp(360)] nfaConnectionCallback: NFA_ACTIVATED_EVT: gIsSelectingRfInterface=1, sIsDisabling=0
01-15 01:53:30.028  3104 13233 I libnfc_nci: [INFO:NfcTag.cpp(165)] NfcTag::setActivationState: state=2
01-15 01:53:30.028  3104 13233 I libnfc_nci: [INFO:nfa_dm_discover.cc(2571)] new state: POLL_ACTIVE (4), disc_flags: 0x1
01-15 01:53:30.028  3104  3104 I libnfc_nci: [INFO:NativeNfcTag.cpp(709)] reSelect: select completed; sConnectOk=1
01-15 01:53:30.028  3104  3104 I libnfc_nci: [INFO:NativeNfcTag.cpp(728)] reSelect: exit; status=0
01-15 01:53:30.028  3104  3104 I libnfc_nci: [INFO:NativeNfcTag.cpp(799)] nativeNfcTag_doReconnect: exit 0x0
01-15 01:53:30.028  3104  3104 I libnfc_nci: [INFO:NativeNfcTag.cpp(1221)] nativeNfcTag_doCheckNdef: try NFA_RwDetectNDef
01-15 01:53:30.028  3104  3104 E libnfc_nci: [ERROR:phNxpExtns_MifareStd.cpp(1548)] Mifare : phLibNfc_GetKeyNumberMFC Key found
01-15 01:53:30.028  3104  3104 E libnfc_nci: [ERROR:phNxpExtns_MifareStd.cpp(1555)] Mifare : phLibNfc_GetKeyNumberMFC returning = 0x0 Key = 0x0
01-15 01:53:30.028  3104  3104 I libnfc_nci: [INFO:nfa_dm_api.cc(936)] data_len:3
01-15 01:53:30.028  3104 13233 I libnfc_nci: [INFO:nfa_sys_main.cc(77)] NFA got event 0x010C
01-15 01:53:30.028  3104 13233 I libnfc_nci: [INFO:nfa_dm_main.cc(122)] event: NFA_DM_API_RAW_FRAME_EVT (0x0c)
01-15 01:53:30.028  3104 13233 I libnfc_nci: [INFO:nfa_dm_act.cc(1160)] nfa_dm_act_send_raw_frame
01-15 01:53:30.028  3104 13233 I libnfc_nci: [INFO:nfc_ncif.cc(152)] nfc_ncif_send_data :0, num_buff:1 qc:0
01-15 01:53:30.028   767 13235 D NxpTml  : PN54X - Read requested.....
01-15 01:53:30.028   767 13235 D NxpTml  : PN54X - Invoking I2C Read.....
01-15 01:53:30.028  3104 13233 I libnfc_nci: [INFO:NfcAdaptation.cc(751)] NfcAdaptation::HalWrite
01-15 01:53:30.029   767   767 D NxpExtns: find found MIFARE_READER_ENABLE=(0x1)
01-15 01:53:30.029   767   767 D NfccPowerTracker: NfccPowerTracker::ProcessCmd: Enter,Recieved len :6
01-15 01:53:30.029   767 13236 D NxpTml  : PN54X - Write requested.....
01-15 01:53:30.029   767 13236 D NxpTml  : PN54X - Invoking I2C Write.....
01-15 01:53:30.034   767 13236 D NxpNciX : len =   6 > 000003400000
01-15 01:53:30.034   767 13236 D NxpTml  : PN54X - I2C Write successful.....
01-15 01:53:30.034   767 13236 D NxpTml  : PN54X - Posting Fresh Write message.....
01-15 01:53:30.034   767 13236 D NxpTml  : PN54X - Tml Writer Thread Running................
01-15 01:53:30.034   767 13238 D NxpHal  : write successful status = 0x0
01-15 01:53:30.035   767 13235 D NxpTml  : PN54X - I2C Read successful.....
01-15 01:53:30.035   767 13235 D NxpNciR : len =   6 > 600603010001
01-15 01:53:30.035   767 13235 D NxpTml  : PN54X - Posting read message.....
01-15 01:53:30.035   767 13238 D NxpHal  : read successful status = 0x0
01-15 01:53:30.035   767 13238 D NfccPowerTracker: NfccPowerTracker::ProcessNtf: Enter
01-15 01:53:30.036  3104 13233 I libnfc_nci: [INFO:nfc_ncif.cc(440)] NFC received ntf gid:0
01-15 01:53:30.036  3104 13233 I libnfc_nci: [INFO:nci_hrcv.cc(127)] nci_proc_core_ntf opcode:0x6
01-15 01:53:30.036  3104 13233 I libnfc_nci: [INFO:nfc_ncif.cc(152)] nfc_ncif_send_data :0, num_buff:1 qc:0
01-15 01:53:30.036   767 13235 D NxpTml  : PN54X - Read requested.....
01-15 01:53:30.036   767 13235 D NxpTml  : PN54X - Invoking I2C Read.....
01-15 01:53:30.045   767 13235 D NxpTml  : PN54X - I2C Read successful.....
01-15 01:53:30.046   767 13235 D NxpNciR : len =   5 > 0000024000
01-15 01:53:30.046   767 13235 D NxpTml  : PN54X - Posting read message.....
01-15 01:53:30.046   767 13238 D NxpHal  : read successful status = 0x0
01-15 01:53:30.047  3104 13233 I libnfc_nci: [INFO:nfc_ncif.cc(393)] NFC received data
01-15 01:53:30.047  3104 13233 I libnfc_nci: [INFO:nfc_ncif.cc(1652)] nfc_ncif_proc_data 0x000002
01-15 01:53:30.047  3104 13233 I libnfc_nci: [INFO:nfc_ncif.cc(1657)] nfc_ncif_proc_data len:2
01-15 01:53:30.047  3104 13233 I libnfc_nci: [INFO:rw_mfc.cc(640)] rw_mfc_conn_cback conn_id=0, evt=0x6003
01-15 01:53:30.047  3104 13233 I libnfc_nci: [INFO:nfa_rw_act.cc(1496)] nfa_rw_cback: event=0xc7
01-15 01:53:30.047  3104 13233 I libnfc_nci: [INFO:nfa_rw_act.cc(1408)] nfa_rw_handle_mfc_evt() event = 0xC7
01-15 01:53:30.047  3104 13233 I libnfc_nci: [INFO:nfa_rw_act.cc(119)] nfa_rw_send_data_to_upper: Len [0x2] Status [OK]
01-15 01:53:30.042     0     0 I chatty  : uid=0(root) logd identical 1 line
01-15 01:53:30.047     0     0 E nq-nci 6-0028: nfc_read : reading 3 bytes.
01-15 01:53:30.051     0     0 E nq-nci 6-0028: nfc_read : reading 2 bytes.
01-15 01:53:30.047  3104 13233 I libnfc_nci: [INFO:nfa_dm_act.cc(1378)] event:0x9
01-15 01:53:30.047  3104 13233 I libnfc_nci: [INFO:NativeNfcManager.cpp(276)] nfaConnectionCallback: event= 9
01-15 01:53:30.047  3104 13233 I libnfc_nci: [INFO:NativeNfcManager.cpp(516)] nfaConnectionCallback: NFA_DATA_EVT: status = 0x0, len = 2
01-15 01:53:30.047  3104 13233 I libnfc_nci: [INFO:NativeNfcTag.cpp(870)] nativeNfcTag_doTransceiveStatus: data len=2
01-15 01:53:30.048  3104 13233 I libnfc_nci: [INFO:nfa_dm_api.cc(936)] data_len:3
01-15 01:53:30.048  3104 13233 I libnfc_nci: [INFO:nfa_sys_main.cc(77)] NFA got event 0x010C
01-15 01:53:30.048  3104 13233 I libnfc_nci: [INFO:nfa_dm_main.cc(122)] event: NFA_DM_API_RAW_FRAME_EVT (0x0c)
01-15 01:53:30.048  3104 13233 I libnfc_nci: [INFO:nfa_dm_act.cc(1160)] nfa_dm_act_send_raw_frame
01-15 01:53:30.048  3104 13233 I libnfc_nci: [INFO:nfc_ncif.cc(152)] nfc_ncif_send_data :0, num_buff:1 qc:0
01-15 01:53:30.048  3104 13233 I libnfc_nci: [INFO:NfcAdaptation.cc(751)] NfcAdaptation::HalWrite
01-15 01:53:30.048   767   767 D NxpExtns: find found MIFARE_READER_ENABLE=(0x1)
01-15 01:53:30.048   767   767 D NfccPowerTracker: NfccPowerTracker::ProcessCmd: Enter,Recieved len :6
01-15 01:53:30.049   767 13236 D NxpTml  : PN54X - Write requested.....
01-15 01:53:30.049   767 13236 D NxpTml  : PN54X - Invoking I2C Write.....
01-15 01:53:30.050   767 13235 D NxpTml  : PN54X - Read requested.....
01-15 01:53:30.050   767 13235 D NxpTml  : PN54X - Invoking I2C Read.....
01-15 01:53:30.051   767 13236 D NxpNciX : len =   6 > 000003103003
01-15 01:53:30.051   767 13236 D NxpTml  : PN54X - I2C Write successful.....
01-15 01:53:30.051   767 13236 D NxpTml  : PN54X - Posting Fresh Write message.....
01-15 01:53:30.051   767 13236 D NxpTml  : PN54X - Tml Writer Thread Running................
01-15 01:53:30.051   767 13238 D NxpHal  : write successful status = 0x0
01-15 01:53:30.055   767 13235 D NxpTml  : PN54X - I2C Read successful.....
01-15 01:53:30.055   767 13235 D NxpNciR : len =   6 > 600603010001
01-15 01:53:30.055   767 13235 D NxpTml  : PN54X - Posting read message.....
01-15 01:53:30.055   767 13238 D NxpHal  : read successful status = 0x0
01-15 01:53:30.055   767 13238 D NfccPowerTracker: NfccPowerTracker::ProcessNtf: Enter
01-15 01:53:30.056  3104 13233 I libnfc_nci: [INFO:nfc_ncif.cc(440)] NFC received ntf gid:0
01-15 01:53:30.056  3104 13233 I libnfc_nci: [INFO:nci_hrcv.cc(127)] nci_proc_core_ntf opcode:0x6
01-15 01:53:30.056  3104 13233 I libnfc_nci: [INFO:nfc_ncif.cc(152)] nfc_ncif_send_data :0, num_buff:1 qc:0
01-15 01:53:30.056   767 13235 D NxpTml  : PN54X - Read requested.....
01-15 01:53:30.056   767 13235 D NxpTml  : PN54X - Invoking I2C Read.....
01-15 01:53:30.060     0     0 E nq-nci 6-0028: nfc_read : reading 3 bytes.
01-15 01:53:30.066   767 13235 D NxpTml  : PN54X - I2C Read successful.....
01-15 01:53:30.066   767 13235 D NxpNciR : len =  21 > 00001210000000000000787788C100000000000000
01-15 01:53:30.066   767 13235 D NxpTml  : PN54X - Posting read message.....
01-15 01:53:30.067   767 13238 D NxpHal  : read successful status = 0x0
01-15 01:53:30.067  3104 13233 I libnfc_nci: [INFO:nfc_ncif.cc(393)] NFC received data
01-15 01:53:30.068  3104 13233 I libnfc_nci: [INFO:nfc_ncif.cc(1652)] nfc_ncif_proc_data 0x000012
01-15 01:53:30.068  3104 13233 I libnfc_nci: [INFO:nfc_ncif.cc(1657)] nfc_ncif_proc_data len:18
01-15 01:53:30.068  3104 13233 I libnfc_nci: [INFO:rw_mfc.cc(640)] rw_mfc_conn_cback conn_id=0, evt=0x6003
01-15 01:53:30.068  3104 13233 I libnfc_nci: [INFO:nfa_rw_act.cc(1496)] nfa_rw_cback: event=0xc7
01-15 01:53:30.068  3104 13233 I libnfc_nci: [INFO:nfa_rw_act.cc(1408)] nfa_rw_handle_mfc_evt() event = 0xC7
01-15 01:53:30.068  3104 13233 I libnfc_nci: [INFO:nfa_rw_act.cc(119)] nfa_rw_send_data_to_upper: Len [0x12] Status [OK]
01-15 01:53:30.061     0     0 I chatty  : uid=0(root) logd identical 1 line
01-15 01:53:30.067     0     0 E nq-nci 6-0028: nfc_read : reading 3 bytes.
01-15 01:53:30.071     0     0 E nq-nci 6-0028: nfc_read : reading 18 bytes.
01-15 01:53:30.080     0     0 E nq-nci 6-0028: nfc_read : reading 3 bytes.
01-15 01:53:30.068  3104 13233 I libnfc_nci: [INFO:nfa_dm_act.cc(1378)] event:0x9
01-15 01:53:30.068  3104 13233 I libnfc_nci: [INFO:NativeNfcManager.cpp(276)] nfaConnectionCallback: event= 9
01-15 01:53:30.068  3104 13233 I libnfc_nci: [INFO:NativeNfcManager.cpp(516)] nfaConnectionCallback: NFA_DATA_EVT: status = 0x0, len = 18
01-15 01:53:30.068  3104 13233 I libnfc_nci: [INFO:NativeNfcTag.cpp(870)] nativeNfcTag_doTransceiveStatus: data len=18
01-15 01:53:30.068  3104 13233 I libnfc_nci: [INFO:nfa_dm_api.cc(936)] data_len:3
01-15 01:53:30.068  3104 13233 I libnfc_nci: [INFO:nfa_sys_main.cc(77)] NFA got event 0x010C
01-15 01:53:30.068  3104 13233 I libnfc_nci: [INFO:nfa_dm_main.cc(122)] event: NFA_DM_API_RAW_FRAME_EVT (0x0c)
01-15 01:53:30.068  3104 13233 I libnfc_nci: [INFO:nfa_dm_act.cc(1160)] nfa_dm_act_send_raw_frame
01-15 01:53:30.068  3104 13233 I libnfc_nci: [INFO:nfc_ncif.cc(152)] nfc_ncif_send_data :0, num_buff:1 qc:0
01-15 01:53:30.068  3104 13233 I libnfc_nci: [INFO:NfcAdaptation.cc(751)] NfcAdaptation::HalWrite
01-15 01:53:30.069   767   767 D NxpExtns: find found MIFARE_READER_ENABLE=(0x1)
01-15 01:53:30.069   767   767 D NfccPowerTracker: NfccPowerTracker::ProcessCmd: Enter,Recieved len :6
01-15 01:53:30.069   767 13235 D NxpTml  : PN54X - Read requested.....
01-15 01:53:30.069   767 13235 D NxpTml  : PN54X - Invoking I2C Read.....
01-15 01:53:30.069   767 13236 D NxpTml  : PN54X - Write requested.....
01-15 01:53:30.069   767 13236 D NxpTml  : PN54X - Invoking I2C Write.....
01-15 01:53:30.071   767 13236 D NxpNciX : len =   6 > 000003103001
01-15 01:53:30.071   767 13236 D NxpTml  : PN54X - I2C Write successful.....
01-15 01:53:30.071   767 13236 D NxpTml  : PN54X - Posting Fresh Write message.....
01-15 01:53:30.071   767 13236 D NxpTml  : PN54X - Tml Writer Thread Running................
01-15 01:53:30.072   767 13238 D NxpHal  : write successful status = 0x0
01-15 01:53:30.077   767 13235 D NxpTml  : PN54X - I2C Read successful.....
01-15 01:53:30.077   767 13235 D NxpNciR : len =   6 > 600603010001
01-15 01:53:30.077   767 13235 D NxpTml  : PN54X - Posting read message.....
01-15 01:53:30.078   767 13238 D NxpHal  : read successful status = 0x0
01-15 01:53:30.078   767 13238 D NfccPowerTracker: NfccPowerTracker::ProcessNtf: Enter
01-15 01:53:30.079  3104 13233 I libnfc_nci: [INFO:nfc_ncif.cc(440)] NFC received ntf gid:0
01-15 01:53:30.079  3104 13233 I libnfc_nci: [INFO:nci_hrcv.cc(127)] nci_proc_core_ntf opcode:0x6
01-15 01:53:30.079  3104 13233 I libnfc_nci: [INFO:nfc_ncif.cc(152)] nfc_ncif_send_data :0, num_buff:1 qc:0
01-15 01:53:30.080   767 13235 D NxpTml  : PN54X - Read requested.....
01-15 01:53:30.080   767 13235 D NxpTml  : PN54X - Invoking I2C Read.....
01-15 01:53:30.087   767 13235 D NxpTml  : PN54X - I2C Read successful.....
01-15 01:53:30.087   767 13235 D NxpNciR : len =  21 > 00001210140103E103E103E103E103E103E103E100
01-15 01:53:30.087   767 13235 D NxpTml  : PN54X - Posting read message.....
01-15 01:53:30.088   767 13238 D NxpHal  : read successful status = 0x0
01-15 01:53:30.084     0     0 I chatty  : uid=0(root) logd identical 1 line
01-15 01:53:30.091     0     0 E nq-nci 6-0028: nfc_read : reading 3 bytes.
01-15 01:53:30.092     0     0 E nq-nci 6-0028: nfc_read : reading 18 bytes.
01-15 01:53:30.100     0     0 E nq-nci 6-0028: nfc_read : reading 3 bytes.
01-15 01:53:30.089  3104 13233 I libnfc_nci: [INFO:nfc_ncif.cc(393)] NFC received data
01-15 01:53:30.089   767 13235 D NxpTml  : PN54X - Read requested.....
01-15 01:53:30.090   767 13235 D NxpTml  : PN54X - Invoking I2C Read.....
01-15 01:53:30.090  3104 13233 I libnfc_nci: [INFO:nfc_ncif.cc(1652)] nfc_ncif_proc_data 0x000012
01-15 01:53:30.090  3104 13233 I libnfc_nci: [INFO:nfc_ncif.cc(1657)] nfc_ncif_proc_data len:18
01-15 01:53:30.090  3104 13233 I libnfc_nci: [INFO:rw_mfc.cc(640)] rw_mfc_conn_cback conn_id=0, evt=0x6003
01-15 01:53:30.090  3104 13233 I libnfc_nci: [INFO:nfa_rw_act.cc(1496)] nfa_rw_cback: event=0xc7
01-15 01:53:30.090  3104 13233 I libnfc_nci: [INFO:nfa_rw_act.cc(1408)] nfa_rw_handle_mfc_evt() event = 0xC7
01-15 01:53:30.090  3104 13233 I libnfc_nci: [INFO:nfa_rw_act.cc(119)] nfa_rw_send_data_to_upper: Len [0x12] Status [OK]
01-15 01:53:30.090  3104 13233 I libnfc_nci: [INFO:nfa_dm_act.cc(1378)] event:0x9
01-15 01:53:30.090  3104 13233 I libnfc_nci: [INFO:NativeNfcManager.cpp(276)] nfaConnectionCallback: event= 9
01-15 01:53:30.090  3104 13233 I libnfc_nci: [INFO:NativeNfcManager.cpp(516)] nfaConnectionCallback: NFA_DATA_EVT: status = 0x0, len = 18
01-15 01:53:30.090  3104 13233 I libnfc_nci: [INFO:NativeNfcTag.cpp(870)] nativeNfcTag_doTransceiveStatus: data len=18
01-15 01:53:30.090  3104 13233 I libnfc_nci: [INFO:nfa_dm_api.cc(936)] data_len:3
01-15 01:53:30.090  3104 13233 I libnfc_nci: [INFO:nfa_sys_main.cc(77)] NFA got event 0x010C
01-15 01:53:30.090  3104 13233 I libnfc_nci: [INFO:nfa_dm_main.cc(122)] event: NFA_DM_API_RAW_FRAME_EVT (0x0c)
01-15 01:53:30.090  3104 13233 I libnfc_nci: [INFO:nfa_dm_act.cc(1160)] nfa_dm_act_send_raw_frame
01-15 01:53:30.090  3104 13233 I libnfc_nci: [INFO:nfc_ncif.cc(152)] nfc_ncif_send_data :0, num_buff:1 qc:0
01-15 01:53:30.090  3104 13233 I libnfc_nci: [INFO:NfcAdaptation.cc(751)] NfcAdaptation::HalWrite
01-15 01:53:30.091   767   767 D NxpExtns: find found MIFARE_READER_ENABLE=(0x1)
01-15 01:53:30.091   767   767 D NfccPowerTracker: NfccPowerTracker::ProcessCmd: Enter,Recieved len :6
01-15 01:53:30.091   767 13236 D NxpTml  : PN54X - Write requested.....
01-15 01:53:30.091   767 13236 D NxpTml  : PN54X - Invoking I2C Write.....
01-15 01:53:30.093   767 13236 D NxpNciX : len =   6 > 000003103002
01-15 01:53:30.093   767 13236 D NxpTml  : PN54X - I2C Write successful.....
01-15 01:53:30.093   767 13236 D NxpTml  : PN54X - Posting Fresh Write message.....
01-15 01:53:30.093   767 13236 D NxpTml  : PN54X - Tml Writer Thread Running................
01-15 01:53:30.093   767 13238 D NxpHal  : write successful status = 0x0
01-15 01:53:30.097   767 13235 D NxpTml  : PN54X - I2C Read successful.....
01-15 01:53:30.097   767 13235 D NxpNciR : len =   6 > 600603010001
01-15 01:53:30.097   767 13235 D NxpTml  : PN54X - Posting read message.....
01-15 01:53:30.097   767 13238 D NxpHal  : read successful status = 0x0
01-15 01:53:30.097   767 13238 D NfccPowerTracker: NfccPowerTracker::ProcessNtf: Enter
01-15 01:53:30.098  3104 13233 I libnfc_nci: [INFO:nfc_ncif.cc(440)] NFC received ntf gid:0
01-15 01:53:30.098  3104 13233 I libnfc_nci: [INFO:nci_hrcv.cc(127)] nci_proc_core_ntf opcode:0x6
01-15 01:53:30.098  3104 13233 I libnfc_nci: [INFO:nfc_ncif.cc(152)] nfc_ncif_send_data :0, num_buff:1 qc:0
01-15 01:53:30.110   767 13235 D NxpTml  : PN54X - Read requested.....
01-15 01:53:30.110   767 13235 D NxpTml  : PN54X - Invoking I2C Read.....
01-15 01:53:30.103     0     0 E nq-nci 6-0028: nfc_read : reading 3 bytes.
01-15 01:53:30.111     0     0 I init    : starting service 'vendor.hbtp'...
01-15 01:53:30.121     0     0 E nq-nci 6-0028: nfc_read : reading 3 bytes.
01-15 01:53:30.123     0     0 E nq-nci 6-0028: nfc_read : reading 18 bytes.
01-15 01:53:30.116   767 13235 D NxpTml  : PN54X - I2C Read successful.....
01-15 01:53:30.116   767 13235 D NxpNciR : len =  21 > 0000121003E103E103E103E103E103E103E103E100
01-15 01:53:30.116   767 13235 D NxpTml  : PN54X - Posting read message.....
01-15 01:53:30.117   767 13238 D NxpHal  : read successful status = 0x0
01-15 01:53:30.118  3104 13233 I libnfc_nci: [INFO:nfc_ncif.cc(393)] NFC received data
01-15 01:53:30.118  3104 13233 I libnfc_nci: [INFO:nfc_ncif.cc(1652)] nfc_ncif_proc_data 0x000012
01-15 01:53:30.130     0     0 E nq-nci 6-0028: nfc_read : reading 3 bytes.
01-15 01:53:30.119  3104 13233 I libnfc_nci: [INFO:nfc_ncif.cc(1657)] nfc_ncif_proc_data len:18
01-15 01:53:30.119  3104 13233 I libnfc_nci: [INFO:rw_mfc.cc(640)] rw_mfc_conn_cback conn_id=0, evt=0x6003
01-15 01:53:30.119  3104 13233 I libnfc_nci: [INFO:nfa_rw_act.cc(1496)] nfa_rw_cback: event=0xc7
01-15 01:53:30.119  3104 13233 I libnfc_nci: [INFO:nfa_rw_act.cc(1408)] nfa_rw_handle_mfc_evt() event = 0xC7
01-15 01:53:30.119  3104 13233 I libnfc_nci: [INFO:nfa_rw_act.cc(119)] nfa_rw_send_data_to_upper: Len [0x12] Status [OK]
01-15 01:53:30.119  3104 13233 I libnfc_nci: [INFO:nfa_dm_act.cc(1378)] event:0x9
01-15 01:53:30.119   767 13235 D NxpTml  : PN54X - Read requested.....
01-15 01:53:30.119  3104 13233 I libnfc_nci: [INFO:NativeNfcManager.cpp(276)] nfaConnectionCallback: event= 9
01-15 01:53:30.119   767 13235 D NxpTml  : PN54X - Invoking I2C Read.....
01-15 01:53:30.119  3104 13233 I libnfc_nci: [INFO:NativeNfcManager.cpp(516)] nfaConnectionCallback: NFA_DATA_EVT: status = 0x0, len = 18
01-15 01:53:30.119  3104 13233 I libnfc_nci: [INFO:NativeNfcTag.cpp(870)] nativeNfcTag_doTransceiveStatus: data len=18
01-15 01:53:30.119  3104 13233 E libnfc_nci: [ERROR:phNxpExtns_MifareStd.cpp(1548)] Mifare : phLibNfc_GetKeyNumberMFC Key found
01-15 01:53:30.119  3104 13233 E libnfc_nci: [ERROR:phNxpExtns_MifareStd.cpp(1555)] Mifare : phLibNfc_GetKeyNumberMFC returning = 0x0 Key = 0x1
01-15 01:53:30.119  3104 13233 I libnfc_nci: [INFO:nfa_dm_api.cc(936)] data_len:3
01-15 01:53:30.119  3104 13233 I libnfc_nci: [INFO:nfa_sys_main.cc(77)] NFA got event 0x010C
01-15 01:53:30.119  3104 13233 I libnfc_nci: [INFO:nfa_dm_main.cc(122)] event: NFA_DM_API_RAW_FRAME_EVT (0x0c)
01-15 01:53:30.119  3104 13233 I libnfc_nci: [INFO:nfa_dm_act.cc(1160)] nfa_dm_act_send_raw_frame
01-15 01:53:30.119  3104 13233 I libnfc_nci: [INFO:nfc_ncif.cc(152)] nfc_ncif_send_data :0, num_buff:1 qc:0
01-15 01:53:30.120  3104 13233 I libnfc_nci: [INFO:NfcAdaptation.cc(751)] NfcAdaptation::HalWrite
01-15 01:53:30.120   767   767 D NxpExtns: find found MIFARE_READER_ENABLE=(0x1)
01-15 01:53:30.120   767   767 D NfccPowerTracker: NfccPowerTracker::ProcessCmd: Enter,Recieved len :6
01-15 01:53:30.120   767 13236 D NxpTml  : PN54X - Write requested.....
01-15 01:53:30.120   767 13236 D NxpTml  : PN54X - Invoking I2C Write.....
01-15 01:53:30.124   767 13236 D NxpNciX : len =   6 > 000003400101
01-15 01:53:30.124   767 13236 D NxpTml  : PN54X - I2C Write successful.....
01-15 01:53:30.124   767 13236 D NxpTml  : PN54X - Posting Fresh Write message.....
01-15 01:53:30.124   767 13236 D NxpTml  : PN54X - Tml Writer Thread Running................
01-15 01:53:30.124   767 13238 D NxpHal  : write successful status = 0x0
01-15 01:53:30.126   767 13235 D NxpTml  : PN54X - I2C Read successful.....
01-15 01:53:30.126   767 13235 D NxpNciR : len =   6 > 600603010001
01-15 01:53:30.126   767 13235 D NxpTml  : PN54X - Posting read message.....
01-15 01:53:30.126   767 13238 D NxpHal  : read successful status = 0x0
01-15 01:53:30.126   767 13238 D NfccPowerTracker: NfccPowerTracker::ProcessNtf: Enter
01-15 01:53:30.129  3104 13233 I libnfc_nci: [INFO:nfc_ncif.cc(440)] NFC received ntf gid:0
01-15 01:53:30.130  3104 13233 I libnfc_nci: [INFO:nci_hrcv.cc(127)] nci_proc_core_ntf opcode:0x6
01-15 01:53:30.130  3104 13233 I libnfc_nci: [INFO:nfc_ncif.cc(152)] nfc_ncif_send_data :0, num_buff:1 qc:0
01-15 01:53:30.130   767 13235 D NxpTml  : PN54X - Read requested.....
01-15 01:53:30.130   767 13235 D NxpTml  : PN54X - Invoking I2C Read.....
01-15 01:53:30.136   767 13235 D NxpTml  : PN54X - I2C Read successful.....
01-15 01:53:30.136   767 13235 D NxpNciR : len =   5 > 0000024000
01-15 01:53:30.136   767 13235 D NxpTml  : PN54X - Posting read message.....
01-15 01:53:30.137   767 13238 D NxpHal  : read successful status = 0x0
01-15 01:53:30.137  3104 13233 I libnfc_nci: [INFO:nfc_ncif.cc(393)] NFC received data
01-15 01:53:30.137  3104 13233 I libnfc_nci: [INFO:nfc_ncif.cc(1652)] nfc_ncif_proc_data 0x000002
01-15 01:53:30.137  3104 13233 I libnfc_nci: [INFO:nfc_ncif.cc(1657)] nfc_ncif_proc_data len:2
01-15 01:53:30.137  3104 13233 I libnfc_nci: [INFO:rw_mfc.cc(640)] rw_mfc_conn_cback conn_id=0, evt=0x6003
01-15 01:53:30.137  3104 13233 I libnfc_nci: [INFO:nfa_rw_act.cc(1496)] nfa_rw_cback: event=0xc7
01-15 01:53:30.138  3104 13233 I libnfc_nci: [INFO:nfa_rw_act.cc(1408)] nfa_rw_handle_mfc_evt() event = 0xC7
01-15 01:53:30.138  3104 13233 I libnfc_nci: [INFO:nfa_rw_act.cc(119)] nfa_rw_send_data_to_upper: Len [0x2] Status [OK]
01-15 01:53:30.138  3104 13233 I libnfc_nci: [INFO:nfa_dm_act.cc(1378)] event:0x9
01-15 01:53:30.138  3104 13233 I libnfc_nci: [INFO:NativeNfcManager.cpp(276)] nfaConnectionCallback: event= 9
01-15 01:53:30.138  3104 13233 I libnfc_nci: [INFO:NativeNfcManager.cpp(516)] nfaConnectionCallback: NFA_DATA_EVT: status = 0x0, len = 2
01-15 01:53:30.133     0     0 I chatty  : uid=0(root) logd identical 1 line
01-15 01:53:30.141     0     0 E nq-nci 6-0028: nfc_read : reading 3 bytes.
01-15 01:53:30.142     0     0 E nq-nci 6-0028: nfc_read : reading 2 bytes.
01-15 01:53:30.149     0     0 E nq-nci 6-0028: nfc_read : reading 3 bytes.
01-15 01:53:30.138  3104 13233 I libnfc_nci: [INFO:NativeNfcTag.cpp(870)] nativeNfcTag_doTransceiveStatus: data len=2
01-15 01:53:30.138  3104 13233 I libnfc_nci: [INFO:nfa_dm_api.cc(936)] data_len:3
01-15 01:53:30.138  3104 13233 I libnfc_nci: [INFO:nfa_sys_main.cc(77)] NFA got event 0x010C
01-15 01:53:30.138  3104 13233 I libnfc_nci: [INFO:nfa_dm_main.cc(122)] event: NFA_DM_API_RAW_FRAME_EVT (0x0c)
01-15 01:53:30.138  3104 13233 I libnfc_nci: [INFO:nfa_dm_act.cc(1160)] nfa_dm_act_send_raw_frame
01-15 01:53:30.138  3104 13233 I libnfc_nci: [INFO:nfc_ncif.cc(152)] nfc_ncif_send_data :0, num_buff:1 qc:0
01-15 01:53:30.138   767 13235 D NxpTml  : PN54X - Read requested.....
01-15 01:53:30.138  3104 13233 I libnfc_nci: [INFO:NfcAdaptation.cc(751)] NfcAdaptation::HalWrite
01-15 01:53:30.138   767 13235 D NxpTml  : PN54X - Invoking I2C Read.....
01-15 01:53:30.138   767   767 D NxpExtns: find found MIFARE_READER_ENABLE=(0x1)
01-15 01:53:30.138   767   767 D NfccPowerTracker: NfccPowerTracker::ProcessCmd: Enter,Recieved len :6
01-15 01:53:30.139   767 13236 D NxpTml  : PN54X - Write requested.....
01-15 01:53:30.139   767 13236 D NxpTml  : PN54X - Invoking I2C Write.....
01-15 01:53:30.146   767 13236 D NxpNciX : len =   6 > 000003103007
01-15 01:53:30.146   767 13236 D NxpTml  : PN54X - I2C Write successful.....
01-15 01:53:30.146   767 13236 D NxpTml  : PN54X - Posting Fresh Write message.....
01-15 01:53:30.146   767 13236 D NxpTml  : PN54X - Tml Writer Thread Running................
01-15 01:53:30.147   767 13238 D NxpHal  : write successful status = 0x0
01-15 01:53:30.148   767 13235 D NxpTml  : PN54X - I2C Read successful.....
01-15 01:53:30.148   767 13235 D NxpNciR : len =   6 > 600603010001
01-15 01:53:30.148   767 13235 D NxpTml  : PN54X - Posting read message.....
01-15 01:53:30.148   767 13238 D NxpHal  : read successful status = 0x0
01-15 01:53:30.148   767 13238 D NfccPowerTracker: NfccPowerTracker::ProcessNtf: Enter
01-15 01:53:30.149  3104 13233 I libnfc_nci: [INFO:nfc_ncif.cc(440)] NFC received ntf gid:0
01-15 01:53:30.149  3104 13233 I libnfc_nci: [INFO:nci_hrcv.cc(127)] nci_proc_core_ntf opcode:0x6
01-15 01:53:30.149  3104 13233 I libnfc_nci: [INFO:nfc_ncif.cc(152)] nfc_ncif_send_data :0, num_buff:1 qc:0
01-15 01:53:30.152   767 13235 D NxpTml  : PN54X - Read requested.....
01-15 01:53:30.152   767 13235 D NxpTml  : PN54X - Invoking I2C Read.....
01-15 01:53:30.158   767 13235 D NxpTml  : PN54X - I2C Read successful.....
01-15 01:53:30.158   767 13235 D NxpNciR : len =  21 > 000012100000000000007F07884000000000000000
01-15 01:53:30.158   767 13235 D NxpTml  : PN54X - Posting read message.....
01-15 01:53:30.159   767 13238 D NxpHal  : read successful status = 0x0
01-15 01:53:30.160  3104 13233 I libnfc_nci: [INFO:nfc_ncif.cc(393)] NFC received data
01-15 01:53:30.152     0     0 I chatty  : uid=0(root) logd identical 1 line
01-15 01:53:30.163     0     0 E nq-nci 6-0028: nfc_read : reading 3 bytes.
01-15 01:53:30.165     0     0 E nq-nci 6-0028: nfc_read : reading 18 bytes.
01-15 01:53:30.160  3104 13233 I libnfc_nci: [INFO:nfc_ncif.cc(1652)] nfc_ncif_proc_data 0x000012
01-15 01:53:30.160  3104 13233 I libnfc_nci: [INFO:nfc_ncif.cc(1657)] nfc_ncif_proc_data len:18
01-15 01:53:30.160  3104 13233 I libnfc_nci: [INFO:rw_mfc.cc(640)] rw_mfc_conn_cback conn_id=0, evt=0x6003
01-15 01:53:30.160  3104 13233 I libnfc_nci: [INFO:nfa_rw_act.cc(1496)] nfa_rw_cback: event=0xc7
01-15 01:53:30.160  3104 13233 I libnfc_nci: [INFO:nfa_rw_act.cc(1408)] nfa_rw_handle_mfc_evt() event = 0xC7
01-15 01:53:30.160  3104 13233 I libnfc_nci: [INFO:nfa_rw_act.cc(119)] nfa_rw_send_data_to_upper: Len [0x12] Status [OK]
01-15 01:53:30.160  3104 13233 I libnfc_nci: [INFO:nfa_dm_act.cc(1378)] event:0x9
01-15 01:53:30.160  3104 13233 I libnfc_nci: [INFO:NativeNfcManager.cpp(276)] nfaConnectionCallback: event= 9
01-15 01:53:30.160  3104 13233 I libnfc_nci: [INFO:NativeNfcManager.cpp(516)] nfaConnectionCallback: NFA_DATA_EVT: status = 0x0, len = 18
01-15 01:53:30.160  3104 13233 I libnfc_nci: [INFO:NativeNfcTag.cpp(870)] nativeNfcTag_doTransceiveStatus: data len=18
01-15 01:53:30.160  3104 13233 I libnfc_nci: [INFO:nfa_dm_api.cc(936)] data_len:3
01-15 01:53:30.160  3104 13233 I libnfc_nci: [INFO:nfa_sys_main.cc(77)] NFA got event 0x010C
01-15 01:53:30.160  3104 13233 I libnfc_nci: [INFO:nfa_dm_main.cc(122)] event: NFA_DM_API_RAW_FRAME_EVT (0x0c)
01-15 01:53:30.160  3104 13233 I libnfc_nci: [INFO:nfa_dm_act.cc(1160)] nfa_dm_act_send_raw_frame
01-15 01:53:30.160  3104 13233 I libnfc_nci: [INFO:nfc_ncif.cc(152)] nfc_ncif_send_data :0, num_buff:1 qc:0
01-15 01:53:30.160  3104 13233 I libnfc_nci: [INFO:NfcAdaptation.cc(751)] NfcAdaptation::HalWrite
01-15 01:53:30.161   767   767 D NxpExtns: find found MIFARE_READER_ENABLE=(0x1)
01-15 01:53:30.161   767   767 D NfccPowerTracker: NfccPowerTracker::ProcessCmd: Enter,Recieved len :6
01-15 01:53:30.161   767 13236 D NxpTml  : PN54X - Write requested.....
01-15 01:53:30.161   767 13236 D NxpTml  : PN54X - Invoking I2C Write.....
01-15 01:53:30.162   767 13235 D NxpTml  : PN54X - Read requested.....
01-15 01:53:30.162   767 13235 D NxpTml  : PN54X - Invoking I2C Read.....
01-15 01:53:30.163   767 13236 D NxpNciX : len =   6 > 000003103004
01-15 01:53:30.163   767 13236 D NxpTml  : PN54X - I2C Write successful.....
01-15 01:53:30.163   767 13236 D NxpTml  : PN54X - Posting Fresh Write message.....
01-15 01:53:30.163   767 13236 D NxpTml  : PN54X - Tml Writer Thread Running................
01-15 01:53:30.163   767 13238 D NxpHal  : write successful status = 0x0
01-15 01:53:30.168   767 13235 D NxpTml  : PN54X - I2C Read successful.....
01-15 01:53:30.168   767 13235 D NxpNciR : len =   6 > 600603010001
01-15 01:53:30.168   767 13235 D NxpTml  : PN54X - Posting read message.....
01-15 01:53:30.168   767 13238 D NxpHal  : read successful status = 0x0
01-15 01:53:30.168   767 13238 D NfccPowerTracker: NfccPowerTracker::ProcessNtf: Enter
01-15 01:53:30.169  3104 13233 I libnfc_nci: [INFO:nfc_ncif.cc(440)] NFC received ntf gid:0
01-15 01:53:30.169  3104 13233 I libnfc_nci: [INFO:nci_hrcv.cc(127)] nci_proc_core_ntf opcode:0x6
01-15 01:53:30.169  3104 13233 I libnfc_nci: [INFO:nfc_ncif.cc(152)] nfc_ncif_send_data :0, num_buff:1 qc:0
01-15 01:53:30.173     0     0 E nq-nci 6-0028: nfc_read : reading 3 bytes.
01-15 01:53:30.171   767 13235 D NxpTml  : PN54X - Read requested.....
01-15 01:53:30.171   767 13235 D NxpTml  : PN54X - Invoking I2C Read.....
01-15 01:53:30.178   767 13235 D NxpTml  : PN54X - I2C Read successful.....
01-15 01:53:30.178   767 13235 D NxpNciR : len =  21 > 0000121000000312D1010E5402656E303039716400
01-15 01:53:30.178   767 13235 D NxpTml  : PN54X - Posting read message.....
01-15 01:53:30.179   767 13238 D NxpHal  : read successful status = 0x0
01-15 01:53:30.180  1340  1355 W ServiceManagement: Waited one second for android.hardware.drm@1.0::IDrmFactory/widevine
01-15 01:53:30.180  3104 13233 I libnfc_nci: [INFO:nfc_ncif.cc(393)] NFC received data
01-15 01:53:30.180  3104 13233 I libnfc_nci: [INFO:nfc_ncif.cc(1652)] nfc_ncif_proc_data 0x000012
01-15 01:53:30.180  3104 13233 I libnfc_nci: [INFO:nfc_ncif.cc(1657)] nfc_ncif_proc_data len:18
01-15 01:53:30.180  3104 13233 I libnfc_nci: [INFO:rw_mfc.cc(640)] rw_mfc_conn_cback conn_id=0, evt=0x6003
01-15 01:53:30.180  3104 13233 I libnfc_nci: [INFO:nfa_rw_act.cc(1496)] nfa_rw_cback: event=0xc7
01-15 01:53:30.180  3104 13233 I libnfc_nci: [INFO:nfa_rw_act.cc(1408)] nfa_rw_handle_mfc_evt() event = 0xC7
01-15 01:53:30.174     0     0 I chatty  : uid=0(root) logd identical 1 line
01-15 01:53:30.182     0     0 E nq-nci 6-0028: nfc_read : reading 3 bytes.
01-15 01:53:30.185     0     0 E nq-nci 6-0028: nfc_read : reading 18 bytes.
01-15 01:53:30.180  3104 13233 I libnfc_nci: [INFO:nfa_rw_act.cc(119)] nfa_rw_send_data_to_upper: Len [0x12] Status [OK]
01-15 01:53:30.180  3104 13233 I libnfc_nci: [INFO:nfa_dm_act.cc(1378)] event:0x9
01-15 01:53:30.180  3104 13233 I libnfc_nci: [INFO:NativeNfcManager.cpp(276)] nfaConnectionCallback: event= 9
01-15 01:53:30.180  3104 13233 I libnfc_nci: [INFO:NativeNfcManager.cpp(516)] nfaConnectionCallback: NFA_DATA_EVT: status = 0x0, len = 18
01-15 01:53:30.180  3104 13233 I libnfc_nci: [INFO:NativeNfcTag.cpp(870)] nativeNfcTag_doTransceiveStatus: data len=18
01-15 01:53:30.181  3104 13233 I libnfc_nci: [INFO:NativeNfcManager.cpp(276)] nfaConnectionCallback: event= 8
01-15 01:53:30.181  3104 13233 I libnfc_nci: [INFO:NativeNfcManager.cpp(503)] nfaConnectionCallback: NFA_NDEF_DETECT_EVT: status = 0x0, protocol = 128, max_size = 7
16, cur_size = 18, flags = 0x6
01-15 01:53:30.181  3104 13233 I libnfc_nci: [INFO:NativeNfcTag.cpp(1134)] nativeNfcTag_doCheckNdefResult: flag formatted for ndef
01-15 01:53:30.181  3104 13233 I libnfc_nci: [INFO:NativeNfcTag.cpp(1137)] nativeNfcTag_doCheckNdefResult: flag ndef supported
01-15 01:53:30.181  3104  3104 I libnfc_nci: [INFO:NativeNfcTag.cpp(773)] nativeNfcTag_doReconnect: enter
01-15 01:53:30.181  3104  3104 I libnfc_nci: [INFO:NativeNfcTag.cpp(609)] reSelect: enter; rf intf = 128, current intf = 128
01-15 01:53:30.181  3104  3104 I libnfc_nci: [INFO:NativeNfcTag.cpp(656)] reSelect: deactivate to sleep
01-15 01:53:30.181  3104  3104 I libnfc_nci: [INFO:nfa_dm_api.cc(895)] sleep_mode:1
01-15 01:53:30.182  1340  1355 I ServiceManagement: getService: Trying again for android.hardware.drm@1.0::IDrmFactory/widevine...
01-15 01:53:30.182  3104 13233 I libnfc_nci: [INFO:nfa_sys_main.cc(77)] NFA got event 0x0113
01-15 01:53:30.182  3104 13233 I libnfc_nci: [INFO:nfa_dm_main.cc(122)] event: NFA_DM_API_DEACTIVATE_EVT (0x13)
01-15 01:53:30.182  3104 13233 I libnfc_nci: [INFO:nfa_dm_act.cc(755)] nfa_dm_act_deactivate
01-15 01:53:30.182  3104 13233 I libnfc_nci: [INFO:nfa_dm_discover.cc(2752)] deactivate_type:0x1
01-15 01:53:30.182  3104 13233 I libnfc_nci: [INFO:nfa_dm_discover.cc(2518)] state: POLL_ACTIVE (4), event: DEACTIVATE_CMD(6) disc_flags: 0x1
01-15 01:53:30.182  3104 13233 I libnfc_nci: [INFO:nfc_main.cc(1127)] NFC_Deactivate 5 (OPEN) deactivate_type:1
01-15 01:53:30.182  3104 13233 I libnfc_nci: [INFO:nfc_main.cc(326)] nfc_set_state 5 (OPEN)->6 (CLOSING)
01-15 01:53:30.182  3104 13233 I libnfc_nci: [INFO:nfc_main.cc(1145)] act_protocol 128 credits:1/1
01-15 01:53:30.182  3104 13233 I libnfc_nci: [INFO:NfcAdaptation.cc(751)] NfcAdaptation::HalWrite
01-15 01:53:30.182   767 13235 D NxpTml  : PN54X - Read requested.....
01-15 01:53:30.182   767 13235 D NxpTml  : PN54X - Invoking I2C Read.....
01-15 01:53:30.183   767   767 D NxpExtns: find found MIFARE_READER_ENABLE=(0x1)
01-15 01:53:30.183   767   767 D NfccPowerTracker: NfccPowerTracker::ProcessCmd: Enter,Recieved len :4
01-15 01:53:30.183   767 13236 D NxpTml  : PN54X - Write requested.....
01-15 01:53:30.183   767 13236 D NxpTml  : PN54X - Invoking I2C Write.....
01-15 01:53:30.185   767 13236 D NxpNciX : len =   4 > 21060101
01-15 01:53:30.185   767 13236 D NxpTml  : PN54X - I2C Write successful.....
01-15 01:53:30.185   767 13236 D NxpTml  : PN54X - Posting Fresh Write message.....
01-15 01:53:30.185   767 13236 D NxpTml  : PN54X - Tml Writer Thread Running................
01-15 01:53:30.185   767 13238 D NxpHal  : write successful status = 0x0
