03-06 16:38:33.633     0     0 I msm_csid_init: CSID_VERSION = 0x30050000
03-06 16:38:33.640     0     0 E         : msm_csid_irq CSID0_IRQ_STATUS_ADDR = 0x800
03-06 16:38:33.661     0     0 I MSM-CPP cpp_init_hardware: 1141 CPP HW Version: 0x60010002
03-06 16:38:33.661     0     0 E MSM-CPP cpp_init_hardware: 1159 stream_cnt:0
03-06 16:38:33.678     0     0 E         : msm_qti_pp_get_rms_value_control, back not active to query rms be_idx:3
03-06 16:38:33.678     0     0 I msm_cci_init: 1439: hw_version = 0x10060000
03-06 16:38:33.691     0     0 E msm_voice_sound_focus_get: Error getting Sound Focus Params, err=-22
03-06 16:38:33.691     0     0 E msm_voice_source_tracking_get: Error getting Source Tracking Params, err=-22
03-06 16:38:33.698     0     0 E msm_audio_get_copp_idx_from_port_id: Invalid FE, exiting
03-06 16:38:33.705     0     0 E msm_audio_sound_focus_get: Could not get copp idx for port_id=16385
03-06 16:38:33.712     0     0 E msm_audio_get_copp_idx_from_port_id: Invalid FE, exiting
03-06 16:38:33.719     0     0 E msm_audio_source_tracking_get: Could not get copp idx for port_id=16385
03-06 16:38:33.726     0     0 E msm_voice_sound_focus_get: Error getting Sound Focus Params, err=-22
03-06 16:38:33.733     0     0 E msm_voice_source_tracking_get: Error getting Source Tracking Params, err=-22
03-06 16:38:33.737     0     0 I ueventd : loading /devices/soc/4080000.qcom,mss/firmware/modem.b17 took 243ms
03-06 16:38:33.741     0     0 E msm_audio_get_copp_idx_from_port_id: Invalid FE, exiting
03-06 16:38:33.748     0     0 E msm_audio_sound_focus_get: Could not get copp idx for port_id=4101
03-06 16:38:33.755     0     0 E msm_audio_get_copp_idx_from_port_id: Invalid FE, exiting
03-06 16:38:33.762     0     0 E msm_audio_source_tracking_get: Could not get copp idx for port_id=4101
03-06 16:38:33.769     0     0 E msm_voice_sound_focus_get: Error getting Sound Focus Params, err=-22
03-06 16:38:33.776     0     0 E msm_voice_source_tracking_get: Error getting Source Tracking Params, err=-22
03-06 16:38:33.784     0     0 E msm_audio_get_copp_idx_from_port_id: Invalid FE, exiting
03-06 16:38:33.791     0     0 E msm_audio_sound_focus_get: Could not get copp idx for port_id=4149
03-06 16:38:33.798     0     0 E msm_audio_get_copp_idx_from_port_id: Invalid FE, exiting
03-06 16:38:33.805     0     0 E msm_audio_source_tracking_get: Could not get copp idx for port_id=4149
03-06 16:38:33.815     0     0 I core_get_license_status: cmdrsp_license_result.result = 0x15 for module 0x131ff
03-06 16:38:33.818     0     0 E msm-ext-disp-audio-codec-rx soc: qcom,msm_ext_disp:qcom,msm-ext-disp-audio-codec-rx: msm_ext_disp_audio_type_get: codec_data, get_a
udio_edid_blk() or get_intf_id is NULL
03-06 16:38:33.822     0     0 I ueventd : firmware: loading 'modem.b18' for '/devices/soc/4080000.qcom,mss/firmware/modem.b18'
03-06 16:38:33.841     0     0 E msm_dai_q6_slim_rx_drift_get: afe port not started. dai_data->status_mask = 0
03-06 16:38:33.842     0     0 E msm_dai_q6_ext_disp_drift_get: afe port not started. status_mask = 0
03-06 16:38:33.853   662   662 D         : HW based disk encryption is enabled
03-06 16:38:33.853   662   662 E         : get_ephemeral_passwd: Passed argument is NULL
03-06 16:38:33.879     0     0 I coresight-tmc 6048000.tmc: TMC enabled
03-06 16:38:33.879     0     0 I coresight-replicator-qcom 6046000.replicator: REPLICATOR enabled
03-06 16:38:33.879     0     0 I coresight-tmc 6047000.tmc: TMC enabled
03-06 16:38:33.879     0     0 I coresight-funnel 6045000.funnel: FUNNEL inport 0 enabled
03-06 16:38:33.879     0     0 I coresight-funnel 6041000.funnel: FUNNEL inport 7 enabled
03-06 16:38:33.879     0     0 I coresight-stm 6002000.stm: STM tracing enabled
03-06 16:38:33.899     0     0 I ueventd : loading /devices/soc/4080000.qcom,mss/firmware/modem.b18 took 77ms
03-06 16:38:33.920     0     0 E msm_adsp_stream_callback_get: ASM Stream PP event queue is not initialized.
03-06 16:38:33.970     0     0 I chatty  : uid=0(root) logd identical 2 lines
03-06 16:38:34.004     0     0 E msm_adsp_stream_callback_get: ASM Stream PP event queue is not initialized.
03-06 16:38:34.005     0     0 E msm_compr_audio_effects_config_get: stream or effects inactive
03-06 16:38:34.012     0     0 E msm_adsp_stream_callback_get: ASM Stream PP event queue is not initialized.
03-06 16:38:34.019     0     0 I init    : Service 'cs-early-boot' (pid 804) exited with status 0
03-06 16:38:34.049  1055  1055 I auditd  : type=1400 audit(0.0:29): avc: denied { search } for comm="BootAnimation" name="gpu" dev="tmpfs" ino=13068 scontext=u:r:bo
otanim:s0 tcontext=u:object_r:vendor_gles_data_file:s0 tclass=dir permissive=0
03-06 16:38:34.058     0     0 I ueventd : firmware: loading 'modem.b20' for '/devices/soc/4080000.qcom,mss/firmware/modem.b20'
03-06 16:38:34.065     0     0 I ueventd : loading /devices/soc/4080000.qcom,mss/firmware/modem.b20 took 7ms
03-06 16:38:34.075     0     0 E msm_adsp_stream_callback_get: ASM Stream PP event queue is not initialized.
03-06 16:38:34.079     0     0 I ueventd : firmware: loading 'modem.b21' for '/devices/soc/4080000.qcom,mss/firmware/modem.b21'
03-06 16:38:34.079     0     0 E msm_compr_audio_effects_config_get: stream or effects inactive
03-06 16:38:34.079     0     0 E msm_adsp_stream_callback_get: ASM Stream PP event queue is not initialized.
03-06 16:38:34.085     0     0 E msm_compr_audio_effects_config_get: stream or effects inactive
03-06 16:38:34.086     0     0 E msm_adsp_stream_callback_get: ASM Stream PP event queue is not initialized.
03-06 16:38:34.089  1055  1055 I chatty  : uid=1003(graphics) /system/bin/bootanimation identical 8 lines
03-06 16:38:34.089  1055  1055 I auditd  : type=1400 audit(0.0:38): avc: denied { search } for comm="BootAnimation" name="gpu" dev="tmpfs" ino=13068 scontext=u:r:bo
otanim:s0 tcontext=u:object_r:vendor_gles_data_file:s0 tclass=dir permissive=0
03-06 16:38:34.096     0     0 E msm_adsp_stream_callback_get: ASM Stream PP event queue is not initialized.
03-06 16:38:34.102     0     0 I ueventd : loading /devices/soc/4080000.qcom,mss/firmware/modem.b21 took 24ms
03-06 16:38:34.116     0     0 I ueventd : firmware: loading 'modem.b22' for '/devices/soc/4080000.qcom,mss/firmware/modem.b22'
03-06 16:38:34.125     0     0 E scm_call failed: func id 0x72000205, ret: -2, syscall returns: 0xffffffffffffffbf, 0x0, 0x0
03-06 16:38:34.125     0     0 E QSEECOM : __qseecom_process_incomplete_cmd: scm_call() failed with err: -22 (app_id = 0)
03-06 16:38:34.127  1055  1146 D BootAnimation: BootAnimationShownTiming start time: 33691ms
03-06 16:38:34.161     0     0 E msm_adsp_stream_callback_get: ASM Stream PP event queue is not initialized.
03-06 16:38:34.162     0     0 E msm_compr_audio_effects_config_get: stream or effects inactive
03-06 16:38:34.162     0     0 E msm_adsp_stream_callback_get: ASM Stream PP event queue is not initialized.
03-06 16:38:34.168     0     0 E msm_compr_audio_effects_config_get: stream or effects inactive
03-06 16:38:34.169     0     0 E msm_adsp_stream_callback_get: ASM Stream PP event queue is not initialized.
03-06 16:38:34.175     0     0 E msm_compr_audio_effects_config_get: stream or effects inactive
03-06 16:38:34.176     0     0 E msm_adsp_stream_callback_get: ASM Stream PP event queue is not initialized.
03-06 16:38:34.182     0     0 E msm_compr_audio_effects_config_get: stream or effects inactive
03-06 16:38:34.183     0     0 E msm_adsp_stream_callback_get: ASM Stream PP event queue is not initialized.
03-06 16:38:34.189     0     0 E msm_compr_audio_effects_config_get: stream or effects inactive
03-06 16:38:34.189     0     0 E msm_adsp_stream_callback_get: ASM Stream PP event queue is not initialized.
03-06 16:38:34.200     0     0 E         : msm_pcm_volume_ctl_get substream or runtime not found
03-06 16:38:34.249     0     0 E msm_adsp_stream_callback_get: ASM Stream PP event queue is not initialized.
03-06 16:38:34.298     0     0 E mdss_mdp_overlay_start: starting fb0 overlay
03-06 16:38:34.329   755   755 I auditd  : type=1400 audit(0.0:39): avc: denied { read } for comm="HwBinder:755_2" name="class" dev="sysfs" ino=10 scontext=u:r:hal_
audio_default:s0 tcontext=u:object_r:sysfs:s0 tclass=dir permissive=0
03-06 16:38:34.354   662   662 E         : SUCESS::Qseecom call to create encryption key for usage 4 success with ret = 0
03-06 16:38:34.362     0     0 I ueventd : loading /devices/soc/4080000.qcom,mss/firmware/modem.b22 took 247ms
03-06 16:38:34.365     0     0 E QSEECOM : qseecom_create_key: Set the key successfully
03-06 16:38:34.371     0     0 E mdss_mdp_cxipeak_vote: cxipeak api fail ret:-22 set_vote :0 new_rate:150000000 prev_rate:412500000
03-06 16:38:34.382     0     0 I ueventd : firmware: loading 'modem.b23' for '/devices/soc/4080000.qcom,mss/firmware/modem.b23'
03-06 16:38:34.387   627   959 D         : HW based disk encryption is enabled
03-06 16:38:34.387   627   959 I Cryptfs : Creating crypto dev "userdata"; cipher=aes-xts, keysize=16, real_dev=/dev/block/bootdevice/by-name/userdata, len=21873262
080, params="fde_enabled ice"
03-06 16:38:34.387   627   959 D         : HW based disk encryption is enabled
03-06 16:38:34.387   627   959 I Cryptfs : target_type = req-crypt
03-06 16:38:34.387   627   959 I Cryptfs : real_blk_name = /dev/block/bootdevice/by-name/userdata, extra_params = fde_enabled ice
03-06 16:38:34.390     0     0 I ueventd : loading /devices/soc/4080000.qcom,mss/firmware/modem.b23 took 8ms
03-06 16:38:34.396   627   631 D vold    : Disk at 252:2 changed
03-06 16:38:34.403     0     0 I device-mapper: req-crypt: req_crypt_ctr: Mapping block_device /dev/block/bootdevice/by-name/userdata to dm-req-crypt ok!
03-06 16:38:34.406   627   959 I vold    : wait for '/dev/block/dm-2' took 10ms
03-06 16:38:34.407   627   959 D Cryptfs : Password is default - restarting filesystem
03-06 16:38:34.423     0     0 I ueventd : firmware: loading 'modem.b24' for '/devices/soc/4080000.qcom,mss/firmware/modem.b24'
03-06 16:38:34.451     0     0 E wcdcal_hwdep_ioctl_shared: codec didn't set this 0!!
03-06 16:38:34.452     0     0 I ueventd : loading /devices/soc/4080000.qcom,mss/firmware/modem.b24 took 28ms
03-06 16:38:34.452     0     0 E wcdcal_hwdep_ioctl_shared: codec didn't set this 3!!
03-06 16:38:34.460     0     0 I ueventd : firmware: loading 'modem.b25' for '/devices/soc/4080000.qcom,mss/firmware/modem.b25'
03-06 16:38:34.467     0     0 I ueventd : loading /devices/soc/4080000.qcom,mss/firmware/modem.b25 took 7ms
03-06 16:38:34.475     0     0 I ueventd : firmware: loading 'modem.b26' for '/devices/soc/4080000.qcom,mss/firmware/modem.b26'
03-06 16:38:34.479     0     0 I ueventd : loading /devices/soc/4080000.qcom,mss/firmware/modem.b26 took 4ms
03-06 16:38:34.488     0     0 I ueventd : firmware: loading 'modem.b27' for '/devices/soc/4080000.qcom,mss/firmware/modem.b27'
03-06 16:38:34.494     0     0 I ueventd : loading /devices/soc/4080000.qcom,mss/firmware/modem.b27 took 6ms
03-06 16:38:34.501     0     0 I ueventd : firmware: loading 'modem.b28' for '/devices/soc/4080000.qcom,mss/firmware/modem.b28'
03-06 16:38:34.509   755   755 I auditd  : type=1400 audit(0.0:40): avc: denied { read } for comm="HwBinder:755_2" name="u:object_r:default_prop:s0" dev="tmpfs" ino
=4862 scontext=u:r:hal_audio_default:s0 tcontext=u:object_r:default_prop:s0 tclass=file permissive=0
03-06 16:38:34.516     0     0 I ueventd : loading /devices/soc/4080000.qcom,mss/firmware/modem.b28 took 16ms
03-06 16:38:34.620     0     0 I pil-q6v5-mss 4080000.qcom,mss: modem: Brought out of reset
03-06 16:38:34.684     0     0 I pil-q6v5-mss 4080000.qcom,mss: Subsystem error monitoring/handling services are up
03-06 16:38:34.684     0     0 I pil-q6v5-mss 4080000.qcom,mss: modem: Power/Clock ready interrupt received
03-06 16:38:34.687     0     0 I         : IPA received MPSS AFTER_POWERUP
03-06 16:38:34.687     0     0 I         : IPA AFTER_POWERUP handling is complete
03-06 16:38:34.687     0     0 I apr_tal_link_state_cb: edge[mpss] link state[0]
03-06 16:38:34.809     0     0 I service-notifier: root_service_service_arrive: Connection established between QMI handle and 180 service
03-06 16:38:34.811     0     0 I sysmon-qmi: sysmon_clnt_svc_arrive: Connection established between QMI handle and modem's SSCTL service
03-06 16:38:34.811     0     0 E rmt_storage: INFO:rmt_storage_open_cb: Processing: Open Request (req_h 0x1) for /boot/modem_fs1!
03-06 16:38:34.815     0     0 E rmt_storage: INFO:rmt_storage_open_cb: Processing: Open Request (req_h 0x2) for /boot/modem_fs2!
03-06 16:38:34.823     0     0 E rmt_storage: INFO:rmt_storage_open_cb: Processing: Open Request (req_h 0x3) for /boot/modem_fsg!
03-06 16:38:34.832     0     0 E rmt_storage: INFO:rmt_storage_open_cb: Processing: Open Request (req_h 0x4) for /boot/modem_fsc!
03-06 16:38:34.850     0     0 E rmt_storage: INFO:rmt_storage_alloc_buff_cb: Received req_size: 0! avail: 2097152
03-06 16:38:34.852     0     0 E rmt_storage: INFO:rmt_storage_rw_iovec_cb: Read iovec request (req_h 0x8 wr_count 0) received for /boot/modem_fs1
03-06 16:38:34.858     0     0 E rmt_storage: INFO:rmt_storage_client_thread: Calling Read [offset=512, size=512, req_h 0x8, wr_count 0] for /boot/modem_fs1!
03-06 16:38:34.877     0     0 E rmt_storage: INFO:rmt_storage_client_thread: Done Read (bytes = 512, req_h 0x8, wr_count 0) for /boot/modem_fs1!
03-06 16:38:34.884     0     0 E rmt_storage: INFO:rmt_storage_rw_iovec_cb: Read iovec request (req_h 0x9 wr_count 0) received for /boot/modem_fs2
03-06 16:38:34.892     0     0 E rmt_storage: INFO:rmt_storage_client_thread: Calling Read [offset=512, size=512, req_h 0x9, wr_count 0] for /boot/modem_fs2!
03-06 16:38:34.905     0     0 E rmt_storage: INFO:rmt_storage_client_thread: Done Read (bytes = 512, req_h 0x9, wr_count 0) for /boot/modem_fs2!
03-06 16:38:34.919     0     0 E rmt_storage: INFO:rmt_storage_rw_iovec_cb: Read iovec request (req_h 0xa wr_count 0) received for /boot/modem_fs2
03-06 16:38:34.927     0     0 E rmt_storage: INFO:rmt_storage_client_thread: Calling Read [offset=1024, size=2096128, req_h 0xa, wr_count 0] for /boot/modem_fs2!
03-06 16:38:34.967     0     0 E rmt_storage: INFO:rmt_storage_client_thread: Done Read (bytes = 2096128, req_h 0xa, wr_count 0) for /boot/modem_fs2!
03-06 16:38:35.353     0     0 I         : Sending QMI_IPA_INIT_MODEM_DRIVER_REQ_V01
03-06 16:38:35.354     0     0 E ipa-wan handle_indication_req: 135 not send indication
03-06 16:38:35.358     0     0 E ipa_uc_wdi_event_log_info_handler: 328 WDI stats ofst=0x45138
03-06 16:38:35.359     0     0 I         : QMI_IPA_INIT_MODEM_DRIVER_REQ_V01 response received
03-06 16:38:35.360     0     0 E ipa_uc_ntn_event_log_info_handler: 36 NTN feature missing 0x9
03-06 16:38:35.367     0     0 E ipa_uc_response_hdlr: 461 IPA uC loaded
03-06 16:38:35.374     0     0 E ipa_sps_irq_control_all: 963 EP (5) not allocated.
03-06 16:38:35.384     0     0 I chatty  : uid=0(root) logd identical 1 line
03-06 16:38:35.388     0     0 E ipa_sps_irq_control_all: 963 EP (5) not allocated.
03-06 16:38:35.404     0     0 E diag    : In diag_send_feature_mask_update, control channel is not open, p: 0, ffffff8daad66ec0
03-06 16:38:35.404     0     0 E diag    : In diag_send_peripheral_buffering_mode, buffering flag not set for 0
03-06 16:38:35.411     0     0 E IPC_RTR : process_new_server_msg: Server 00001002 create rejected, version = 0
03-06 16:38:35.421     0     0 E diag    : In diag_send_peripheral_buffering_mode, buffering flag not set for 0
03-06 16:38:35.679     0     0 E rmt_storage: INFO:rmt_storage_rw_iovec_cb: Write iovec request (req_h 0xb wr_count 1) received for /boot/modem_fs1
03-06 16:38:35.679     0     0 E rmt_storage: INFO:rmt_storage_client_thread: Calling Write [offset=0, size=2097152, req_h 0xb, wr_count 1] for /boot/modem_fs1!
03-06 16:38:35.709     0     0 I init    : starting service 'nqnfc_1_2_hal_service'...
03-06 16:38:35.730  1199  1199 F linker  : CANNOT LINK EXECUTABLE "/vendor/bin/hw/vendor.nxp.hardware.nfc@1.2-service": library "nfc_nci.nqx.default.hw.so" not foun
d
03-06 16:38:35.743     0     0 I init    : Service 'nqnfc_1_2_hal_service' (pid 1199) exited with status 1
03-06 16:38:35.743     0     0 I init    : Sending signal 9 to service 'nqnfc_1_2_hal_service' (pid 1199) process group...
03-06 16:38:35.744     0     0 I libprocessgroup: Successfully killed process cgroup uid 1027 pid 1199 in 0ms
03-06 16:38:35.759     0     0 E rmt_storage: INFO:rmt_storage_client_thread: Done Write (bytes = 2097152, req_h 0xb, wr_count 1) for /boot/modem_fs1!
03-06 16:38:35.979     0     0 I service-notifier: root_service_service_ind_cb: Indication received from msm/modem/wlan_pd, state: 0x1fffffff, trans-id: 1
03-06 16:38:35.986     0     0 I service-notifier: send_ind_ack: Indication ACKed for transid 1, service msm/modem/wlan_pd, instance 180!
03-06 16:38:35.993     0     0 I icnss   : QMI Server Connected: state: 0x981
03-06 16:38:38.774     0     0 I MSM-CPP cpp_release_hardware: 1222 cpp hw release done
03-06 16:38:38.794     0     0 I msm_pm_qos_update_request: update request 100
03-06 16:38:38.794     0     0 I msm_pm_qos_add_request: add requestmsm_pm_qos_update_request: update request -1
03-06 16:38:38.795     0     0 I msm_pm_qos_add_request: add request
03-06 16:38:38.800     0     0 I msm_csid_init: CSID_VERSION = 0x30050000
03-06 16:38:38.804     0     0 E         : msm_csid_irq CSID2_IRQ_STATUS_ADDR = 0x800
03-06 16:38:38.812     0     0 I MSM-CPP cpp_init_hardware: 1141 CPP HW Version: 0x60010002
03-06 16:38:38.812     0     0 E MSM-CPP cpp_init_hardware: 1159 stream_cnt:0
03-06 16:38:38.817     0     0 E msm_camera_request_gpio_table: 774 gpio 45:CAM_VANA request fails
03-06 16:38:38.818     0     0 E msm_camera_request_gpio_table: 774 gpio 52:CAM_VDIG request fails
03-06 16:38:38.855     0     0 I msm_cci_init: 1439: hw_version = 0x10060000
03-06 16:38:38.948     0     0 I MSM-CPP cpp_release_hardware: 1222 cpp hw release done
03-06 16:38:38.978     0     0 I msm_pm_qos_update_request: update request 100
03-06 16:38:38.978     0     0 I msm_pm_qos_add_request: add requestmsm_pm_qos_update_request: update request -1
03-06 16:38:38.978     0     0 I msm_pm_qos_add_request: add request
03-06 16:38:38.982     0     0 I msm_csid_init: CSID_VERSION = 0x30050000
03-06 16:38:38.987     0     0 E         : msm_csid_irq CSID2_IRQ_STATUS_ADDR = 0x800
03-06 16:38:38.993     0     0 I MSM-CPP cpp_init_hardware: 1141 CPP HW Version: 0x60010002
03-06 16:38:38.993     0     0 E MSM-CPP cpp_init_hardware: 1159 stream_cnt:0
03-06 16:38:39.034     0     0 I msm_cci_init: 1439: hw_version = 0x10060000
03-06 16:38:40.724     0     0 I init    : starting service 'nqnfc_1_2_hal_service'...
03-06 16:38:40.748  1269  1269 F linker  : CANNOT LINK EXECUTABLE "/vendor/bin/hw/vendor.nxp.hardware.nfc@1.2-service": library "nfc_nci.nqx.default.hw.so" not foun
d
03-06 16:38:40.761     0     0 I init    : Service 'nqnfc_1_2_hal_service' (pid 1269) exited with status 1
03-06 16:38:40.761     0     0 I init    : Sending signal 9 to service 'nqnfc_1_2_hal_service' (pid 1269) process group...
03-06 16:38:40.762     0     0 I libprocessgroup: Successfully killed process cgroup uid 1027 pid 1269 in 0ms
03-06 16:38:44.046     0     0 I MSM-CPP cpp_release_hardware: 1222 cpp hw release done
03-06 16:38:44.277     0     0 E FAKE_BATTERY: GetBatteryPercent: adc_result1=1288375
03-06 16:38:44.277     0     0 E FAKE_BATTERY: GetBatteryPercent: adc_result2=1288375
03-06 16:38:44.282     0     0 E FAKE_BATTERY: GetBatteryPercent: MainBuf[1288375,1282539,1282539,1282539,1282539,1282539,1282539]
03-06 16:38:44.288     0     0 E FAKE_BATTERY: GetBatteryPercent: fake_battery adc_avg = 1282539, percentage = 44, ucIndex=1
03-06 16:38:44.298     0     0 E FAKE_BATTERY: fake_batt_get_property: batt_mv=7392
03-06 16:38:44.311     0     0 I chatty  : uid=0(root) logd identical 1 line
03-06 16:38:44.311     0     0 E FAKE_BATTERY: fake_batt_get_property: batt_mv=7392
03-06 16:38:44.314     0     0 W healthd : battery l=44 v=7 t=0.0 h=2 st=3 chg=
03-06 16:38:44.327     0     0 W healthd : battery l=44 v=7 t=0.0 h=2 st=3 chg=
03-06 16:38:45.739     0     0 I init    : starting service 'nqnfc_1_2_hal_service'...
03-06 16:38:45.759  1284  1284 F linker  : CANNOT LINK EXECUTABLE "/vendor/bin/hw/vendor.nxp.hardware.nfc@1.2-service": library "nfc_nci.nqx.default.hw.so" not foun
d
03-06 16:38:45.772     0     0 I init    : Service 'nqnfc_1_2_hal_service' (pid 1284) exited with status 1
03-06 16:38:45.772     0     0 I init    : Sending signal 9 to service 'nqnfc_1_2_hal_service' (pid 1284) process group...
03-06 16:38:45.772     0     0 I libprocessgroup: Successfully killed process cgroup uid 1027 pid 1284 in 0ms
03-06 16:38:50.754     0     0 I init    : starting service 'nqnfc_1_2_hal_service'...
03-06 16:38:50.771  1285  1285 F linker  : CANNOT LINK EXECUTABLE "/vendor/bin/hw/vendor.nxp.hardware.nfc@1.2-service": library "nfc_nci.nqx.default.hw.so" not foun
d
03-06 16:38:50.783     0     0 I init    : Service 'nqnfc_1_2_hal_service' (pid 1285) exited with status 1
03-06 16:38:50.783     0     0 I init    : Sending signal 9 to service 'nqnfc_1_2_hal_service' (pid 1285) process group...
03-06 16:38:50.784     0     0 I libprocessgroup: Successfully killed process cgroup uid 1027 pid 1285 in 0ms
03-06 16:38:50.785     0     0 E init    : updatable process 'nqnfc_1_2_hal_service' exited 4 times before boot completed
03-06 16:38:50.786     0     0 I apexd   : Updatable crashing, attempting rollback
03-06 16:38:50.787     0     0 E apexd   : Rollback failed : Rollback requested, when there are no active sessions.
03-06 16:38:50.790     0     0 I init    : processing action (ro.init.updatable_crashing=1) from (/system/etc/init/flags_health_check.rc:10)
03-06 16:38:50.791     0     0 I init    : starting service 'exec 18 (/system/bin/flags_health_check UPDATABLE_CRASHING)'...
03-06 16:38:50.796     0     0 I init    : SVC_EXEC service 'exec 18 (/system/bin/flags_health_check UPDATABLE_CRASHING)' pid 1286 (uid 1000 gid 1000+0 context defa
ult) started; waiting...
03-06 16:38:50.859     0     0 I init    : Service 'exec 18 (/system/bin/flags_health_check UPDATABLE_CRASHING)' (pid 1286) exited with status 0 waiting took 0.0630
00 seconds
03-06 16:38:51.450   627   959 W Cryptfs : sending SIGHUP to processes with open files
03-06 16:38:52.051   627   959 W vold    : Found symlink /proc/975/fd/8 referencing /data/vendor/ipa/ipacm.pid
03-06 16:38:52.067   627   959 W vold    : Sending Terminated to 975
03-06 16:38:52.090     0     0 I init    : Service 'vendor.ipacm' (pid 975) received signal 15
03-06 16:38:52.090     0     0 I init    : Sending signal 9 to service 'vendor.ipacm' (pid 975) process group...
03-06 16:38:52.091     0     0 I libprocessgroup: Successfully killed process cgroup uid 1001 pid 975 in 0ms
03-06 16:38:52.101     0     0 I init    : starting service 'vendor.ipacm'...
03-06 16:38:52.163     0     0 E ipa_sps_irq_control_all: 963 EP (5) not allocated.
03-06 16:38:52.165     0     0 I chatty  : uid=0(root) logd identical 1 line
03-06 16:38:52.178     0     0 E ipa_sps_irq_control_all: 963 EP (5) not allocated.
03-06 16:38:52.186     0     0 E ipa2_nat_del_cmd: 799 Nat table not initialized
03-06 16:38:52.187     0     0 E ipa_sps_irq_control_all: 963 EP (5) not allocated.
03-06 16:38:53.069   627   959 W Cryptfs : sending SIGKILL to processes with open files
03-06 16:38:53.629   627   959 W vold    : Found symlink /proc/1287/fd/8 referencing /data/vendor/ipa/ipacm.pid
03-06 16:38:53.630   627   959 W vold    : Sending Killed to 1287
03-06 16:38:53.658     0     0 I init    : Service 'vendor.ipacm' (pid 1287) received signal 9
03-06 16:38:53.658     0     0 I init    : Sending signal 9 to service 'vendor.ipacm' (pid 1287) process group...
03-06 16:38:53.658     0     0 I libprocessgroup: Successfully killed process cgroup uid 1001 pid 1287 in 0ms
03-06 16:38:53.747   627   959 D Cryptfs : unmounting /data succeeded
03-06 16:38:53.806   627   959 I vold    : [libfs_mgr]superblock s_max_mnt_count:65535,/dev/block/dm-2
03-06 16:38:53.806   627   959 I vold    : [libfs_mgr]prepare_fs_for_mount size: 21193797632,/dev/block/dm-2
03-06 16:38:53.806   627   959 I vold    : [libfs_mgr]prepare_fs_for_mount : mount /data
03-06 16:38:53.806   627   959 I vold    : [libfs_mgr]prepare_fs_for_mount/dev/block/dm-2, real size: 21873262080
03-06 16:38:53.842     0     0 W EXT4-fs (dm-2): Ignoring removed nomblk_io_submit option
03-06 16:38:53.844   627   959 I vold    : [libfs_mgr]check_fs(): mount(/dev/block/dm-2,/data,ext4)=0: Success
03-06 16:38:53.850   627   959 I vold    : [libfs_mgr]check_fs(): unmount(/data) succeeded
03-06 16:38:53.850   627   959 I vold    : [libfs_mgr]Running /system/bin/e2fsck on /dev/block/dm-2
03-06 16:38:53.855     0     0 I EXT4-fs (dm-2): mounted filesystem with ordered data mode. Opts: errors=remount-ro,nomblk_io_submit
03-06 16:38:53.949   627   959 I vold    : [libfs_mgr]superblock s_max_mnt_count:65535,/dev/block/dm-2
03-06 16:38:53.958     0     0 I e2fsck  : e2fsck 1.44.4 (18-Aug-2018)
03-06 16:38:53.958     0     0 I e2fsck  : data: clean, 3049/1294336 files, 146848/5174267 blocks
03-06 16:38:53.990   627   959 I vold    : [libfs_mgr]__mount(source=/dev/block/dm-2,target=/data,type=ext4)=0: Success
03-06 16:38:53.995   627   959 D Cryptfs : Just triggered post_fs_data
03-06 16:38:54.001     0     0 I EXT4-fs (dm-2): mounted filesystem with ordered data mode. Opts: barrier=1,noauto_da_alloc,discard,lazytime
03-06 16:38:54.006     0     0 I init    : processing action (vold.decrypt=trigger_post_fs_data) from (/init.rc:786)
03-06 16:38:54.006     0     0 I init    : processing action (post-fs-data) from (/init.rc:424)
03-06 16:38:54.007     0     0 I init    : starting service 'exec 19 (/system/bin/vdc checkpoint prepareCheckpoint)'...
03-06 16:38:54.012     0     0 I init    : SVC_EXEC service 'exec 19 (/system/bin/vdc checkpoint prepareCheckpoint)' pid 1297 (uid 1000 gid 1000+0 context default)
started; waiting...
03-06 16:38:54.044   627   627 I Checkpoint: cp_prepareCheckpoint called
03-06 16:38:54.054     0     0 D vdc     : Waited 0ms for vold
03-06 16:38:54.060     0     0 I init    : Service 'exec 19 (/system/bin/vdc checkpoint prepareCheckpoint)' (pid 1297) exited with status 0 waiting took 0.048000 se
conds
03-06 16:38:54.067     0     0 I init    : starting service 'exec 20 (/system/bin/fsverity_init)'...
03-06 16:38:54.072     0     0 I init    : SVC_EXEC service 'exec 20 (/system/bin/fsverity_init)' pid 1298 (uid 0 gid 0+0 context default) started; waiting...
03-06 16:38:54.227     0     0 I init    : Service 'exec 20 (/system/bin/fsverity_init)' (pid 1298) exited with status 0 waiting took 0.156000 seconds
03-06 16:38:54.228     0     0 I init    : Switched to default mount namespace
03-06 16:38:54.428     0     0 I init    : start_waiting_for_property("apexd.status", "ready"): already set
03-06 16:38:54.430     0     0 I init    : Parsing file /apex/com.android.media.swcodec@290000000/etc/init.rc...
03-06 16:38:54.431     0     0 E init    : /apex/com.android.media.swcodec@290000000/etc/init.rc: 1: cannot update a non-updatable service 'media.swcodec' with a co
nfig in APEX
03-06 16:38:54.431     0     0 I init    : starting service 'exec 21 (/system/bin/vdc --wait cryptfs init_user0)'...
03-06 16:38:54.437     0     0 I init    : SVC_EXEC service 'exec 21 (/system/bin/vdc --wait cryptfs init_user0)' pid 1302 (uid 0 gid 0+0 context default) started;
waiting...
03-06 16:38:54.466   627   627 D vold    : fscrypt_init_user0
03-06 16:38:54.466   627   627 D vold    : fscrypt_prepare_user_storage for volume null, user 0, serial 0, flags 1
03-06 16:38:54.466   627   627 D vold    : Preparing: /data/system/users/0
03-06 16:38:54.468   627   627 D vold    : Preparing: /data/misc/profiles/cur/0
03-06 16:38:54.469   627   627 D vold    : Preparing: /data/system_de/0
03-06 16:38:54.470   627   627 D vold    : Preparing: /data/misc_de/0
03-06 16:38:54.471   627   627 D vold    : Preparing: /data/vendor_de/0
03-06 16:38:54.472   627   627 D vold    : Preparing: /data/user_de/0
03-06 16:38:54.472   627   627 D vold    : /system/bin/vold_prepare_subdirs
03-06 16:38:54.473   627   627 D vold    :     prepare
03-06 16:38:54.473   627   627 D vold    :
03-06 16:38:54.473   627   627 D vold    :     0
03-06 16:38:54.473   627   627 D vold    :     1
03-06 16:38:54.476     0     0 D vdc     : Waited 0ms for vold
03-06 16:38:54.542   627   627 D vold    : fscrypt_unlock_user_key 0 serial=0 token_present=0
03-06 16:38:54.562     0     0 I init    : Service 'exec 21 (/system/bin/vdc --wait cryptfs init_user0)' (pid 1302) exited with status 0 waiting took 0.126000 secon
ds
03-06 16:38:54.566     0     0 I selinux : SELinux: Skipping restorecon on directory(/data)
03-06 16:38:54.567     0     0 I init    : starting service 'exec 22 (/system/bin/tzdatacheck /apex/com.android.runtime/etc/tz /data/misc/zoneinfo)'...
03-06 16:38:54.572     0     0 I init    : SVC_EXEC service 'exec 22 (/system/bin/tzdatacheck /apex/com.android.runtime/etc/tz /data/misc/zoneinfo)' pid 1304 (uid 1
000 gid 1000+0 context default) started; waiting...
03-06 16:38:54.607     0     0 I init    : Service 'exec 22 (/system/bin/tzdatacheck /apex/com.android.runtime/etc/tz /data/misc/zoneinfo)' (pid 1304) exited with s
tatus 0 waiting took 0.036000 seconds
03-06 16:38:54.609     0     0 I init    : processing action (post-fs-data) from (/init.usb.rc:6)
03-06 16:38:54.614     0     0 I init    : processing action (post-fs-data) from (/vendor/etc/init/hw/init.qcom.rc:245)
03-06 16:38:54.629   598   598 I auditd  : type=1400 audit(0.0:41): avc: denied { setattr } for comm="init" name="system" dev="dm-2" ino=1032193 scontext=u:r:vendor
_init:s0 tcontext=u:object_r:system_data_file:s0 tclass=dir permissive=0
03-06 16:38:54.639   598   598 I auditd  : type=1400 audit(0.0:42): avc: denied { write } for comm="init" name="/" dev="dm-2" ino=2 scontext=u:r:vendor_init:s0 tcon
text=u:object_r:system_data_file:s0 tclass=dir permissive=0
03-06 16:38:54.639   598   598 I auditd  : type=1400 audit(0.0:43): avc: denied { write } for comm="init" name="/" dev="dm-2" ino=2 scontext=u:r:vendor_init:s0 tcon
text=u:object_r:system_data_file:s0 tclass=dir permissive=0
03-06 16:38:54.655     0     0 I init    : Command 'mkdir /data/system 0775 system system' action=post-fs-data (/vendor/etc/init/hw/init.qcom.rc:326) took 0ms and f
ailed: fchmodat() failed: Permission denied
03-06 16:38:54.656   627   959 D Cryptfs : post_fs_data done
03-06 16:38:54.658   627   959 D Cryptfs : Just triggered restart_framework
03-06 16:38:54.664     0     0 I init    : Command 'mkdir /data/fota 0771' action=post-fs-data (/vendor/etc/init/hw/init.qcom.rc:342) took 0ms and failed: mkdir() f
ailed: Permission denied
03-06 16:38:54.665     0     0 I init    : Command 'mkdir /data/hostapd 0770 system wifi' action=post-fs-data (/vendor/etc/init/hw/init.qcom.rc:346) took 0ms and fa
iled: mkdir() failed: Permission denied
03-06 16:38:54.689   598   598 I auditd  : type=1400 audit(0.0:44): avc: denied { search } for comm="init" name="tombstones" dev="dm-2" ino=843777 scontext=u:r:vend
or_init:s0 tcontext=u:object_r:tombstone_data_file:s0 tclass=dir permissive=0
03-06 16:38:54.689   598   598 I chatty  : uid=0(root) /system/bin/init identical 2 lines
03-06 16:38:54.689   598   598 I auditd  : type=1400 audit(0.0:47): avc: denied { search } for comm="init" name="tombstones" dev="dm-2" ino=843777 scontext=u:r:vend
or_init:s0 tcontext=u:object_r:tombstone_data_file:s0 tclass=dir permissive=0
03-06 16:38:54.689   598   598 I auditd  : type=1400 audit(0.0:48): avc: denied { write } for comm="init" name="misc" dev="dm-2" ino=524289 scontext=u:r:vendor_init
:s0 tcontext=u:object_r:system_data_file:s0 tclass=dir permissive=0
03-06 16:38:54.704     0     0 I init    : Command 'start vendor.move_time_data' action=post-fs-data (/vendor/etc/init/hw/init.qcom.rc:411) took 1ms and failed: Cou
ld not start service: File /system/bin/move_time_data.sh(labeled "u:object_r:system_file:s0") has incorrect label or no domain transition from u:r:init:s0 to anothe
r SELinux domain defined. Have you configured your service correctly? https://source.android.com/security/selinux/device-policy#label_new_services_and_address_denia
ls
03-06 16:38:54.704     0     0 I init    : processing action (post-fs-data) from (/vendor/etc/init/hw/init.qcom.test.rc:32)
03-06 16:38:54.707     0     0 I init    : processing action (post-fs-data) from (/vendor/etc/init/hw/init.target.rc:56)
03-06 16:38:54.707     0     0 I init    : Command 'mkdir /data/tombstones/modem 0771 system system' action=post-fs-data (/vendor/etc/init/hw/init.target.rc:57) too
k 0ms and failed: mkdir() failed: Permission denied
03-06 16:38:54.708     0     0 I init    : Command 'mkdir /data/tombstones/lpass 0771 system system' action=post-fs-data (/vendor/etc/init/hw/init.target.rc:58) too
k 0ms and failed: mkdir() failed: Permission denied
03-06 16:38:54.709     0     0 I init    : Command 'mkdir /data/tombstones/wcnss 0771 system system' action=post-fs-data (/vendor/etc/init/hw/init.target.rc:59) too
k 0ms and failed: mkdir() failed: Permission denied
03-06 16:38:54.710     0     0 I init    : Command 'mkdir /data/tombstones/dsps 0771 system system' action=post-fs-data (/vendor/etc/init/hw/init.target.rc:60) took
 0ms and failed: mkdir() failed: Permission denied
03-06 16:38:54.712     0     0 I init    : Command 'mkdir /data/misc/seemp 0700 system system' action=post-fs-data (/vendor/etc/init/hw/init.target.rc:62) took 0ms
and failed: mkdir() failed: Permission denied
03-06 16:38:54.712     0     0 I init    : processing action (post-fs-data) from (/system/etc/init/art_apex_boot_integrity.rc:19)
03-06 16:38:54.713     0     0 I init    : starting service 'exec 23 (/system/bin/art_apex_boot_integrity)'...
03-06 16:38:54.723     0     0 I init    : SVC_EXEC service 'exec 23 (/system/bin/art_apex_boot_integrity)' pid 1305 (uid 0 gid 0+0 context default) started; waitin
g...
03-06 16:38:54.939     0     0 I init    : Service 'exec 23 (/system/bin/art_apex_boot_integrity)' (pid 1305) exited with status 0 waiting took 0.217000 seconds
03-06 16:38:54.939     0     0 I init    : processing action (post-fs-data) from (/system/etc/init/bootstat.rc:9)
03-06 16:38:54.950     0     0 I init    : processing action (init.svc.bootanim=running && ro.crypto.type=block && post-fs-data) from (/system/etc/init/bootstat.rc:
50)
03-06 16:38:54.952     0     0 I init    : starting service 'exec 24 (/system/bin/bootstat -r post_decrypt_time_elapsed)'...
03-06 16:38:54.959     0     0 I init    : processing action (post-fs-data) from (/system/etc/init/gsid.rc:10)
03-06 16:38:54.963     0     0 I init    : processing action (post-fs-data) from (/system/etc/init/incidentd.rc:21)
03-06 16:38:54.965     0     0 I init    : processing action (post-fs-data) from (/system/etc/init/iorapd.rc:27)
03-06 16:38:54.966     0     0 I init    : processing action (post-fs-data) from (/system/etc/init/logtagd.rc:4)
03-06 16:38:54.969     0     0 I init    : processing action (post-fs-data) from (/system/etc/init/recovery-persist.rc:1)
03-06 16:38:54.971     0     0 I init    : starting service 'exec 25 (/system/bin/recovery-persist)'...
03-06 16:38:54.976     0     0 I init    : processing action (post-fs-data) from (/system/etc/init/statsd.rc:25)
03-06 16:38:54.980     0     0 I init    : processing action (post-fs-data) from (/product/etc/init/dpmd.rc:7)
03-06 16:38:54.983     0     0 I init    : processing action (post-fs-data) from (/vendor/etc/init/dataqti.rc:8)
03-06 16:38:54.985     0     0 I init    : processing action (post-fs-data) from (/vendor/etc/init/hostapd.android.rc:9)
03-06 16:38:54.988     0     0 I init    : processing action (post-fs-data) from (/vendor/etc/init/init.qdmastats.rc:6)
03-06 16:38:54.994     0     0 I init    : processing action (post-fs-data) from (/vendor/etc/init/init.sdm660_64.nfc.rc:1)
03-06 16:38:54.994     0     0 E selinux : avc:  denied  { set } for property=ro.nfc.port pid=598 uid=0 gid=0 scontext=u:r:vendor_init:s0 tcontext=u:object_r:defaul
t_prop:s0 tclass=property_service permissive=0
03-06 16:38:54.994     0     0 E init    : Subcontext init could not set 'ro.nfc.port' to 'I2C': SELinux permission check failed
03-06 16:38:55.012     0     0 I init    : Service 'exec 24 (/system/bin/bootstat -r post_decrypt_time_elapsed)' (pid 1310) exited with status 0
03-06 16:38:55.015     0     0 I init    : Service 'exec 25 (/system/bin/recovery-persist)' (pid 1311) exited with status 0
03-06 16:38:55.021     0     0 I init    : processing action (post-fs-data) from (/vendor/etc/init/ipacm-diag.rc:7)
03-06 16:38:55.022     0     0 I init    : processing action (post-fs-data) from (/vendor/etc/init/netmgrd.rc:16)
03-06 16:38:55.028     0     0 I init    : processing action (post-fs-data) from (/vendor/etc/init/port-bridge.rc:11)
03-06 16:38:55.029     0     0 I init    : processing action (post-fs-data) from (/vendor/etc/init/tloc_daemon.rc:8)
03-06 16:38:55.030     0     0 I init    : processing action (zygote-start) from (/system/etc/init/bootstat.rc:72)
03-06 16:38:55.031     0     0 I init    : starting service 'exec 26 (/system/bin/bootstat --set_system_boot_reason)'...
03-06 16:38:55.038     0     0 I init    : processing action (vold.decrypt=trigger_load_persist_props) from (/init.rc:776)
03-06 16:38:55.038     0     0 W init    : Couldn't load property file '/data/local.prop': open() failed: No such file or directory: No such file or directory
03-06 16:38:55.067     0     0 I init    : starting service 'logd-reinit'...
03-06 16:38:55.073     0     0 I init    : processing action (vold.decrypt=trigger_restart_framework) from (/init.rc:795)
03-06 16:38:55.074     0     0 I init    : starting service 'update_verifier'...
03-06 16:38:55.080     0     0 I init    : SVC_EXEC service 'update_verifier' pid 1314 (uid 0 gid 2001+1 context default) started; waiting...
03-06 16:38:55.102     0     0 I init    : Service 'exec 26 (/system/bin/bootstat --set_system_boot_reason)' (pid 1312) exited with status 0
03-06 16:38:55.107     0     0 I logd.daemon: reinit
03-06 16:38:55.111     0     0 I init    : Service 'logd-reinit' (pid 1313) exited with status 0
03-06 16:38:55.131     0     0 I update_verifier: Started with arg 1: trigger_restart_framework
03-06 16:38:55.147     0     0 I update_verifier: Booting slot 0: isSlotMarkedSuccessful=1
03-06 16:38:55.147     0     0 I update_verifier: Leaving update_verifier.
03-06 16:38:55.153     0     0 I init    : Service 'update_verifier' (pid 1314) exited with status 0 waiting took 0.074000 seconds
03-06 16:38:55.155     0     0 E init    : Could not start service 'flash_recovery' as part of class 'main': Cannot find '/system/bin/install-recovery.sh': No such
file or directory
03-06 16:38:55.156     0     0 I init    : starting service 'qcomsysd'...
03-06 16:38:55.160  1334  1334 I imsrcsd : Uce Service HAL  is starting up...
03-06 16:38:55.162     0     0 I init    : starting service 'qcom-c_main-sh'...
03-06 16:38:55.168     0     0 E init    : Could not start service 'ptt_socket_app' as part of class 'main': Cannot find '/system/vendor/bin/ptt_socket_app': No suc
h file or directory
03-06 16:38:55.169     0     0 I init    : starting service 'time_daemon'...
03-06 16:38:55.176     0     0 E init    : Could not start service 'vendor.move_time_data' as part of class 'main': File /system/bin/move_time_data.sh(labeled "u:ob
ject_r:system_file:s0") has incorrect label or no domain transition from u:r:init:s0 to another SELinux domain defined. Have you configured your service correctly?
https://source.android.com/security/selinux/device-policy#label_new_services_and_address_denials
03-06 16:38:55.189  1315  1315 I auditd  : type=1400 audit(0.0:49): avc: denied { create } for comm="qcom-system-dae" scontext=u:r:vendor_qcomsysd:s0 tcontext=u:r:v
endor_qcomsysd:s0 tclass=socket permissive=0
03-06 16:38:55.189  1318  1318 I auditd  : type=1400 audit(0.0:50): avc: denied { read } for comm="thermal-engine" name="kgsl" dev="sysfs" ino=31523 scontext=u:r:th
ermal-engine:s0 tcontext=u:object_r:sysfs:s0 tclass=dir permissive=0
03-06 16:38:55.189  1318  1318 I auditd  : type=1400 audit(0.0:51): avc: denied { search } for comm="thermal-engine" name="devfreq" dev="sysfs" ino=26607 scontext=u
:r:thermal-engine:s0 tcontext=u:object_r:sysfs_devfreq:s0 tclass=dir permissive=0
03-06 16:38:55.195     0     0 I init    : starting service 'thermal-engine'...
03-06 16:38:55.202     0     0 I init    : starting service 'adsprpcd_root'...
03-06 16:38:55.205     0     0 I init    : Created socket '/dev/socket/thermal-send-client', mode 666, user 1000, group 1000
03-06 16:38:55.207     0     0 I init    : Created socket '/dev/socket/thermal-recv-client', mode 660, user 1000, group 1000
03-06 16:38:55.209     0     0 I init    : starting service 'adsprpcd'...
03-06 16:38:55.210     0     0 I init    : Created socket '/dev/socket/thermal-recv-passive-client', mode 666, user 1000, group 1000
03-06 16:38:55.212     0     0 I init    : Created socket '/dev/socket/thermal-send-rule', mode 660, user 1000, group 1000
03-06 16:38:55.216     0     0 I init    : starting service 'vendor.imsqmidaemon'...
03-06 16:38:55.223     0     0 I init    : starting service 'energy-awareness'...
03-06 16:38:55.229     0     0 I init    : starting service 'cnss_diag'...
03-06 16:38:55.231     0     0 I init    : Created socket '/dev/socket/ims_qmid', mode 660, user 1000, group 1001
03-06 16:38:55.235     0     0 I init    : starting service 'vendor.ims_rtp_daemon'...
03-06 16:38:55.242     0     0 I init    : starting service 'vendor.imsrcsservice'...
03-06 16:38:55.249     0     0 I init    : starting service 'vendor.hvdcp_opti'...
03-06 16:38:55.256     0     0 I init    : starting service 'zygote'...
03-06 16:38:55.264     0     0 I init    : starting service 'zygote_secondary'...
03-06 16:38:55.271     0     0 I init    : starting service 'bpfloader'...
03-06 16:38:55.278     0     0 I init    : Created socket '/dev/socket/zygote', mode 660, user 0, group 1000
03-06 16:38:55.278     0     0 I init    : Created socket '/dev/socket/zygote_secondary', mode 660, user 0, group 1000
03-06 16:38:55.279     0     0 I init    : starting service 'cameraserver'...
03-06 16:38:55.279     0     0 I init    : Created socket '/dev/socket/usap_pool_secondary', mode 660, user 0, group 1000
03-06 16:38:55.280     0     0 I init    : Created socket '/dev/socket/usap_pool_primary', mode 660, user 0, group 1000
03-06 16:38:55.285     0     0 E init    : couldn't write 1340 to /dev/cpuset/camera-daemon/tasks: No such file or directory
03-06 16:38:55.285     0     0 I init    : starting service 'drm'...
03-06 16:38:55.294     0     0 I init    : starting service 'idmap2d'...
03-06 16:38:55.299  1318  1318 I auditd  : type=1400 audit(0.0:52): avc: denied { read } for comm="thermal-engine" name="virtual" dev="sysfs" ino=14834 scontext=u:r
:thermal-engine:s0 tcontext=u:object_r:sysfs:s0 tclass=dir permissive=0
03-06 16:38:55.301     0     0 I init    : starting service 'incidentd'...
03-06 16:38:55.312     0     0 I         : 'opened /dev/adsprpc-smd c 230 0'
03-06 16:38:55.314     0     0 I init    : starting service 'installd'...
03-06 16:38:55.322     0     0 I init    : starting service 'keystore'...
03-06 16:38:55.332     0     0 I init    : starting service 'mediadrm'...
03-06 16:38:55.339     0     0 I init    : starting service 'mediaextractor'...
03-06 16:38:55.347     0     0 E MAIN_MGR: hvdcp_opti Version: 3:0:0
03-06 16:38:55.349     0     0 I init    : starting service 'mediametrics'...
03-06 16:38:55.364     0     0 I alloc_contig_range: [f4400, f4600) PFNs busy
03-06 16:38:55.373     0     0 I init    : starting service 'media'...
03-06 16:38:55.392     0     0 I init    : starting service 'netd'...
03-06 16:38:55.393  1347  1347 I installd: installd firing up
03-06 16:38:55.406     0     0 I alloc_contig_range: [f4500, f4700) PFNs busy
03-06 16:38:55.412     0     0 I init    : starting service 'vendor.perfservice'...
03-06 16:38:55.419  1318  1318 I chatty  : uid=0(root) /system/vendor/bin/thermal-engine identical 8 lines
03-06 16:38:55.425     0     0 I init    : Created socket '/dev/socket/dnsproxyd', mode 660, user 0, group 3003
03-06 16:38:55.427     0     0 I init    : Created socket '/dev/socket/mdns', mode 660, user 0, group 1000
03-06 16:38:55.427     0     0 I alloc_contig_range: [f4600, f4800) PFNs busy
03-06 16:38:55.432     0     0 I init    : starting service 'statsd'...
03-06 16:38:55.439  1318  1318 I auditd  : type=1400 audit(0.0:61): avc: denied { read } for comm="thermal-engine" name="virtual" dev="sysfs" ino=14834 scontext=u:r
:thermal-engine:s0 tcontext=u:object_r:sysfs:s0 tclass=dir permissive=0
03-06 16:38:55.443     0     0 I init    : Created socket '/dev/socket/fwmarkd', mode 660, user 0, group 3003
03-06 16:38:55.451     0     0 I init    : Created socket '/dev/socket/statsdw', mode 222, user 1066, group 1066
03-06 16:38:55.463     0     0 I init    : starting service 'storaged'...
03-06 16:38:55.469  1318  1318 I auditd  : type=1400 audit(0.0:62): avc: denied { read } for comm="thermal-engine" name="virtual" dev="sysfs" ino=14834 scontext=u:r
:thermal-engine:s0 tcontext=u:object_r:sysfs:s0 tclass=dir permissive=0
03-06 16:38:55.473  1336  1336 I boot_progress_start: 55265
03-06 16:38:55.501     0     0 I init    : starting service 'wificond'...
03-06 16:38:55.515  1372  1372 I wificond: wificond is starting up...
03-06 16:38:55.526     0     0 I init    : Opened file '/d/mmc0/mmc0:0001/ext_csd', flags 0
03-06 16:38:55.538     0     0 I init    : starting service 'vendor.media.omx'...
03-06 16:38:55.576     0     0 I init    : starting service 'vendor.cnd'...
03-06 16:38:55.659     0     0 I init    : starting service 'wifidisplayhalservice'...
03-06 16:38:55.666     0     0 I init    : starting service 'dpmQmiMgr'...
03-06 16:38:55.679  1318  1318 I chatty  : uid=0(root) /system/vendor/bin/thermal-engine expire 5 lines
03-06 16:38:55.695  1428  1428 F linker  : CANNOT LINK EXECUTABLE "/vendor/bin/hw/vendor.nxp.hardware.nfc@1.2-service": library "nfc_nci.nqx.default.hw.so" not foun
d
03-06 16:38:55.729  1318  1318 I auditd  : type=1400 audit(0.0:68): avc: denied { read } for comm="thermal-engine" name="virtual" dev="sysfs" ino=14834 scontext=u:r
:thermal-engine:s0 tcontext=u:object_r:sysfs:s0 tclass=dir permissive=0
03-06 16:38:55.729  1335  1335 I auditd  : type=1400 audit(0.0:69): avc: denied { read } for comm="hvdcp_opti" name="name" dev="sysfs" ino=25848 scontext=u:r:hvdcp:
s0 tcontext=u:object_r:sysfs:s0 tclass=file permissive=0
03-06 16:38:55.731     0     0 I init    : starting service 'vendor.ipacm'...
03-06 16:38:55.755     0     0 I init    : starting service 'vendor.netmgrd'...
03-06 16:38:55.759  1335  1335 I auditd  : type=1400 audit(0.0:70): avc: denied { read } for comm="hvdcp_opti" name="name" dev="sysfs" ino=25848 scontext=u:r:hvdcp:
s0 tcontext=u:object_r:sysfs:s0 tclass=file permissive=0
03-06 16:38:55.778     0     0 I init    : starting service 'vendor.port-bridge'...
03-06 16:38:55.799  1318  1318 I auditd  : type=1400 audit(0.0:71): avc: denied { read } for comm="thermal-engine" name="virtual" dev="sysfs" ino=14834 scontext=u:r
:thermal-engine:s0 tcontext=u:object_r:sysfs:s0 tclass=dir permissive=0
03-06 16:38:55.815     0     0 E ipa_sps_irq_control_all: 963 EP (5) not allocated.
03-06 16:38:55.815     0     0 I init    : starting service 'media.swcodec'...
03-06 16:38:55.827     0     0 I init    : Command 'class_start main' action=vold.decrypt=trigger_restart_framework (/init.rc:800) took 672ms and succeeded
03-06 16:38:55.829     0     0 I init    : starting service 'nqnfc_1_2_hal_service'...
03-06 16:38:55.840     0     0 E ipa_sps_irq_control_all: 963 EP (5) not allocated.
03-06 16:38:55.879  1318  1318 I chatty  : uid=0(root) /system/vendor/bin/thermal-engine identical 2 lines
03-06 16:38:55.887     0     0 E ipa_sps_irq_control_all: 963 EP (5) not allocated.
03-06 16:38:55.914     0     0 I init    : starting service 'nqnfcinfo'...
03-06 16:38:55.949  1318  1318 I auditd  : type=1400 audit(0.0:74): avc: denied { read } for comm="thermal-engine" name="virtual" dev="sysfs" ino=14834 scontext=u:r
:thermal-engine:s0 tcontext=u:object_r:sysfs:s0 tclass=dir permissive=0
03-06 16:38:55.950     0     0 E THERM-BALANCE: USB PSY entry not found.
03-06 16:38:55.954     0     0 E PPS     : Registered PPS
03-06 16:38:55.954     0     0 E CTM     : directory /sys/class/power_supply/usb/ does not exist
03-06 16:38:55.958     0     0 E CP      : charge_pump missing
03-06 16:38:55.967     0     0 E SOH-D   : SOH file not exposed, disable SOH
03-06 16:38:55.986     0     0 E STD-PD  : Registered STD_PD
03-06 16:38:55.994     0     0 E hvdcpd  : Registered HVDCP
03-06 16:38:55.998     0     0 I init    : starting service 'cnss-daemon'...
03-06 16:38:56.004   615   615 I auditd  : avc:  denied  { find } for interface=vendor.qti.hardware.slmadapter::ISlmAdapter sid=u:r:cnd:s0 pid=1381 scontext=u:r:cnd
:s0 tcontext=u:object_r:default_android_hwservice:s0 tclass=hwservice_manager permissive=0
03-06 16:38:56.022     0     0 E HVDCP2  : Registered HVDCP2
03-06 16:38:56.039  1318  1318 I auditd  : type=1400 audit(0.0:75): avc: denied { read } for comm="thermal-engine" name="virtual" dev="sysfs" ino=14834 scontext=u:r
:thermal-engine:s0 tcontext=u:object_r:sysfs:s0 tclass=dir permissive=0
03-06 16:38:56.061     0     0 E ipa2_nat_del_cmd: 799 Nat table not initialized
03-06 16:38:56.066     0     0 E ipa_sps_irq_control_all: 963 EP (5) not allocated.
03-06 16:38:56.076     0     0 I init    : starting service 'ssgqmigd'...
