01-15 23:04:42.111     0     0 I sensors-ssc soc: qcom,msm-ssc-sensors: slpi_loader_do: scheduling work to load SLPI fw
01-15 23:04:42.111     0     0 E         : can't get fw name.
01-15 23:04:42.111     0     0 E sensors-ssc soc: qcom,msm-ssc-sensors: slpi_load_fw: SLPI image loading failed
01-15 23:04:42.112     0     0 I init    : starting service 'exec 14 (/vendor/bin/init.qcom.early_boot.sh)'...
01-15 23:04:42.118     0     0 I init    : SVC_EXEC service 'exec 14 (/vendor/bin/init.qcom.early_boot.sh)' pid 703 (uid 0 gid 0+0 context u:r:qti_init_shell:s0) st
arted; waiting...
01-15 23:04:42.122     0     0 I ueventd : firmware: loading 'cdsp.mdt' for '/devices/soc/1a300000.qcom,turing/firmware/cdsp.mdt'
01-15 23:04:42.135     0     0 I ueventd : loading /devices/soc/1a300000.qcom,turing/firmware/cdsp.mdt took 13ms
01-15 23:04:42.135     0     0 I subsys-pil-tz 1a300000.qcom,turing: cdsp: loading from 0x0000000094a00000 to 0x0000000095000000
01-15 23:04:42.207     0     0 I init    : Service 'exec 13 (/system/bin/bootstat --set_system_boot_reason)' (pid 701) exited with status 0
01-15 23:04:42.927     0     0 I sdm660-asoc-snd soc: sound: msm_internal_init: default codec configured
01-15 23:04:42.928     0     0 E /soc/sound: could not get #gpio-cells for /soc/msm_cdc_pinctrl@75
01-15 23:04:42.938     0     0 I ueventd : firmware: loading 'cdsp.b02' for '/devices/soc/1a300000.qcom,turing/firmware/cdsp.b02'
01-15 23:04:42.948     0     0 I ueventd : loading /devices/soc/1a300000.qcom,turing/firmware/cdsp.b02 took 10ms
01-15 23:04:42.960     0     0 I ueventd : firmware: loading 'cdsp.b03' for '/devices/soc/1a300000.qcom,turing/firmware/cdsp.b03'
01-15 23:04:42.968     0     0 E msm-pcm-routing soc: qcom,msm-pcm-routing: ASoC: no sink widget found for MM_UL28
01-15 23:04:42.969     0     0 E msm-pcm-routing soc: qcom,msm-pcm-routing: ASoC: Failed to add route MultiMedia28 Mixer -> direct -> MM_UL28
01-15 23:04:42.970     0     0 I ueventd : loading /devices/soc/1a300000.qcom,turing/firmware/cdsp.b03 took 10ms
01-15 23:04:42.982     0     0 I ueventd : firmware: loading 'cdsp.b04' for '/devices/soc/1a300000.qcom,turing/firmware/cdsp.b04'
01-15 23:04:42.997     0     0 E msm-pcm-routing soc: qcom,msm-pcm-routing: ASoC: no sink widget found for MM_UL29
01-15 23:04:43.006     0     0 E msm-pcm-routing soc: qcom,msm-pcm-routing: ASoC: Failed to add route MultiMedia29 Mixer -> direct -> MM_UL29
01-15 23:04:43.018     0     0 E msm-pcm-routing soc: qcom,msm-pcm-routing: ASoC: no sink widget found for AUDIO_REF_EC_UL28 MUX
01-15 23:04:43.025     0     0 E msm-pcm-routing soc: qcom,msm-pcm-routing: ASoC: Failed to add route PRI_MI2S_TX -> PRI_MI2S_TX -> AUDIO_REF_EC_UL28 MUX
01-15 23:04:43.029     0     0 I ueventd : loading /devices/soc/1a300000.qcom,turing/firmware/cdsp.b04 took 47ms
01-15 23:04:43.042     0     0 I ueventd : firmware: loading 'cdsp.b05' for '/devices/soc/1a300000.qcom,turing/firmware/cdsp.b05'
01-15 23:04:43.055     0     0 E msm-pcm-routing soc: qcom,msm-pcm-routing: ASoC: no sink widget found for AUDIO_REF_EC_UL28 MUX
01-15 23:04:43.065     0     0 E msm-pcm-routing soc: qcom,msm-pcm-routing: ASoC: Failed to add route SEC_MI2S_TX -> SEC_MI2S_TX -> AUDIO_REF_EC_UL28 MUX
01-15 23:04:43.075     0     0 E msm-pcm-routing soc: qcom,msm-pcm-routing: ASoC: no sink widget found for AUDIO_REF_EC_UL28 MUX
01-15 23:04:43.084     0     0 I ueventd : loading /devices/soc/1a300000.qcom,turing/firmware/cdsp.b05 took 42ms
01-15 23:04:43.096     0     0 E msm-pcm-routing soc: qcom,msm-pcm-routing: ASoC: Failed to add route TERT_MI2S_TX -> TERT_MI2S_TX -> AUDIO_REF_EC_UL28 MUX
01-15 23:04:43.097     0     0 I ueventd : firmware: loading 'cdsp.b06' for '/devices/soc/1a300000.qcom,turing/firmware/cdsp.b06'
01-15 23:04:43.106     0     0 I ueventd : loading /devices/soc/1a300000.qcom,turing/firmware/cdsp.b06 took 10ms
01-15 23:04:43.112     0     0 I ueventd : firmware: loading 'cdsp.b07' for '/devices/soc/1a300000.qcom,turing/firmware/cdsp.b07'
01-15 23:04:43.118     0     0 I ueventd : loading /devices/soc/1a300000.qcom,turing/firmware/cdsp.b07 took 6ms
01-15 23:04:43.144     0     0 E msm-pcm-routing soc: qcom,msm-pcm-routing: ASoC: no sink widget found for AUDIO_REF_EC_UL28 MUX
01-15 23:04:43.152     0     0 E msm-pcm-routing soc: qcom,msm-pcm-routing: ASoC: Failed to add route QUAT_MI2S_TX -> QUAT_MI2S_TX -> AUDIO_REF_EC_UL28 MUX
01-15 23:04:43.159     0     0 I subsys-pil-tz 1a300000.qcom,turing: cdsp: Brought out of reset
01-15 23:04:43.166     0     0 I subsys-pil-tz 1a300000.qcom,turing: Subsystem error monitoring/handling services are up
01-15 23:04:43.166     0     0 I subsys-pil-tz 1a300000.qcom,turing: cdsp: Power/Clock ready interrupt received
01-15 23:04:43.190     0     0 E msm-pcm-routing soc: qcom,msm-pcm-routing: ASoC: no sink widget found for AUDIO_REF_EC_UL29 MUX
01-15 23:04:43.198     0     0 E msm-pcm-routing soc: qcom,msm-pcm-routing: ASoC: Failed to add route PRI_MI2S_TX -> PRI_MI2S_TX -> AUDIO_REF_EC_UL29 MUX
01-15 23:04:43.198     0     0 E diag    : In diag_send_feature_mask_update, control channel is not open, p: 5, ffffff93cf577488
01-15 23:04:43.198     0     0 E diag    : In diag_send_peripheral_buffering_mode, buffering flag not set for 5
01-15 23:04:43.199     0     0 E diag    : In diag_send_peripheral_buffering_mode, buffering flag not set for 5
01-15 23:04:43.237     0     0 E msm-pcm-routing soc: qcom,msm-pcm-routing: ASoC: no sink widget found for AUDIO_REF_EC_UL29 MUX
01-15 23:04:43.244     0     0 E msm-pcm-routing soc: qcom,msm-pcm-routing: ASoC: Failed to add route SEC_MI2S_TX -> SEC_MI2S_TX -> AUDIO_REF_EC_UL29 MUX
01-15 23:04:43.254     0     0 E msm-pcm-routing soc: qcom,msm-pcm-routing: ASoC: no sink widget found for AUDIO_REF_EC_UL29 MUX
01-15 23:04:43.266     0     0 E msm-pcm-routing soc: qcom,msm-pcm-routing: ASoC: Failed to add route TERT_MI2S_TX -> TERT_MI2S_TX -> AUDIO_REF_EC_UL29 MUX
01-15 23:04:43.276     0     0 E msm-pcm-routing soc: qcom,msm-pcm-routing: ASoC: no sink widget found for AUDIO_REF_EC_UL29 MUX
01-15 23:04:43.288     0     0 E msm-pcm-routing soc: qcom,msm-pcm-routing: ASoC: Failed to add route QUAT_MI2S_TX -> QUAT_MI2S_TX -> AUDIO_REF_EC_UL29 MUX
01-15 23:04:43.297     0     0 E msm-pcm-routing soc: qcom,msm-pcm-routing: ASoC: no source widget found for AUDIO_REF_EC_UL28 MUX
01-15 23:04:43.309     0     0 E msm-pcm-routing soc: qcom,msm-pcm-routing: ASoC: Failed to add route AUDIO_REF_EC_UL28 MUX -> direct -> MM_UL28
01-15 23:04:43.319     0     0 E msm-pcm-routing soc: qcom,msm-pcm-routing: ASoC: no source widget found for AUDIO_REF_EC_UL29 MUX
01-15 23:04:43.330     0     0 E msm-pcm-routing soc: qcom,msm-pcm-routing: ASoC: Failed to add route AUDIO_REF_EC_UL29 MUX -> direct -> MM_UL29
01-15 23:04:43.345     0     0 I init    : Service 'exec 14 (/vendor/bin/init.qcom.early_boot.sh)' (pid 703) exited with status 0 waiting took 1.228000 seconds
01-15 23:04:43.353     0     0 I init    : starting service 'exec 15 (/vendor/bin/init.qti.can.sh)'...
01-15 23:04:43.359   747   747 I auditd  : type=1400 audit(0.0:12): avc: denied { execute } for comm="init" name="init.qti.can.sh" dev="mmcblk0p18" ino=263 scontext
=u:r:init:s0 tcontext=u:object_r:vendor_file:s0 tclass=file permissive=0
01-15 23:04:43.359     0     0 W         : msm_digital_codec msm_digital_codec: ASoC: Failed to create AIF2 Capture debugfs file
01-15 23:04:43.376     0     0 I init    : SVC_EXEC service 'exec 15 (/vendor/bin/init.qti.can.sh)' pid 747 (uid 0 gid 0+0 context u:r:qti_init_shell:s0) started; w
aiting...
01-15 23:04:43.377     0     0 E init    : cannot execve('/vendor/bin/init.qti.can.sh'): Permission denied
01-15 23:04:43.418     0     0 I init    : Command 'exec u:r:qti_init_shell:s0 -- /vendor/bin/init.qti.can.sh' action=early-boot (/vendor/etc/init/hw/init.qcom.rc:8
5) took 65ms and succeeded
01-15 23:04:43.426     0     0 E sdm660-asoc-snd soc: sound: control 2:0:0:MultiMedia5 Mixer QUAT_MI2S_TX:0 is already present
01-15 23:04:43.426     0     0 E msm-pcm-routing soc: qcom,msm-pcm-routing: ASoC: failed to add widget MultiMedia5 Mixer dapm kcontrol MultiMedia5 Mixer QUAT_MI2S_T
X: -16
01-15 23:04:43.462     0     0 I init    : Service 'exec 15 (/vendor/bin/init.qti.can.sh)' (pid 747) exited with status 127 waiting took 0.087000 seconds
01-15 23:04:43.489     0     0 I init    : processing action (early-boot) from (/system/etc/init/installd.rc:5)
01-15 23:04:43.520     0     0 I init    : processing action (boot) from (/init.rc:657)
01-15 23:04:43.527     0     0 E init    : property 'dev.mnt.blk.data' doesn't exist while expanding '/sys/fs/f2fs/${dev.mnt.blk.data}/cp_interval'
01-15 23:04:43.527     0     0 I init    : Command 'write /sys/fs/f2fs/${dev.mnt.blk.data}/cp_interval 200' action=boot (/init.rc:690) took 0ms and failed: cannot e
xpand '/sys/fs/f2fs/${dev.mnt.blk.data}/cp_interval'
01-15 23:04:43.537     0     0 E init    : property 'dev.mnt.blk.data' doesn't exist while expanding '/sys/fs/f2fs/${dev.mnt.blk.data}/gc_urgent_sleep_time'
01-15 23:04:43.554     0     0 I init    : Command 'write /sys/fs/f2fs/${dev.mnt.blk.data}/gc_urgent_sleep_time 50' action=boot (/init.rc:691) took 16ms and failed:
 cannot expand '/sys/fs/f2fs/${dev.mnt.blk.data}/gc_urgent_sleep_time'
01-15 23:04:43.556     0     0 E msm-pcm-routing soc: qcom,msm-pcm-routing: ASoC: mux AUDIO_REF_EC_UL16 MUX has no paths
01-15 23:04:43.597     0     0 I init    : starting service 'vendor.audio-hal-2-0'...
01-15 23:04:43.606     0     0 I init    : starting service 'hidl_memory'...
01-15 23:04:43.612     0     0 I init    : starting service 'system_suspend'...
01-15 23:04:43.620     0     0 I init    : starting service 'healthd'...
01-15 23:04:43.627     0     0 I init    : starting service 'vendor.bluetooth-1-0-qti'...
01-15 23:04:43.634     0     0 I init    : starting service 'vendor.camera-provider-2-4'...
01-15 23:04:43.641     0     0 E init    : couldn't write 753 to /dev/cpuset/camera-daemon/tasks: No such file or directory
01-15 23:04:43.641     0     0 I init    : starting service 'vendor.cas-hal-1-1'...
01-15 23:04:43.649     0     0 I init    : starting service 'vendor.configstore-hal'...
01-15 23:04:43.655     0     0 I init    : starting service 'vendor.drm-hal-1-0'...
01-15 23:04:43.667     0     0 I init    : starting service 'vendor.drm-clearkey-hal-1-2'...
01-15 23:04:43.675     0     0 I init    : starting service 'gnss_service'...
01-15 23:04:43.685     0     0 I init    : starting service 'vendor.gralloc-2-0'...
01-15 23:04:43.692     0     0 I init    : starting service 'vendor.hwcomposer-2-1'...
01-15 23:04:43.700     0     0 I init    : starting service 'health-hal-2-0'...
01-15 23:04:43.706     0     0 I init    : Opened file '/dev/kmsg', flags 1
01-15 23:04:43.707     0     0 I init    : Created socket '/dev/socket/pps', mode 660, user 1000, group 1000
01-15 23:04:43.707     0     0 I init    : starting service 'vendor.light-hal-2-0'...
01-15 23:04:43.714     0     0 I init    : starting service 'vendor.memtrack-hal-1-0'...
01-15 23:04:43.721     0     0 I init    : starting service 'vendor.nfc_hal_service'...
01-15 23:04:43.728     0     0 I init    : starting service 'vendor.power-hal-1-0'...
01-15 23:04:43.735     0     0 I init    : starting service 'vendor.sensors-hal-1-0'...
01-15 23:04:43.748     0     0 I init    : starting service 'vendor.thermal-hal-1-0'...
01-15 23:04:43.748     0     0 I sdm660-asoc-snd soc: sound: wcd_mbhc_start: qcom,msm-mbhc-usbc-audio-supported in dt node is missing or false
01-15 23:04:43.754     0     0 I sdm660-asoc-snd soc: sound: wcd_mbhc_start: skipping USB c analog configuration
01-15 23:04:43.755     0     0 I init    : starting service 'vendor.usb-hal-1-0'...
01-15 23:04:43.762     0     0 I init    : starting service 'vendor.vibrator-1-0'...
01-15 23:04:43.769     0     0 I init    : starting service 'vendor.wifi_hal_legacy'...
01-15 23:04:43.785     0     0 I init    : starting service 'display-color-hal-1-0'...
01-15 23:04:43.798     0     0 I init    : starting service 'qti_esepowermanager_service'...
01-15 23:04:43.830     0     0 I init    : starting service 'perf-hal-2-0'...
01-15 23:04:43.844     0     0 W healthd : Unknown power supply type 'BMS'
01-15 23:04:43.845     0     0 W healthd : Unknown power supply type 'Main'
01-15 23:04:43.868     0     0 I init    : starting service 'qdutils_disp-1-0'...
01-15 23:04:43.913     0     0 W healthd : ignore: usb-ignore
01-15 23:04:43.913     0     0 W healthd : ignore: battery-ignore
01-15 23:04:43.915     0     0 W healthd : BatteryTemperaturePath not found
01-15 23:04:43.919     0     0 W healthd : BatteryTechnologyPath not found
01-15 23:04:43.927     0     0 I init    : starting service 'qteeconnector-hal-1-0'...
01-15 23:04:43.945     0     0 W healthd : BatteryCurrentNowPath not found
01-15 23:04:43.945     0     0 W healthd : BatteryFullChargePath not found
01-15 23:04:43.957     0     0 W healthd : BatteryCycleCountPath not found
01-15 23:04:43.960     0     0 I init    : starting service 'soter-1-0'...
01-15 23:04:43.969     0     0 W healthd : Unknown power supply type 'BMS'
01-15 23:04:43.969     0     0 W healthd : Unknown power supply type 'Main'
01-15 23:04:43.971     0     0 E FAKE_BATTERY: fake_batt_get_property: batt_mv=7626
01-15 23:04:43.992     0     0 I init    : starting service 'tui_comm-1-0'...
01-15 23:04:44.013     0     0 W healthd : battery l=57 v=7 t=0.0 h=2 st=3 chg=
01-15 23:04:44.017     0     0 I init    : Command 'class_start hal' action=boot (/init.rc:762) took 420ms and succeeded
01-15 23:04:44.019     0     0 I init    : starting service 'qcom-c_core-sh'...
01-15 23:04:44.028     0     0 W healthd : ignore: usb-ignore
01-15 23:04:44.031     0     0 W healthd : ignore: battery-ignore
01-15 23:04:44.041     0     0 W healthd : BatteryTemperaturePath not found
01-15 23:04:44.041     0     0 W healthd : BatteryTechnologyPath not found
01-15 23:04:44.061     0     0 I init    : starting service 'vendor.qrtr-ns'...
01-15 23:04:44.064     0     0 W healthd : BatteryCurrentNowPath not found
01-15 23:04:44.065     0     0 W healthd : BatteryFullChargePath not found
01-15 23:04:44.070     0     0 W healthd : BatteryCycleCountPath not found
01-15 23:04:44.083     0     0 I input   : sdm660-snd-card-mtp Headset Jack as /devices/soc/soc:sound/sound/card0/input3
01-15 23:04:44.083   772   772 I android.hardware.wifi@1.0-service: Wifi Hal is booting up...
01-15 23:04:44.084     0     0 I input   : sdm660-snd-card-mtp Button Jack as /devices/soc/soc:sound/sound/card0/input4
01-15 23:04:44.089   772   772 I ServiceManagement: Registered android.hardware.wifi@1.3::IWifi/default (start delay of 335ms)
01-15 23:04:44.103     0     0 E FAKE_BATTERY: fake_batt_get_property: batt_mv=7626
01-15 23:04:44.108     0     0 I init    : starting service 'irsc_util'...
01-15 23:04:44.109     0     0 W healthd : battery l=57 v=7 t=0.0 h=2 st=3 chg=
01-15 23:04:44.111     0     0 E mdss_dp_usbpd_setup: get_usbpd phandle failed (-517)
01-15 23:04:44.111     0     0 E mdss_dp_probe: Error usbpd setup!
01-15 23:04:44.120     0     0 E qpnp-pdphy 800f000.qcom,spmi: qcom,pm660@0:qcom,usb-pdphy@1700: usbpd_create failed: -517
01-15 23:04:44.122     0     0 I init    : starting service 'vendor-sensor-sh'...
01-15 23:04:44.128     0     0 E init    : Could not start service 'esepmdaemon' as part of class 'core': Cannot find '/system/vendor/bin/esepmdaemon': No such file
 or directory
01-15 23:04:44.128     0     0 I init    : starting service 'cs-early-boot'...
01-15 23:04:44.159     0     0 I init    : starting service 'vendor.per_mgr'...
01-15 23:04:44.169     0     0 I init    : starting service 'vendor.pd_mapper'...
01-15 23:04:44.176   793   793 I irsc_util: Starting irsc tool
01-15 23:04:44.180     0     0 I init    : starting service 'ashmemd'...
01-15 23:04:44.180   793   793 I irsc_util: Num of entries:297
01-15 23:04:44.196   793   793 I irsc_util: Ending irsc tool
01-15 23:04:44.197     0     0 I init    : starting service 'audioserver'...
01-15 23:04:44.208     0     0 I init    : starting service 'gpu'...
01-15 23:04:44.225     0     0 I init    : starting service 'lmkd'...
01-15 23:04:44.232     0     0 I init    : starting service 'surfaceflinger'...
01-15 23:04:44.245     0     0 I init    : Created socket '/dev/socket/lmkd', mode 660, user 1000, group 1000
01-15 23:04:44.257     0     0 E init    : Failed to bind socket 'pdx/system/vr/display/client': No such file or directory
01-15 23:04:44.258     0     0 I init    : starting service 'vendor.rmt_storage'...
01-15 23:04:44.258     0     0 E init    : Failed to bind socket 'pdx/system/vr/display/manager': No such file or directory
01-15 23:04:44.259     0     0 E init    : Failed to bind socket 'pdx/system/vr/display/vsync': No such file or directory
01-15 23:04:44.287     0     0 I alloc_contig_range: [f4d00, f4d29) PFNs busy
01-15 23:04:44.328     0     0 I init    : starting service 'vendor.tftp_server'...
01-15 23:04:44.334     0     0 I init    : Command 'class_start core' action=boot (/init.rc:764) took 316ms and succeeded
01-15 23:04:44.335     0     0 I init    : Service 'irsc_util' (pid 793) exited with status 0
01-15 23:04:44.360     0     0 E mdss_dsi_event_handler: unhandled event=1
01-15 23:04:44.362     0     0 I init    : processing action (boot) from (/init.usb.rc:21)
01-15 23:04:44.370     0     0 E FAKE_BATTERY: fake_batt_get_property: batt_mv=7626
01-15 23:04:44.374     0     0 I servloc : service_locator_svc_arrive: Connection established with the Service locator
01-15 23:04:44.375     0     0 I init    : processing action (persist.sys.usb.config=* && boot) from (/init.usb.rc:102)
01-15 23:04:44.376     0     0 I init    : processing action (boot) from (/vendor/etc/init/hw/init.qcom.rc:113)
01-15 23:04:44.391     0     0 W healthd : battery l=57 v=7 t=0.0 h=2 st=3 chg=
01-15 23:04:44.401     0     0 I servloc : init_service_locator: Service locator initialized
01-15 23:04:44.422     0     0 I audio_notifer_reg_service: service PDR_ADSP is in use
01-15 23:04:44.439     0     0 I service-notifier: root_service_service_arrive: Connection established between QMI handle and 74 service
01-15 23:04:44.447     0     0 I init    : Received control message 'start' for 'vendor.sensors.qti' from pid: 838 (start vendor.sensors.qti)
01-15 23:04:44.449     0     0 E rmt_storage: INFO:check_support_using_libmdm: Modem subsystem found on target!
01-15 23:04:44.450     0     0 I init    : starting service 'vendor.sensors.qti'...
01-15 23:04:44.475     0     0 E selinux : avc:  denied  { set } for property=persist.camera.gyro.disable pid=587 uid=0 gid=0 scontext=u:r:vendor_init:s0 tcontext=u
:object_r:default_prop:s0 tclass=property_service permissive=0
01-15 23:04:44.475     0     0 E init    : Subcontext init could not set 'persist.camera.gyro.disable' to '0': SELinux permission check failed
01-15 23:04:44.488     0     0 E rmt_storage: INFO:main: Done with init now waiting for messages!
01-15 23:04:44.489   849   849 I auditd  : type=1400 audit(0.0:13): avc: denied { read } for comm="getprop" name="u:object_r:default_prop:s0" dev="tmpfs" ino=15486
scontext=u:r:qti_init_shell:s0 tcontext=u:object_r:default_prop:s0 tclass=file permissive=0
01-15 23:04:44.505     0     0 I init    : Command 'chmod 0755 /system/bin/ip' action=boot (/vendor/etc/init/hw/init.qcom.rc:174) took 0ms and failed: fchmodat() fa
iled: Read-only file system
01-15 23:04:44.512     0     0 I init    : Received control message 'start' for 'vendor.sensors' from pid: 848 (start vendor.sensors)
01-15 23:04:44.526     0     0 E init    : Could not ctl.start for 'vendor.sensors': Cannot find '/vendor/bin/sscrpcd': No such file or directory
01-15 23:04:44.559   587   587 I auditd  : type=1400 audit(0.0:14): avc: denied { setattr } for comm="init" name="rawdump" dev="tmpfs" ino=14351 scontext=u:r:vendor
_init:s0 tcontext=u:object_r:block_device:s0 tclass=lnk_file permissive=0
01-15 23:04:44.559   587   587 I auditd  : type=1400 audit(0.0:15): avc: denied { setattr } for comm="init" name="rawdump" dev="tmpfs" ino=14351 scontext=u:r:vendor
_init:s0 tcontext=u:object_r:block_device:s0 tclass=lnk_file permissive=0
01-15 23:04:44.580     0     0 I init    : Service 'vendor-sensor-sh' (pid 796) exited with status 0
01-15 23:04:44.584     0     0 I init    : Command 'chown root system /dev/block/bootdevice/by-name/rawdump' action=boot (/vendor/etc/init/hw/init.qcom.rc:200) took
 0ms and failed: lchown() failed: Permission denied
01-15 23:04:44.584     0     0 I init    : Command 'chmod 0660 /dev/block/bootdevice/by-name/rawdump' action=boot (/vendor/etc/init/hw/init.qcom.rc:201) took 0ms an
d failed: fchmodat() failed: Permission denied
01-15 23:04:44.609     0     0 I init    : processing action (boot) from (/vendor/etc/init/hw/init.qcom.usb.rc:51)
01-15 23:04:44.610     0     0 I init    : Command 'mount configfs none /config' action=boot (/vendor/etc/init/hw/init.qcom.usb.rc:53) took 0ms and failed: mount()
failed: Device or resource busy
01-15 23:04:44.629     0     0 I         : Mass Storage Function, version: 2009/09/11
01-15 23:04:44.629     0     0 I LUN     : removable file: (no medium)
01-15 23:04:44.640     0     0 I         : file system registered
01-15 23:04:44.649   847   847 I auditd  : type=1400 audit(0.0:16): avc: denied { read } for comm="sensors.qti" name="soc0" dev="sysfs" ino=47246 scontext=u:r:senso
rs:s0 tcontext=u:object_r:sysfs:s0 tclass=dir permissive=0
01-15 23:04:44.649     0     0 I f_cdev_alloc: port_name:at_usb0 (ffffffe0605a9800) portno:(0)
01-15 23:04:44.653     0     0 I f_cdev_alloc: port_name:at_usb1 (ffffffe06a683400) portno:(1)
01-15 23:04:44.656     0     0 I ueventd : firmware: loading 'cmnlib64.mdt' for '/devices/virtual/qseecom/qseecom/cmnlib64.mdt'
01-15 23:04:44.658     0     0 I f_cdev_alloc: port_name:at_usb2 (ffffffe0629acc00) portno:(2)
01-15 23:04:44.661     0     0 I init    : Received control message 'start' for 'console' from pid: 855 (start console)
01-15 23:04:44.663     0     0 I ueventd : loading /devices/virtual/qseecom/qseecom/cmnlib64.mdt took 9ms
01-15 23:04:44.664     0     0 I init    : starting service 'console'...
01-15 23:04:44.672     0     0 E init    : setpgid failed for console: Operation not permitted
01-15 23:04:44.679     0     0 I ueventd : firmware: loading 'a530_pm4.fw' for '/devices/soc/5000000.qcom,kgsl-3d0/kgsl/kgsl-3d0/a530_pm4.fw'
01-15 23:04:44.689     0     0 I ueventd : loading /devices/soc/5000000.qcom,kgsl-3d0/kgsl/kgsl-3d0/a530_pm4.fw took 11ms
01-15 23:04:44.707     0     0 I init    : Service 'qcom-c_core-sh' (pid 788) exited with status 0
01-15 23:04:44.726     0     0 I ueventd : firmware: loading 'cmnlib64.b00' for '/devices/virtual/qseecom/qseecom/cmnlib64.b00'
01-15 23:04:44.734     0     0 I ueventd : loading /devices/virtual/qseecom/qseecom/cmnlib64.b00 took 9ms
01-15 23:04:44.747     0     0 I ueventd : firmware: loading 'a530_pfp.fw' for '/devices/soc/5000000.qcom,kgsl-3d0/kgsl/kgsl-3d0/a530_pfp.fw'
01-15 23:04:44.751     0     0 I ueventd : loading /devices/soc/5000000.qcom,kgsl-3d0/kgsl/kgsl-3d0/a530_pfp.fw took 5ms
01-15 23:04:44.752     0     0 I ueventd : firmware: loading 'cmnlib64.b01' for '/devices/virtual/qseecom/qseecom/cmnlib64.b01'
01-15 23:04:44.756     0     0 I ueventd : loading /devices/virtual/qseecom/qseecom/cmnlib64.b01 took 5ms
01-15 23:04:44.773     0     0 I ueventd : firmware: loading 'cmnlib64.b02' for '/devices/virtual/qseecom/qseecom/cmnlib64.b02'
01-15 23:04:44.781     0     0 I ueventd : firmware: loading 'a512_zap.mdt' for '/devices/soc/soc:qcom,kgsl-hyp/firmware/a512_zap.mdt'
01-15 23:04:44.784     0     0 I ueventd : loading /devices/virtual/qseecom/qseecom/cmnlib64.b02 took 11ms
01-15 23:04:44.785     0     0 I ueventd : loading /devices/soc/soc:qcom,kgsl-hyp/firmware/a512_zap.mdt took 5ms
01-15 23:04:44.790     0     0 I init    : starting service 'vendor.qcom-usb-sh'...
01-15 23:04:44.796     0     0 I init    : processing action (boot) from (/vendor/etc/init/hw/init.target.rc:64)
01-15 23:04:44.796     0     0 I init    : Command 'start rmt_storage' action=boot (/vendor/etc/init/hw/init.target.rc:65) took 0ms and failed: service rmt_storage
not found
01-15 23:04:44.797     0     0 I init    : Command 'start rfs_access' action=boot (/vendor/etc/init/hw/init.target.rc:66) took 0ms and failed: service rfs_access no
t found
01-15 23:04:44.797     0     0 I alloc_contig_range: [fc500, fc600) PFNs busy
01-15 23:04:44.798     0     0 I msm_pm_qos_add_request: add request
01-15 23:04:44.806     0     0 I ueventd : firmware: loading 'cmnlib64.b03' for '/devices/virtual/qseecom/qseecom/cmnlib64.b03'
01-15 23:04:44.809     0     0 I alloc_contig_range: [fc600, fc700) PFNs busy
01-15 23:04:44.817     0     0 I alloc_contig_range: [fc700, fc800) PFNs busy
01-15 23:04:44.825     0     0 I ueventd : loading /devices/virtual/qseecom/qseecom/cmnlib64.b03 took 20ms
01-15 23:04:44.835     0     0 I subsys-pil-tz soc: qcom,kgsl-hyp: a512_zap: loading from 0x00000000fc800000 to 0x00000000fc802000
01-15 23:04:44.842     0     0 I ueventd : firmware: loading 'cmnlib64.b04' for '/devices/virtual/qseecom/qseecom/cmnlib64.b04'
01-15 23:04:44.848     0     0 I ueventd : loading /devices/virtual/qseecom/qseecom/cmnlib64.b04 took 7ms
01-15 23:04:44.865     0     0 I msm_cci_init: 1439: hw_version = 0x10060000
01-15 23:04:44.865     0     0 E         : ov13850_q13v06k probe succeeded
01-15 23:04:44.875     0     0 I ueventd : firmware: loading 'cmnlib64.b05' for '/devices/virtual/qseecom/qseecom/cmnlib64.b05'
01-15 23:04:44.888     0     0 I ueventd : loading /devices/virtual/qseecom/qseecom/cmnlib64.b05 took 12ms
01-15 23:04:44.908     0     0 I ueventd : firmware: loading 'a512_zap.b02' for '/devices/soc/soc:qcom,kgsl-hyp/firmware/a512_zap.b02'
01-15 23:04:44.915     0     0 I ueventd : loading /devices/soc/soc:qcom,kgsl-hyp/firmware/a512_zap.b02 took 8ms
01-15 23:04:44.922     0     0 I subsys-pil-tz soc: qcom,kgsl-hyp: a512_zap: Brought out of reset
01-15 23:04:44.925     0     0 E devfreq soc: qcom,kgsl-busmon: Couldn't update frequency transition information.
01-15 23:04:44.925     0     0 I ueventd : firmware: loading 'cmnlib64.b06' for '/devices/virtual/qseecom/qseecom/cmnlib64.b06'
01-15 23:04:44.930     0     0 I ueventd : loading /devices/virtual/qseecom/qseecom/cmnlib64.b06 took 5ms
01-15 23:04:44.950     0     0 I msm_cci_init: 1439: hw_version = 0x10060000
01-15 23:04:44.951     0     0 I ueventd : firmware: loading 'cmnlib64.mdt' for '/devices/virtual/qseecom/qseecom/cmnlib64.mdt'
01-15 23:04:44.955     0     0 I ueventd : loading /devices/virtual/qseecom/qseecom/cmnlib64.mdt took 8ms
01-15 23:04:44.955     0     0 E         : ov5648 probe succeeded
01-15 23:04:44.981     0     0 I msm_csid_init: CSID_VERSION = 0x30050000
01-15 23:04:44.985     0     0 E         : msm_csid_irq CSID0_IRQ_STATUS_ADDR = 0x800
01-15 23:04:44.990     0     0 I msm_csid_init: CSID_VERSION = 0x30050000
01-15 23:04:44.991     0     0 I ueventd : firmware: loading 'cmnlib64.b00' for '/devices/virtual/qseecom/qseecom/cmnlib64.b00'
01-15 23:04:44.996     0     0 I ueventd : loading /devices/virtual/qseecom/qseecom/cmnlib64.b00 took 5ms
01-15 23:04:44.999     0     0 E         : msm_csid_irq CSID2_IRQ_STATUS_ADDR = 0x800
01-15 23:04:45.016     0     0 I ueventd : firmware: loading 'cmnlib64.b01' for '/devices/virtual/qseecom/qseecom/cmnlib64.b01'
01-15 23:04:45.024     0     0 I ueventd : loading /devices/virtual/qseecom/qseecom/cmnlib64.b01 took 8ms
01-15 23:04:45.039     0     0 I ueventd : firmware: loading 'cmnlib64.b02' for '/devices/virtual/qseecom/qseecom/cmnlib64.b02'
01-15 23:04:45.046     0     0 I init    : Command 'insmod /vendor/lib/modules/qca_cld3_wlan.ko' action=boot (/vendor/etc/init/hw/init.target.rc:111) took 214ms and
 failed: finit_module for "/vendor/lib/modules/qca_cld3_wlan.ko" failed: Required key not available
01-15 23:04:45.048     0     0 I ueventd : loading /devices/virtual/qseecom/qseecom/cmnlib64.b02 took 8ms
01-15 23:04:45.050     0     0 I init    : processing action (boot) from (/system/etc/init/bootstat.rc:63)
01-15 23:04:45.051     0     0 I init    : processing action (boot) from (/system/etc/init/dumpstate.rc:1)
01-15 23:04:45.051     0     0 I init    : processing action (boot) from (/system/etc/init/gsid.rc:14)
01-15 23:04:45.053     0     0 I init    : starting service 'exec 16 (/system/bin/gsid run-startup-tasks)'...
01-15 23:04:45.062     0     0 I init    : processing action (boot) from (/vendor/etc/init/netmgrd.rc:6)
01-15 23:04:45.063     0     0 I ueventd : firmware: loading 'cmnlib64.b03' for '/devices/virtual/qseecom/qseecom/cmnlib64.b03'
01-15 23:04:45.065     0     0 I init    : processing action (boot) from (/vendor/etc/init/port-bridge.rc:6)
01-15 23:04:45.066     0     0 I init    : processing action (enable_property_trigger) from (<Builtin Action>:0)
01-15 23:04:45.067     0     0 I init    : processing action (security.perf_harden=1) from (/init.rc:833)
01-15 23:04:45.068     0     0 I init    : processing action (ro.debuggable=1) from (/init.rc:857)
01-15 23:04:45.068     0     0 I init    : processing action (persist.vendor.qcomsysd.enabled=1) from (/vendor/etc/init/hw/init.qcom.rc:432)
01-15 23:04:45.069     0     0 I init    : processing action (vendor.display.lcd_density=*) from (/vendor/etc/init/hw/init.qcom.rc:1007)
01-15 23:04:45.069     0     0 I init    : processing action (vendor.gpu.available_frequencies=*) from (/vendor/etc/init/hw/init.qcom.rc:1080)
01-15 23:04:45.070     0     0 E selinux : avc:  denied  { set } for property=ro.vendor.gpu.available_frequencies pid=587 uid=0 gid=0 scontext=u:r:vendor_init:s0 tc
ontext=u:object_r:freq_prop:s0 tclass=property_service permissive=0
01-15 23:04:45.070     0     0 E init    : Subcontext init could not set 'ro.vendor.gpu.available_frequencies' to '647000000 588000000 465000000 370000000 266000000
 160000000 ': SELinux permission check failed
01-15 23:04:45.084     0     0 I ueventd : firmware: loading 'cmnlib64.b04' for '/devices/virtual/qseecom/qseecom/cmnlib64.b04'
01-15 23:04:45.087     0     0 I ueventd : loading /devices/virtual/qseecom/qseecom/cmnlib64.b04 took 3ms
01-15 23:04:45.089     0     0 I init    : processing action (sys.usb.config=adb && sys.usb.configfs=1) from (/vendor/etc/init/hw/init.msm.usb.configfs.rc:1354)
01-15 23:04:45.090     0     0 I ueventd : loading /devices/virtual/qseecom/qseecom/cmnlib64.b03 took 27ms
01-15 23:04:45.091     0     0 I init    : processing action (vendor.usb.controller=*) from (/vendor/etc/init/hw/init.target.rc:126)
01-15 23:04:45.092     0     0 I init    : processing action (init.svc.vendor.per_mgr=running) from (/vendor/etc/init/hw/init.target.rc:142)
01-15 23:04:45.093     0     0 I init    : starting service 'vendor.per_proxy'...
01-15 23:04:45.094     0     0 I ueventd : firmware: loading 'cmnlib64.b05' for '/devices/virtual/qseecom/qseecom/cmnlib64.b05'
01-15 23:04:45.097     0     0 I ueventd : loading /devices/virtual/qseecom/qseecom/cmnlib64.b05 took 2ms
01-15 23:04:45.099     0     0 I init    : processing action (init.svc.surfaceflinger=running) from (/vendor/etc/init/hw/init.target.rc:417)
01-15 23:04:45.101     0     0 I init    : starting service 'ppd'...
01-15 23:04:45.107     0     0 I init    : processing action (sys.usb.config=adb && sys.usb.configfs=1) from (/init.usb.configfs.rc:17)
01-15 23:04:45.107     0     0 I init    : starting service 'adbd'...
01-15 23:04:45.109     0     0 I ueventd : firmware: loading 'cmnlib64.b06' for '/devices/virtual/qseecom/qseecom/cmnlib64.b06'
01-15 23:04:45.114     0     0 I ueventd : loading /devices/virtual/qseecom/qseecom/cmnlib64.b06 took 5ms
01-15 23:04:45.114     0     0 I init    : Created socket '/dev/socket/pps', mode 660, user 1000, group 1000
01-15 23:04:45.114     0     0 I init    : processing action (ro.iorapd.enable=false) from (/system/etc/init/iorapd.rc:24)
01-15 23:04:45.114     0     0 I init    : processing action (ro.boot.slot_suffix=*) from (/system/etc/init/update_engine.rc:8)
01-15 23:04:45.114     0     0 I init    : processing action (defaultcrypto) from (/system/etc/init/vdc.rc:2)
01-15 23:04:45.115     0     0 I init    : starting service 'exec 17 (/system/bin/vdc --wait cryptfs mountdefaultencrypted)'...
01-15 23:04:45.116     0     0 E         : msm_qti_pp_get_rms_value_control, back not active to query rms be_idx:3
01-15 23:04:45.116     0     0 W QSEECOM : qseecom_load_app: App (soter64) does'nt exist, loading apps for first time
01-15 23:04:45.118     0     0 I init    : Created socket '/dev/socket/adbd', mode 660, user 1000, group 1000
01-15 23:04:45.132     0     0 I init    : SVC_EXEC service 'exec 17 (/system/bin/vdc --wait cryptfs mountdefaultencrypted)' pid 939 (uid 0 gid 0+0 context default)
 started; waiting...
01-15 23:04:45.142     0     0 E msm_voice_sound_focus_get: Error getting Sound Focus Params, err=-22
01-15 23:04:45.143     0     0 E msm_voice_source_tracking_get: Error getting Source Tracking Params, err=-22
01-15 23:04:45.150     0     0 E msm_audio_get_copp_idx_from_port_id: Invalid FE, exiting
01-15 23:04:45.158     0     0 E msm_audio_sound_focus_get: Could not get copp idx for port_id=16385
01-15 23:04:45.166     0     0 E msm_audio_get_copp_idx_from_port_id: Invalid FE, exiting
01-15 23:04:45.166     0     0 W QSEECOM : qseecom_load_app: App with id 131074 (soter64) now loaded
01-15 23:04:45.179   815   815 I auditd  : type=1400 audit(0.0:17): avc: denied { search } for comm="surfaceflinger" name="gpu" dev="tmpfs" ino=4818 scontext=u:r:su
rfaceflinger:s0 tcontext=u:object_r:vendor_gles_data_file:s0 tclass=dir permissive=0
01-15 23:04:45.181     0     0 E msm_audio_source_tracking_get: Could not get copp idx for port_id=16385
01-15 23:04:45.185     0     0 E msm_voice_sound_focus_get: Error getting Sound Focus Params, err=-22
01-15 23:04:45.190     0     0 I init    : Service 'exec 16 (/system/bin/gsid run-startup-tasks)' (pid 930) exited with status 0
01-15 23:04:45.192     0     0 E msm_voice_source_tracking_get: Error getting Source Tracking Params, err=-22
01-15 23:04:45.200     0     0 E msm_audio_get_copp_idx_from_port_id: Invalid FE, exiting
01-15 23:04:45.203   616   942 I Cryptfs : cryptfs_check_passwd
01-15 23:04:45.204     0     0 D vdc     : Waited 0ms for vold
01-15 23:04:45.209     0     0 I subsys-restart: __subsystem_get(): Changing subsys fw_name to modem
01-15 23:04:45.210     0     0 I         : IPA received MPSS BEFORE_POWERUP
01-15 23:04:45.211     0     0 E ipa2_uc_state_check: 301 uC is not loaded
01-15 23:04:45.211     0     0 E ipa_sps_irq_control_all: 963 EP (5) not allocated.
01-15 23:04:45.213     0     0 I init    : Service 'exec 17 (/system/bin/vdc --wait cryptfs mountdefaultencrypted)' (pid 939) exited with status 0 waiting took 0.08
3000 seconds
01-15 23:04:45.213     0     0 I         : IPA BEFORE_POWERUP handling is complete
01-15 23:04:45.222     0     0 I ueventd : firmware: loading 'modem.mdt' for '/devices/soc/4080000.qcom,mss/firmware/modem.mdt'
01-15 23:04:45.224   616   942 D         : HW based disk encryption is enabled
01-15 23:04:45.234   616   942 D Cryptfs : crypt_ftr->fs_size = 42721215
01-15 23:04:45.234   616   942 D         : HW based disk encryption is enabled
01-15 23:04:45.235   616   942 I Cryptfs : Using scrypt with keymaster for cryptfs KDF
01-15 23:04:45.239     0     0 I ueventd : loading /devices/soc/4080000.qcom,mss/firmware/modem.mdt took 17ms
01-15 23:04:45.246     0     0 I pil-q6v5-mss 4080000.qcom,mss: modem: loading from 0x000000008ac00000 to 0x0000000092200000
01-15 23:04:45.259   815   815 I chatty  : uid=1000(system) /system/bin/surfaceflinger identical 8 lines
01-15 23:04:45.259   815   815 I auditd  : type=1400 audit(0.0:26): avc: denied { search } for comm="surfaceflinger" name="gpu" dev="tmpfs" ino=4818 scontext=u:r:su
rfaceflinger:s0 tcontext=u:object_r:vendor_gles_data_file:s0 tclass=dir permissive=0
01-15 23:04:45.262     0     0 I ueventd : firmware: loading 'mba.mbn' for '/devices/soc/4080000.qcom,mss/firmware/mba.mbn'
01-15 23:04:45.264     0     0 E msm_audio_sound_focus_get: Could not get copp idx for port_id=4101
01-15 23:04:45.265     0     0 E msm_audio_get_copp_idx_from_port_id: Invalid FE, exiting
01-15 23:04:45.271     0     0 E msm_audio_source_tracking_get: Could not get copp idx for port_id=4101
01-15 23:04:45.277     0     0 I ueventd : loading /devices/soc/4080000.qcom,mss/firmware/mba.mbn took 15ms
01-15 23:04:45.278     0     0 E msm_voice_sound_focus_get: Error getting Sound Focus Params, err=-22
01-15 23:04:45.279   950   950 I auditd  : type=1400 audit(0.0:27): avc: denied { read } for comm="ueventd" name="mmcblk0p39" dev="tmpfs" ino=12345 scontext=u:r:uev
entd:s0 tcontext=u:object_r:mba_debug_dev:s0 tclass=blk_file permissive=0
01-15 23:04:45.286     0     0 E msm_voice_source_tracking_get: Error getting Source Tracking Params, err=-22
01-15 23:04:45.292     0     0 I ueventd : firmware: loading 'msadp' for '/devices/soc/4080000.qcom,mss/firmware/msadp'
01-15 23:04:45.293     0     0 E msm_audio_get_copp_idx_from_port_id: Invalid FE, exiting
01-15 23:04:45.296     0     0 E ueventd : firmware: could not find firmware for msadp
01-15 23:04:45.297     0     0 I ueventd : loading /devices/soc/4080000.qcom,mss/firmware/msadp took 5ms
01-15 23:04:45.297     0     0 W pil-q6v5-mss 4080000.qcom,mss: Debug policy not present - msadp. Continue.
01-15 23:04:45.297     0     0 I pil-q6v5-mss 4080000.qcom,mss: Loading MBA and DP (if present) from 0x0000000094800000 to 0x0000000094900000 size 100000
01-15 23:04:45.298     0     0 I         : read descriptors
01-15 23:04:45.299     0     0 I         : read strings
01-15 23:04:45.304     0     0 I init    : processing action (sys.usb.config=adb && sys.usb.configfs=1 && sys.usb.ffs.ready=1) from (/init.usb.configfs.rc:20)
01-15 23:04:45.347     0     0 I pil-q6v5-mss 4080000.qcom,mss: MBA boot done
01-15 23:04:45.355     0     0 E msm_audio_sound_focus_get: Could not get copp idx for port_id=4149
01-15 23:04:45.363     0     0 E msm_audio_get_copp_idx_from_port_id: Invalid FE, exiting
01-15 23:04:45.369     0     0 I ueventd : firmware: loading 'modem.b02' for '/devices/soc/4080000.qcom,mss/firmware/modem.b02'
01-15 23:04:45.370     0     0 E msm_audio_source_tracking_get: Could not get copp idx for port_id=4149
01-15 23:04:45.378     0     0 I core_get_license_status: cmdrsp_license_result.result = 0x15 for module 0x131ff
01-15 23:04:45.381     0     0 E msm-ext-disp-audio-codec-rx soc: qcom,msm_ext_disp:qcom,msm-ext-disp-audio-codec-rx: msm_ext_disp_audio_type_get: codec_data, get_a
udio_edid_blk() or get_intf_id is NULL
01-15 23:04:45.391     0     0 I ueventd : loading /devices/soc/4080000.qcom,mss/firmware/modem.b02 took 23ms
01-15 23:04:45.422     0     0 E msm_dai_q6_slim_rx_drift_get: afe port not started. dai_data->status_mask = 0
01-15 23:04:45.424     0     0 E msm_dai_q6_ext_disp_drift_get: afe port not started. status_mask = 0
01-15 23:04:45.433     0     0 I ueventd : firmware: loading 'modem.b03' for '/devices/soc/4080000.qcom,mss/firmware/modem.b03'
01-15 23:04:45.438     0     0 I ueventd : loading /devices/soc/4080000.qcom,mss/firmware/modem.b03 took 6ms
01-15 23:04:45.461     0     0 I ueventd : firmware: loading 'modem.b04' for '/devices/soc/4080000.qcom,mss/firmware/modem.b04'
01-15 23:04:45.467     0     0 I init    : processing action (persist.vendor.usb.config=*) from (/vendor/etc/init/hw/init.qcom.usb.rc:116)
01-15 23:04:45.468     0     0 I init    : processing action (persist.vendor.usb.config=*) from (/vendor/etc/init/hw/init.qcom.factory.rc:67)
01-15 23:04:45.472     0     0 I ueventd : loading /devices/soc/4080000.qcom,mss/firmware/modem.b04 took 12ms
01-15 23:04:45.488     0     0 I ueventd : firmware: loading 'modem.b05' for '/devices/soc/4080000.qcom,mss/firmware/modem.b05'
01-15 23:04:45.505     0     0 E msm_adsp_stream_callback_get: ASM Stream PP event queue is not initialized.
01-15 23:04:45.508     0     0 I ueventd : loading /devices/soc/4080000.qcom,mss/firmware/modem.b05 took 21ms
01-15 23:04:45.509     0     0 E msm-dwc3 a800000.ssusb: Could not get usb psy
01-15 23:04:45.523     0     0 I ueventd : firmware: loading 'modem.b06' for '/devices/soc/4080000.qcom,mss/firmware/modem.b06'
01-15 23:04:45.536     0     0 I ueventd : loading /devices/soc/4080000.qcom,mss/firmware/modem.b06 took 13ms
01-15 23:04:45.554     0     0 I ueventd : firmware: loading 'modem.b07' for '/devices/soc/4080000.qcom,mss/firmware/modem.b07'
01-15 23:04:45.559     0     0 E platform soc: sdw_clk_data_pinctrl: msm_cdc_pinctrl_get_gpiodata: cannot find cdc gpio info
01-15 23:04:45.564     0     0 I ueventd : loading /devices/soc/4080000.qcom,mss/firmware/modem.b07 took 10ms
01-15 23:04:45.582     0     0 I ueventd : firmware: loading 'modem.b08' for '/devices/soc/4080000.qcom,mss/firmware/modem.b08'
01-15 23:04:45.583     0     0 E msm_adsp_stream_callback_get: ASM Stream PP event queue is not initialized.
01-15 23:04:45.584     0     0 E msm_adsp_stream_callback_get: ASM Stream PP event queue is not initialized.
01-15 23:04:45.597     0     0 I android_work: sent uevent USB_STATE=CONNECTED
01-15 23:04:45.601     0     0 I ueventd : loading /devices/soc/4080000.qcom,mss/firmware/modem.b08 took 19ms
01-15 23:04:45.620     0     0 I ueventd : firmware: loading 'modem.b09' for '/devices/soc/4080000.qcom,mss/firmware/modem.b09'
01-15 23:04:45.625     0     0 I ueventd : loading /devices/soc/4080000.qcom,mss/firmware/modem.b09 took 8ms
01-15 23:04:45.632     0     0 E msm_adsp_stream_callback_get: ASM Stream PP event queue is not initialized.
01-15 23:04:45.634     0     0 E msm_compr_audio_effects_config_get: stream or effects inactive
01-15 23:04:45.640     0     0 I ueventd : firmware: loading 'modem.b10' for '/devices/soc/4080000.qcom,mss/firmware/modem.b10'
01-15 23:04:45.641     0     0 E msm_adsp_stream_callback_get: ASM Stream PP event queue is not initialized.
01-15 23:04:45.673     0     0 I init    : starting service 'vendor.ipacm'...
01-15 23:04:45.721     0     0 I configfs-gadget gadget: high-speed config #1: b
01-15 23:04:45.722     0     0 E msm-dwc3 a800000.ssusb: Could not get usb psy
01-15 23:04:45.722     0     0 I android_work: sent uevent USB_STATE=CONFIGURED
01-15 23:04:45.732     0     0 E msm_adsp_stream_callback_get: ASM Stream PP event queue is not initialized.
01-15 23:04:45.734     0     0 I ueventd : loading /devices/soc/4080000.qcom,mss/firmware/modem.b10 took 94ms
01-15 23:04:45.737     0     0 E msm_compr_audio_effects_config_get: stream or effects inactive
01-15 23:04:45.740     0     0 E msm_adsp_stream_callback_get: ASM Stream PP event queue is not initialized.
01-15 23:04:45.759     0     0 I ueventd : firmware: loading 'modem.b11' for '/devices/soc/4080000.qcom,mss/firmware/modem.b11'
01-15 23:04:45.774     0     0 E msm_compr_audio_effects_config_get: stream or effects inactive
01-15 23:04:45.776     0     0 E msm_adsp_stream_callback_get: ASM Stream PP event queue is not initialized.
01-15 23:04:45.778     0     0 I MSM-CPP cpp_init_hardware: 1141 CPP HW Version: 0x60010002
01-15 23:04:45.779     0     0 E MSM-CPP cpp_init_hardware: 1159 stream_cnt:0
01-15 23:04:45.793     0     0 I ueventd : firmware: loading 'cpp_firmware_v1_12_0.fw' for '/devices/soc/ca04000.qcom,cpp/firmware/cpp_firmware_v1_12_0.fw'
01-15 23:04:45.797     0     0 I ueventd : loading /devices/soc/4080000.qcom,mss/firmware/modem.b11 took 38ms
01-15 23:04:45.806     0     0 I ueventd : loading /devices/soc/ca04000.qcom,cpp/firmware/cpp_firmware_v1_12_0.fw took 9ms
01-15 23:04:45.810     0     0 E msm_adsp_stream_callback_get: ASM Stream PP event queue is not initialized.
01-15 23:04:45.816     0     0 I ueventd : firmware: loading 'modem.b12' for '/devices/soc/4080000.qcom,mss/firmware/modem.b12'
01-15 23:04:45.818     0     0 I MSM-CPP cpp_release_hardware: 1222 cpp hw release done
01-15 23:04:45.876     0     0 E ipa2_nat_del_cmd: 799 Nat table not initialized
01-15 23:04:45.918     0     0 E msm_adsp_stream_callback_get: ASM Stream PP event queue is not initialized.
01-15 23:04:45.919     0     0 E msm_compr_audio_effects_config_get: stream or effects inactive
01-15 23:04:45.926     0     0 E msm_adsp_stream_callback_get: ASM Stream PP event queue is not initialized.
01-15 23:04:45.942     0     0 E msm_compr_audio_effects_config_get: stream or effects inactive
01-15 23:04:45.943     0     0 E msm_adsp_stream_callback_get: ASM Stream PP event queue is not initialized.
01-15 23:04:45.958     0     0 E msm_compr_audio_effects_config_get: stream or effects inactive
01-15 23:04:45.959     0     0 E msm_adsp_stream_callback_get: ASM Stream PP event queue is not initialized.
01-15 23:04:45.974     0     0 E msm_compr_audio_effects_config_get: stream or effects inactive
01-15 23:04:45.975     0     0 E msm_adsp_stream_callback_get: ASM Stream PP event queue is not initialized.
01-15 23:04:45.985   616   942 I Cryptfs : Signing safely-padded object
01-15 23:04:45.990     0     0 E msm_compr_audio_effects_config_get: stream or effects inactive
01-15 23:04:45.991     0     0 E msm_adsp_stream_callback_get: ASM Stream PP event queue is not initialized.
01-15 23:04:45.994   616   942 I vold    : List of Keymaster HALs found:
01-15 23:04:45.995   616   942 I vold    : Keymaster HAL #1: Keymaster HAL: 4 from QTI SecurityLevel: TRUSTED_ENVIRONMENT HAL: android.hardware.keymaster@4.0::IKeym
asterDevice/default
01-15 23:04:45.998   616   942 D vold    : Computing HMAC with params { (seed: dd84c8695f4ea1924f42921ed47de1b79adfcf421b4eb82018b9bfcb2cb07156, nonce: d1c8b2132040
a16cb79c3ec82a13fc12eb4b98ee56784d58851892a2a1dfcdf) }
01-15 23:04:45.998   616   942 D vold    : Computing HMAC for Keymaster HAL: 4 from QTI SecurityLevel: TRUSTED_ENVIRONMENT HAL: android.hardware.keymaster@4.0::IKey
masterDevice/default
01-15 23:04:45.999   753   753 I auditd  : type=1400 audit(0.0:28): avc: denied { read } for comm="android.hardwar" name="name" dev="sysfs" ino=52103 scontext=u:r:h
al_camera_default:s0 tcontext=u:object_r:sysfs:s0 tclass=file permissive=0
01-15 23:04:46.003   616   942 I vold    : Using Keymaster HAL: 4 from QTI for encryption.  Security level: TRUSTED_ENVIRONMENT, HAL: android.hardware.keymaster@4.0
::IKeymasterDevice/default
01-15 23:04:46.011     0     0 E         : msm_pcm_volume_ctl_get substream or runtime not found
01-15 23:04:46.083     0     0 E msm_adsp_stream_callback_get: ASM Stream PP event queue is not initialized.
01-15 23:04:46.138     0     0 I msm_pm_qos_update_request: update request 100
01-15 23:04:46.138     0     0 I msm_pm_qos_add_request: add requestmsm_pm_qos_update_request: update request -1
01-15 23:04:46.138     0     0 I msm_pm_qos_add_request: add request
01-15 23:04:46.156     0     0 D goodix-ts 4-005d: ts_resume
01-15 23:04:46.156     0     0 D goodix-ts 4-005d: Already in awake state
01-15 23:04:46.160     0     0 I msm_csid_init: CSID_VERSION = 0x30050000
01-15 23:04:46.161     0     0 I init    : Received control message 'start' for 'bootanim' from pid: 815 (/system/bin/surfaceflinger)
01-15 23:04:46.163     0     0 E         : msm_csid_irq CSID0_IRQ_STATUS_ADDR = 0x800
01-15 23:04:46.164     0     0 I init    : starting service 'bootanim'...
01-15 23:04:46.195     0     0 I init    : Service 'vendor.qcom-usb-sh' (pid 888) exited with status 0
01-15 23:04:46.199     0     0 I MSM-CPP cpp_init_hardware: 1141 CPP HW Version: 0x60010002
01-15 23:04:46.199     0     0 E MSM-CPP cpp_init_hardware: 1159 stream_cnt:0
01-15 23:04:46.210     0     0 I msm_cci_init: 1439: hw_version = 0x10060000
01-15 23:04:46.308     0     0 I ueventd : loading /devices/soc/4080000.qcom,mss/firmware/modem.b12 took 492ms
01-15 23:04:46.310     0     0 I MSM-CPP cpp_release_hardware: 1222 cpp hw release done
01-15 23:04:46.322     0     0 I ueventd : firmware: loading 'modem.b13' for '/devices/soc/4080000.qcom,mss/firmware/modem.b13'
01-15 23:04:46.341     0     0 I ueventd : loading /devices/soc/4080000.qcom,mss/firmware/modem.b13 took 19ms
01-15 23:04:46.352     0     0 I ueventd : firmware: loading 'modem.b14' for '/devices/soc/4080000.qcom,mss/firmware/modem.b14'
01-15 23:04:46.358     0     0 I ueventd : loading /devices/soc/4080000.qcom,mss/firmware/modem.b14 took 7ms
01-15 23:04:46.368     0     0 I ueventd : firmware: loading 'modem.b16' for '/devices/soc/4080000.qcom,mss/firmware/modem.b16'
01-15 23:04:46.370     0     0 I msm_pm_qos_update_request: update request 100
01-15 23:04:46.370     0     0 I msm_pm_qos_add_request: add requestmsm_pm_qos_update_request: update request -1
01-15 23:04:46.370     0     0 I msm_pm_qos_add_request: add request
01-15 23:04:46.375     0     0 W         : CAM_sensor (1049) used greatest stack depth: 10336 bytes left
01-15 23:04:46.385     0     0 I ueventd : loading /devices/soc/4080000.qcom,mss/firmware/modem.b16 took 17ms
01-15 23:04:46.385     0     0 I msm_csid_init: CSID_VERSION = 0x30050000
01-15 23:04:46.393     0     0 I ueventd : firmware: loading 'modem.b17' for '/devices/soc/4080000.qcom,mss/firmware/modem.b17'
01-15 23:04:46.393     0     0 E         : msm_csid_irq CSID0_IRQ_STATUS_ADDR = 0x800
01-15 23:04:46.410     0     0 I MSM-CPP cpp_init_hardware: 1141 CPP HW Version: 0x60010002
01-15 23:04:46.410     0     0 E MSM-CPP cpp_init_hardware: 1159 stream_cnt:0
01-15 23:04:46.435     0     0 I msm_cci_init: 1439: hw_version = 0x10060000
01-15 23:04:46.667     0     0 I ueventd : loading /devices/soc/4080000.qcom,mss/firmware/modem.b17 took 274ms
01-15 23:04:46.684     0     0 E         : msm_qti_pp_get_rms_value_control, back not active to query rms be_idx:3
01-15 23:04:46.704     0     0 E msm_voice_sound_focus_get: Error getting Sound Focus Params, err=-22
