03-06 16:38:56.083     0     0 I init    : starting service 'mlid'...
03-06 16:38:56.093     0     0 I init    : Created socket '/dev/socket/ssgqmig', mode 660, user 1001, group 3003
03-06 16:38:56.096     0     0 I init    : starting service 'loc_launcher'...
03-06 16:38:56.102  1334  1334 I imsrcsd : Uce Service HAL  loading imsrcsbaseimpl
03-06 16:38:56.114     0     0 I init    : starting service 'qcom-sh'...
03-06 16:38:56.114     0     0 I init    : Created socket '/dev/socket/mlid', mode 666, user 1021, group 1021
03-06 16:38:56.135     0     0 E init    : Could not start service 'crashdata-sh' as part of class 'late_start': File /vendor/bin/init.qcom.crashdata.sh(labeled "u:
object_r:vendor_file:s0") has incorrect label or no domain transition from u:r:init:s0 to another SELinux domain defined. Have you configured your service correctly
? https://source.android.com/security/selinux/device-policy#label_new_services_and_address_denials
03-06 16:38:56.139  1318  1318 I auditd  : type=1400 audit(0.0:76): avc: denied { read } for comm="thermal-engine" name="soc" dev="sysfs" ino=15308 scontext=u:r:the
rmal-engine:s0 tcontext=u:object_r:sysfs:s0 tclass=dir permissive=0
03-06 16:38:56.147     0     0 E init    : Could not start service 'qvop-daemon' as part of class 'late_start': Cannot find '/vendor/bin/qvop-daemon': No such file
or directory
03-06 16:38:56.171     0     0 I init    : starting service 'vendor.atfwd'...
03-06 16:38:56.188     0     0 E init    : Could not start service 'qseeproxydaemon' as part of class 'late_start': Cannot find '/system/vendor/bin/qseeproxydaemon'
: No such file or directory
03-06 16:38:56.188     0     0 E init    : Could not start service 'seemp_healthd' as part of class 'late_start': Cannot find '/vendor/bin/seemp_healthd': No such f
ile or directory
03-06 16:38:56.203     0     0 E init    : Could not start service 'chre' as part of class 'late_start': Cannot find '/vendor/bin/chre': No such file or directory
03-06 16:38:56.217     0     0 E init    : Could not start service 'audiod' as part of class 'late_start': Cannot find '/system/vendor/bin/audiod': No such file or
directory
03-06 16:38:56.219  1318  1318 I auditd  : type=1400 audit(0.0:77): avc: denied { read } for comm="thermal-engine" name="name" dev="sysfs" ino=47684 scontext=u:r:th
ermal-engine:s0 tcontext=u:object_r:sysfs:s0 tclass=file permissive=0
03-06 16:38:56.229     0     0 E init    : Could not start service 'mdtpd' as part of class 'late_start': Cannot find '/system/vendor/bin/mdtpd': No such file or di
rectory
03-06 16:38:56.242     0     0 E init    : Could not start service 'seempd' as part of class 'late_start': Cannot find '/system/bin/seempd': No such file or directo
ry
03-06 16:38:56.256     0     0 I init    : starting service 'gatekeeperd'...
03-06 16:38:56.264     0     0 I init    : starting service 'tombstoned'...
03-06 16:38:56.272     0     0 I init    : starting service 'update_engine'...
03-06 16:38:56.289     0     0 I init    : starting service 'usbd'...
03-06 16:38:56.296     0     0 I init    : Created socket '/dev/socket/tombstoned_crash', mode 666, user 1000, group 1000
03-06 16:38:56.297     0     0 I init    : Created socket '/dev/socket/tombstoned_intercept', mode 666, user 1000, group 1000
03-06 16:38:56.299     0     0 I init    : Created socket '/dev/socket/tombstoned_java_trace', mode 666, user 1000, group 1000
03-06 16:38:56.301     0     0 I init    : starting service 'dpmd'...
03-06 16:38:56.311     0     0 I init    : starting service 'vendor.qdmastatsd'...
03-06 16:38:56.319     0     0 I init    : Created socket '/dev/socket/dpmd', mode 660, user 0, group 1001
03-06 16:38:56.323     0     0 E init    : Could not start service 'vendor.tlocd' as part of class 'late_start': Cannot find '/vendor/bin/tloc_daemon': No such file
 or directory
03-06 16:38:56.323     0     0 I init    : Command 'class_start late_start' action=vold.decrypt=trigger_restart_framework (/init.rc:801) took 411ms and succeeded
03-06 16:38:56.325     0     0 I init    : Service 'energy-awareness' (pid 1324) exited with status 0
03-06 16:38:56.328     0     0 I init    : Created socket '/dev/socket/tcm', mode 660, user 0, group 3003
03-06 16:38:56.329     0     0 I init    : Service 'nqnfc_1_2_hal_service' (pid 1428) exited with status 1
03-06 16:38:56.329     0     0 I init    : Sending signal 9 to service 'nqnfc_1_2_hal_service' (pid 1428) process group...
03-06 16:38:56.330     0     0 I libprocessgroup: Successfully killed process cgroup uid 1027 pid 1428 in 0ms
03-06 16:38:56.331     0     0 E IPC_RTR : process_new_server_msg: Server 00001003 create rejected, version = 0
03-06 16:38:56.331     0     0 E init    : updatable process 'nqnfc_1_2_hal_service' exited 4 times before boot completed
03-06 16:38:56.332     0     0 E init    : Init cannot set 'ro.init.updatable_crashing' to '1': Read-only property was already set
03-06 16:38:56.333     0     0 I init    : Service 'nqnfcinfo' (pid 1446) exited with status 1
03-06 16:38:56.335     0     0 I init    : Created socket '/dev/socket/dpmwrapper', mode 660, user 0, group 3003
03-06 16:38:56.342     0     0 I init    : processing action (vold.decrypt=trigger_restart_framework) from (/vendor/etc/init/hw/init.qcom.rc:542)
03-06 16:38:56.345     0     0 I init    : Command 'start wcnss-service' action=vold.decrypt=trigger_restart_framework (/vendor/etc/init/hw/init.qcom.rc:544) took 0
ms and failed: service wcnss-service not found
03-06 16:38:56.347     0     0 I init    : Received control message 'stop' for 'ril-daemon' from pid: 1455 (stop ril-daemon)
03-06 16:38:56.347     0     0 E init    : Could not find 'ril-daemon' for ctl.stop
03-06 16:38:56.356     0     0 I init    : processing action (vold.decrypt=trigger_restart_framework) from (/vendor/etc/init/hw/init.target.rc:384)
03-06 16:38:56.358  1334  1334 I imsrcsd : Starting Service for First Time imsbaseimpl
03-06 16:38:56.365  1334  1334 I ServiceManagement: Registered com.qualcomm.qti.uceservice@2.1::IUceService/com.qualcomm.qti.uceservice (start delay of 1356ms)
03-06 16:38:56.366  1334  1334 I imsrcsd : ImsRcsBaseImpl CM_IMSCONNECTIONMANAGER_CREATE_CONNECTION Before Registering Service
03-06 16:38:56.375  1334  1334 I ServiceManagement: Registered com.qualcomm.qti.imscmservice@2.2::IImsCmService/qti.ims.connectionmanagerservice (start delay of 136
6ms)
03-06 16:38:56.375  1334  1334 I imsrcsd : ImsRcsBaseImpl CM_IMSCONNECTIONMANAGER_CREATE_CONNECTION After Registering Service
03-06 16:38:56.416     0     0 I init    : processing action (persist.vendor.qcomsysd.enabled=1) from (/vendor/etc/init/hw/init.qcom.rc:432)
03-06 16:38:56.418     0     0 I init    : Service 'bpfloader' (pid 1339) exited with status 0
03-06 16:38:56.424     0     0 I init    : processing action (persist.vendor.usb.config=*) from (/vendor/etc/init/hw/init.qcom.usb.rc:116)
03-06 16:38:56.437  1334  1334 I ServiceManagement: Registered vendor.qti.ims.callinfo@1.0::IService/default (start delay of 1428ms)
03-06 16:38:56.437  1334  1334 I imsrcsd : ImsRcsBaseImpl ImsCallInfo After Registering Service
03-06 16:38:56.529  1373  1373 I auditd  : type=1400 audit(0.0:78): avc: denied { read } for comm="android.hardwar" name="u:object_r:default_prop:s0" dev="tmpfs" in
o=4862 scontext=u:r:mediacodec:s0 tcontext=u:object_r:default_prop:s0 tclass=file permissive=0
03-06 16:38:56.537     0     0 I init    : Command 'setprop persist.sys.usb.config ${persist.vendor.usb.config}' action=persist.vendor.usb.config=* (/vendor/etc/ini
t/hw/init.qcom.usb.rc:117) took 112ms and succeeded
03-06 16:38:56.539     0     0 I init    : Service 'usbd' (pid 1502) exited with status 0
03-06 16:38:56.543     0     0 I init    : processing action (persist.vendor.usb.config=*) from (/vendor/etc/init/hw/init.qcom.factory.rc:67)
03-06 16:38:56.571     0     0 I init    : Received control message 'stop' for 'vendor.ril-daemon' from pid: 1512 (stop vendor.ril-daemon)
03-06 16:38:56.591     0     0 I msm_thermal: set_enabled enabled = 0
03-06 16:38:56.615     0     0 I init    : processing action (init.svc.zygote=running) from (/vendor/etc/init/hw/init.target.rc:426)
03-06 16:38:56.665     0     0 I init    : processing action (vendor.ims.QMI_DAEMON_STATUS=1) from (/vendor/etc/init/hw/init.target.rc:381)
03-06 16:38:56.668     0     0 I init    : starting service 'vendor.imsdatadaemon'...
03-06 16:38:56.681     0     0 I init    : Received control message 'start' for 'vendor.qcrild' from pid: 1547 (start vendor.qcrild)
03-06 16:38:56.683     0     0 I init    : starting service 'vendor.qcrild'...
03-06 16:38:56.693     0     0 I init    : Created socket '/dev/socket/ims_datad', mode 660, user 1000, group 1001
03-06 16:38:56.698     0     0 I init    : processing action (vendor.ims.QMI_DAEMON_STATUS=1) from (/vendor/etc/init/imsdatadaemon.rc:14)
03-06 16:38:56.869     0     0 I init    : Received control message 'start' for 'vendor.qcrild2' from pid: 1571 (start vendor.qcrild2)
03-06 16:38:56.870     0     0 I init    : starting service 'vendor.qcrild2'...
03-06 16:38:56.898     0     0 I init    : Created socket '/dev/socket/adpl_cmd_uds_file', mode 660, user 1001, group 1001
03-06 16:38:56.907     0     0 I init    : Received control message 'start' for 'vendor.msm_irqbalance' from pid: 1572 (start vendor.msm_irqbalance)
03-06 16:38:56.908     0     0 I init    : starting service 'vendor.msm_irqbalance'...
03-06 16:38:56.945  1596  1596 I imsrcsd : Uce Service HAL  is starting up...
03-06 16:38:56.946  1596  1596 I imsrcsd : getAndroidPropValue : vendor.ims.DATA_DAEMON_STATUS[1]
03-06 16:38:56.959     0     0 I init    : processing action (vendor.ims.DATA_DAEMON_STATUS=1) from (/vendor/etc/init/hw/init.target.rc:403)
03-06 16:38:56.961     0     0 I init    : Sending signal 9 to service 'vendor.ims_rtp_daemon' (pid 1328) process group...
03-06 16:38:56.980     0     0 I libprocessgroup: Successfully killed process cgroup uid 1000 pid 1328 in 18ms
03-06 16:38:57.001     0     0 I init    : Received control message 'start' for 'vendor.dataqti' from pid: 1576 (start vendor.dataqti)
03-06 16:38:57.003     0     0 I init    : starting service 'vendor.dataqti'...
03-06 16:38:57.017     0     0 I capability: warning: `msm_irqbalance' uses 32-bit capabilities (legacy support in use)
03-06 16:38:57.026     0     0 I init    : processing action (vendor.ims.DATA_DAEMON_STATUS=1) from (/vendor/etc/init/ims_rtp_daemon.rc:13)
03-06 16:38:57.033     0     0 I init    : Created socket '/dev/socket/qti_dpm_uds_file', mode 660, user 1001, group 1001
03-06 16:38:57.038     0     0 I init    : Service 'vendor.ims_rtp_daemon' (pid 1328) received signal 9
03-06 16:38:57.058     0     0 I init    : Received control message 'stop' for 'vendor.imsrcsservice' from pid: 1551 (/system/vendor/bin/imsdatadaemon)
03-06 16:38:57.058     0     0 I init    : Sending signal 9 to service 'vendor.imsrcsservice' (pid 1334) process group...
03-06 16:38:57.078     0     0 I libprocessgroup: Successfully killed process cgroup uid 1000 pid 1334 in 19ms
03-06 16:38:57.081     0     0 I init    : Service 'vendor.imsrcsservice' (pid 1334) received signal 9
03-06 16:38:57.092     0     0 I init    : Received control message 'start' for 'vendor.imsrcsservice' from pid: 1551 (/system/vendor/bin/imsdatadaemon)
03-06 16:38:57.094     0     0 I init    : starting service 'vendor.imsrcsservice'...
03-06 16:38:57.110     0     0 I init    : Received control message 'start' for 'vendor.dataadpl' from pid: 1588 (start vendor.dataadpl)
03-06 16:38:57.112     0     0 I init    : starting service 'vendor.dataadpl'...
03-06 16:38:57.117     0     0 I msm_pm_qos_update_request: update request 100
03-06 16:38:57.117     0     0 I msm_pm_qos_add_request: add requestmsm_pm_qos_update_request: update request -1
03-06 16:38:57.118     0     0 I msm_pm_qos_add_request: add request
03-06 16:38:57.118     0     0 I init    : processing action (ro.vendor.ril.mbn_copy_completed=1) from (/vendor/etc/init/hw/init.qcom.rc:817)
03-06 16:38:57.138     0     0 I msm_csid_init: CSID_VERSION = 0x30050000
03-06 16:38:57.152     0     0 E         : msm_csid_irq CSID0_IRQ_STATUS_ADDR = 0x800
03-06 16:38:57.161     0     0 I MSM-CPP cpp_init_hardware: 1141 CPP HW Version: 0x60010002
03-06 16:38:57.161     0     0 E MSM-CPP cpp_init_hardware: 1159 stream_cnt:0
03-06 16:38:57.199     0     0 I msm_cci_init: 1439: hw_version = 0x10060000
03-06 16:38:57.201     0     0 I init    : Service 'qcom-c_main-sh' (pid 1316) exited with status 0
03-06 16:38:57.233     0     0 I init    : Received control message 'stop' for 'vendor.dataadpl' from pid: 1600 (/system/vendor/bin/adpl)
03-06 16:38:57.233     0     0 I init    : Sending signal 9 to service 'vendor.dataadpl' (pid 1600) process group...
03-06 16:38:57.256     0     0 E ip_local_port_range: prefer different parity for start/end values.
03-06 16:38:57.257     0     0 I libprocessgroup: Successfully killed process cgroup uid 1001 pid 1600 in 23ms
03-06 16:38:57.262     0     0 I init    : Service 'vendor.dataadpl' (pid 1600) received signal 9
03-06 16:38:57.292     0     0 I MSM-CPP cpp_release_hardware: 1222 cpp hw release done
03-06 16:38:57.343     0     0 I msm_pm_qos_update_request: update request 100
03-06 16:38:57.343     0     0 I msm_pm_qos_add_request: add requestmsm_pm_qos_update_request: update request -1
03-06 16:38:57.343     0     0 I msm_pm_qos_add_request: add request
03-06 16:38:57.349     0     0 I msm_csid_init: CSID_VERSION = 0x30050000
03-06 16:38:57.358     0     0 E         : msm_csid_irq CSID2_IRQ_STATUS_ADDR = 0x800
03-06 16:38:57.378     0     0 I MSM-CPP cpp_init_hardware: 1141 CPP HW Version: 0x60010002
03-06 16:38:57.378     0     0 E MSM-CPP cpp_init_hardware: 1159 stream_cnt:0
03-06 16:38:57.412     0     0 I msm_cci_init: 1439: hw_version = 0x10060000
03-06 16:38:57.427     0     0 I init    : Service 'qcom-sh' (pid 1461) exited with status 0
03-06 16:38:57.541     0     0 I MSM-CPP cpp_release_hardware: 1222 cpp hw release done
03-06 16:38:58.468  1336  1336 I sysui_multi_action: [757,804,799,boot_zygote_init,801,58259,802,1]
03-06 16:38:58.476  1337  1337 I sysui_multi_action: [757,804,799,boot_zygote_init,801,58267,802,1]
03-06 16:38:58.493  1336  1336 I boot_progress_preload_start: 58285
03-06 16:38:58.496     0     0 I icnss   : WLAN FW is ready: 0xd87
03-06 16:38:58.502     0     0 I [kworker/u16:11][0x543960b0][16:38:58.264398] wlan: [779:I:HDD] hdd_soc_probe: 393: probing driver
03-06 16:38:58.508  1337  1337 D Zygote32Timing: PostZygoteInitGC took to complete: 15ms
03-06 16:38:58.508  1337  1337 D Zygote32Timing: ZygoteInit took to complete: 16ms
03-06 16:38:58.511     0     0 I ueventd : firmware: loading 'wlan/qca_cld/WCNSS_qcom_cfg.ini' for '/devices/soc/18800000.qcom,icnss/firmware/wlan!qca_cld!WCNSS_qco
m_cfg.ini'
03-06 16:38:58.521     0     0 I ueventd : loading /devices/soc/18800000.qcom,icnss/firmware/wlan!qca_cld!WCNSS_qcom_cfg.ini took 10ms
03-06 16:38:58.530     0     0 I [kworker/u16:11][0x5441929a][16:38:58.292369] wlan: [779:I:tdls] tdls_psoc_obj_create_notification: 68: TDLS obj attach to psoc suc
cessfully
03-06 16:38:58.530     0     0 I [kworker/u16:11][0x54419c5a][16:38:58.292499] wlan: [779:I:OBJMGR] wlan_objmgr_psoc_obj_create: 187: Created psoc 0
03-06 16:38:58.544     0     0 E ipa2_uc_reg_rdyCB: 1735 bad parm. inout=          (null)
03-06 16:38:58.544     0     0 I [kworker/u16:11][0x5445c54a][16:38:58.306699] wlan: [779:W:HIF] hif_snoc_enable_bus: device_init_wakeup already done
03-06 16:38:58.550     0     0 I [kworker/u16:11][0x5447725f][16:38:58.312420] wlan: [779:E:TXRX] hif_print_hal_shadow_register_cfg: CONFIG_SHADOW_V2 not defined
03-06 16:38:58.607     0     0 E IPC_RTR : process_new_server_msg: Server 00001003 create rejected, version = 0
03-06 16:38:58.614     0     0 I [kworker/u16:11][0x545a60bb][16:38:58.377038] wlan: [779:I:HIF] hif_snoc_bus_configure: 188: expecting wake from ce 2, irq 79
03-06 16:38:58.614     0     0 I [kworker/u16:11][0x545a6cae][16:38:58.377197] wlan: [779:E:QDF] cds_get_context: 1286: Module ID 66 context is Null
03-06 16:38:58.614     0     0 I [kworker/u16:11][0x545a703f][16:38:58.377245] wlan: [779:E:HDD] hdd_wlan_start_modules: 3091: WBUFF init unsuccessful; status: 11
03-06 16:38:58.615  1336  1336 D Zygote64Timing: BeginPreload took to complete: 121ms
03-06 16:38:58.632     0     0 I [kworker/u16:11][0x545f91a8][16:38:58.394757] wlan: [779:E:QDF] cds_get_context: 1286: Module ID 66 context is Null
03-06 16:38:58.633     0     0 I [kworker/u16:11][0x545fd3f9][16:38:58.395641] wlan: [779:F:WMA] WMA --> wmi_unified_attach - success
03-06 16:38:58.663     0     0 I [kworker/u16:11][0x5468a5ce][16:38:58.425746] wlan: [779:E:QDF] Target Ready! TX resource : 2 size:2184, MaxMsgsPerHTCBundle = 1
03-06 16:38:58.663     0     0 I [kworker/u16:11][0x5468a80a][16:38:58.425775] wlan: [779:E:QDF] SVS Index : 1 TX : 0x100 : alloc:2
03-06 16:38:58.667     0     0 I [kworker/u16:6][0x5469eb24][16:38:58.430083] wlan: [478:I:WMA] wma_rx_service_ready_event: Firmware build version : 1014832b
03-06 16:38:58.667     0     0 I [kworker/u16:6][0x5469ed49][16:38:58.430112] wlan: [478:I:WMA] wma_rx_service_ready_event: Board id: 0, Board version: 0 0 0 0 0
03-06 16:38:58.667     0     0 I [kworker/u16:6][0x5469fa4f][16:38:58.430286] wlan: [478:E:QDF] Num chain mask tables: 0
03-06 16:38:58.668     0     0 I [kworker/u16:6][0x546a107e][16:38:58.430581] wlan: [478:E:WMA] wma_update_supported_bands: wrong supported band
03-06 16:38:58.668     0     0 I [kworker/u16:6][0x546a198d][16:38:58.430702] wlan: [478:E:QDF] copy_fw_abi_version_tlv: INIT_CMD version: 1, 0, 0x5f414351, 0x4c4d,
 0x0, 0x0
03-06 16:38:58.694     0     0 I [kworker/u16:4][0x5471bed6][16:38:58.456800] wlan: [455:E:QDF] ready_extract_init_status_tlv:0
03-06 16:38:58.699     0     0 I [kworker/u16:4][0x547345d0][16:38:58.462012] wlan: [455:E:REGULATORY] reg_save_reg_rules_to_pdev: 2993: no reg rules in psoc
03-06 16:38:58.699     0     0 I [kworker/u16:4][0x54734879][16:38:58.462048] wlan: [455:I:dfs] WLAN_DEBUG_DFS_ALWAYS : wlan_dfs_pdev_obj_create_notification: 328:
Do not allocate DFS object for 2G, pdev_id = 0
03-06 16:38:58.699     0     0 I null_get_capability: 1518: SPECTRAL : get_capability not registered
03-06 16:38:58.699     0     0 I target_if_pdev_spectral_init: 1992: HAL_CAP_PHYDIAG : Capablenull_get_capability: 1518: SPECTRAL : get_capability not registered
03-06 16:38:58.699     0     0 I target_if_pdev_spectral_init: 1996: HAL_CAP_RADAR   : Capablenull_get_capability: 1518: SPECTRAL : get_capability not registered
03-06 16:38:58.699     0     0 I target_if_pdev_spectral_init: 2001: HAL_CAP_SPECTRAL_SCAN : Capablenull_get_tsf64: 1506: SPECTRAL : get_tsf64 not registered
03-06 16:38:58.699     0     0 I [kworker/u16:4][0x54735947][16:38:58.462272] wlan: [455:I:IPA] wlan_ipa_wdi_init: 522: UC Ready
03-06 16:38:58.700     0     0 I [kworker/u16:4][0x547370e1][16:38:58.462586] wlan: [455:I:OBJMGR] wlan_objmgr_pdev_obj_create: 176: Created pdev 0
03-06 16:38:58.700     0     0 I [kworker/u16:4][0x54737c61][16:38:58.462740] wlan: [455:I:HDD] hdd_update_tgt_cfg: 2217: hw_mac is zero
03-06 16:38:58.701     0     0 I [kworker/u16:11][0x5473cd87][16:38:58.463822] wlan: [779:I:WMA] wma_wait_for_ready_event: 7051: FW ready event received
03-06 16:38:58.789     0     0 I [kworker/u16:11][0x548dad7f][16:38:58.552142] wlan: [779:I:HTT] max pool size 64 pool filled 64
03-06 16:38:58.816     0     0 I [kworker/u16:11][0x54956235][16:38:58.578444] wlan: [779:I:HTT] HTT: full reorder offload enabled
03-06 16:38:59.053     0     0 E ipa_sps_irq_control_all: 963 EP (5) not allocated.
03-06 16:38:59.061     0     0 I chatty  : uid=0(root) logd identical 2 lines
03-06 16:38:59.070     0     0 E ipa_sps_irq_control_all: 963 EP (5) not allocated.
03-06 16:38:59.074     0     0 I [kworker/u16:11][0x54e0fef3][16:38:58.836534] wlan: [779:I:SYS] Creating periodic timer for OLBC UPDATE CACHE TIMEOUT
03-06 16:38:59.084     0     0 E cnss_utils: WLAN MAC address is not set, type 0
03-06 16:38:59.093     0     0 I ueventd : firmware: loading 'wlan/qca_cld/wlan_mac.bin' for '/devices/soc/18800000.qcom,icnss/firmware/wlan!qca_cld!wlan_mac.bin'
03-06 16:38:59.096     0     0 E firmware wlan!qca_cld!wlan_mac.bin: firmware_loading_store: map pages failed
03-06 16:38:59.097     0     0 I ueventd : loading /devices/soc/18800000.qcom,icnss/firmware/wlan!qca_cld!wlan_mac.bin took 4ms
03-06 16:38:59.097     0     0 I [kworker/u16:11][0x54e7f008][16:38:58.860229] wlan: [779:I:HDD] hdd_initialize_mac_address: 11163: using default MAC address
03-06 16:38:59.379     0     0 E ipa_sps_irq_control_all: 963 EP (5) not allocated.
03-06 16:38:59.383     0     0 E ipa_sps_irq_control_all: 963 EP (5) not allocated.
03-06 16:38:59.388     0     0 E ipa-wan handle_ingress_format: 1295 get AGG size 8192 count 10
03-06 16:38:59.390     0     0 E ipa_sps_irq_control_all: 963 EP (5) not allocated.
03-06 16:38:59.399     0     0 E ipa_assign_policy_v2: 3220 get close-by 8192
03-06 16:38:59.403     0     0 E ipa_assign_policy_v2: 3221 set rx_buff_sz 7808
03-06 16:38:59.408     0     0 E ipa_assign_policy_v2: 3242 set aggr_limit 6
03-06 16:38:59.416     0     0 E init    : Unable to set property 'ro.vendor.ril.svlte1x' to 'false' from uid:1001 gid:1001 pid:1574: Read-only property was already
 set
03-06 16:38:59.421     0     0 E init    : Unable to set property 'ro.vendor.ril.svdo' to 'false' from uid:1001 gid:1001 pid:1574: Read-only property was already se
t
03-06 16:38:59.491     0     0 E ipa-wan ipa_wwan_ioctl: 1582 dev(rmnet_data0) register to IPA
03-06 16:38:59.925     0     0 E ipa-wan ipa_wwan_ioctl: 1582 dev(rmnet_data1) register to IPA
03-06 16:39:00.073  1336  1336 D Zygote64Timing: PreloadClasses took to complete: 1458ms
03-06 16:39:00.098  1336  1336 D Zygote64Timing: CacheNonBootClasspathClassLoaders took to complete: 26ms
03-06 16:39:00.242     0     0 I init    : starting service 'vendor.ims_rtp_daemon'...
03-06 16:39:00.264     0     0 E ipa-wan ipa_wwan_ioctl: 1582 dev(rmnet_data2) register to IPA
03-06 16:39:00.446  1336  1336 D Zygote64Timing: PreloadResources took to complete: 348ms
03-06 16:39:00.537  1336  1336 I boot_progress_preload_end: 60328
03-06 16:39:00.537  1336  1336 D Zygote64Timing: ZygotePreload took to complete: 2043ms
03-06 16:39:00.602  1336  1336 D Zygote64Timing: PostZygoteInitGC took to complete: 65ms
03-06 16:39:00.602  1336  1336 D Zygote64Timing: ZygoteInit took to complete: 2108ms
03-06 16:39:00.641  1949  1949 F linker  : CANNOT LINK EXECUTABLE "/vendor/bin/hw/vendor.nxp.hardware.nfc@1.2-service": library "nfc_nci.nqx.default.hw.so" not foun
d
03-06 16:39:00.660  1369  1422 E storaged: getService package_native failed
03-06 16:39:00.665     0     0 E ipa-wan ipa_wwan_ioctl: 1582 dev(rmnet_data3) register to IPA
03-06 16:39:00.669  1369  1422 I storaged: storaged: Start
03-06 16:39:00.677     0     0 W healthd : battery l=44 v=7 t=0.0 h=2 st=3 chg=
03-06 16:39:00.845     0     0 I init    : starting service 'nqnfc_1_2_hal_service'...
03-06 16:39:00.852     0     0 E ipa-wan ipa_wwan_ioctl: 1582 dev(rmnet_data4) register to IPA
03-06 16:39:00.881     0     0 I init    : Service 'nqnfc_1_2_hal_service' (pid 1949) exited with status 1
03-06 16:39:00.881     0     0 I init    : Sending signal 9 to service 'nqnfc_1_2_hal_service' (pid 1949) process group...
03-06 16:39:00.882     0     0 I libprocessgroup: Successfully killed process cgroup uid 1027 pid 1949 in 0ms
03-06 16:39:00.882     0     0 E init    : updatable process 'nqnfc_1_2_hal_service' exited 4 times before boot completed
03-06 16:39:00.882     0     0 E init    : Init cannot set 'ro.init.updatable_crashing' to '1': Read-only property was already set
03-06 16:39:00.901     0     0 E FAKE_BATTERY: fake_batt_get_property: batt_mv=7392
03-06 16:39:01.188  1952  1952 I SystemServer: InitBeforeStartServices
03-06 16:39:01.192  1952  1952 I system_server_start: [1,60979,60979]
03-06 16:39:01.193  1952  1952 I SystemServer: Entered the Android system server!
03-06 16:39:01.193  1952  1952 I boot_progress_system_run: 60984
03-06 16:39:01.193  1952  1952 I sysui_multi_action: [757,804,799,boot_system_server_init,801,60984,802,1]
03-06 16:39:01.260     0     0 E ipa-wan ipa_wwan_ioctl: 1582 dev(rmnet_data5) register to IPA
03-06 16:39:01.599     0     0 E ipa-wan ipa_wwan_ioctl: 1582 dev(rmnet_data6) register to IPA
03-06 16:39:01.710  1952  1952 D SystemServerTiming: InitBeforeStartServices took to complete: 522ms
03-06 16:39:01.711  1952  1952 I SystemServer: StartServices
03-06 16:39:01.711  1952  1952 I SystemServer: StartWatchdog
03-06 16:39:01.746  1952  1952 D SystemServerTiming: StartWatchdog took to complete: 35ms
03-06 16:39:01.746  1952  1952 I SystemServer: Reading configuration...
03-06 16:39:01.746  1952  1952 I SystemServer: ReadingSystemConfig
03-06 16:39:01.747  1952  1952 D SystemServerTiming: ReadingSystemConfig took to complete: 1ms
03-06 16:39:01.747  1952  1952 I SystemServer: StartInstaller
03-06 16:39:01.747  1952  1952 I SystemServiceManager: Starting com.android.server.pm.Installer
03-06 16:39:01.748  1952  2004 D SystemServerInitThreadPool: Started executing ReadingSystemConfig
03-06 16:39:01.754  1952  1952 D SystemServerTiming: StartInstaller took to complete: 7ms
03-06 16:39:01.754  1952  1952 I SystemServer: DeviceIdentifiersPolicyService
03-06 16:39:01.754  1952  1952 I SystemServiceManager: Starting com.android.server.os.DeviceIdentifiersPolicyService
03-06 16:39:01.755  1952  1952 D SystemServerTiming: DeviceIdentifiersPolicyService took to complete: 1ms
03-06 16:39:01.755  1952  1952 I SystemServer: UriGrantsManagerService
03-06 16:39:01.755  1952  1952 I SystemServiceManager: Starting com.android.server.uri.UriGrantsManagerService$Lifecycle
03-06 16:39:01.756  1952  1952 D SystemServerTiming: UriGrantsManagerService took to complete: 2ms
03-06 16:39:01.756  1952  1952 I SystemServer: StartActivityManager
03-06 16:39:01.756  1952  1952 I SystemServiceManager: Starting com.android.server.wm.ActivityTaskManagerService$Lifecycle
03-06 16:39:01.780  1952  1952 I SystemServiceManager: Starting com.android.server.am.ActivityManagerService$Lifecycle
03-06 16:39:01.844  1952  1952 I ActivityManager: Memory class: 256
03-06 16:39:01.864  1952  1952 D BatteryStatsImpl: Reading daily items from /data/system/batterystats-daily.xml
03-06 16:39:01.876  1952  2014 E BatteryExternalStatsWorker: no controller energy info supplied for telephony
03-06 16:39:01.881  1952  2014 I KernelCpuUidFreqTimeReader: mPerClusterTimesAvailable=false
03-06 16:39:01.897  1952  2014 E KernelCpuSpeedReader: Failed to read cpu-freq: /sys/devices/system/cpu/cpu4/cpufreq/stats/time_in_state: open failed: ENOENT (No su
ch file or directory)
03-06 16:39:01.897  1952  2004 W SystemConfig: No directory /product/etc/sysconfig, skipping
03-06 16:39:01.897  1952  2014 E KernelCpuSpeedReader: Failed to read cpu-freq: /sys/devices/system/cpu/cpu0/cpufreq/stats/time_in_state: open failed: ENOENT (No su
ch file or directory)
03-06 16:39:01.906  1952  2014 W KernelMemoryBandwidthStats: No kernel memory bandwidth stats available
03-06 16:39:01.924  1952  2009 I commit_sys_config_file: [batterystats,13]
03-06 16:39:01.934  1952  2009 I commit_sys_config_file: [batterystats,10]
03-06 16:39:01.937  1952  1952 I IntentFirewall: Read new rules (A:0 B:0 S:0)
03-06 16:39:01.946  1596  1596 I imsrcsd : getAndroidPropValue : vendor.ims.modem.multisub.cap[2]
03-06 16:39:01.946  1596  1596 I imsrcsd : Uce Service HAL  detected modemVersion[2]
03-06 16:39:01.946  1596  1596 I imsrcsd : Uce Service HAL  loading lib-imsrcs-v2
03-06 16:39:01.966  1952  2004 W SystemConfig: No directory /product_services/etc/sysconfig, skipping
03-06 16:39:01.966  1952  2004 W SystemConfig: No directory /product_services/etc/permissions, skipping
03-06 16:39:01.966  1952  2004 D SystemServerInitThreadPool: Finished executing ReadingSystemConfig
03-06 16:39:02.002  1596  1596 I Diag_Lib: StartImsService
03-06 16:39:02.002  1596  1596 I imsrcsd : ImsServiceMain startService[1]
03-06 16:39:02.006  1952  1952 D AppOps  : AppOpsService published
03-06 16:39:02.006  1952  1952 W SystemServiceManager: Service com.android.server.am.ActivityManagerService$Lifecycle took 55 ms in onStart
03-06 16:39:02.006  1952  1952 D SystemServerTiming: StartActivityManager took to complete: 250ms
03-06 16:39:02.007  1952  1952 I SystemServer: StartPowerManager
03-06 16:39:02.007  1952  1952 I SystemServiceManager: Starting com.android.server.power.PowerManagerService
03-06 16:39:02.015     0     0 E ipa-wan ipa_wwan_ioctl: 1582 dev(rmnet_data7) register to IPA
03-06 16:39:02.016  1596  2020 I ServiceManagement: Registered vendor.qti.ims.callinfo@1.0::IService/default (start delay of 5157ms)
03-06 16:39:02.016  1596  2020 I imsrcsd : ImsServiceMain Running..
03-06 16:39:02.028  1952  1952 D SystemServerTiming: StartPowerManager took to complete: 21ms
03-06 16:39:02.028  1952  1952 I SystemServer: StartThermalManager
03-06 16:39:02.028  1952  1952 I SystemServiceManager: Starting com.android.server.power.ThermalManagerService
03-06 16:39:02.029  1952  1952 D SystemServerTiming: StartThermalManager took to complete: 1ms
03-06 16:39:02.029  1952  1952 I SystemServer: InitPowerManagement
03-06 16:39:02.030  1952  1952 D SystemServerTiming: InitPowerManagement took to complete: 1ms
03-06 16:39:02.030  1952  1952 I SystemServer: StartRecoverySystemService
03-06 16:39:02.030  1952  1952 I SystemServiceManager: Starting com.android.server.RecoverySystemService
03-06 16:39:02.032  1952  1952 D SystemServerTiming: StartRecoverySystemService took to complete: 1ms
03-06 16:39:02.033  1952  1952 V RescueParty: Disabled because of active USB connection
03-06 16:39:02.033  1952  1952 I SystemServer: StartLightsService
03-06 16:39:02.033  1952  1952 I SystemServiceManager: Starting com.android.server.lights.LightsService
03-06 16:39:02.039  1952  1952 D SystemServerTiming: StartLightsService took to complete: 6ms
03-06 16:39:02.039  1952  1952 I SystemServer: StartSidekickService
03-06 16:39:02.039  1952  1952 D SystemServerTiming: StartSidekickService took to complete: 0ms
03-06 16:39:02.040  1952  1952 I SystemServer: StartDisplayManager
03-06 16:39:02.040  1952  1952 I SystemServiceManager: Starting com.android.server.display.DisplayManagerService
03-06 16:39:02.046  1952  1952 D SystemServerTiming: StartDisplayManager took to complete: 6ms
03-06 16:39:02.046  1952  1952 I SystemServer: WaitForDisplay
03-06 16:39:02.046  1952  1952 I SystemServiceManager: Starting phase 100
03-06 16:39:02.051  1952  1997 I DisplayManagerService: Display device added: DisplayDeviceInfo{"": uniqueId="local:0", 1080 x 1920, modeId 1, defaultModeId
 1, supportedModes [{id=1, width=1080, height=1920, fps=60.000004}], colorMode 0, supportedColorModes [0], HdrCapabilities android.view.Display$HdrCapabilities@40f1
6308, density 480, 318.976 x 320.842 dpi, appVsyncOff 1000000, presDeadline 16666666, touch INTERNAL, rotation 0, type BUILT_IN, address {port=0}, state UNKNOWN, FL
AG_DEFAULT_DISPLAY, FLAG_ROTATES_WITH_CONTENT, FLAG_SECURE, FLAG_SUPPORTS_PROTECTED_BUFFERS}
03-06 16:39:02.058  1952  1952 D SystemServerTiming: WaitForDisplay took to complete: 13ms
03-06 16:39:02.059  1952  1997 I DisplayManagerService: Display device changed state: "", ON
03-06 16:39:02.059  1952  1952 I sysui_multi_action: [757,804,799,boot_package_manager_init_start,801,61850,802,1]
03-06 16:39:02.059  1952  1952 I SystemServer: StartPackageManagerService
03-06 16:39:02.059  1952  1952 I Watchdog: Pausing HandlerChecker: main thread for reason: packagemanagermain. Pause count: 1
03-06 16:39:02.082  1952  1952 I boot_progress_pms_start: 61874
03-06 16:39:02.095  1952  1952 D SELinuxMMAC: Using policy file /system/etc/selinux/plat_mac_permissions.xml
03-06 16:39:02.098  1952  1952 D SELinuxMMAC: Using policy file /vendor/etc/selinux/vendor_mac_permissions.xml
03-06 16:39:02.315  1952  2021 W ProcessCpuTracker: Failed to stat(/proc/2024): android.system.ErrnoException: stat failed: ENOENT (No such file or directory)
03-06 16:39:02.316  1952  2021 W ProcessCpuTracker: Skipping unknown process pid 2024
03-06 16:39:02.384  1952  1952 I boot_progress_pms_system_scan_start: 62175
03-06 16:39:02.387  1952  1952 D PackageManager: Destroying unknown cache 0b3789befde747b79ef25cd18f8a3119d5ee3abc
03-06 16:39:02.516  1952  1952 W PackageManager: Wiping cache directory because the system partition changed.
03-06 16:39:02.608  1952  1952 W PackageManager: Failed to parse /system/framework/oat: Missing base APK in /system/framework/oat
03-06 16:39:02.608  1952  1952 W PackageManager: Failed to parse /system/framework/arm: Missing base APK in /system/framework/arm
03-06 16:39:02.610  1952  1952 W PackageManager: Failed to parse /system/framework/arm64: Missing base APK in /system/framework/arm64
03-06 16:39:02.671  1952  2054 W PackageParser: Ignoring duplicate uses-permissions/uses-permissions-sdk-m: android.permission.INSTALL_GRANT_RUNTIME_PERMISSIONS in
package: com.android.shell at: Binary XML file line #127
03-06 16:39:03.054  1952  2054 I dvm_lock_sample: [system_server,0,package-parsing-thread1,241,PackageManagerService.java,-1,java.lang.String[] com.android.server.p
m.PackageManagerService$ParallelPackageParserCallback.getStaticOverlayPaths(java.lang.String, java.lang.String),BinderProxy.java,-2,boolean android.os.BinderProxy.t
ransactNative(int, android.os.Parcel, android.os.Parcel, int),48]
03-06 16:39:03.054  1952  2057 I dvm_lock_sample: [system_server,0,package-parsing-thread4,241,PackageManagerService.java,-1,java.lang.String[] com.android.server.p
m.PackageManagerService$ParallelPackageParserCallback.getStaticOverlayPaths(java.lang.String, java.lang.String),BinderProxy.java,-2,boolean android.os.BinderProxy.t
ransactNative(int, android.os.Parcel, android.os.Parcel, int),48]
03-06 16:39:03.055  1952  2054 W PackageParser: Ignoring duplicate uses-permissions/uses-permissions-sdk-m: android.permission.ACCESS_NETWORK_STATE in package: com.
android.mms at: Binary XML file line #60
03-06 16:39:03.056  1952  2055 I PackageParser: Parse times for '/system/priv-app/xtra_t_app': parse=272ms, update_cache=2 ms
03-06 16:39:03.057  1952  2057 I PackageParser: Parse times for '/system/priv-app/ProxyHandler': parse=253ms, update_cache=2 ms
03-06 16:39:03.057  1952  2056 I PackageParser: Parse times for '/system/priv-app/QtiSoundRecorder': parse=262ms, update_cache=2 ms
03-06 16:39:03.062  1952  2054 I PackageParser: Parse times for '/system/priv-app/Mms': parse=298ms, update_cache=3 ms
03-06 16:39:03.356  1952  2080 W PackageParser: No actions in intent filter at /system/app/CarrierDefaultApp/CarrierDefaultApp.apk Binary XML file line #43
03-06 16:39:03.373  1952  2082 W PackageParser: No actions in intent filter at /system/app/BluetoothExt/BluetoothExt.apk Binary XML file line #48
03-06 16:39:03.406  1952  2080 W PackageParser: Ignoring duplicate uses-permissions/uses-permissions-sdk-m: android.permission.CALL_PHONE in package: com.meigsmart.
meigrs32 at: Binary XML file line #25
03-06 16:39:03.406  1952  2080 W PackageParser: Unknown element under <manifest>: meta-data at /system/app/CITApp/CITApp.apk Binary XML file line #59
03-06 16:39:03.406  1952  2083 W PackageParser: Ignoring duplicate uses-permissions/uses-permissions-sdk-m: android.permission.CHANGE_WIFI_STATE in package: com.and
roid.nfc at: Binary XML file line #52
03-06 16:39:03.406  1952  2083 W PackageParser: Ignoring duplicate uses-permissions/uses-permissions-sdk-m: android.permission.ACCESS_WIFI_STATE in package: com.and
roid.nfc at: Binary XML file line #53
03-06 16:39:03.429  1952  2082 W PackageParser: Ignoring duplicate uses-permissions/uses-permissions-sdk-m: android.permission.INTERACT_ACROSS_USERS in package: com
.qualcomm.qct.dlt at: Binary XML file line #32
03-06 16:39:03.432  1952  2081 W PackageParser: Ignoring duplicate uses-permissions/uses-permissions-sdk-m: android.permission.SYSTEM_ALERT_WINDOW in package: com.a
ndroid.music at: Binary XML file line #39
03-06 16:39:03.433  1952  2081 W PackageParser: No actions in intent filter at /system/app/SnapdragonMusic/SnapdragonMusic.apk Binary XML file line #71
03-06 16:39:03.433  1952  2081 W PackageParser: No actions in intent filter at /system/app/SnapdragonMusic/SnapdragonMusic.apk Binary XML file line #207
03-06 16:39:03.458  1952  2082 W PackageParser: Ignoring duplicate uses-permissions/uses-permissions-sdk-m: android.permission.WAKE_LOCK in package: com.qualcomm.qt
i.qmmi at: Binary XML file line #25
03-06 16:39:03.458  1952  2082 W PackageParser: Ignoring duplicate uses-permissions/uses-permissions-sdk-m: android.permission.READ_PHONE_STATE in package: com.qual
comm.qti.qmmi at: Binary XML file line #38
03-06 16:39:03.458  1952  2082 W PackageParser: Ignoring duplicate uses-permissions/uses-permissions-sdk-m: android.permission.DISABLE_KEYGUARD in package: com.qual
comm.qti.qmmi at: Binary XML file line #44
03-06 16:39:03.487  1952  2081 W PackageParser: Ignoring duplicate uses-permissions/uses-permissions-sdk-m: android.permission.ACCESS_NETWORK_STATE in package: com.
android.bluetooth at: Binary XML file line #79
03-06 16:39:03.487  1952  2081 W PackageParser: Ignoring duplicate uses-permissions/uses-permissions-sdk-m: android.permission.INTERNET in package: com.android.blue
tooth at: Binary XML file line #82
03-06 16:39:03.487  1952  2081 W PackageParser: No actions in intent filter at /system/app/Bluetooth/Bluetooth.apk Binary XML file line #277
03-06 16:39:03.644  1952  2110 W PackageParser: Ignoring duplicate uses-permissions/uses-permissions-sdk-m: android.permission.CONFIGURE_WIFI_DISPLAY in package: co
m.android.systemui at: Binary XML file line #152
03-06 16:39:03.730  1952  2111 W PackageParser: No actions in intent filter at /system/product/priv-app/Contacts/Contacts.apk Binary XML file line #412
03-06 16:39:03.788  1952  2110 I PackageParser: Parse times for '/system/product/priv-app/Settings': parse=131ms, update_cache=7 ms
03-06 16:39:03.796  1952  1952 W PackageManager: Skipping provider name androidx.lifecycle.process.lifecycle-process (in package com.android.settings): name already
 used by com.android.systemui
03-06 16:39:03.802  1952  2112 W PackageParser: Unknown element under <manifest>: meta-data at /system/product/priv-app/QtiDialer/QtiDialer.apk Binary XML file line
 #113
03-06 16:39:03.895     0     0 I [netmgrd][0x5aa7f301][16:39:03.884695] wlan: [1462:E:HDD] __hdd_validate_adapter: 874: bad adapter magic (via __wlan_hdd_ipv6_chang
ed)
03-06 16:39:03.916  1596  2019 I Diag_Lib: OnServiceStatusReceived iStatus[0]
03-06 16:39:03.917  1596  2019 E Diag_Lib: Modem does not support UCE/IMS-CM, proceed to register HAL's
03-06 16:39:03.917  1596  2019 I Diag_Lib: Starting Service for First Time
03-06 16:39:03.918  1596  2019 I ServiceManagement: Registered com.qualcomm.qti.uceservice@2.1::IUceService/com.qualcomm.qti.uceservice (start delay of 7060ms)
03-06 16:39:03.919  1596  2019 I Diag_Lib: CM_IMSCONNECTIONMANAGER_CREATE_CONNECTION Before Registering Service
03-06 16:39:03.922  1596  2019 I ServiceManagement: Registered com.qualcomm.qti.imscmservice@2.2::IImsCmService/qti.ims.connectionmanagerservice (start delay of 706
3ms)
03-06 16:39:03.922  1596  2019 I Diag_Lib: CM_IMSCONNECTIONMANAGER_CREATE_CONNECTION After Registering Service
03-06 16:39:03.953  1952  2121 I PackageParser: Parse times for '/system/product/app/LatinIME': parse=136ms, update_cache=1 ms
03-06 16:39:03.992  1952  2121 W PackageParser: Ignoring duplicate uses-permissions/uses-permissions-sdk-m: android.permission.WRITE_CONTACTS in package: com.androi
d.email at: Binary XML file line #45
03-06 16:39:04.042  1952  1952 I PackageManager: Finished scanning system apps. Time: 1658 ms, packageCount: 184 , timePerPackage: 9 , cached: 0
03-06 16:39:04.042  1952  1952 I boot_progress_pms_data_scan_start: 63833
03-06 16:39:04.082  1952  1952 I PackageManager: Finished scanning non-system apps. Time: 40 ms, packageCount: 1 , timePerPackage: 40 , cached: 0
03-06 16:39:04.084  1952  1952 E PackageManager: updateAllSharedLibrariesLPw failed: Package com.qualcomm.qti.uim requires unavailable shared library com.qualcomm.q
ti.uim.uimservicelibrary; failing!
03-06 16:39:04.087  1952  1952 I boot_progress_pms_scan_end: 63879
03-06 16:39:04.087  1952  1952 I PackageManager: Time to scan packages: 1.704 seconds
03-06 16:39:04.090  1952  1952 I PackageManager: Un-granting permission android.permission.GLOBAL_SEARCH from package com.android.quicksearchbox (protectionLevel=18
 flags=0x3008be45)
03-06 16:39:04.092  1952  1952 I PackageManager: Un-granting permission android.permission.MANAGE_DOCUMENTS from package com.android.mms (protectionLevel=262146 fla
gs=0x2849be65)
03-06 16:39:04.098  1952  1952 I PackageManager: Un-granting permission android.permission.INTERACT_ACROSS_USERS_FULL from package org.codeaurora.snapcam (protectio
nLevel=258 flags=0x2058bc45)
03-06 16:39:04.098  1952  1952 I PackageManager: Un-granting permission android.permission.SET_ORIENTATION from package org.codeaurora.snapcam (protectionLevel=2 fl
ags=0x2058bc45)
03-06 16:39:04.100  1952  1952 V PackageManager: reconcileAppsData for null u0 0x3 migrateAppData=true
03-06 16:39:04.614  1952  1952 V PackageManager: reconcileAppsData finished 28 packages
03-06 16:39:04.615  1952  2127 D SystemServerInitThreadPool: Started executing prepareAppData
03-06 16:39:04.780  1952  1952 I commit_sys_config_file: [package-user-0,9]
03-06 16:39:04.780  1952  1952 I commit_sys_config_file: [package,165]
03-06 16:39:04.780  1952  1952 I boot_progress_pms_ready: 64571
03-06 16:39:04.782  1952  1952 D PackageManager: Ephemeral resolver NOT found; no matching intent filters
03-06 16:39:04.782  1952  1952 D PackageManager: Instant App installer not found with android.intent.action.INSTALL_INSTANT_APP_PACKAGE
03-06 16:39:04.782  1952  1952 D PackageManager: Clear ephemeral installer activity
03-06 16:39:04.878  1952  1952 I Watchdog: Resuming HandlerChecker: main thread for reason: packagemanagermain. Pause count: 0
03-06 16:39:04.879  1952  1952 D SystemServerTiming: StartPackageManagerService took to complete: 2820ms
03-06 16:39:04.879  1952  1952 I sysui_multi_action: [757,804,799,boot_package_manager_init_ready,801,64670,802,1]
03-06 16:39:04.879  1952  1952 I SystemServer: StartOtaDexOptService
03-06 16:39:04.879  1952  1952 I Watchdog: Pausing HandlerChecker: main thread for reason: moveab. Pause count: 1
03-06 16:39:04.881  1952  1952 D OTADexopt: No upgrade, skipping A/B artifacts check.
03-06 16:39:04.881  1952  1952 I Watchdog: Resuming HandlerChecker: main thread for reason: moveab. Pause count: 0
03-06 16:39:04.881  1952  1952 D SystemServerTiming: StartOtaDexOptService took to complete: 1ms
03-06 16:39:04.881  1952  1952 I SystemServer: StartUserManagerService
03-06 16:39:04.881  1952  1952 I SystemServiceManager: Starting com.android.server.pm.UserManagerService$LifeCycle
03-06 16:39:04.882  1952  1952 D SystemServerTiming: StartUserManagerService took to complete: 1ms
03-06 16:39:04.882  1952  1952 I SystemServer: InitAttributerCache
03-06 16:39:04.882  1952  1952 D SystemServerTiming: InitAttributerCache took to complete: 1ms
03-06 16:39:04.882  1952  1952 I SystemServer: SetSystemProcess
03-06 16:39:04.892  1952  1952 I am_uid_running: 1000
03-06 16:39:04.894  1952  1952 I am_uid_active: 1000
03-06 16:39:04.895  1952  1952 D SystemServerTiming: SetSystemProcess took to complete: 12ms
03-06 16:39:04.895  1952  1952 I SystemServer: InitWatchdog
03-06 16:39:04.895  1952  1952 D SystemServerTiming: InitWatchdog took to complete: 1ms
03-06 16:39:04.897  1952  1952 I SystemServer: StartOverlayManagerService
03-06 16:39:04.916     0     0 I init    : Received control message 'start' for 'idmap2d' from pid: 1952 (system_server)
03-06 16:39:04.994  1952  2009 I commit_sys_config_file: [package-perms-0,13]
03-06 16:39:05.104  1952  1952 D SystemServerTiming: StartOverlayManagerService took to complete: 206ms
03-06 16:39:05.104  1952  1952 I SystemServer: StartSensorPrivacyService
03-06 16:39:05.107  1952  1952 D SystemServerTiming: StartSensorPrivacyService took to complete: 3ms
03-06 16:39:05.108  1952  1952 I SystemServer: StartBatteryService
03-06 16:39:05.108  1952  1952 I SystemServiceManager: Starting com.android.server.BatteryService
03-06 16:39:05.109  1952  2130 D SystemServerInitThreadPool: Started executing StartSensorService
03-06 16:39:05.113  1952  1996 I commit_sys_config_file: [overlays,11]
03-06 16:39:05.123  1952  2008 I battery_status: [3,2,1,0,]
03-06 16:39:05.123  1952  2008 I battery_level: [44,7,0]
03-06 16:39:05.124  1952  2008 E BatteryService: breath leds update!
03-06 16:39:05.128     0     0 E FAKE_BATTERY: fake_batt_get_property: batt_mv=7392
03-06 16:39:05.132  1952  2130 D SystemServerTimingAsync: StartSensorService took to complete: 23ms
03-06 16:39:05.132  1952  2130 D SystemServerInitThreadPool: Finished executing StartSensorService
03-06 16:39:05.132  1952  2014 E BatteryExternalStatsWorker: no controller energy info supplied for telephony
03-06 16:39:05.132     0     0 W healthd : battery l=44 v=7 t=0.0 h=2 st=3 chg=
03-06 16:39:05.136     0     0 E FAKE_BATTERY: fake_batt_get_property: batt_mv=7392
03-06 16:39:05.141  1952  2014 E KernelCpuSpeedReader: Failed to read cpu-freq: /sys/devices/system/cpu/cpu4/cpufreq/stats/time_in_state: open failed: ENOENT (No su
ch file or directory)
03-06 16:39:05.141  1952  2014 E KernelCpuSpeedReader: Failed to read cpu-freq: /sys/devices/system/cpu/cpu0/cpufreq/stats/time_in_state: open failed: ENOENT (No su
ch file or directory)
03-06 16:39:05.142  1952  1952 I HealthServiceWrapper: health: HealthServiceWrapper listening to instance default
03-06 16:39:05.142  1952  1952 I BatteryService: health: Waited 0ms and received the update.
03-06 16:39:05.142  1952  1952 E BatteryService: breath leds register!
03-06 16:39:05.145  1952  1952 D SystemServerTiming: StartBatteryService took to complete: 38ms
03-06 16:39:05.145  1952  1952 I SystemServer: StartUsageService
03-06 16:39:05.145  1952  1952 I SystemServiceManager: Starting com.android.server.usage.UsageStatsService
03-06 16:39:05.147     0     0 W healthd : battery l=44 v=7 t=0.0 h=2 st=3 chg=
03-06 16:39:05.163  1952  1952 I UsageStatsService: User[0] Rollover scheduled @ 1970-03-07 16:39:05(5675945150)
03-06 16:39:05.164  1952  1952 D SystemServerTiming: StartUsageService took to complete: 18ms
03-06 16:39:05.164  1952  1952 I SystemServer: StartWebViewUpdateService
03-06 16:39:05.164  1952  1952 I SystemServiceManager: Starting com.android.server.webkit.WebViewUpdateService
03-06 16:39:05.167  1952  1952 D SystemServerTiming: StartWebViewUpdateService took to complete: 4ms
03-06 16:39:05.167  1952  1952 I SystemServer: StartCachedDeviceStateService
03-06 16:39:05.167  1952  1952 I SystemServiceManager: Starting com.android.server.CachedDeviceStateService
03-06 16:39:05.167  1952  1952 D SystemServerTiming: StartCachedDeviceStateService took to complete: 0ms
03-06 16:39:05.167  1952  1952 I SystemServer: StartBinderCallsStatsService
03-06 16:39:05.167  1952  1952 I SystemServiceManager: Starting com.android.server.BinderCallsStatsService$LifeCycle
03-06 16:39:05.168  1952  2014 E KernelCpuSpeedReader: Failed to read cpu-freq: /sys/devices/system/cpu/cpu0/cpufreq/stats/time_in_state: open failed: ENOENT (No su
ch file or directory)
03-06 16:39:05.169  1952  2014 E KernelCpuSpeedReader: Failed to read cpu-freq: /sys/devices/system/cpu/cpu4/cpufreq/stats/time_in_state: open failed: ENOENT (No su
ch file or directory)
03-06 16:39:05.169  1952  1952 D SystemServerTiming: StartBinderCallsStatsService took to complete: 2ms
03-06 16:39:05.169  1952  1952 I SystemServer: StartLooperStatsService
03-06 16:39:05.169  1952  1952 I SystemServiceManager: Starting com.android.server.LooperStatsService$Lifecycle
03-06 16:39:05.171  1952  1952 D SystemServerTiming: StartLooperStatsService took to complete: 1ms
03-06 16:39:05.171  1952  1952 I SystemServer: StartRollbackManagerService
03-06 16:39:05.171  1952  1952 I SystemServiceManager: Starting com.android.server.rollback.RollbackManagerService
03-06 16:39:05.172     0     0 E FAKE_BATTERY: fake_batt_get_property: batt_mv=7392
03-06 16:39:05.174     0     0 W healthd : battery l=44 v=7 t=0.0 h=2 st=3 chg=
03-06 16:39:05.185  1952  2014 E KernelCpuSpeedReader: Failed to read cpu-freq: /sys/devices/system/cpu/cpu0/cpufreq/stats/time_in_state: open failed: ENOENT (No su
ch file or directory)
03-06 16:39:05.186  1952  2014 E KernelCpuSpeedReader: Failed to read cpu-freq: /sys/devices/system/cpu/cpu4/cpufreq/stats/time_in_state: open failed: ENOENT (No su
ch file or directory)
03-06 16:39:05.190  1952  1952 D SystemServerTiming: StartRollbackManagerService took to complete: 19ms
03-06 16:39:05.190  1952  1952 I SystemServer: StartBugreportManagerService
03-06 16:39:05.190  1952  1952 I SystemServiceManager: Starting com.android.server.os.BugreportManagerService
03-06 16:39:05.192  1952  1952 D SystemServerTiming: StartBugreportManagerService took to complete: 1ms
03-06 16:39:05.192  1952  1952 I SystemServer: GpuService
03-06 16:39:05.192  1952  1952 I SystemServiceManager: Starting com.android.server.gpu.GpuService
03-06 16:39:05.192  1952  1952 D SystemServerTiming: GpuService took to complete: 0ms
03-06 16:39:05.193  1952  1952 I SystemServer: StartKeyAttestationApplicationIdProviderService
03-06 16:39:05.193  1952  2139 D SystemServerInitThreadPool: Started executing SecondaryZygotePreload
03-06 16:39:05.193  1952  2139 I SystemServer: SecondaryZygotePreload
03-06 16:39:05.195  1952  1952 D SystemServerTiming: StartKeyAttestationApplicationIdProviderService took to complete: 2ms
