er -keyb/v/h -nav/h winConfig={ mBounds=Rect(0, 0 - 1080, 1920) mAppBounds=Rect(0, 0 - 1080, 1776) mWindowingMode=fullscreen mDisplayWindowingMode=fullscreen mActiv
ityType=undefined mAlwaysOnTop=undefined mRotation=ROTATION_0} s.2}
01-17 18:18:19.053  1869  1869 I ActivityTaskManager: Override config changes=60007dfc {1.0 ?mcc?mnc [zh_CN] ldltr sw360dp w360dp h568dp 480dpi nrml port ?uimode ?n
ight finger -keyb/v/h -nav/h winConfig={ mBounds=Rect(0, 0 - 1080, 1920) mAppBounds=Rect(0, 0 - 1080, 1776) mWindowingMode=fullscreen mDisplayWindowingMode=fullscre
en mActivityType=undefined mAlwaysOnTop=undefined mRotation=ROTATION_0} s.2} for displayId=0
01-17 18:18:19.054  1869  1869 I sysui_multi_action: [757,1659,758,4,759,1,1660,0]
01-17 18:18:19.054  1869  1928 I DropBoxManagerService: add tag=system_server_strictmode isTagEnabled=true flags=0x2
01-17 18:18:19.061  1869  1928 I DropBoxManagerService: add tag=system_server_strictmode isTagEnabled=true flags=0x2
01-17 18:18:19.062  1869  1869 D SystemServerTiming: MakeDisplayReady took to complete: 16ms
01-17 18:18:19.062  1869  1869 I SystemServer: StartStorageManagerService
01-17 18:18:19.063  1869  1869 I SystemServiceManager: Starting com.android.server.StorageManagerService$Lifecycle
01-17 18:18:19.073  1869  2075 D StorageManagerService: Thinking about init, mBootCompleted=false, mDaemonConnected=true
01-17 18:18:19.073  1869  2075 D StorageManagerService: Thinking about reset, mBootCompleted=false, mDaemonConnected=true
01-17 18:18:19.073  1869  1869 D SystemServerTiming: StartStorageManagerService took to complete: 11ms
01-17 18:18:19.073  1869  1869 I SystemServer: StartStorageStatsService
01-17 18:18:19.073  1869  1869 I SystemServiceManager: Starting com.android.server.usage.StorageStatsService$Lifecycle
01-17 18:18:19.076   617   670 E vold    : Failed to read field SystemLocale: Success
01-17 18:18:19.077  1869  2075 E StorageManagerService: Failed to read field SystemLocale
01-17 18:18:19.077  1869  2075 E StorageManagerService: android.os.ServiceSpecificException: Failed to read field SystemLocale (code 0)
01-17 18:18:19.077  1869  2075 E StorageManagerService:         at android.os.Parcel.createException(Parcel.java:2085)
01-17 18:18:19.077  1869  2075 E StorageManagerService:         at android.os.Parcel.readException(Parcel.java:2039)
01-17 18:18:19.077  1869  2075 E StorageManagerService:         at android.os.Parcel.readException(Parcel.java:1987)
01-17 18:18:19.077  1869  2075 E StorageManagerService:         at android.os.IVold$Stub$Proxy.fdeGetField(IVold.java:2006)
01-17 18:18:19.077  1869  2075 E StorageManagerService:         at com.android.server.StorageManagerService.getField(StorageManagerService.java:2624)
01-17 18:18:19.077  1869  2075 E StorageManagerService:         at com.android.server.StorageManagerService.copyLocaleFromMountService(StorageManagerService.java:10
87)
01-17 18:18:19.077  1869  2075 E StorageManagerService:         at com.android.server.StorageManagerService.handleDaemonConnected(StorageManagerService.java:1080)
01-17 18:18:19.077  1869  2075 E StorageManagerService:         at com.android.server.StorageManagerService.access$1100(StorageManagerService.java:189)
01-17 18:18:19.077  1869  2075 E StorageManagerService:         at com.android.server.StorageManagerService$StorageManagerServiceHandler.handleMessage(StorageManage
rService.java:603)
01-17 18:18:19.077  1869  2075 E StorageManagerService:         at android.os.Handler.dispatchMessage(Handler.java:107)
01-17 18:18:19.077  1869  2075 E StorageManagerService:         at android.os.Looper.loop(Looper.java:214)
01-17 18:18:19.077  1869  2075 E StorageManagerService:         at android.os.HandlerThread.run(HandlerThread.java:67)
01-17 18:18:19.079  1869  1939 I am_wtf  : [0,1869,system_server,-1,StorageManagerService,Failed to read field SystemLocale]
01-17 18:18:19.080  1869  1939 I DropBoxManagerService: add tag=system_server_wtf isTagEnabled=true flags=0x2
01-17 18:18:19.081  1869  1869 D SystemServerTiming: StartStorageStatsService took to complete: 8ms
01-17 18:18:19.081  1869  1869 I SystemServer: StartUiModeManager
01-17 18:18:19.081  1869  1869 I SystemServiceManager: Starting com.android.server.UiModeManagerService
01-17 18:18:19.084  1869  2076 D SystemServerInitThreadPool: Started executing UiModeManager.onStart
01-17 18:18:19.084  1869  1869 D SystemServerTiming: StartUiModeManager took to complete: 3ms
01-17 18:18:19.084  1869  1869 I SystemServer: UpdatePackagesIfNeeded
01-17 18:18:19.084  1869  1869 I Watchdog: Pausing HandlerChecker: main thread for reason: dexopt. Pause count: 1
01-17 18:18:19.084  1869  1869 I Watchdog: Resuming HandlerChecker: main thread for reason: dexopt. Pause count: 0
01-17 18:18:19.084  1869  1869 D SystemServerTiming: UpdatePackagesIfNeeded took to complete: 0ms
01-17 18:18:19.084  1869  1869 I SystemServer: PerformFstrimIfNeeded
01-17 18:18:19.085  1869  2076 I configuration_changed: 512
01-17 18:18:19.085  1869  1869 W PackageManager: No disk maintenance in 261076085; running immediately
01-17 18:18:19.085  1869  1869 D SystemServerTiming: PerformFstrimIfNeeded took to complete: 1ms
01-17 18:18:19.085  1869  1869 I SystemServer: StartLockSettingsService
01-17 18:18:19.085  1869  1869 I SystemServiceManager: Starting com.android.server.locksettings.LockSettingsService$Lifecycle
01-17 18:18:19.087  1869  2075 I StorageManagerService: Running fstrim idle maintenance
01-17 18:18:19.088  1869  2076 I ActivityTaskManager: Config changes=200 {1.0 ?mcc?mnc [zh_CN] ldltr sw360dp w360dp h568dp 480dpi nrml port finger -keyb/v/h -nav/h
winConfig={ mBounds=Rect(0, 0 - 1080, 1920) mAppBounds=Rect(0, 0 - 1080, 1776) mWindowingMode=fullscreen mDisplayWindowingMode=fullscreen mActivityType=undefined mA
lwaysOnTop=undefined mRotation=ROTATION_0} s.4}
01-17 18:18:19.089  1869  2076 I ActivityTaskManager: Override config changes=200 {1.0 ?mcc?mnc [zh_CN] ldltr sw360dp w360dp h568dp 480dpi nrml port finger -keyb/v/
h -nav/h winConfig={ mBounds=Rect(0, 0 - 1080, 1920) mAppBounds=Rect(0, 0 - 1080, 1776) mWindowingMode=fullscreen mDisplayWindowingMode=fullscreen mActivityType=und
efined mAlwaysOnTop=undefined mRotation=ROTATION_0} s.4} for displayId=0
01-17 18:18:19.091  1869  2076 D SystemServerInitThreadPool: Finished executing UiModeManager.onStart
01-17 18:18:19.107   617  2078 W vold    : [libfs_mgr]Warning: unknown flag: crashcheck
01-17 18:18:19.109   617  2078 D vold    : Starting trim of /data
01-17 18:18:19.111  1869  1869 D SystemServerTiming: StartLockSettingsService took to complete: 26ms
01-17 18:18:19.112  1869  1869 I SystemServer: StartPersistentDataBlock
01-17 18:18:19.112  1869  1869 I SystemServiceManager: Starting com.android.server.PersistentDataBlockService
01-17 18:18:19.112  1869  1869 D SystemServerTiming: StartPersistentDataBlock took to complete: 1ms
01-17 18:18:19.112  1869  1869 I SystemServer: StartTestHarnessMode
01-17 18:18:19.112  1869  1869 I SystemServiceManager: Starting com.android.server.testharness.TestHarnessModeService
01-17 18:18:19.113  1869  2080 D SystemServerInitThreadPool: Started executing PersistentDataBlockService.onStart
01-17 18:18:19.114  1869  1869 D SystemServerTiming: StartTestHarnessMode took to complete: 2ms
01-17 18:18:19.114  1869  1869 I SystemServer: StartOemLockService
01-17 18:18:19.114  1869  2080 E PersistentDataBlockService: not able to find package com.google.android.gms
01-17 18:18:19.114  1869  2080 E PersistentDataBlockService: android.content.pm.PackageManager$NameNotFoundException: com.google.android.gms
01-17 18:18:19.114  1869  2080 E PersistentDataBlockService:    at android.app.ApplicationPackageManager.getPackageUidAsUser(ApplicationPackageManager.java:311)
01-17 18:18:19.114  1869  2080 E PersistentDataBlockService:    at com.android.server.PersistentDataBlockService.getAllowedUid(PersistentDataBlockService.java:153)
01-17 18:18:19.114  1869  2080 E PersistentDataBlockService:    at com.android.server.PersistentDataBlockService.lambda$onStart$0$PersistentDataBlockService(Persist
entDataBlockService.java:166)
01-17 18:18:19.114  1869  2080 E PersistentDataBlockService:    at com.android.server.-$$Lambda$PersistentDataBlockService$EZl9OYaT2eNL7kfSr2nKUBjxidk.run(Unknown S
ource:2)
01-17 18:18:19.114  1869  2080 E PersistentDataBlockService:    at com.android.server.SystemServerInitThreadPool.lambda$submit$0$SystemServerInitThreadPool(SystemSe
rverInitThreadPool.java:72)
01-17 18:18:19.114  1869  2080 E PersistentDataBlockService:    at com.android.server.-$$Lambda$SystemServerInitThreadPool$jLyL3DFmbjsFesU5SGktD3NoWSc.run(Unknown S
ource:6)
01-17 18:18:19.114  1869  2080 E PersistentDataBlockService:    at java.util.concurrent.Executors$RunnableAdapter.call(Executors.java:462)
01-17 18:18:19.114  1869  2080 E PersistentDataBlockService:    at java.util.concurrent.FutureTask.run(FutureTask.java:266)
01-17 18:18:19.114  1869  2080 E PersistentDataBlockService:    at java.util.concurrent.ThreadPoolExecutor.runWorker(ThreadPoolExecutor.java:1167)
01-17 18:18:19.114  1869  2080 E PersistentDataBlockService:    at java.util.concurrent.ThreadPoolExecutor$Worker.run(ThreadPoolExecutor.java:641)
01-17 18:18:19.114  1869  2080 E PersistentDataBlockService:    at com.android.internal.util.ConcurrentUtils$1$1.run(ConcurrentUtils.java:62)
01-17 18:18:19.115  1869  1869 I SystemServiceManager: Starting com.android.server.oemlock.OemLockService
01-17 18:18:19.117  1869  1869 I OemLock : OemLock HAL not present on device
01-17 18:18:19.117  1869  1869 I OemLock : Using persistent data block based lock
01-17 18:18:19.119  1869  1869 D SystemServerTiming: StartOemLockService took to complete: 4ms
01-17 18:18:19.119  1869  1869 I SystemServer: StartDeviceIdleController
01-17 18:18:19.119  1869  1869 I SystemServiceManager: Starting com.android.server.DeviceIdleController
01-17 18:18:19.122  1869  1869 D SystemServerTiming: StartDeviceIdleController took to complete: 4ms
01-17 18:18:19.122  1869  1869 I SystemServer: StartDevicePolicyManager
01-17 18:18:19.122  1869  1869 I SystemServiceManager: Starting com.android.server.devicepolicy.DevicePolicyManagerService$Lifecycle
01-17 18:18:19.125  1869  1869 D SystemServerTiming: StartDevicePolicyManager took to complete: 3ms
01-17 18:18:19.125  1869  1869 I SystemServer: StartStatusBarManagerService
01-17 18:18:19.127  1869  1869 D SystemServerTiming: StartStatusBarManagerService took to complete: 1ms
01-17 18:18:19.127  1869  1869 D SystemServer: ContentCaptureService disabled because resource is not overlaid
01-17 18:18:19.127  1869  1869 D SystemServer: AttentionService is not configured on this device
01-17 18:18:19.127  1869  1869 D SystemServer: SystemCaptionsManagerService disabled because resource is not overlaid
01-17 18:18:19.127  1869  1869 D SystemServer: AppPredictionService not defined by OEM
01-17 18:18:19.127  1869  1869 D SystemServer: ContentSuggestionsService not defined by OEM
01-17 18:18:19.128  1869  1869 I SystemServer: InitNetworkStackClient
01-17 18:18:19.128  1869  1869 D SystemServerTiming: InitNetworkStackClient took to complete: 1ms
01-17 18:18:19.128  1869  1869 I SystemServer: StartNetworkManagementService
01-17 18:18:19.133  1869  1869 D SystemServerTiming: StartNetworkManagementService took to complete: 5ms
01-17 18:18:19.133  1869  1869 I SystemServer: StartIpSecService
01-17 18:18:19.135  1869  1869 D SystemServerTiming: StartIpSecService took to complete: 2ms
01-17 18:18:19.135  1869  1869 I SystemServer: StartTextServicesManager
01-17 18:18:19.135  1869  1869 I SystemServiceManager: Starting com.android.server.textservices.TextServicesManagerService$Lifecycle
01-17 18:18:19.137  1869  1869 D SystemServerTiming: StartTextServicesManager took to complete: 2ms
01-17 18:18:19.137  1869  1869 I SystemServer: StartTextClassificationManagerService
01-17 18:18:19.137  1869  1869 I SystemServiceManager: Starting com.android.server.textclassifier.TextClassificationManagerService$Lifecycle
01-17 18:18:19.140  1869  1869 D SystemServerTiming: StartTextClassificationManagerService took to complete: 2ms
01-17 18:18:19.140  1869  1869 I SystemServer: StartNetworkScoreService
01-17 18:18:19.140  1869  1869 I SystemServiceManager: Starting com.android.server.NetworkScoreService$Lifecycle
01-17 18:18:19.144  1869  1869 D SystemServerTiming: StartNetworkScoreService took to complete: 4ms
01-17 18:18:19.144  1869  1869 I SystemServer: StartNetworkStatsService
01-17 18:18:19.148  1869  2080 D SystemServerInitThreadPool: Finished executing PersistentDataBlockService.onStart
01-17 18:18:19.149  1869  1869 D SystemServerTiming: StartNetworkStatsService took to complete: 4ms
01-17 18:18:19.149  1869  1869 I SystemServer: StartNetworkPolicyManagerService
01-17 18:18:19.155  1869  1869 D SystemServerTiming: StartNetworkPolicyManagerService took to complete: 6ms
01-17 18:18:19.155  1869  1869 I SystemServer: StartWifi
01-17 18:18:19.190  1869  1869 I SystemServiceManager: Starting com.android.server.wifi.WifiService
01-17 18:18:19.212  1869  1869 E TelephonyManager: IMSI error: Subscriber Info is null
01-17 18:18:19.301  1333  1333 D TelephonyManager: No /proc/cmdline exception=java.io.FileNotFoundException: /proc/cmdline: open failed: EACCES (Permission denied)
01-17 18:18:19.301  1333  1333 D TelephonyManager: /proc/cmdline=
01-17 18:18:19.309  1869  1869 I auditd  : type=1400 audit(0.0:78): avc: denied { read } for comm="system_server" name="u:object_r:vendor_default_prop:s0" dev="tmpf
s" ino=13048 scontext=u:r:system_server:s0 tcontext=u:object_r:vendor_default_prop:s0 tclass=file permissive=0
01-17 18:18:19.329  1869  1869 D SystemServerTiming: StartWifi took to complete: 174ms
01-17 18:18:19.329  1869  1869 I SystemServer: StartWifiScanning
01-17 18:18:19.330  1869  1869 I SystemServiceManager: Starting com.android.server.wifi.scanner.WifiScanningService
01-17 18:18:19.333  1869  1869 D SystemServerTiming: StartWifiScanning took to complete: 3ms
01-17 18:18:19.333  1869  1869 I SystemServer: StartWifiP2P
01-17 18:18:19.333  1869  1869 I SystemServiceManager: Starting com.android.server.wifi.p2p.WifiP2pService
01-17 18:18:19.341  1869  1869 D SystemServerTiming: StartWifiP2P took to complete: 8ms
01-17 18:18:19.341  1869  1869 I SystemServer: StartEthernet
01-17 18:18:19.342  1869  1869 I SystemServiceManager: Starting com.android.server.ethernet.EthernetService
01-17 18:18:19.344  1869  1869 D SystemServerTiming: StartEthernet took to complete: 2ms
01-17 18:18:19.344  1869  1869 I SystemServer: StartConnectivityService
01-17 18:18:19.347  1869  1869 D ConnectivityService: ConnectivityService starting up
01-17 18:18:19.353  1869  1869 D ConnectivityService: wifiOnly=false
01-17 18:18:19.353  1869  1869 E ConnectivityService: Ignoring protectedNetwork 14
01-17 18:18:19.367  1869  1869 D SystemServerTiming: StartConnectivityService took to complete: 24ms
01-17 18:18:19.367  1869  1869 I SystemServer: StartNsdService
01-17 18:18:19.369  1869  1869 D NsdService: Network service discovery is enabled
01-17 18:18:19.372  1869  1869 D SystemServerTiming: StartNsdService took to complete: 5ms
01-17 18:18:19.373  1869  1869 I SystemServer: StartSystemUpdateManagerService
01-17 18:18:19.373  1869  1869 I SystemUpdateManagerService: No existing info file /data/system/system-update-info.xml
01-17 18:18:19.375  1869  1869 D SystemServerTiming: StartSystemUpdateManagerService took to complete: 2ms
01-17 18:18:19.375  1869  1869 I SystemServer: StartUpdateLockService
01-17 18:18:19.376  1869  1869 D SystemServerTiming: StartUpdateLockService took to complete: 2ms
01-17 18:18:19.376  1869  1869 I SystemServer: StartNotificationManager
01-17 18:18:19.376  1869  1869 I SystemServiceManager: Starting com.android.server.notification.NotificationManagerService
01-17 18:18:19.383  1869  1869 D ConditionProviders.SCP: new ScheduleConditionProvider()
01-17 18:18:19.391  1869  1869 I NotificationListeners: Read notification listener permissions from xml
01-17 18:18:19.392  1869  1869 I NotificationAssistants: Read notification assistant permissions from xml
01-17 18:18:19.392  1869  1869 I ConditionProviders: Read condition provider permissions from xml
01-17 18:18:19.392  1869  1869 I ConditionProviders: Read condition provider permissions from xml
01-17 18:18:19.392  1869  1869 D NotificationAssistants: Approving default notification assistant for user 0
01-17 18:18:19.392  1869  1869 I ConditionProviders:  Allowing condition provider android.ext.services/android.ext.services.notification.Assistant
01-17 18:18:19.393  1869  1869 D NotificationService: Set default NAS to be android.ext.services/android.ext.services.notification.Assistant in 0
01-17 18:18:19.401  1869  1869 D SystemServerTiming: StartNotificationManager took to complete: 25ms
01-17 18:18:19.401  1869  1869 I SystemServer: StartDeviceMonitor
01-17 18:18:19.401  1869  1869 I SystemServiceManager: Starting com.android.server.storage.DeviceStorageMonitorService
01-17 18:18:19.404  1869  1869 D SystemServerTiming: StartDeviceMonitor took to complete: 3ms
01-17 18:18:19.404  1869  1869 I SystemServer: StartLocationManagerService
01-17 18:18:19.406  1869  1869 D SystemServerTiming: StartLocationManagerService took to complete: 1ms
01-17 18:18:19.406  1869  1869 I SystemServer: StartCountryDetectorService
01-17 18:18:19.406     0     0 E ipa-wan ipa_wwan_ioctl: 1582 dev(rmnet_data6) register to IPA
01-17 18:18:19.406  1869  2100 I storage_state: [41217664-9172-527a-b3d5-edabb50a7d69,0,0,20406206464,20726800384]
01-17 18:18:19.409  1869  1869 D SystemServerTiming: StartCountryDetectorService took to complete: 4ms
01-17 18:18:19.409  1869  1869 I SystemServer: StartTimeDetectorService
01-17 18:18:19.409  1869  1869 I SystemServiceManager: Starting com.android.server.timedetector.TimeDetectorService$Lifecycle
01-17 18:18:19.411  1869  1869 D SystemServerTiming: StartTimeDetectorService took to complete: 1ms
01-17 18:18:19.411  1869  1869 I SystemServer: StartSearchManagerService
01-17 18:18:19.411  1869  1869 I SystemServiceManager: Starting com.android.server.search.SearchManagerService$Lifecycle
01-17 18:18:19.413  1869  1869 D SystemServerTiming: StartSearchManagerService took to complete: 2ms
01-17 18:18:19.413  1869  1869 I SystemServer: StartWallpaperManagerService
01-17 18:18:19.413  1869  1869 I SystemServiceManager: Starting com.android.server.wallpaper.WallpaperManagerService$Lifecycle
01-17 18:18:19.415  1869  1869 D SystemServerTiming: StartWallpaperManagerService took to complete: 2ms
01-17 18:18:19.415  1869  1869 I SystemServer: StartAudioService
01-17 18:18:19.415  1869  1869 I SystemServiceManager: Starting com.android.server.audio.AudioService$Lifecycle
01-17 18:18:19.427  1869  1928 I commit_sys_config_file: [notification-policy,33]
01-17 18:18:19.427  1333  1333 D ZygoteInitTiming_lazy: PreloadClasses took to complete: 618ms
01-17 18:18:19.456  1869  1928 I commit_sys_config_file: [notification-policy,27]
01-17 18:18:19.468  1333  1333 D ZygoteInitTiming_lazy: CacheNonBootClasspathClassLoaders took to complete: 40ms
01-17 18:18:19.532  1869  1869 I stream_devices_changed: [0,0,1]
01-17 18:18:19.533  1869  1869 I stream_devices_changed: [2,0,2]
01-17 18:18:19.534  1869  1869 I stream_devices_changed: [3,0,2]
01-17 18:18:19.534  1869  1869 I stream_devices_changed: [4,0,2]
01-17 18:18:19.535  1869  1869 I stream_devices_changed: [6,0,1]
01-17 18:18:19.566  1869  1869 D SystemServerTiming: StartAudioService took to complete: 152ms
01-17 18:18:19.566  1869  1869 I SystemServer: StartDockObserver
01-17 18:18:19.566  1869  1869 I SystemServiceManager: Starting com.android.server.DockObserver
01-17 18:18:19.567  1869  1869 W DockObserver: This kernel does not have dock station support
01-17 18:18:19.568  1869  1869 D SystemServerTiming: StartDockObserver took to complete: 2ms
01-17 18:18:19.568  1869  1869 I SystemServer: StartWiredAccessoryManager
01-17 18:18:19.570  1869  1869 W WiredAccessoryManager: This kernel does not have usb audio support
01-17 18:18:19.570  1869  1869 E WiredAccessoryManager: file /sys/devices/platform/soc/soc:qcom,msm-ext-disp/extcon/extcon0/name not found
01-17 18:18:19.571  1869  1869 W WiredAccessoryManager: Conn soc:qcom,msm-ext-disp/1/0 does not have DP audio support
01-17 18:18:19.571  1869  1869 E WiredAccessoryManager: file /sys/devices/platform/soc/soc:qcom,msm-ext-disp/extcon/extcon0/name not found
01-17 18:18:19.571  1869  1869 W WiredAccessoryManager: Conn soc:qcom,msm-ext-disp/0/0 does not have DP audio support
01-17 18:18:19.571  1869  1869 D SystemServerTiming: StartWiredAccessoryManager took to complete: 3ms
01-17 18:18:19.571  1869  1869 I SystemServer: StartMidiManager
01-17 18:18:19.571  1869  1869 I SystemServiceManager: Starting com.android.server.midi.MidiService$Lifecycle
01-17 18:18:19.573  1869  1869 D SystemServerTiming: StartMidiManager took to complete: 1ms
01-17 18:18:19.573  1869  1869 I SystemServer: StartAdbService
01-17 18:18:19.573  1869  1869 I SystemServiceManager: Starting com.android.server.adb.AdbService$Lifecycle
01-17 18:18:19.575  1869  1869 D SystemServerTiming: StartAdbService took to complete: 1ms
01-17 18:18:19.575  1869  1869 I SystemServer: StartUsbService
01-17 18:18:19.575  1869  1869 I SystemServiceManager: Starting com.android.server.usb.UsbService$Lifecycle
01-17 18:18:19.577  1869  1869 E UsbDeviceManager: failed to write to /sys/class/android_usb/android0/f_rndis/ethaddr
01-17 18:18:19.579  1869  1869 I UsbDeviceManager: USB GADGET HAL not present in the device
01-17 18:18:19.579  1869  1869 I UsbDeviceManager: java.util.NoSuchElementException
01-17 18:18:19.579  1869  1869 I UsbDeviceManager:      at android.os.HwBinder.getService(Native Method)
01-17 18:18:19.579  1869  1869 I UsbDeviceManager:      at android.hardware.usb.gadget.V1_0.IUsbGadget.getService(IUsbGadget.java:55)
01-17 18:18:19.579  1869  1869 I UsbDeviceManager:      at android.hardware.usb.gadget.V1_0.IUsbGadget.getService(IUsbGadget.java:62)
01-17 18:18:19.579  1869  1869 I UsbDeviceManager:      at com.android.server.usb.UsbDeviceManager.<init>(UsbDeviceManager.java:264)
01-17 18:18:19.579  1869  1869 I UsbDeviceManager:      at com.android.server.usb.UsbService.<init>(UsbService.java:150)
01-17 18:18:19.579  1869  1869 I UsbDeviceManager:      at com.android.server.usb.UsbService$Lifecycle.onStart(UsbService.java:84)
01-17 18:18:19.579  1869  1869 I UsbDeviceManager:      at com.android.server.SystemServiceManager.startService(SystemServiceManager.java:129)
01-17 18:18:19.579  1869  1869 I UsbDeviceManager:      at com.android.server.SystemServiceManager.startService(SystemServiceManager.java:116)
01-17 18:18:19.579  1869  1869 I UsbDeviceManager:      at com.android.server.SystemServiceManager.startService(SystemServiceManager.java:75)
01-17 18:18:19.579  1869  1869 I UsbDeviceManager:      at com.android.server.SystemServer.startOtherServices(SystemServer.java:1580)
01-17 18:18:19.579  1869  1869 I UsbDeviceManager:      at com.android.server.SystemServer.run(SystemServer.java:517)
01-17 18:18:19.579  1869  1869 I UsbDeviceManager:      at com.android.server.SystemServer.main(SystemServer.java:354)
01-17 18:18:19.579  1869  1869 I UsbDeviceManager:      at java.lang.reflect.Method.invoke(Native Method)
01-17 18:18:19.579  1869  1869 I UsbDeviceManager:      at com.android.internal.os.RuntimeInit$MethodAndArgsCaller.run(RuntimeInit.java:492)
01-17 18:18:19.579  1869  1869 I UsbDeviceManager:      at com.android.internal.os.ZygoteInit.main(ZygoteInit.java:913)
01-17 18:18:19.579  1869  1869 E UsbDeviceManager: Failed to open control for mtp
01-17 18:18:19.580  1869  1869 E UsbDeviceManager: Failed to open control for ptp
01-17 18:18:19.588  1869  1869 W StorageManagerService: No primary storage defined yet; hacking together a stub
01-17 18:18:19.596  1869  1937 I UsbPortManager: Usb hal service started android.hardware.usb@1.0::IUsb default
01-17 18:18:19.600     0     0 I         : acc_open
01-17 18:18:19.600     0     0 I         : acc_release
01-17 18:18:19.600  1869  1869 D SystemServerTiming: StartUsbService took to complete: 25ms
01-17 18:18:19.601  1869  1869 I SystemServer: StartSerialService
01-17 18:18:19.602  1869  1869 D SystemServerTiming: StartSerialService took to complete: 1ms
01-17 18:18:19.602  1869  1869 I SystemServer: StartHardwarePropertiesManagerService
01-17 18:18:19.606  1869  1869 D SystemServerTiming: StartHardwarePropertiesManagerService took to complete: 4ms
01-17 18:18:19.606  1869  1869 I SystemServer: StartTwilightService
01-17 18:18:19.606  1869  1869 I SystemServiceManager: Starting com.android.server.twilight.TwilightService
01-17 18:18:19.606  1869  1869 D SystemServerTiming: StartTwilightService took to complete: 0ms
01-17 18:18:19.606  1869  1869 I SystemServer: StartColorDisplay
01-17 18:18:19.606  1869  1869 I SystemServiceManager: Starting com.android.server.display.color.ColorDisplayService
01-17 18:18:19.609  1869  1869 D SystemServerTiming: StartColorDisplay took to complete: 3ms
01-17 18:18:19.609  1869  1869 I SystemServer: StartJobScheduler
01-17 18:18:19.609  1869  1869 I SystemServiceManager: Starting com.android.server.job.JobSchedulerService
01-17 18:18:19.617  1869  1869 D JobStore: Start tag: job-info
01-17 18:18:19.618  1869  1869 I JobStore: Read 4 jobs
01-17 18:18:19.625  1869  1869 D SystemServerTiming: StartJobScheduler took to complete: 16ms
01-17 18:18:19.625  1869  1869 I SystemServer: StartSoundTrigger
01-17 18:18:19.625  1869  1869 I SystemServiceManager: Starting com.android.server.soundtrigger.SoundTriggerService
01-17 18:18:19.627  1869  1869 D SystemServerTiming: StartSoundTrigger took to complete: 1ms
01-17 18:18:19.627  1869  1869 I SystemServer: StartTrustManager
01-17 18:18:19.627  1869  1869 I SystemServiceManager: Starting com.android.server.trust.TrustManagerService
01-17 18:18:19.629  1869  1869 D SystemServerTiming: StartTrustManager took to complete: 2ms
01-17 18:18:19.629  1869  1869 I SystemServer: StartBackupManager
01-17 18:18:19.629  1869  1869 I SystemServiceManager: Starting com.android.server.backup.BackupManagerService$Lifecycle
01-17 18:18:19.632  1869  1869 D SystemServerTiming: StartBackupManager took to complete: 3ms
01-17 18:18:19.632  1869  1869 I SystemServer: StartAppWidgetService
01-17 18:18:19.632  1869  1869 I SystemServiceManager: Starting com.android.server.appwidget.AppWidgetService
01-17 18:18:19.636  1869  1869 D SystemServerTiming: StartAppWidgetService took to complete: 4ms
01-17 18:18:19.636  1869  1869 I SystemServer: StartRoleManagerService
01-17 18:18:19.639  1869  1869 D SystemServerTiming: StartRoleManagerService took to complete: 2ms
01-17 18:18:19.639  1869  1869 I SystemServer: StartVoiceRecognitionManager
01-17 18:18:19.639  1869  1869 I SystemServiceManager: Starting com.android.server.voiceinteraction.VoiceInteractionManagerService
01-17 18:18:19.649  1869  1869 I auditd  : type=1400 audit(0.0:79): avc: denied { read } for comm="system_server" name="u:object_r:vendor_default_prop:s0" dev="tmpf
s" ino=13048 scontext=u:r:system_server:s0 tcontext=u:object_r:vendor_default_prop:s0 tclass=file permissive=0
01-17 18:18:19.653  1869  1869 I RoleUserState: Read roles.xml successfully
01-17 18:18:19.655  1869  1869 D SystemServerTiming: StartVoiceRecognitionManager took to complete: 16ms
01-17 18:18:19.655  1869  1869 I SystemServer: StartGestureLauncher
01-17 18:18:19.655  1869  1869 I SystemServiceManager: Starting com.android.server.GestureLauncherService
01-17 18:18:19.655  1869  1869 D SystemServerTiming: StartGestureLauncher took to complete: 0ms
01-17 18:18:19.655  1869  1869 I SystemServer: StartSensorNotification
01-17 18:18:19.655  1869  1869 I SystemServiceManager: Starting com.android.server.SensorNotificationService
01-17 18:18:19.655  1869  1869 D SystemServerTiming: StartSensorNotification took to complete: 0ms
01-17 18:18:19.655  1869  1869 I SystemServer: StartContextHubSystemService
01-17 18:18:19.655  1869  1869 I SystemServiceManager: Starting com.android.server.ContextHubSystemService
01-17 18:18:19.655  1869  1869 D SystemServerTiming: StartContextHubSystemService took to complete: 0ms
01-17 18:18:19.655  1869  1869 I SystemServer: StartDiskStatsService
01-17 18:18:19.655  1869  1935 D SystemServerInitThreadPool: Started executing Init ContextHubSystemService
01-17 18:18:19.658  1869  1935 D SystemServerInitThreadPool: Finished executing Init ContextHubSystemService
01-17 18:18:19.658  1869  1869 D SystemServerTiming: StartDiskStatsService took to complete: 3ms
01-17 18:18:19.658  1869  1869 I SystemServer: RuntimeService
01-17 18:18:19.660  1869  2059 I commit_sys_config_file: [settings-2-0,32]
01-17 18:18:19.661  1869  1869 D SystemServerTiming: RuntimeService took to complete: 3ms
01-17 18:18:19.662  1869  1869 I SystemServer: StartNetworkTimeUpdateService
01-17 18:18:19.663  1869  1869 D SystemServer: Using networkTimeUpdater class=class com.android.server.NewNetworkTimeUpdateService
01-17 18:18:19.664  1869  1869 D SystemServerTiming: StartNetworkTimeUpdateService took to complete: 3ms
01-17 18:18:19.664  1869  1869 I SystemServer: CertBlacklister
01-17 18:18:19.665  1869  1869 D SystemServerTiming: CertBlacklister took to complete: 1ms
01-17 18:18:19.665  1869  1869 I SystemServer: StartEmergencyAffordanceService
01-17 18:18:19.665  1869  1869 I SystemServiceManager: Starting com.android.server.emergency.EmergencyAffordanceService
01-17 18:18:19.665  1869  1869 D SystemServerTiming: StartEmergencyAffordanceService took to complete: 0ms
01-17 18:18:19.665  1869  1869 I SystemServer: StartDreamManager
01-17 18:18:19.665  1869  1869 I SystemServiceManager: Starting com.android.server.dreams.DreamManagerService
01-17 18:18:19.667  1869  1869 D SystemServerTiming: StartDreamManager took to complete: 2ms
01-17 18:18:19.668  1869  1869 I SystemServer: AddGraphicsStatsService
01-17 18:18:19.671  1869  1869 D SystemServerTiming: AddGraphicsStatsService took to complete: 4ms
01-17 18:18:19.671  1869  1869 I SystemServer: StartPrintManager
01-17 18:18:19.672  1869  1869 I SystemServiceManager: Starting com.android.server.print.PrintManagerService
01-17 18:18:19.673  1869  1869 D SystemServerTiming: StartPrintManager took to complete: 2ms
01-17 18:18:19.674  1869  1869 I SystemServer: StartCompanionDeviceManager
01-17 18:18:19.674  1869  1869 I SystemServiceManager: Starting com.android.server.companion.CompanionDeviceManagerService
01-17 18:18:19.675  1869  1869 I service_manager_stats: [100,60,62318]
01-17 18:18:19.677  1869  1869 D SystemServerTiming: StartCompanionDeviceManager took to complete: 3ms
01-17 18:18:19.677  1869  1869 I SystemServer: StartRestrictionManager
01-17 18:18:19.677  1869  1869 I SystemServiceManager: Starting com.android.server.restrictions.RestrictionsManagerService
01-17 18:18:19.679  1869  1869 D SystemServerTiming: StartRestrictionManager took to complete: 3ms
01-17 18:18:19.679  1869  1869 I SystemServer: StartMediaSessionService
01-17 18:18:19.679  1869  1869 I SystemServiceManager: Starting com.android.server.media.MediaSessionService
01-17 18:18:19.689  1333  1333 D ZygoteInitTiming_lazy: PreloadResources took to complete: 222ms
01-17 18:18:19.690  1869  1869 D SystemServerTiming: StartMediaSessionService took to complete: 11ms
01-17 18:18:19.690  1869  1869 I SystemServer: StartMediaResourceMonitor
01-17 18:18:19.690  1869  1869 I SystemServiceManager: Starting com.android.server.media.MediaResourceMonitorService
01-17 18:18:19.691  1869  1869 D SystemServerTiming: StartMediaResourceMonitor took to complete: 1ms
01-17 18:18:19.691  1869  1869 I SystemServer: StartMediaRouterService
01-17 18:18:19.694  1869  1869 D SystemServerTiming: StartMediaRouterService took to complete: 2ms
01-17 18:18:19.694  1869  1869 I SystemServer: StartBackgroundDexOptService
01-17 18:18:19.694  1869  1869 D SystemServerTiming: StartBackgroundDexOptService took to complete: 1ms
01-17 18:18:19.694  1869  1869 I SystemServer: StartDynamicCodeLoggingService
01-17 18:18:19.695  1869  1869 D SystemServerTiming: StartDynamicCodeLoggingService took to complete: 1ms
01-17 18:18:19.695  1869  1869 I SystemServer: StartPruneInstantAppsJobService
01-17 18:18:19.695  1869  1869 D SystemServerTiming: StartPruneInstantAppsJobService took to complete: 0ms
01-17 18:18:19.695  1869  1869 I SystemServer: StartShortcutServiceLifecycle
01-17 18:18:19.695  1869  1869 I SystemServiceManager: Starting com.android.server.pm.ShortcutService$Lifecycle
01-17 18:18:19.698  1869  1869 D SystemServerTiming: StartShortcutServiceLifecycle took to complete: 2ms
01-17 18:18:19.698  1869  1869 I SystemServer: StartLauncherAppsService
01-17 18:18:19.698  1869  1869 I SystemServiceManager: Starting com.android.server.pm.LauncherAppsService
01-17 18:18:19.700  1869  1869 D SystemServerTiming: StartLauncherAppsService took to complete: 3ms
01-17 18:18:19.700  1869  1869 I SystemServer: StartCrossProfileAppsService
01-17 18:18:19.700  1869  1869 I SystemServiceManager: Starting com.android.server.pm.CrossProfileAppsService
01-17 18:18:19.701  1869  1869 D SystemServerTiming: StartCrossProfileAppsService took to complete: 1ms
01-17 18:18:19.701  1869  1869 I SystemServer: StartMediaProjectionManager
01-17 18:18:19.702  1869  1869 I SystemServiceManager: Starting com.android.server.media.projection.MediaProjectionManagerService
01-17 18:18:19.706  1869  1869 D SystemServerTiming: StartMediaProjectionManager took to complete: 4ms
01-17 18:18:19.706  1869  1869 I SystemServer: StartSliceManagerService
01-17 18:18:19.706  1869  1869 I SystemServiceManager: Starting com.android.server.slice.SliceManagerService$Lifecycle
01-17 18:18:19.711  1869  1869 D SystemServerTiming: StartSliceManagerService took to complete: 6ms
01-17 18:18:19.711  1869  1869 I SystemServer: StartCameraServiceProxy
01-17 18:18:19.711  1869  1869 I SystemServiceManager: Starting com.android.server.camera.CameraServiceProxy
01-17 18:18:19.717  1869  1869 D SystemServerTiming: StartCameraServiceProxy took to complete: 5ms
01-17 18:18:19.717  1869  1869 I SystemServer: StartStatsCompanionService
01-17 18:18:19.717  1869  1869 I SystemServiceManager: Starting com.android.server.stats.StatsCompanionService$Lifecycle
01-17 18:18:19.720  1869  1869 I StatsCompanionService: register thermal listener successfully
01-17 18:18:19.725  1869  1869 D SystemServerTiming: StartStatsCompanionService took to complete: 8ms
01-17 18:18:19.725  1869  1869 I SystemServer: StartIncidentCompanionService
01-17 18:18:19.725  1869  1869 I SystemServiceManager: Starting com.android.server.incident.IncidentCompanionService
01-17 18:18:19.726  1869  1869 D SystemServerTiming: StartIncidentCompanionService took to complete: 2ms
01-17 18:18:19.727  1869  1869 I SystemServer: StartMmsService
01-17 18:18:19.727  1869  1869 I SystemServiceManager: Starting com.android.server.MmsServiceBroker
01-17 18:18:19.729  1869  1869 D SystemServerTiming: StartMmsService took to complete: 2ms
01-17 18:18:19.729  1869  1869 I SystemServer: StartAutoFillService
01-17 18:18:19.729  1869  1869 I SystemServiceManager: Starting com.android.server.autofill.AutofillManagerService
01-17 18:18:19.731  1869  1869 D AutofillManagerService: setLogLevelFromSettings(): level=2, debug=true, verbose=false
01-17 18:18:19.731  1869  1869 D AutofillManagerService: setMaxPartitionsFromSettings(): 10
01-17 18:18:19.731  1869  1869 D AutofillManagerService: setMaxVisibleDatasetsFromSettings(): 0
01-17 18:18:19.732  1869  1869 D AutofillManagerServiceImpl: Reset component for user 0:
01-17 18:18:19.732  1869  1927 D AutofillUI: destroySaveUiUiThread(): already destroyed
01-17 18:18:19.734  1869  1869 D SystemServerTiming: StartAutoFillService took to complete: 5ms
01-17 18:18:19.734  1869  1869 I SystemServer: StartClipboardService
01-17 18:18:19.734  1869  1869 I SystemServiceManager: Starting com.android.server.clipboard.ClipboardService
01-17 18:18:19.736  1869  1869 D SystemServerTiming: StartClipboardService took to complete: 2ms
01-17 18:18:19.736  1869  1869 I SystemServer: AppServiceManager
01-17 18:18:19.736  1869  1869 I SystemServiceManager: Starting com.android.server.appbinding.AppBindingService$Lifecycle
01-17 18:18:19.737  1869  1869 D SystemServerTiming: AppServiceManager took to complete: 2ms
01-17 18:18:19.738  1869  1869 I SystemServer: MakeVibratorServiceReady
01-17 18:18:19.740  1869  1869 D SystemServerTiming: MakeVibratorServiceReady took to complete: 3ms
01-17 18:18:19.740  1869  1869 I SystemServer: MakeLockSettingsServiceReady
01-17 18:18:19.770  1869  1869 I SyntheticPasswordManager: Device does not support weaver
01-17 18:18:19.771  1869  1869 I LockSettingsService: Device doesn't implement AuthSecret HAL
01-17 18:18:19.773  1869  1869 E LockSettingsStorage: Cannot read file java.io.FileNotFoundException: /data/system/gatekeeper.password.key: open failed: ENOENT (No
such file or directory)
01-17 18:18:19.774  1869  1869 E LockSettingsStorage: Cannot read file java.io.FileNotFoundException: /data/system/password.key: open failed: ENOENT (No such file o
r directory)
01-17 18:18:19.774  1869  1869 E LockSettingsStorage: Cannot read file java.io.FileNotFoundException: /data/system/gatekeeper.pattern.key: open failed: ENOENT (No s
uch file or directory)
01-17 18:18:19.774  1869  1869 E LockSettingsStorage: Cannot read file java.io.FileNotFoundException: /data/system/gatekeeper.gesture.key: open failed: ENOENT (No s
uch file or directory)
01-17 18:18:19.774  1869  1869 E LockSettingsStorage: Cannot read file java.io.FileNotFoundException: /data/system/gesture.key: open failed: ENOENT (No such file or
 directory)
01-17 18:18:19.774  1869  1869 D SystemServerTiming: MakeLockSettingsServiceReady took to complete: 34ms
01-17 18:18:19.774  1869  1869 I SystemServer: StartBootPhaseLockSettingsReady
01-17 18:18:19.774  1869  1869 I SystemServiceManager: Starting phase 480
01-17 18:18:19.792  1869  1869 I DevicePolicyManager: Set ro.device_owner property to false
01-17 18:18:19.793  1869  2043 D SystemServerInitThreadPool: Started executing DevicePolicyManager
01-17 18:18:19.794  1869  2043 D SystemServerInitThreadPool: Finished executing DevicePolicyManager
01-17 18:18:19.802  1869  1869 D SystemServerTiming: StartBootPhaseLockSettingsReady took to complete: 28ms
01-17 18:18:19.802  1869  1869 I SystemServer: StartBootPhaseSystemServicesReady
01-17 18:18:19.802  1869  1869 I SystemServiceManager: Starting phase 500
01-17 18:18:19.804  1869  1869 D AppStandbyController: Setting app idle enabled state
01-17 18:18:19.815  1869  1869 D TestHarnessModeService: Setting up test harness mode
01-17 18:18:19.816  1869  1869 D TestHarnessModeService: Getting PersistentDataBlockManagerInternal from LocalServices
01-17 18:18:19.867  1869  1869 W SystemServiceManager: Service com.android.server.testharness.TestHarnessModeService took 51 ms in onBootPhase
01-17 18:18:19.870  1869  1869 I WifiService: WifiService starting up with Wi-Fi disabled
01-17 18:18:19.901     0     0 E ipa-wan ipa_wwan_ioctl: 1582 dev(rmnet_data7) register to IPA
01-17 18:18:19.903  1869  2092 D ConnectivityService: Got NetworkFactory Messenger for Ethernet
01-17 18:18:19.915  1869  1869 D SystemServerTiming: StartBootPhaseSystemServicesReady took to complete: 113ms
01-17 18:18:19.915  1869  1869 I SystemServer: MakeWindowManagerServiceReady
01-17 18:18:19.919  1869  2059 I commit_sys_config_file: [settings-2-0,31]
01-17 18:18:19.935  1869  1869 D SystemServerTiming: MakeWindowManagerServiceReady took to complete: 20ms
01-17 18:18:19.936  1869  1869 I SystemServer: MakePowerManagerServiceReady
01-17 18:18:19.942  1869  1869 E DisplayPowerController: failed to set up display white-balance: java.lang.IllegalStateException: cannot find sensor com.google.sens
or.color
01-17 18:18:19.955  1869  1869 D SystemServerTiming: MakePowerManagerServiceReady took to complete: 20ms
01-17 18:18:19.955  1869  1869 I SystemServer: StartPermissionPolicyService
01-17 18:18:19.955  1869  1869 I SystemServiceManager: Starting com.android.server.policy.PermissionPolicyService
01-17 18:18:19.957  1869  1869 D SystemServerTiming: StartPermissionPolicyService took to complete: 2ms
01-17 18:18:19.957  1869  1869 I SystemServer: MakePackageManagerServiceReady
01-17 18:18:19.961  1869  1869 I PackageManager: Un-granting permission android.permission.GLOBAL_SEARCH from package com.android.quicksearchbox (protectionLevel=18
 flags=0x3088be45)
01-17 18:18:19.963  1869  1869 I PackageManager: Un-granting permission android.permission.MANAGE_DOCUMENTS from package com.android.mms (protectionLevel=262146 fla
gs=0x28c9be65)
01-17 18:18:19.965  1869  1869 I PackageManager: Un-granting permission android.permission.MOUNT_UNMOUNT_FILESYSTEMS from package com.ksxy.nfc.demo.sdk (protectionL
evel=18 flags=0x3888be44)
01-17 18:18:19.973  1869  1869 I PackageManager: Un-granting permission android.permission.INTERACT_ACROSS_USERS_FULL from package org.codeaurora.snapcam (protectio
nLevel=258 flags=0x20d8bc45)
01-17 18:18:19.973  1869  1869 I PackageManager: Un-granting permission android.permission.SET_ORIENTATION from package org.codeaurora.snapcam (protectionLevel=2 fl
ags=0x20d8bc45)
01-17 18:18:19.980     0     0 E FAKE_BATTERY: fake_batt_get_property: batt_mv=7914
01-17 18:18:19.982     0     0 W healthd : battery l=73 v=7 t=0.0 h=2 st=3 chg=
01-17 18:18:19.984  1869  1945 E KernelCpuSpeedReader: Failed to read cpu-freq: /sys/devices/system/cpu/cpu0/cpufreq/stats/time_in_state: open failed: ENOENT (No su
ch file or directory)
01-17 18:18:19.985  1869  1945 E KernelCpuSpeedReader: Failed to read cpu-freq: /sys/devices/system/cpu/cpu4/cpufreq/stats/time_in_state: open failed: ENOENT (No su
ch file or directory)
01-17 18:18:19.996  1869  1951 W KeyguardServiceDelegate: onScreenTurningOn(): no keyguard service!
01-17 18:18:19.996  1869  1951 V DisplayPowerController: Brightness [102] reason changing to: 'override', previous reason: '0'.
01-17 18:18:20.006  1869  1869 I commit_sys_config_file: [package-session,20]
01-17 18:18:20.008  1869  1869 V UserDataPreparer: Found /data/user_de/0 with serial number 0
01-17 18:18:20.008  1869  1869 V UserDataPreparer: Found /data/user/0 with serial number 0
01-17 18:18:20.008  1869  1869 V UserDataPreparer: Found /data/system_de/0 with serial number 0
01-17 18:18:20.009  1869  1869 V UserDataPreparer: Found /data/system_ce/0 with serial number 0
01-17 18:18:20.009  1869  1869 V UserDataPreparer: Found /data/misc_ce/0 with serial number 0
01-17 18:18:20.013  1869  1869 D SystemServerTiming: MakePackageManagerServiceReady took to complete: 56ms
01-17 18:18:20.013  1869  1869 I SystemServer: MakeDisplayManagerServiceReady
01-17 18:18:20.016  1869  1869 D SystemServerTiming: MakeDisplayManagerServiceReady took to complete: 3ms
01-17 18:18:20.016  1869  1869 I SystemServer: StartDeviceSpecificServices
01-17 18:18:20.016  1869  1869 D SystemServerTiming: StartDeviceSpecificServices took to complete: 0ms
01-17 18:18:20.016  1869  1869 I SystemServer: StartBootPhaseDeviceSpecificServicesReady
01-17 18:18:20.016  1869  1869 I SystemServiceManager: Starting phase 520
01-17 18:18:20.017  1869  1869 D SystemServerTiming: StartBootPhaseDeviceSpecificServicesReady took to complete: 0ms
01-17 18:18:20.019  1869  1869 W UsageStatsService: Event reported without a package name, eventType:15
01-17 18:18:20.020  1869  1869 I AppOps  : Pruning old package system/com.android.server.appop.AppOpsService$UidState@4354b3: new uid=-1
01-17 18:18:20.021  1869  1869 I ActivityManager: System now ready
01-17 18:18:20.021  1869  1869 I boot_progress_ams_ready: 62664
01-17 18:18:20.029   617   617 I auditd  : type=1400 audit(0.0:80): avc: denied { read } for comm="Binder:617_4" name="/" dev="mmcblk0p53" ino=2 scontext=u:r:vold:s
0 tcontext=u:object_r:mnt_vendor_file:s0 tclass=dir permissive=0
01-17 18:18:20.044   617  2078 I vold    : Trimmed 20522262528 bytes on /data in 934ms
01-17 18:18:20.045   617  2078 D vold    : Starting trim of /mnt/vendor/persist
01-17 18:18:20.045  1869  2107 I DropBoxManagerService: add tag=storage_trim isTagEnabled=true flags=0x2
01-17 18:18:20.045   617  2078 W vold    : Failed to open /mnt/vendor/persist: Permission denied
01-17 18:18:20.086  1869  2055 D SystemServerTimingAsync: SecondaryZygotePreload took to complete: 1345ms
01-17 18:18:20.086  1869  2055 D SystemServerInitThreadPool: Finished executing SecondaryZygotePreload
01-17 18:18:20.119  1869  1869 I SystemServer: Making services ready
01-17 18:18:20.119  1869  1869 I SystemServer: StartActivityManagerReadyPhase
01-17 18:18:20.120  1869  1869 I SystemServiceManager: Starting phase 550
01-17 18:18:20.122  1869  1869 E ThermalHalWrapper: Thermal HAL 2.0 service not connected.
01-17 18:18:20.123  1869  1869 E ThermalHalWrapper: Thermal HAL 1.1 service not connected.
01-17 18:18:20.126  1869  1869 I ThermalHalWrapper: Thermal HAL 1.0 service connected, no thermal call back will be called due to legacy API.
01-17 18:18:20.190  1869  2059 I commit_sys_config_file: [settings-0-0,10]
01-17 18:18:20.556  1869  1869 W SystemServiceManager: Service com.android.server.power.ThermalManagerService took 435 ms in onBootPhase
01-17 18:18:20.556  1869  1869 E BatteryService: breath leds update!
01-17 18:18:20.562  1869  1869 W ActivityManager: Too early to start/bind service in system_server: Phase=550 ComponentInfo{com.android.server.telecom/com.android.s
erver.telecom.components.TelecomService}
01-17 18:18:20.564  1869  1869 W ActivityManager: Too early to start/bind service in system_server: Phase=550 ComponentInfo{com.android.server.telecom/com.android.s
erver.telecom.components.TelecomService}
01-17 18:18:20.572  1869  1869 I SyncManager: No initial accounts
01-17 18:18:20.572  1869  1869 I SyncManager: No initial status
01-17 18:18:20.573  1869  1869 I SyncManager: No initial statistics
01-17 18:18:20.576  1869  1869 D BluetoothManagerService: Bluetooth boot completed
01-17 18:18:20.576  1869  1869 D BluetoothManagerService: Auto-enabling Bluetooth.
01-17 18:18:20.577  1869  1928 D BluetoothManagerService: MESSAGE_ENABLE(0): mBluetooth = null
01-17 18:18:20.579  1869  1928 I am_uid_running: 1002
01-17 18:18:20.613  1869  1940 I am_proc_start: [0,2161,1002,com.android.bluetooth,service,{com.android.bluetooth/com.android.bluetooth.btservice.AdapterService}]
01-17 18:18:20.613  1869  1940 I ActivityManager: Start proc 2161:com.android.bluetooth/1002 for service {com.android.bluetooth/com.android.bluetooth.btservice.Adap
terService}
01-17 18:18:20.672  1869  2107 I am_proc_bound: [0,2161,com.android.bluetooth]
01-17 18:18:20.683  1869  2107 I am_uid_active: 1002
01-17 18:18:20.740  1869  1869 W SystemServiceManager: Service com.android.server.inputmethod.InputMethodManagerService$Lifecycle took 163 ms in onBootPhase
01-17 18:18:20.744  1869  2075 D StorageManagerService: Isolated storage local flag 0 and remote flag 0 resolved to true
01-17 18:18:20.745  1869  1869 I WallpaperManagerService: No static wallpaper imagery; defaults will be shown
01-17 18:18:20.745  1869  1869 V WallpaperManagerService: bindWallpaperComponentLocked: componentName=ComponentInfo{com.android.systemui/com.android.systemui.ImageW
allpaper}
01-17 18:18:20.747  1869  1869 I am_uid_running: 10090
01-17 18:18:20.751  1869  1869 W WallpaperManagerService: Invalid wallpaper data
01-17 18:18:20.751  1869  1869 E WallpaperManagerService: Unable to apply new wallpaper
01-17 18:18:20.754  1869  1869 I AppBindingService: Updating constants with: null
01-17 18:18:20.758  1869  2102 W BluetoothManagerService: bindBluetoothProfileService:Trying to bind to profile: 1, while Bluetooth is disabled
01-17 18:18:20.774     0     0 I msm-dwc3 c200000.hsusb: DWC3 exited from low power mode
01-17 18:18:20.782  1869  1940 I am_proc_start: [0,2190,10090,com.android.systemui,service,{com.android.systemui/com.android.systemui.ImageWallpaper}]
01-17 18:18:20.782  1869  1940 I ActivityManager: Start proc 2190:com.android.systemui/u0a90 for service {com.android.systemui/com.android.systemui.ImageWallpaper}
01-17 18:18:20.785  1869  1869 I PackageManager: Un-granting permission android.permission.GLOBAL_SEARCH from package com.android.quicksearchbox (protectionLevel=18
 flags=0x3088be45)
01-17 18:18:20.787  1869  1869 I PackageManager: Un-granting permission android.permission.MANAGE_DOCUMENTS from package com.android.mms (protectionLevel=262146 fla
gs=0x28c9be65)
01-17 18:18:20.788  1869  1869 I PackageManager: Un-granting permission android.permission.MOUNT_UNMOUNT_FILESYSTEMS from package com.ksxy.nfc.demo.sdk (protectionL
evel=18 flags=0x3888be44)
01-17 18:18:20.796  1869  1869 I PackageManager: Un-granting permission android.permission.INTERACT_ACROSS_USERS_FULL from package org.codeaurora.snapcam (protectio
nLevel=258 flags=0x20d8bc45)
01-17 18:18:20.796  1869  1869 I PackageManager: Un-granting permission android.permission.SET_ORIENTATION from package org.codeaurora.snapcam (protectionLevel=2 fl
ags=0x20d8bc45)
01-17 18:18:20.799  1869  1869 D SystemServerTiming: StartActivityManagerReadyPhase took to complete: 679ms
01-17 18:18:20.799  1869  1869 I SystemServer: StartObservingNativeCrashes
01-17 18:18:20.799  1869  1869 D SystemServerTiming: StartObservingNativeCrashes took to complete: 1ms
01-17 18:18:20.799  1869  1869 I SystemServer: StartSystemUI
01-17 18:18:20.801  1869  2056 D SystemServerInitThreadPool: Started executing WebViewFactoryPreparation
01-17 18:18:20.801  1869  2056 I SystemServer: WebViewFactoryPreparation
01-17 18:18:20.803  1869  1869 D SystemServerTiming: StartSystemUI took to complete: 4ms
01-17 18:18:20.803  1869  1869 I SystemServer: MakeNetworkManagementServiceReady
01-17 18:18:20.803  1869  2056 I am_uid_running: 1037
01-17 18:18:20.805  1869  2056 D SystemServerTimingAsync: WebViewFactoryPreparation took to complete: 3ms
