01-17 18:18:20.805  1869  2056 D SystemServerInitThreadPool: Finished executing WebViewFactoryPreparation
01-17 18:18:20.809   605   605 I auditd  : avc:  denied  { find } for interface=vendor.qti.hardware.perf::IPerf sid=u:r:bluetooth:s0 pid=2161 scontext=u:r:bluetooth
:s0 tcontext=u:object_r:hal_perf_hwservice:s0 tclass=hwservice_manager permissive=0
01-17 18:18:20.809  1869  1869 D SystemServerTiming: MakeNetworkManagementServiceReady took to complete: 6ms
01-17 18:18:20.809  1869  1869 I SystemServer: MakeIpSecServiceReady
01-17 18:18:20.811   605   605 I auditd  : avc:  denied  { find } for interface=vendor.qti.hardware.perf::IPerf sid=u:r:bluetooth:s0 pid=2161 scontext=u:r:bluetooth
:s0 tcontext=u:object_r:hal_perf_hwservice:s0 tclass=hwservice_manager permissive=0
01-17 18:18:20.811  1869  1869 D IpSecService: IpSecService is ready
01-17 18:18:20.811  1869  1869 D SystemServerTiming: MakeIpSecServiceReady took to complete: 2ms
01-17 18:18:20.811  1869  1869 I SystemServer: MakeNetworkStatsServiceReady
01-17 18:18:20.819  1869  1945 E BatteryExternalStatsWorker: no controller energy info supplied for telephony
01-17 18:18:20.843  1869  2083 I commit_sys_config_file: [net-policy,16]
01-17 18:18:20.843  1869  2083 W NetworkPolicy: setRestrictBackgroundUL: already false
01-17 18:18:20.863  1869  1918 I am_proc_bound: [0,2190,com.android.systemui]
01-17 18:18:20.863  1869  1869 D SystemServerTiming: MakeNetworkStatsServiceReady took to complete: 52ms
01-17 18:18:20.864  1869  1869 I SystemServer: MakeConnectivityServiceReady
01-17 18:18:20.865  1869  1869 D ConnectivityService: requestNetwork for uid/pid:1000/1869 NetworkRequest [ REQUEST id=6, [ Capabilities: INTERNET&NOT_RESTRICTED&TR
USTED&NOT_VPN] ]
01-17 18:18:20.870  1869  1918 I am_uid_active: 10090
01-17 18:18:20.892  1869  2083 D TelephonyRegistry: listen oscl: mHasNotifySubscriptionInfoChangedOccurred==false no callback
01-17 18:18:20.892  1869  1869 D SystemServerTiming: MakeConnectivityServiceReady took to complete: 29ms
01-17 18:18:20.892  1869  1869 I SystemServer: MakeNetworkPolicyServiceReady
01-17 18:18:20.892  1869  1869 D SystemServerTiming: MakeNetworkPolicyServiceReady took to complete: 0ms
01-17 18:18:20.894  1869  2092 V NetPluginDelegate: registerHandler
01-17 18:18:20.895  1869  2092 V NetPluginDelegate: loading ConnectivityExt jar
01-17 18:18:20.900  1869  1940 W ActivityManager: Slow operation: 97ms so far, now at startProcess: returned from zygote!
01-17 18:18:20.901  1869  1940 W ActivityManager: Slow operation: 97ms so far, now at startProcess: done updating battery stats
01-17 18:18:20.901  1869  1940 I am_proc_start: [0,2228,1037,WebViewLoader-armeabi-v7a,NULL,]
01-17 18:18:20.901  1869  1940 W ActivityManager: Slow operation: 97ms so far, now at startProcess: building log message
01-17 18:18:20.901  1869  1940 I ActivityManager: Start proc 2228:WebViewLoader-armeabi-v7a/1037 [android.webkit.WebViewLibraryLoader$RelroFileCreator] for null
01-17 18:18:20.901  1869  1940 W ActivityManager: Slow operation: 97ms so far, now at startProcess: starting to update pids map
01-17 18:18:20.901  1869  1940 W ActivityManager: Slow operation: 98ms so far, now at startProcess: done updating pids map
01-17 18:18:20.901  1869  1940 W ActivityManager: Slow operation: 98ms so far, now at startProcess: asking zygote to start proc
01-17 18:18:20.904  1869  2092 V NetPluginDelegate: ConnectivityExt jar loaded
01-17 18:18:20.941  1869  1940 W ActivityManager: Slow operation: 138ms so far, now at startProcess: returned from zygote!
01-17 18:18:20.941  1869  1940 W ActivityManager: Slow operation: 138ms so far, now at startProcess: done updating battery stats
01-17 18:18:20.942  1869  1940 I am_proc_start: [0,2237,1037,WebViewLoader-arm64-v8a,NULL,]
01-17 18:18:20.942  1869  1940 W ActivityManager: Slow operation: 138ms so far, now at startProcess: building log message
01-17 18:18:20.942  1869  1940 I ActivityManager: Start proc 2237:WebViewLoader-arm64-v8a/1037 [android.webkit.WebViewLibraryLoader$RelroFileCreator] for null
01-17 18:18:20.942  1869  1940 W ActivityManager: Slow operation: 138ms so far, now at startProcess: starting to update pids map
01-17 18:18:20.942  1869  1940 W ActivityManager: Slow operation: 139ms so far, now at startProcess: done updating pids map
01-17 18:18:20.972  1869  2206 I am_proc_bound: [0,2228,WebViewLoader-armeabi-v7a]
01-17 18:18:20.975  1869  2206 I am_uid_active: 1037
01-17 18:18:20.989   605   605 I auditd  : avc:  denied  { find } for interface=vendor.qti.hardware.perf::IPerf sid=u:r:bluetooth:s0 pid=2161 scontext=u:r:bluetooth
:s0 tcontext=u:object_r:hal_perf_hwservice:s0 tclass=hwservice_manager permissive=0
01-17 18:18:21.012  1869  2206 I am_proc_bound: [0,2237,WebViewLoader-arm64-v8a]
01-17 18:18:21.035  2161  2281 I bt_config_source: 1
01-17 18:18:21.062  1869  2206 W StorageManagerService: No primary storage defined yet; hacking together a stub
01-17 18:18:21.116  1869  1918 D TelephonyRegistry: listen oscl: mHasNotifySubscriptionInfoChangedOccurred==false no callback
01-17 18:18:21.159  2190  2190 D SystemUIBootTiming: DependencyInjection took to complete: 6ms
01-17 18:18:21.175  2190  2190 D SystemUIBootTiming: StartServicescom.android.systemui.util.NotificationChannels took to complete: 5ms
01-17 18:18:21.176  2190  2190 D SystemUIBootTiming: StartServicescom.android.systemui.statusbar.CommandQueue$CommandQueueStart took to complete: 0ms
01-17 18:18:21.208     0     0 W         : re-initialized> (2228) used greatest stack depth: 10288 bytes left
01-17 18:18:21.221  1869  1928 I commit_sys_config_file: [notification-policy,47]
01-17 18:18:21.305  2190  2190 D SystemUIBootTiming: StartServicescom.android.systemui.keyguard.KeyguardViewMediator took to complete: 130ms
01-17 18:18:21.318  1869  2206 I ActivityManager: Process WebViewLoader-armeabi-v7a (pid 2228) has died: psvc PER
01-17 18:18:21.322  1869  2206 I am_proc_died: [0,2228,WebViewLoader-armeabi-v7a,-700,0]
01-17 18:18:21.326  1869  2206 I am_mem_factor: [3,0]
01-17 18:18:21.328  1869  2206 I am_low_memory: 4
01-17 18:18:21.333  1869  1945 E KernelCpuSpeedReader: Failed to read cpu-freq: /sys/devices/system/cpu/cpu0/cpufreq/stats/time_in_state: open failed: ENOENT (No su
ch file or directory)
01-17 18:18:21.333  1869  1945 E KernelCpuSpeedReader: Failed to read cpu-freq: /sys/devices/system/cpu/cpu4/cpufreq/stats/time_in_state: open failed: ENOENT (No su
ch file or directory)
01-17 18:18:21.347  1869  2107 I am_uid_running: 10091
01-17 18:18:21.351  2190  2190 D SystemUIBootTiming: StartServicescom.android.systemui.recents.Recents took to complete: 46ms
01-17 18:18:21.362     0     0 I msm_vidc: info: Opening video instance: ffffffe241c54000, 1
01-17 18:18:21.367  1869  2107 I ActivityManager: Process WebViewLoader-arm64-v8a (pid 2237) has died: psvc PER
01-17 18:18:21.370  1869  2107 I am_proc_died: [0,2237,WebViewLoader-arm64-v8a,-700,0]
01-17 18:18:21.373  1869  2107 I am_uid_stopped: 1037
01-17 18:18:21.376  1869  2107 I am_low_memory: 3
01-17 18:18:21.377     0     0 I binder  : undelivered transaction 13715, process died.
01-17 18:18:21.390     0     0 I subsys-restart: __subsystem_get(): Changing subsys fw_name to venus
01-17 18:18:21.393  1869  1940 I am_proc_start: [0,2360,10091,com.android.launcher3,service,{com.android.launcher3/com.android.quickstep.TouchInteractionService}]
01-17 18:18:21.393  1869  1940 I ActivityManager: Start proc 2360:com.android.launcher3/u0a91 for service {com.android.launcher3/com.android.quickstep.TouchInteract
ionService}
01-17 18:18:21.415     0     0 I ueventd : firmware: loading 'venus.mdt' for '/devices/soc/cce0000.qcom,venus/firmware/venus.mdt'
01-17 18:18:21.422     0     0 I ueventd : loading /devices/soc/cce0000.qcom,venus/firmware/venus.mdt took 7ms
01-17 18:18:21.439  2336  2336 I auditd  : type=1400 audit(0.0:81): avc: denied { getattr } for comm="webview_zygote" path="/data/data/com.android.webview" dev="dm-
1" ino=16751 scontext=u:r:webview_zygote:s0 tcontext=u:object_r:app_data_file:s0:c120,c256,c512,c768 tclass=dir permissive=0
01-17 18:18:21.449  2336  2336 I auditd  : type=1400 audit(0.0:82): avc: denied { getattr } for comm="webview_zygote" path="/data/data/com.android.webview" dev="dm-
1" ino=16751 scontext=u:r:webview_zygote:s0 tcontext=u:object_r:app_data_file:s0:c120,c256,c512,c768 tclass=dir permissive=0
01-17 18:18:21.484  1869  2354 I am_proc_bound: [0,2360,com.android.launcher3]
01-17 18:18:21.489     0     0 I alloc_contig_range: [9f800, 9fd00) PFNs busy
01-17 18:18:21.492  2190  2190 D SystemUIBootTiming: StartServicescom.android.systemui.volume.VolumeUI took to complete: 141ms
01-17 18:18:21.492  1869  2354 I am_uid_active: 10091
01-17 18:18:21.513     0     0 I subsys-pil-tz cce0000.qcom,venus: venus: loading from 0x000000009f900000 to 0x000000009fe00000
01-17 18:18:21.544     0     0 I ueventd : firmware: loading 'venus.b02' for '/devices/soc/cce0000.qcom,venus/firmware/venus.b02'
01-17 18:18:21.562     0     0 I ueventd : loading /devices/soc/cce0000.qcom,venus/firmware/venus.b02 took 18ms
01-17 18:18:21.565  2190  2190 D SystemUIBootTiming: StartServicescom.android.systemui.stackdivider.Divider took to complete: 72ms
01-17 18:18:21.574     0     0 I ueventd : firmware: loading 'venus.b03' for '/devices/soc/cce0000.qcom,venus/firmware/venus.b03'
01-17 18:18:21.582     0     0 I ueventd : loading /devices/soc/cce0000.qcom,venus/firmware/venus.b03 took 8ms
01-17 18:18:21.602     0     0 I ueventd : firmware: loading 'venus.b04' for '/devices/soc/cce0000.qcom,venus/firmware/venus.b04'
01-17 18:18:21.605  2190  2190 W CarrierConfigManager: Error getting config for subId -1 ICarrierConfigLoader is null
01-17 18:18:21.607     0     0 I ueventd : loading /devices/soc/cce0000.qcom,venus/firmware/venus.b04 took 5ms
01-17 18:18:21.625  1869  1928 I DropBoxManagerService: add tag=system_app_strictmode isTagEnabled=true flags=0x2
01-17 18:18:21.625  1869  2354 D ConnectivityService: requestNetwork for uid/pid:10090/2190 NetworkRequest [ TRACK_DEFAULT id=10, [ Capabilities: INTERNET&NOT_RESTR
ICTED&TRUSTED Uid: 10090] ]
01-17 18:18:21.627  1869  2354 D TelephonyRegistry: listen oscl: mHasNotifySubscriptionInfoChangedOccurred==false no callback
01-17 18:18:21.628     0     0 I subsys-pil-tz cce0000.qcom,venus: venus: Brought out of reset
01-17 18:18:21.634  1869  1928 I DropBoxManagerService: add tag=system_app_strictmode isTagEnabled=true flags=0x2
01-17 18:18:21.674     0     0 I msm_vidc: info: Closed video instance: ffffffe241c54000
01-17 18:18:21.680  1869  2354 I StatusBarManagerService: registerStatusBar bar=com.android.internal.statusbar.IStatusBar$Stub$Proxy@fca9045
01-17 18:18:21.706     0     0 I msm_vidc: info: Opening video instance: ffffffe22bcec000, 1
01-17 18:18:21.730     0     0 I msm_vidc: info: Closed video instance: ffffffe22bcec000
01-17 18:18:21.764     0     0 I msm_vidc: info: Opening video instance: ffffffe23995c000, 1
01-17 18:18:21.784     0     0 I msm_vidc: info: Closed video instance: ffffffe23995c000
01-17 18:18:21.805     0     0 I msm_vidc: info: Opening video instance: ffffffe223026000, 1
01-17 18:18:21.824     0     0 I msm_vidc: info: Closed video instance: ffffffe223026000
01-17 18:18:21.843     0     0 I msm_vidc: info: Opening video instance: ffffffe262bfa000, 1
01-17 18:18:21.856  1869  2027 D SystemServerTimingAsync: AppDataPrepare took to complete: 2901ms
01-17 18:18:21.856  1869  2027 I PackageManager: Deferred reconcileAppsData finished 160 packages
01-17 18:18:21.856  1869  2027 D SystemServerInitThreadPool: Finished executing prepareAppData
01-17 18:18:21.858  1869  1869 I SystemServer: PhaseThirdPartyAppsCanStart
01-17 18:18:21.858  1869  1869 I SystemServiceManager: Starting phase 600
01-17 18:18:21.859  1869  1869 I ExplicitHealthCheckController: Explicit health checks enabled.
01-17 18:18:21.859  1869  1869 I PackageWatchdog: Syncing state, reason: health check state enabled
01-17 18:18:21.859  1869  1869 I PackageWatchdog: Not pruning observers, elapsed time: 0ms
01-17 18:18:21.859  1869  1938 I PackageWatchdog: Saving observer state to file
01-17 18:18:21.859  1869  1869 I PackageWatchdog: Cancelling state sync, nothing to sync
01-17 18:18:21.861     0     0 I msm_vidc: info: Closed video instance: ffffffe262bfa000
01-17 18:18:21.874  1869  1869 V WallpaperManagerService: bindWallpaperComponentLocked: componentName=ComponentInfo{com.android.systemui/com.android.systemui.ImageW
allpaper}
01-17 18:18:21.879     0     0 I msm_vidc: info: Opening video instance: ffffffe22718c000, 1
01-17 18:18:21.884  1869  1869 D TelephonyRegistry: listen oscl: mHasNotifySubscriptionInfoChangedOccurred==false no callback
01-17 18:18:21.892  1869  1869 I StatsCompanionService: Told statsd that StatsCompanionService is alive.
01-17 18:18:21.897     0     0 I msm_vidc: info: Closed video instance: ffffffe22718c000
01-17 18:18:21.899  1869  1869 D SystemServerTiming: PhaseThirdPartyAppsCanStart took to complete: 42ms
01-17 18:18:21.899  1869  1869 I SystemServer: StartNetworkStack
01-17 18:18:21.908  1869  1869 D SystemServerTiming: StartNetworkStack took to complete: 9ms
01-17 18:18:21.908  1869  1869 I SystemServer: MakeLocationServiceReady
01-17 18:18:21.916  2190  2190 D SystemUIBootTiming: StartServicescom.android.systemui.SystemBars took to complete: 351ms
01-17 18:18:21.919  2190  2399 E ActivityThread: Failed to find provider info for com.android.contacts
01-17 18:18:21.921  2190  2190 D SystemUIBootTiming: StartServicescom.android.systemui.usb.StorageNotification took to complete: 6ms
01-17 18:18:21.923  1869  1869 D TelephonyRegistry: listen oscl: mHasNotifySubscriptionInfoChangedOccurred==false no callback
01-17 18:18:21.926     0     0 I msm_vidc: info: Opening video instance: ffffffe22bcea000, 1
01-17 18:18:21.927  1869  1869 E LocationManagerService: no geocoder provider found
01-17 18:18:21.927  1869  1869 D LocationManagerService: Unable to bind FLP Geofence proxy.
01-17 18:18:21.928  1869  1869 D LocationManagerService: Hardware Activity-Recognition not supported.
01-17 18:18:21.928  1869  1869 D LocationManagerService: Unable to bind ActivityRecognitionProxy.
01-17 18:18:21.930  1869  1869 D SystemServerTiming: MakeLocationServiceReady took to complete: 21ms
01-17 18:18:21.930  1869  1869 I SystemServer: MakeCountryDetectionServiceReady
01-17 18:18:21.930  1869  1869 D SystemServerTiming: MakeCountryDetectionServiceReady took to complete: 0ms
01-17 18:18:21.930  1869  1869 I SystemServer: MakeNetworkTimeUpdateReady
01-17 18:18:21.932  1869  1869 D ConnectivityService: requestNetwork for uid/pid:1000/1869 NetworkRequest [ TRACK_DEFAULT id=12, [ Capabilities: INTERNET&NOT_RESTRI
CTED&TRUSTED Uid: 1000] ]
01-17 18:18:21.932  1869  1869 D SystemServerTiming: MakeNetworkTimeUpdateReady took to complete: 2ms
01-17 18:18:21.932  1869  1869 I SystemServer: MakeInputManagerServiceReady
01-17 18:18:21.933  1869  1869 D SystemServerTiming: MakeInputManagerServiceReady took to complete: 1ms
01-17 18:18:21.933  1869  1869 I SystemServer: MakeTelephonyRegistryReady
01-17 18:18:21.933  1869  1869 D TelephonyRegistry: systemRunning register for intents
01-17 18:18:21.933  1869  1869 D SystemServerTiming: MakeTelephonyRegistryReady took to complete: 0ms
01-17 18:18:21.933  1869  1869 I SystemServer: MakeMediaRouterServiceReady
01-17 18:18:21.934  1869  1869 D SystemServerTiming: MakeMediaRouterServiceReady took to complete: 0ms
01-17 18:18:21.934  1869  1869 I SystemServer: MakeMmsServiceReady
01-17 18:18:21.934  1869  1869 I MmsServiceBroker: Delay connecting to MmsService until an API is called
01-17 18:18:21.934  1869  1869 D SystemServerTiming: MakeMmsServiceReady took to complete: 0ms
01-17 18:18:21.934  1869  1869 I SystemServer: IncidentDaemonReady
01-17 18:18:21.934  2190  2190 D SystemUIBootTiming: StartServicescom.android.systemui.power.PowerUI took to complete: 12ms
01-17 18:18:21.936  1869  1869 D SystemServerTiming: IncidentDaemonReady took to complete: 2ms
01-17 18:18:21.936  1869  1869 I ActivityManager: Current user:0
01-17 18:18:21.936  1869  1869 I SystemServiceManager: Calling onStartUser u0
01-17 18:18:21.942  2190  2190 D SystemUIBootTiming: StartServicescom.android.systemui.media.RingtonePlayer took to complete: 9ms
01-17 18:18:21.944  2190  2190 D SystemUIBootTiming: StartServicescom.android.systemui.keyboard.KeyboardUI took to complete: 1ms
01-17 18:18:21.947     0     0 I msm_vidc: info: Closed video instance: ffffffe22bcea000
01-17 18:18:21.959  2190  2190 D SystemUIBootTiming: StartServicescom.android.systemui.pip.PipUI took to complete: 16ms
01-17 18:18:21.960  1869  1869 I am_uid_running: 1001
01-17 18:18:21.960  2190  2190 D SystemUIBootTiming: StartServicescom.android.systemui.shortcut.ShortcutKeyDispatcher took to complete: 1ms
01-17 18:18:21.961  2190  2190 D SystemUIBootTiming: StartServicescom.android.systemui.VendorServices took to complete: 0ms
01-17 18:18:21.962  2190  2190 D SystemUIBootTiming: StartServicescom.android.systemui.util.leak.GarbageMonitor$Service took to complete: 1ms
01-17 18:18:21.964     0     0 I msm_vidc: info: Opening video instance: ffffffe223024000, 1
01-17 18:18:21.965  1869  1869 I ActivityTaskManager: START u0 {act=android.intent.action.MAIN cat=[android.intent.category.HOME] flg=0x10000100 cmp=com.android.set
tings/.FallbackHome} from uid 0
01-17 18:18:21.988  1869  1869 I ActivityTaskManager: Loaded persisted task ids for user 0
01-17 18:18:21.989  1869  1869 I wm_task_created: [1,0]
01-17 18:18:21.990  1869  1869 I wm_task_moved: [1,0,2147483647]
01-17 18:18:21.991  1869  1869 I am_create_task: [0,1]
01-17 18:18:21.991  1869  1869 I am_create_activity: [0,25597980,1,com.android.settings/.FallbackHome,android.intent.action.MAIN,NULL,NULL,276824320]
01-17 18:18:21.992  1869  1869 I wm_task_moved: [1,0,2147483647]
01-17 18:18:21.992     0     0 I msm_vidc: info: Closed video instance: ffffffe223024000
01-17 18:18:22.042     0     0 I msm_vidc: info: Opening video instance: ffffffe227348000, 1
01-17 18:18:22.058  1958  1958 I imsrcsd : getAndroidPropValue : vendor.ims.modem.multisub.cap[2]
01-17 18:18:22.058  1958  1958 I imsrcsd : Uce Service HAL  detected modemVersion[2]
01-17 18:18:22.059  1958  1958 I imsrcsd : Uce Service HAL  loading lib-imsrcs-v2
01-17 18:18:22.062     0     0 I msm_vidc: info: Closed video instance: ffffffe227348000
01-17 18:18:22.071  1869  1869 D SystemServerTiming: ActivityManagerStartApps took to complete: 136ms
01-17 18:18:22.071  1869  1869 D SystemServerTiming: PhaseActivityManagerReady took to complete: 2054ms
01-17 18:18:22.073  1869  1927 W Looper  : Slow dispatch took 112ms android.ui h=com.android.server.am.ActivityManagerService$UiHandler c=null m=53
01-17 18:18:22.073  2190  2190 D SystemUIBootTiming: StartServicescom.android.systemui.LatencyTester took to complete: 110ms
01-17 18:18:22.073  1869  1940 W ActivityManager: Slow operation: 113ms so far, now at startProcess: done updating battery stats
01-17 18:18:22.073  1869  1940 I am_proc_start: [0,2439,1001,.dataservices,added application,.dataservices]
01-17 18:18:22.074  1869  1940 W ActivityManager: Slow operation: 113ms so far, now at startProcess: building log message
01-17 18:18:22.074  1869  1940 I ActivityManager: Start proc 2439:.dataservices/1001 for added application .dataservices
01-17 18:18:22.074  1869  1940 W ActivityManager: Slow operation: 113ms so far, now at startProcess: starting to update pids map
01-17 18:18:22.074  2190  2190 D SystemUIBootTiming: StartServicescom.android.systemui.globalactions.GlobalActionsComponent took to complete: 1ms
01-17 18:18:22.075  1869  1940 W ActivityManager: Slow operation: 115ms so far, now at startProcess: done updating pids map
01-17 18:18:22.075  1869  1940 W ActivityManager: Slow operation: 114ms so far, now at startProcess: asking zygote to start proc
01-17 18:18:22.079  1869  2356 I am_proc_bound: [0,2439,.dataservices]
01-17 18:18:22.079  2190  2190 D SystemUIBootTiming: StartServicescom.android.systemui.ScreenDecorations took to complete: 6ms
01-17 18:18:22.080     0     0 I msm_vidc: info: Opening video instance: ffffffe223154000, 1
01-17 18:18:22.081  2190  2190 D SystemUIBootTiming: StartServicescom.android.systemui.biometrics.BiometricDialogImpl took to complete: 2ms
01-17 18:18:22.082  1869  1869 D SystemServerInitThreadPool: Shutdown successful
01-17 18:18:22.082  1869  1869 D SystemServerTiming: StartServices took to complete: 5506ms
01-17 18:18:22.083  1869  1869 I sysui_multi_action: [757,804,799,boot_system_server_ready,801,64726,802,1]
01-17 18:18:22.084  1869  1869 E SystemServerTiming: SystemServer init took too long. uptimeMillis=64726
01-17 18:18:22.085  1869  2356 I am_uid_active: 1001
01-17 18:18:22.087  1869  1939 I am_wtf  : [0,1869,system_server,-1,SystemServerTiming,SystemServer init took too long. uptimeMillis=64726]
01-17 18:18:22.090  2190  2190 D SystemUIBootTiming: StartServicescom.android.systemui.SliceBroadcastRelayHandler took to complete: 8ms
01-17 18:18:22.090  2190  2190 D SystemUIBootTiming: StartServicescom.android.systemui.SizeCompatModeActivityController took to complete: 0ms
01-17 18:18:22.091  1869  1869 W Looper  : Slow delivery took 3441ms main h=android.app.ActivityThread$H c=null m=156
01-17 18:18:22.092  1869  1939 I DropBoxManagerService: add tag=system_server_wtf isTagEnabled=true flags=0x2
01-17 18:18:22.094  2190  2190 D SystemUIBootTiming: StartServicescom.android.systemui.statusbar.notification.InstantAppNotifier took to complete: 5ms
01-17 18:18:22.096  1869  1869 D ConditionProviders.SCP: onConnected
01-17 18:18:22.097  1869  1869 V SettingsProvider: Notifying for 0: content://settings/secure/zen_settings_updated
01-17 18:18:22.098  1869  1869 D ConditionProviders: Subscribing to condition://android/event?userId=-10000&calendar=&reply=1 with ComponentInfo{android/com.android
.server.notification.EventConditionProvider}
01-17 18:18:22.098  1869  1869 D ConditionProviders: Subscribing to condition://android/schedule?days=1.2.3.4.5.6.7&start=22.0&end=7.0&exitAtAlarm=true with Compone
ntInfo{android/com.android.server.notification.ScheduleConditionProvider}
01-17 18:18:22.098  1869  1869 I notification_cancel_all: [1000,1869,android,0,0,0,17,NULL]
01-17 18:18:22.099  2439  2439 I auditd  : type=1400 audit(0.0:83): avc: denied { getattr } for comm=".dataservices" path="/data/user_de/0/com.qualcomm.qti.uceShimS
ervice" dev="dm-1" ino=16395 scontext=u:r:dataservice_app:s0 tcontext=u:object_r:radio_data_file:s0 tclass=dir permissive=0
01-17 18:18:22.099  2439  2439 I auditd  : type=1400 audit(0.0:84): avc: denied { getattr } for comm=".dataservices" path="/data/user_de/0/com.qualcomm.qti.uceShimS
ervice" dev="dm-1" ino=16395 scontext=u:r:dataservice_app:s0 tcontext=u:object_r:radio_data_file:s0 tclass=dir permissive=0
01-17 18:18:22.100  1869  1869 V SettingsProvider: Notifying for 0: content://settings/secure/voice_interaction_service
01-17 18:18:22.101  1869  1869 V SettingsProvider: Notifying for 0: content://settings/secure/voice_recognition_service
01-17 18:18:22.121  1958  1958 I Diag_Lib: StartImsService
01-17 18:18:22.121  1958  1958 I imsrcsd : ImsServiceMain startService[1]
01-17 18:18:22.123     0     0 I msm_vidc: info: Closed video instance: ffffffe223154000
01-17 18:18:22.126  1869  1869 V SettingsProvider: Notifying for 0: content://settings/secure/location_mode
01-17 18:18:22.126  2190  2190 D SystemUIBootTiming: StartServicescom.android.systemui.theme.ThemeOverlayController took to complete: 32ms
01-17 18:18:22.126  1869  1869 V SettingsProvider: Notifying for 0: content://settings/global/location_global_kill_switch
01-17 18:18:22.127  1869  1926 W Looper  : Slow dispatch took 197ms android.fg h=com.android.server.location.GnssLocationProvider$ProviderHandler c=null m=13
01-17 18:18:22.127  1869  1926 W Looper  : Slow delivery took 203ms android.fg h=com.android.server.location.GnssLocationProvider$ProviderHandler c=com.android.serv
er.location.-$$Lambda$5U-_NhZgxqnYDZhpyacq4qBxh8k@a1a8c3f m=0
01-17 18:18:22.137  1958  2472 I ServiceManagement: Registered vendor.qti.ims.callinfo@1.0::IService/default (start delay of 5139ms)
01-17 18:18:22.137  1958  2472 I imsrcsd : ImsServiceMain Running..
01-17 18:18:22.139  2439  2439 I auditd  : type=1400 audit(0.0:85): avc: denied { getattr } for comm=".dataservices" path="/data/user_de/0/com.qualcomm.qti.uceShimS
ervice" dev="dm-1" ino=16395 scontext=u:r:dataservice_app:s0 tcontext=u:object_r:radio_data_file:s0 tclass=dir permissive=0
01-17 18:18:22.139  2439  2439 I auditd  : type=1400 audit(0.0:86): avc: denied { getattr } for comm=".dataservices" path="/data/user_de/0/com.qualcomm.qti.uceShimS
ervice" dev="dm-1" ino=16395 scontext=u:r:dataservice_app:s0 tcontext=u:object_r:radio_data_file:s0 tclass=dir permissive=0
01-17 18:18:22.148  1869  1940 W ActivityManager: Slow operation: 186ms so far, now at startProcess: returned from zygote!
01-17 18:18:22.148  1869  1940 W ActivityManager: Slow operation: 186ms so far, now at startProcess: done updating battery stats
01-17 18:18:22.148  1869  1940 I am_proc_start: [0,2474,1001,.qtidataservices,added application,.qtidataservices]
01-17 18:18:22.148  1869  1940 W ActivityManager: Slow operation: 186ms so far, now at startProcess: building log message
01-17 18:18:22.148  1869  1940 I ActivityManager: Start proc 2474:.qtidataservices/1001 for added application .qtidataservices
01-17 18:18:22.148  1869  1940 W ActivityManager: Slow operation: 187ms so far, now at startProcess: starting to update pids map
01-17 18:18:22.148  1869  1940 W ActivityManager: Slow operation: 187ms so far, now at startProcess: done updating pids map
01-17 18:18:22.148  1869  1940 W ActivityManager: Slow operation: 186ms so far, now at startProcess: asking zygote to start proc
01-17 18:18:22.149  1869  2059 I commit_sys_config_file: [settings-0-0,48]
01-17 18:18:22.152     0     0 I msm_vidc: info: Opening video instance: ffffffe22718a000, 1
01-17 18:18:22.156  2190  2190 D SystemUIBootTiming: StartServices took to complete: 986ms
01-17 18:18:22.160  1869  2059 I commit_sys_config_file: [settings-2-0,11]
01-17 18:18:22.169  2439  2439 I auditd  : type=1400 audit(0.0:87): avc: denied { search } for comm=".dataservices" name="com.qualcomm.qti.uceShimService" dev="dm-1
" ino=16395 scontext=u:r:dataservice_app:s0 tcontext=u:object_r:radio_data_file:s0 tclass=dir permissive=0
01-17 18:18:22.169  2439  2439 I chatty  : uid=1001(radio) .dataservices identical 3 lines
01-17 18:18:22.169  2439  2439 I auditd  : type=1400 audit(0.0:91): avc: denied { search } for comm=".dataservices" name="com.qualcomm.qti.uceShimService" dev="dm-1
" ino=16395 scontext=u:r:dataservice_app:s0 tcontext=u:object_r:radio_data_file:s0 tclass=dir permissive=0
01-17 18:18:22.169  2439  2439 I auditd  : type=1400 audit(0.0:92): avc: denied { search } for comm=".dataservices" name="com.qualcomm.qti.uceShimService" dev="dm-1
" ino=16395 scontext=u:r:dataservice_app:s0 tcontext=u:object_r:radio_data_file:s0 tclass=dir permissive=0
01-17 18:18:22.175   605   605 I auditd  : avc:  denied  { find } for interface=vendor.qti.hardware.perf::IPerf sid=u:r:dataservice_app:s0 pid=2439 scontext=u:r:dat
aservice_app:s0 tcontext=u:object_r:hal_perf_hwservice:s0 tclass=hwservice_manager permissive=0
01-17 18:18:22.177   605   605 I auditd  : avc:  denied  { find } for interface=vendor.qti.hardware.perf::IPerf sid=u:r:dataservice_app:s0 pid=2439 scontext=u:r:dat
aservice_app:s0 tcontext=u:object_r:hal_perf_hwservice:s0 tclass=hwservice_manager permissive=0
01-17 18:18:22.182     0     0 I msm_vidc: info: Closed video instance: ffffffe22718a000
01-17 18:18:22.190  1869  1940 W ActivityManager: Slow operation: 227ms so far, now at startProcess: returned from zygote!
01-17 18:18:22.190  1869  1940 W ActivityManager: Slow operation: 228ms so far, now at startProcess: done updating battery stats
01-17 18:18:22.190  1869  1940 I am_proc_start: [0,2488,1001,com.qualcomm.qti.telephonyservice,added application,com.qualcomm.qti.telephonyservice]
01-17 18:18:22.190  1869  1940 W ActivityManager: Slow operation: 228ms so far, now at startProcess: building log message
01-17 18:18:22.190  1869  1940 I ActivityManager: Start proc 2488:com.qualcomm.qti.telephonyservice/1001 for added application com.qualcomm.qti.telephonyservice
01-17 18:18:22.190  1869  1940 W ActivityManager: Slow operation: 228ms so far, now at startProcess: starting to update pids map
01-17 18:18:22.191  1869  1940 W ActivityManager: Slow operation: 229ms so far, now at startProcess: done updating pids map
01-17 18:18:22.191  1869  1940 W ActivityManager: Slow operation: 228ms so far, now at startProcess: asking zygote to start proc
01-17 18:18:22.197   605   605 I auditd  : avc:  denied  { find } for interface=vendor.qti.hardware.perf::IPerf sid=u:r:dataservice_app:s0 pid=2439 scontext=u:r:dat
aservice_app:s0 tcontext=u:object_r:hal_perf_hwservice:s0 tclass=hwservice_manager permissive=0
01-17 18:18:22.199  2190  2190 I auditd  : type=1400 audit(0.0:93): avc: denied { search } for comm="RenderThread" name="gpu" dev="dm-1" ino=540725 scontext=u:r:pla
tform_app:s0:c512,c768 tcontext=u:object_r:vendor_gles_data_file:s0 tclass=dir permissive=0 app=com.android.systemui
01-17 18:18:22.215     0     0 I msm_vidc: info: Opening video instance: ffffffe22989c000, 1
01-17 18:18:22.219  2190  2190 I chatty  : uid=10090(com.android.systemui) identical 8 lines
01-17 18:18:22.219  2190  2190 I auditd  : type=1400 audit(0.0:102): avc: denied { search } for comm="RenderThread" name="gpu" dev="dm-1" ino=540725 scontext=u:r:pl
atform_app:s0:c512,c768 tcontext=u:object_r:vendor_gles_data_file:s0 tclass=dir permissive=0 app=com.android.systemui
01-17 18:18:22.238  1869  1940 W ActivityManager: Slow operation: 275ms so far, now at startProcess: returned from zygote!
01-17 18:18:22.238  1869  1940 W ActivityManager: Slow operation: 275ms so far, now at startProcess: done updating battery stats
01-17 18:18:22.238  1869  1940 I am_proc_start: [0,2515,1001,com.android.phone,added application,com.android.phone]
01-17 18:18:22.238  1869  1940 W ActivityManager: Slow operation: 275ms so far, now at startProcess: building log message
01-17 18:18:22.238  1869  1940 I ActivityManager: Start proc 2515:com.android.phone/1001 for added application com.android.phone
01-17 18:18:22.239  1869  1940 W ActivityManager: Slow operation: 275ms so far, now at startProcess: starting to update pids map
01-17 18:18:22.239  1869  1940 W ActivityManager: Slow operation: 276ms so far, now at startProcess: done updating pids map
01-17 18:18:22.239  1869  1940 W ActivityManager: Slow operation: 154ms so far, now at startProcess: asking zygote to start proc
01-17 18:18:22.253  1869  2496 I am_proc_bound: [0,2474,.qtidataservices]
01-17 18:18:22.259     0     0 I msm_vidc: info: Closed video instance: ffffffe22989c000
01-17 18:18:22.266  1958  2471 I Diag_Lib: OnServiceStatusReceived iStatus[0]
01-17 18:18:22.268  1958  2471 E Diag_Lib: Modem does not support UCE/IMS-CM, proceed to register HAL's
01-17 18:18:22.268  1958  2471 I Diag_Lib: Starting Service for First Time
01-17 18:18:22.271  1958  2471 I ServiceManagement: Registered com.qualcomm.qti.uceservice@2.1::IUceService/com.qualcomm.qti.uceservice (start delay of 5273ms)
01-17 18:18:22.272  1958  2471 I Diag_Lib: CM_IMSCONNECTIONMANAGER_CREATE_CONNECTION Before Registering Service
01-17 18:18:22.274  1869  1869 W Looper  : Slow dispatch took 147ms main h=android.app.ActivityThread$H c=null m=114
01-17 18:18:22.274  1958  2471 I ServiceManagement: Registered com.qualcomm.qti.imscmservice@2.2::IImsCmService/qti.ims.connectionmanagerservice (start delay of 527
7ms)
01-17 18:18:22.274  1958  2471 I Diag_Lib: CM_IMSCONNECTIONMANAGER_CREATE_CONNECTION After Registering Service
01-17 18:18:22.284     0     0 I msm_vidc: info: Opening video instance: ffffffe21b862000, 1
01-17 18:18:22.292  1869  1869 W BluetoothManagerService: bindBluetoothProfileService:Trying to bind to profile: 1, while Bluetooth is disabled
01-17 18:18:22.293  1869  2496 I am_proc_bound: [0,2488,com.qualcomm.qti.telephonyservice]
01-17 18:18:22.303  1869  2536 I Telecom : BluetoothRouteManager: getBluetoothAudioConnectedDevice: no service available.
01-17 18:18:22.311  1869  1940 W ActivityManager: Slow operation: 226ms so far, now at startProcess: returned from zygote!
01-17 18:18:22.312  1869  1940 W ActivityManager: Slow operation: 227ms so far, now at startProcess: done updating battery stats
01-17 18:18:22.312  1869  1940 I am_proc_start: [0,2543,1000,com.android.settings,activity,{com.android.settings/com.android.settings.FallbackHome}]
01-17 18:18:22.312  1869  1940 W ActivityManager: Slow operation: 227ms so far, now at startProcess: building log message
01-17 18:18:22.312  1869  1940 I ActivityManager: Start proc 2543:com.android.settings/1000 for activity {com.android.settings/com.android.settings.FallbackHome}
01-17 18:18:22.312  1869  1940 W ActivityManager: Slow operation: 227ms so far, now at startProcess: starting to update pids map
01-17 18:18:22.313  1869  1940 W ActivityManager: Slow operation: 227ms so far, now at startProcess: done updating pids map
01-17 18:18:22.315  1869  1869 I Telecom : SystemStateHelper: Registering car mode receiver: android.content.IntentFilter@3e32485: TS.init@AAA
01-17 18:18:22.318     0     0 I msm_vidc: info: Closed video instance: ffffffe21b862000
01-17 18:18:22.319     0     0 I msm-dwc3 c200000.hsusb: DWC3 in low power mode
01-17 18:18:22.335  1869  2354 I am_proc_bound: [0,2515,com.android.phone]
01-17 18:18:22.336   605   605 I auditd  : avc:  denied  { find } for interface=vendor.qti.hardware.perf::IPerf sid=u:r:qtidataservices_app:s0 pid=2474 scontext=u:r
:qtidataservices_app:s0 tcontext=u:object_r:hal_perf_hwservice:s0 tclass=hwservice_manager permissive=0
01-17 18:18:22.338   605   605 I chatty  : uid=1000(system) hwservicemanage identical 1 line
01-17 18:18:22.346   605   605 I auditd  : avc:  denied  { find } for interface=vendor.qti.hardware.perf::IPerf sid=u:r:qtidataservices_app:s0 pid=2474 scontext=u:r
:qtidataservices_app:s0 tcontext=u:object_r:hal_perf_hwservice:s0 tclass=hwservice_manager permissive=0
01-17 18:18:22.347     0     0 I msm_vidc: info: Opening video instance: ffffffe223020000, 1
01-17 18:18:22.349  1869  2558 I Telecom : Logging.Events: Non-call EVENT: AUDIO_ROUTE, Entering state QuiescentEarpieceRoute
01-17 18:18:22.349  1869  2558 I Telecom : BluetoothRouteManager: getBluetoothAudioConnectedDevice: no service available.
01-17 18:18:22.351  2190  2332 E ActivityThread: Failed to find provider info for com.android.contacts
01-17 18:18:22.358  1869  2560 I Telecom : CallAudioModeStateMachine: Message received: null.: TS.init->CAMSM.pM_1@AAA
01-17 18:18:22.361  1869  1869 I Telecom : MissedCallNotifierImpl: reloadFromDatabase: Boot not yet complete -- call log db may not be available. Deferring loading
until boot complete for user 0: TS.init@AAA
01-17 18:18:22.364  1869  1869 D TelephonyRegistry: listen oscl: mHasNotifySubscriptionInfoChangedOccurred==false no callback
01-17 18:18:22.365  1869  1869 W BluetoothManagerService: bindBluetoothProfileService:Trying to bind to profile: 1, while Bluetooth is disabled
01-17 18:18:22.370  1869  1869 I Telecom : Class: TelecomSystem.INSTANCE being set
01-17 18:18:22.370  1869  1869 W ContextImpl: Calling a method in the system process without a qualified user: android.app.ContextImpl.startService:1570 android.con
tent.ContextWrapper.startService:669 com.android.server.telecom.components.TelecomService.initializeTelecomSystem:196 com.android.server.telecom.components.TelecomS
ervice.onBind:71 android.app.ActivityThread.handleBindService:3981
01-17 18:18:22.372     0     0 I msm_vidc: info: Closed video instance: ffffffe223020000
01-17 18:18:22.373  1869  1869 W Looper  : Slow dispatch took 100ms main h=android.app.ActivityThread$H c=null m=121
01-17 18:18:22.373  2190  2332 E ActivityThread: Failed to find provider info for com.android.contacts
01-17 18:18:22.373  1869  1869 D BluetoothManagerService: Bluetooth Adapter name changed to QCOM-BTD
01-17 18:18:22.374  1869  1869 D BluetoothManagerService: Stored Bluetooth name: QCOM-BTD
01-17 18:18:22.374  1869  1869 D BluetoothManagerService: BluetoothServiceConnection: com.android.bluetooth.btservice.AdapterService
01-17 18:18:22.374  1869  1928 D BluetoothManagerService: MESSAGE_BLUETOOTH_SERVICE_CONNECTED: 1
01-17 18:18:22.375  1869  1869 I notification_cancel_all: [1000,1869,com.android.systemui,0,0,0,17,NULL]
01-17 18:18:22.375  1869  1869 D PackageWatchdog: Getting all observed packages pending health checks
01-17 18:18:22.375  1869  1869 I PackageWatchdog: Syncing health check requests for packages: {}
01-17 18:18:22.375  1869  1869 I ExplicitHealthCheckController: Service not ready to get health check supported packages. Binding...
01-17 18:18:22.377  1869  1928 D BluetoothManagerService: Broadcasting onBluetoothServiceUp() to 3 receivers.
01-17 18:18:22.377  1869  1869 I am_uid_running: 10049
01-17 18:18:22.379  1869  1919 D ActivityTaskManager: Top Process State changed to PROCESS_STATE_TOP_SLEEPING
01-17 18:18:22.381  1869  1919 I am_add_to_stopping: [0,25597980,com.android.settings/.FallbackHome,makeInvisible]
01-17 18:18:22.383  1869  1869 I ExplicitHealthCheckController: Explicit health check service is bound
01-17 18:18:22.383  1869  1869 V SettingsProvider: Notifying for 0: content://settings/global/boot_count
01-17 18:18:22.383  1869  1929 W UsageStatsService: Event reported without a package name, eventType:17
01-17 18:18:22.386  1869  1929 I sysui_multi_action: [757,1144,758,7,806,com.android.settings,871,com.android.settings.FallbackHome]
01-17 18:18:22.388  1869  1926 W Looper  : Drained
01-17 18:18:22.388  1869  1928 D BluetoothManagerService: MESSAGE_BLUETOOTH_STATE_CHANGE: OFF > BLE_TURNING_ON
01-17 18:18:22.389  1869  1928 D BluetoothManagerService: Sending BLE State Change: OFF > BLE_TURNING_ON
01-17 18:18:22.434  1869  1919 I am_proc_bound: [0,2543,com.android.settings]
01-17 18:18:22.441  1869  1940 W ActivityManager: Slow operation: 63ms so far, now at startProcess: returned from zygote!
01-17 18:18:22.441     0     0 I msm_vidc: info: Opening video instance: ffffffe227188000, 1
01-17 18:18:22.444  1869  1919 I am_restart_activity: [0,25597980,1,com.android.settings/.FallbackHome]
01-17 18:18:22.446  1869  1919 I am_set_resumed_activity: [0,com.android.settings/.FallbackHome,minimalResumeActivityLocked]
01-17 18:18:22.447  1869  1919 I am_add_to_stopping: [0,25597980,com.android.settings/.FallbackHome,makeInvisible]
01-17 18:18:22.449  1869  1919 I am_pause_activity: [0,25597980,com.android.settings/.FallbackHome,userLeaving=false]
01-17 18:18:22.470  1869  1940 W ActivityManager: Slow operation: 93ms so far, now at startProcess: done updating battery stats
01-17 18:18:22.470  1869  1940 I am_proc_start: [0,2579,10049,android.ext.services,service,{android.ext.services/android.ext.services.watchdog.ExplicitHealthCheckSe
rviceImpl}]
01-17 18:18:22.470  1869  1940 W ActivityManager: Slow operation: 93ms so far, now at startProcess: building log message
01-17 18:18:22.470  1869  1940 I ActivityManager: Start proc 2579:android.ext.services/u0a49 for service {android.ext.services/android.ext.services.watchdog.Explici
tHealthCheckServiceImpl}
01-17 18:18:22.470  1869  1940 W ActivityManager: Slow operation: 93ms so far, now at startProcess: starting to update pids map
01-17 18:18:22.471  1869  1940 W ActivityManager: Slow operation: 93ms so far, now at startProcess: done updating pids map
01-17 18:18:22.474     0     0 I msm_vidc: info: Closed video instance: ffffffe227188000
01-17 18:18:22.477  1869  1869 V SettingsProvider: Notifying for 0: content://settings/secure/location_providers_allowed
01-17 18:18:22.479  1869  1869 V SettingsProvider: Notifying for 0: content://settings/secure/location_providers_allowed
01-17 18:18:22.486  1869  1869 V SettingsProvider: Notifying for 0: content://settings/secure/voice_interaction_service
01-17 18:18:22.486  1869  1869 V SettingsProvider: Notifying for 0: content://settings/secure/voice_recognition_service
01-17 18:18:22.501  1869  1869 V NotificationListeners: enabling notification listener for 0: ComponentInfo{com.android.launcher3/com.android.launcher3.notification
.NotificationListener}
01-17 18:18:22.502  1869  1869 V NotificationListeners: binding: Intent { act=android.service.notification.NotificationListenerService cmp=com.android.launcher3/.no
tification.NotificationListener (has extras) }
01-17 18:18:22.502  1869  1869 W ActivityManager: Unable to start service Intent { act=android.service.notification.NotificationListenerService cmp=com.android.laun
cher3/.notification.NotificationListener } U=0: not found
01-17 18:18:22.502  1869  1869 W NotificationListeners: Unable to bind notification listener service: Intent { act=android.service.notification.NotificationListener
Service cmp=com.android.launcher3/.notification.NotificationListener (has extras) } in user 0
01-17 18:18:22.502  1869  1869 V NotificationAssistants: enabling notification assistant for 0: ComponentInfo{android.ext.services/android.ext.services.notification
.Assistant}
01-17 18:18:22.502  1869  1869 V NotificationAssistants: binding: Intent { act=android.service.notification.NotificationAssistantService cmp=android.ext.services/.n
otification.Assistant (has extras) }
01-17 18:18:22.506     0     0 I msm_vidc: info: Opening video instance: ffffffe21b9fc000, 1
01-17 18:18:22.532     0     0 I msm_vidc: info: Closed video instance: ffffffe21b9fc000
01-17 18:18:22.541     0     0 E bt_ioctl: BT_CMD_PWR_CTRL pwr_cntrl:0
01-17 18:18:22.541     0     0 E bt_ioctl: BT chip state is already :0 no change d
01-17 18:18:22.545     0     0 E bt_ioctl: BT_CMD_PWR_CTRL pwr_cntrl:1
01-17 18:18:22.556  1869  2496 I am_proc_bound: [0,2579,android.ext.services]
01-17 18:18:22.561  1869  2496 I am_uid_active: 10049
01-17 18:18:22.586     0     0 I msm_vidc: info: Opening video instance: ffffffe21a5e4000, 0
01-17 18:18:22.599  1869  1869 D ConditionProviders.SCP: onSubscribe condition://android/schedule?days=1.2.3.4.5.6.7&start=22.0&end=7.0&exitAtAlarm=true
01-17 18:18:22.600  1869  1869 D ConditionProviders.SCP: setRegistered true
01-17 18:18:22.612  1869  2098 E ActivityThread: Failed to find provider info for com.android.calendar
01-17 18:18:22.614  1869  2098 E ActivityThread: Failed to find provider info for com.android.calendar
01-17 18:18:22.619  2543  2543 I auditd  : type=1400 audit(0.0:103): avc: denied { search } for comm="RenderThread" name="gpu" dev="dm-1" ino=540725 scontext=u:r:sy
stem_app:s0 tcontext=u:object_r:vendor_gles_data_file:s0 tclass=dir permissive=0
01-17 18:18:22.619  2543  2543 I auditd  : type=1400 audit(0.0:104): avc: denied { search } for comm="RenderThread" name="gpu" dev="dm-1" ino=540725 scontext=u:r:sy
stem_app:s0 tcontext=u:object_r:vendor_gles_data_file:s0 tclass=dir permissive=0
01-17 18:18:22.625     0     0 I msm_vidc: info: Closed video instance: ffffffe21a5e4000
01-17 18:18:22.625  1869  1869 D ConditionProviders.SCP: evaluateSubscriptionLocked cal=ScheduleCalendar[mDays={1, 2, 3, 4, 5, 6, 7}, mSchedule=ScheduleInfo{days=[1
, 2, 3, 4, 5, 6, 7], startHour=22, startMinute=0, endHour=7, endMinute=0, exitAtAlarm=true, nextAlarm=Thu Jan 01 00:00:00 GMT 1970 (0)}], now=Mon Jan 17 18:18:22 GM
T 2022 (1642443502600), nextUserAlarmTime=Thu Jan 01 00:00:00 GMT 1970 (0)
01-17 18:18:22.625  1869  1869 D ConditionProviders.SCP: notifyCondition condition://android/schedule?days=1.2.3.4.5.6.7&start=22.0&end=7.0&exitAtAlarm=true STATE_F
ALSE reason=!meetsSchedule
01-17 18:18:22.626  1869  1869 D ConditionProviders.SCP: Scheduling evaluate for Mon Jan 17 22:00:00 GMT 2022 (1642456800000), in +3h41m37s400ms, now=Mon Jan 17 18:
18:22 GMT 2022 (1642443502600)
01-17 18:18:22.632  1869  1869 V SettingsProvider: Notifying for 0: content://settings/secure/location_providers_allowed
01-17 18:18:22.633  1869  1926 D UsbDeviceManager: push notification: USB 
01-17 18:18:22.679     0     0 I msm_vidc: info: Opening video instance: ffffffe22734c000, 0
01-17 18:18:22.683  2543  2543 I am_on_create_called: [0,com.android.settings.FallbackHome,performCreate]
01-17 18:18:22.683  2515  2515 I chatty  : uid=1001(radio) com.android.phone expire 43 lines
01-17 18:18:22.686  2543  2543 I am_on_start_called: [0,com.android.settings.FallbackHome,handleStartActivity]
01-17 18:18:22.687  2543  2543 I am_on_resume_called: [0,com.android.settings.FallbackHome,RESUME_ACTIVITY]
01-17 18:18:22.702     0     0 I msm_vidc: info: Closed video instance: ffffffe22734c000
01-17 18:18:22.715  2543  2543 I am_on_top_resumed_gained_called: [0,com.android.settings.FallbackHome,topStateChangedWhenResumed]
01-17 18:18:22.715  2543  2543 I am_on_top_resumed_lost_called: [0,com.android.settings.FallbackHome,topStateChangedWhenResumed]
01-17 18:18:22.715  2543  2543 I am_on_paused_called: [0,com.android.settings.FallbackHome,performPause]
01-17 18:18:22.720  1869  1929 I am_stop_activity: [0,25597980,com.android.settings/.FallbackHome]
01-17 18:18:22.728  1869  1929 I sysui_multi_action: [757,803,799,window_time_0,802,6]
01-17 18:18:22.730  2543  2543 I am_on_stop_called: [0,com.android.settings.FallbackHome,STOP_ACTIVITY_ITEM]
01-17 18:18:22.737  1622  1622 I chatty  : uid=1001(radio) main expire 8 lines
01-17 18:18:22.746  1869  1929 I boot_progress_enable_screen: 65389
01-17 18:18:22.746  1869  1929 I screen_toggled: 1
01-17 18:18:22.747  2515  2594 I chatty  : uid=1001(radio) HwBinder:2515_1 expire 42 lines
01-17 18:18:22.751     0     0 I msm_vidc: info: Opening video instance: ffffffe227348000, 0
01-17 18:18:22.776     0     0 I msm_vidc: info: Closed video instance: ffffffe227348000
01-17 18:18:22.784  2190  2332 E ActivityThread: Failed to find provider info for com.android.contacts
01-17 18:18:22.793     0     0 I msm_vidc: info: Opening video instance: ffffffe22bcee000, 0
01-17 18:18:22.824     0     0 I msm_vidc: info: Closed video instance: ffffffe22bcee000
01-17 18:18:22.836  1622  1710 I chatty  : uid=1001(radio) DispatcherModul expire 3 lines
01-17 18:18:22.841  2515  2515 I chatty  : uid=1001(radio) com.android.phone expire 162 lines
01-17 18:18:22.855  1869  1869 W Looper  : Slow dispatch took 224ms main h=android.app.ActivityThread$H c=null m=114
01-17 18:18:22.869  2515  2663 I chatty  : uid=1001(radio) GsmInboundSmsHa expire 6 lines
01-17 18:18:22.873     0     0 I msm_vidc: info: Opening video instance: ffffffe22bcee000, 0
01-17 18:18:22.888  1869  1940 W ActivityManager: Slow operation: 53ms so far, now at startProcess: returned from zygote!
01-17 18:18:22.889  1869  1940 W ActivityManager: Slow operation: 53ms so far, now at startProcess: done updating battery stats
01-17 18:18:22.889  1869  1940 I am_proc_start: [0,2666,1001,com.qualcomm.qcrilmsgtunnel,service,{com.qualcomm.qcrilmsgtunnel/com.qualcomm.qcrilmsgtunnel.QcrilMsgTu
nnelService}]
01-17 18:18:22.889  1869  1940 W ActivityManager: Slow operation: 53ms so far, now at startProcess: building log message
01-17 18:18:22.889  1869  1940 I ActivityManager: Start proc 2666:com.qualcomm.qcrilmsgtunnel/1001 for service {com.qualcomm.qcrilmsgtunnel/com.qualcomm.qcrilmsgtun
nel.QcrilMsgTunnelService}
01-17 18:18:22.889  1869  1940 W ActivityManager: Slow operation: 53ms so far, now at startProcess: starting to update pids map
01-17 18:18:22.889  1869  1940 W ActivityManager: Slow operation: 54ms so far, now at startProcess: done updating pids map
01-17 18:18:22.894  2515  2665 I chatty  : uid=1001(radio) CdmaInboundSmsH expire 6 lines
01-17 18:18:22.898     0     0 I msm_vidc: info: Closed video instance: ffffffe22bcee000
01-17 18:18:22.933  1869  1918 D TelephonyRegistry: listen oscl: mHasNotifySubscriptionInfoChangedOccurred==false no callback
01-17 18:18:22.934  1869  1940 I am_proc_start: [0,2685,1000,com.qualcomm.location.XT,service,{com.qualcomm.location.XT/com.qualcomm.location.XT.XTSrv}]
01-17 18:18:22.934  1869  1940 I ActivityManager: Start proc 2685:com.qualcomm.location.XT/1000 for service {com.qualcomm.location.XT/com.qualcomm.location.XT.XTSrv
}
01-17 18:18:22.950  1869  1869 I Telecom : WiredHeadsetManager: ACTION_HEADSET_PLUG event, plugged in: false, : WHC.oADA@AAE
01-17 18:18:22.957  1869  2354 D TelephonyRegistry: listen oscl: mHasNotifySubscriptionInfoChangedOccurred==false no callback
01-17 18:18:22.965  1869  1918 D TelephonyRegistry: listen oscl: mHasNotifySubscriptionInfoChangedOccurred==false no callback
01-17 18:18:22.971  1869  1869 D AutofillManagerService: Restriction did not change for user 0
01-17 18:18:22.972  1869  1869 D TelephonyRegistry: notifyCellLocationForSubscriber: subId=0 cellLocation=Bundle[{cid=-1, lac=-1, psc=-1}]
01-17 18:18:22.973  1869  2354 I am_proc_bound: [0,2666,com.qualcomm.qcrilmsgtunnel]
01-17 18:18:22.974  1869  1869 D TelephonyRegistry: notifyCellLocationForSubscriber: subId=1 cellLocation=Bundle[{cid=-1, lac=-1, psc=-1}]
01-17 18:18:22.981  1869  1869 I notification_enqueue: [1000,1869,android,32,NULL,-1,Notification(channel=USB pri=0 contentView=null vibrate=null sound=null tick de
faults=0x0 flags=0x2 color=0xff607d8b vis=PUBLIC),0]
01-17 18:18:22.981  1869  1869 I ExplicitHealthCheckController: Explicit health check service is connected ComponentInfo{android.ext.services/android.ext.services.w
atchdog.ExplicitHealthCheckServiceImpl}
01-17 18:18:22.982  1869  1869 I ExplicitHealthCheckController: Service initialized, syncing requests
01-17 18:18:22.982  1869  1869 V NotificationAssistants: 0 notification assistant service connected: ComponentInfo{android.ext.services/android.ext.services.notific
ation.Assistant}
01-17 18:18:22.986  1869  2710 W LocationProviderProxy: Odd, no component found for service com.android.location.service.v3.NetworkLocationProvider
